14:40:40 **** Incremental Build of configuration Debug for project per_test ****
make all 
make: Nothing to be done for 'all'.
14:40:42 **** Auto Build of configuration Debug for project per_test ****
make all 
'Building file: ../src/testperiph.c'
'Invoking: MicroBlaze gcc compiler'
mb-gcc -Wall -O0 -g3 -c -fmessage-length=0 -MT"src/testperiph.o" -I../../start_project_bsp/microblaze_0/include -mlittle-endian -mcpu=v11.0 -mxl-soft-mul -Wl,--no-relax -ffunction-sections -fdata-sections -MMD -MP -MF"src/testperiph.d" -MT"src/testperiph.o" -o "src/testperiph.o" "../src/testperiph.c"
../src/testperiph.c: In function 'main':
../src/testperiph.c:98:5: warning: implicit declaration of function 'GetSystemValues' [-Wimplicit-function-declaration]
     GetSystemValues();
     ^~~~~~~~~~~~~~~
../src/testperiph.c:101:15: warning: implicit declaration of function 'TestCheckTotalRecvCountRS485' [-Wimplicit-function-declaration]
           if (TestCheckTotalRecvCountRS485() == 0) {
               ^~~~~~~~~~~~~~~~~~~~~~~~~~~~
../src/testperiph.c:106:12: warning: implicit declaration of function 'ResetTotalRecvCountRS485' [-Wimplicit-function-declaration]
            ResetTotalRecvCountRS485();
            ^~~~~~~~~~~~~~~~~~~~~~~~
../src/testperiph.c:107:12: warning: implicit declaration of function 'SendDataRS485' [-Wimplicit-function-declaration]
            SendDataRS485(&axi_uartlite_1_UartLite, PrepareDataToSendRS485(ModeRS485, 1, 1), 8);
            ^~~~~~~~~~~~~
../src/testperiph.c:107:52: warning: implicit declaration of function 'PrepareDataToSendRS485' [-Wimplicit-function-declaration]
            SendDataRS485(&axi_uartlite_1_UartLite, PrepareDataToSendRS485(ModeRS485, 1, 1), 8);
                                                    ^~~~~~~~~~~~~~~~~~~~~~
../src/testperiph.c:141:13: warning: implicit declaration of function 'TestCheckTotalRecvCount' [-Wimplicit-function-declaration]
         if (TestCheckTotalRecvCount() != 0) {
             ^~~~~~~~~~~~~~~~~~~~~~~
../src/testperiph.c:146:11: warning: implicit declaration of function 'SendData' [-Wimplicit-function-declaration]
           SendData(&axi_uartlite_0_UartLite, GetData(&axi_uartlite_0_UartLite));
           ^~~~~~~~
../src/testperiph.c:146:46: warning: implicit declaration of function 'GetData' [-Wimplicit-function-declaration]
           SendData(&axi_uartlite_0_UartLite, GetData(&axi_uartlite_0_UartLite));
                                              ^~~~~~~
../src/testperiph.c:157:10: warning: implicit declaration of function 'TotalSentCountRS485Check' [-Wimplicit-function-declaration]
      if (TotalSentCountRS485Check() == 8) {
          ^~~~~~~~~~~~~~~~~~~~~~~~
../src/testperiph.c:161:7: warning: implicit declaration of function 'ResetTotalSentCountRS485' [-Wimplicit-function-declaration]
       ResetTotalSentCountRS485();
       ^~~~~~~~~~~~~~~~~~~~~~~~
../src/testperiph.c:61:6: warning: unused variable 'CountSentByte' [-Wunused-variable]
  int CountSentByte = 0;
      ^~~~~~~~~~~~~
../src/testperiph.c:58:6: warning: unused variable 'CountControlPanel' [-Wunused-variable]
  int CountControlPanel = 0;
      ^~~~~~~~~~~~~~~~~
'Finished building: ../src/testperiph.c'
' '
'Building target: per_test.elf'
'Invoking: MicroBlaze gcc linker'
mb-gcc -Wl,-T -Wl,../src/lscript.ld -L../../start_project_bsp/microblaze_0/lib -mlittle-endian -mcpu=v11.0 -mxl-soft-mul -Wl,--no-relax -Wl,--gc-sections -o "per_test.elf"  ./src/CRC_Functions.o ./src/PWM_tools.o ./src/adc.o ./src/current_system_status.o ./src/encoder.o ./src/initializationl_functions.o ./src/logical_functions.o ./src/testperiph.o ./src/xgpio_tapp_example.o ./src/xintc_tapp_example.o ./src/xspi_selftest_example.o ./src/xuartlite_intr_tapp_example.o ./src/xuartlite_intr_tapp_example_rs485.o ./src/xuartlite_selftest_example.o ./src/xuartlite_selftest_example_rs485.o   -Wl,--start-group,-lxil,-lgcc,-lc,--end-group -Wl,--start-group,-lxilisf,-lxil,-lgcc,-lc,--end-group
'Finished building target: per_test.elf'
' '
'Invoking: MicroBlaze Print Size'
mb-size per_test.elf  |tee "per_test.elf.size"
   text	   data	    bss	    dec	    hex	filename
  18292	   1116	   6576	  25984	   6580	per_test.elf
'Finished building: per_test.elf.size'
' '
14:40:44 **** Incremental Build of configuration Debug for project per_test ****
make all 
make: Nothing to be done for 'all'.
14:42:57 **** Incremental Build of configuration Debug for project per_test ****
make all 
make: Nothing to be done for 'all'.
14:44:21 **** Incremental Build of configuration Debug for project per_test ****
make all 
'Building file: ../src/testperiph.c'
'Invoking: MicroBlaze gcc compiler'
mb-gcc -Wall -O0 -g3 -c -fmessage-length=0 -MT"src/testperiph.o" -I../../start_project_bsp/microblaze_0/include -mlittle-endian -mcpu=v11.0 -mxl-soft-mul -Wl,--no-relax -ffunction-sections -fdata-sections -MMD -MP -MF"src/testperiph.d" -MT"src/testperiph.o" -o "src/testperiph.o" "../src/testperiph.c"
../src/testperiph.c: In function 'main':
../src/testperiph.c:98:5: warning: implicit declaration of function 'GetSystemValues' [-Wimplicit-function-declaration]
     GetSystemValues();
     ^~~~~~~~~~~~~~~
../src/testperiph.c:101:15: warning: implicit declaration of function 'TestCheckTotalRecvCountRS485' [-Wimplicit-function-declaration]
           if (TestCheckTotalRecvCountRS485() == 0) {
               ^~~~~~~~~~~~~~~~~~~~~~~~~~~~
../src/testperiph.c:106:12: warning: implicit declaration of function 'ResetTotalRecvCountRS485' [-Wimplicit-function-declaration]
            ResetTotalRecvCountRS485();
            ^~~~~~~~~~~~~~~~~~~~~~~~
../src/testperiph.c:107:12: warning: implicit declaration of function 'SendDataRS485' [-Wimplicit-function-declaration]
            SendDataRS485(&axi_uartlite_1_UartLite, PrepareDataToSendRS485(ModeRS485, 1, 1), 8);
            ^~~~~~~~~~~~~
../src/testperiph.c:107:52: warning: implicit declaration of function 'PrepareDataToSendRS485' [-Wimplicit-function-declaration]
            SendDataRS485(&axi_uartlite_1_UartLite, PrepareDataToSendRS485(ModeRS485, 1, 1), 8);
                                                    ^~~~~~~~~~~~~~~~~~~~~~
../src/testperiph.c:141:13: warning: implicit declaration of function 'TestCheckTotalRecvCount' [-Wimplicit-function-declaration]
         if (TestCheckTotalRecvCount() != 0) {
             ^~~~~~~~~~~~~~~~~~~~~~~
../src/testperiph.c:146:11: warning: implicit declaration of function 'SendData' [-Wimplicit-function-declaration]
           SendData(&axi_uartlite_0_UartLite, GetData(&axi_uartlite_0_UartLite));
           ^~~~~~~~
../src/testperiph.c:146:46: warning: implicit declaration of function 'GetData' [-Wimplicit-function-declaration]
           SendData(&axi_uartlite_0_UartLite, GetData(&axi_uartlite_0_UartLite));
                                              ^~~~~~~
../src/testperiph.c:157:10: warning: implicit declaration of function 'TotalSentCountRS485Check' [-Wimplicit-function-declaration]
      if (TotalSentCountRS485Check() == 8) {
          ^~~~~~~~~~~~~~~~~~~~~~~~
../src/testperiph.c:161:7: warning: implicit declaration of function 'ResetTotalSentCountRS485' [-Wimplicit-function-declaration]
       ResetTotalSentCountRS485();
       ^~~~~~~~~~~~~~~~~~~~~~~~
../src/testperiph.c:61:6: warning: unused variable 'CountSentByte' [-Wunused-variable]
  int CountSentByte = 0;
      ^~~~~~~~~~~~~
../src/testperiph.c:58:6: warning: unused variable 'CountControlPanel' [-Wunused-variable]
  int CountControlPanel = 0;
      ^~~~~~~~~~~~~~~~~
'Finished building: ../src/testperiph.c'
' '
'Building target: per_test.elf'
'Invoking: MicroBlaze gcc linker'
mb-gcc -Wl,-T -Wl,../src/lscript.ld -L../../start_project_bsp/microblaze_0/lib -mlittle-endian -mcpu=v11.0 -mxl-soft-mul -Wl,--no-relax -Wl,--gc-sections -o "per_test.elf"  ./src/CRC_Functions.o ./src/PWM_tools.o ./src/adc.o ./src/current_system_status.o ./src/encoder.o ./src/initializationl_functions.o ./src/logical_functions.o ./src/testperiph.o ./src/xgpio_tapp_example.o ./src/xintc_tapp_example.o ./src/xspi_selftest_example.o ./src/xuartlite_intr_tapp_example.o ./src/xuartlite_intr_tapp_example_rs485.o ./src/xuartlite_selftest_example.o ./src/xuartlite_selftest_example_rs485.o   -Wl,--start-group,-lxil,-lgcc,-lc,--end-group -Wl,--start-group,-lxilisf,-lxil,-lgcc,-lc,--end-group
'Finished building target: per_test.elf'
' '
'Invoking: MicroBlaze Print Size'
mb-size per_test.elf  |tee "per_test.elf.size"
   text	   data	    bss	    dec	    hex	filename
  18268	   1116	   6576	  25960	   6568	per_test.elf
'Finished building: per_test.elf.size'
' '
14:49:32 **** Auto Build of configuration Debug for project per_test ****
make all 
'Building file: ../src/testperiph.c'
'Invoking: MicroBlaze gcc compiler'
mb-gcc -Wall -O0 -g3 -c -fmessage-length=0 -MT"src/testperiph.o" -I../../start_project_bsp/microblaze_0/include -mlittle-endian -mcpu=v11.0 -mxl-soft-mul -Wl,--no-relax -ffunction-sections -fdata-sections -MMD -MP -MF"src/testperiph.d" -MT"src/testperiph.o" -o "src/testperiph.o" "../src/testperiph.c"
../src/testperiph.c: In function 'main':
../src/testperiph.c:98:5: warning: implicit declaration of function 'GetSystemValues' [-Wimplicit-function-declaration]
     GetSystemValues();
     ^~~~~~~~~~~~~~~
../src/testperiph.c:101:15: warning: implicit declaration of function 'TestCheckTotalRecvCountRS485' [-Wimplicit-function-declaration]
           if (TestCheckTotalRecvCountRS485() == 0) {
               ^~~~~~~~~~~~~~~~~~~~~~~~~~~~
../src/testperiph.c:106:12: warning: implicit declaration of function 'ResetTotalRecvCountRS485' [-Wimplicit-function-declaration]
            ResetTotalRecvCountRS485();
            ^~~~~~~~~~~~~~~~~~~~~~~~
../src/testperiph.c:107:12: warning: implicit declaration of function 'GetDataRS485' [-Wimplicit-function-declaration]
            GetDataRS485(&axi_uartlite_1_UartLite, ModeRS485);
            ^~~~~~~~~~~~
../src/testperiph.c:108:12: warning: implicit declaration of function 'SendDataRS485' [-Wimplicit-function-declaration]
            SendDataRS485(&axi_uartlite_1_UartLite, PrepareDataToSendRS485(ModeRS485, 1, 1), 8);
            ^~~~~~~~~~~~~
../src/testperiph.c:108:52: warning: implicit declaration of function 'PrepareDataToSendRS485' [-Wimplicit-function-declaration]
            SendDataRS485(&axi_uartlite_1_UartLite, PrepareDataToSendRS485(ModeRS485, 1, 1), 8);
                                                    ^~~~~~~~~~~~~~~~~~~~~~
../src/testperiph.c:142:13: warning: implicit declaration of function 'TestCheckTotalRecvCount' [-Wimplicit-function-declaration]
         if (TestCheckTotalRecvCount() != 0) {
             ^~~~~~~~~~~~~~~~~~~~~~~
../src/testperiph.c:147:11: warning: implicit declaration of function 'SendData' [-Wimplicit-function-declaration]
           SendData(&axi_uartlite_0_UartLite, GetData(&axi_uartlite_0_UartLite));
           ^~~~~~~~
../src/testperiph.c:147:46: warning: implicit declaration of function 'GetData' [-Wimplicit-function-declaration]
           SendData(&axi_uartlite_0_UartLite, GetData(&axi_uartlite_0_UartLite));
                                              ^~~~~~~
../src/testperiph.c:158:10: warning: implicit declaration of function 'TotalSentCountRS485Check' [-Wimplicit-function-declaration]
      if (TotalSentCountRS485Check() == 8) {
          ^~~~~~~~~~~~~~~~~~~~~~~~
../src/testperiph.c:162:7: warning: implicit declaration of function 'ResetTotalSentCountRS485' [-Wimplicit-function-declaration]
       ResetTotalSentCountRS485();
       ^~~~~~~~~~~~~~~~~~~~~~~~
../src/testperiph.c:61:6: warning: unused variable 'CountSentByte' [-Wunused-variable]
  int CountSentByte = 0;
      ^~~~~~~~~~~~~
../src/testperiph.c:58:6: warning: unused variable 'CountControlPanel' [-Wunused-variable]
  int CountControlPanel = 0;
      ^~~~~~~~~~~~~~~~~
'Finished building: ../src/testperiph.c'
' '
'Building file: ../src/xuartlite_intr_tapp_example_rs485.c'
'Invoking: MicroBlaze gcc compiler'
mb-gcc -Wall -O0 -g3 -c -fmessage-length=0 -MT"src/xuartlite_intr_tapp_example_rs485.o" -I../../start_project_bsp/microblaze_0/include -mlittle-endian -mcpu=v11.0 -mxl-soft-mul -Wl,--no-relax -ffunction-sections -fdata-sections -MMD -MP -MF"src/xuartlite_intr_tapp_example_rs485.d" -MT"src/xuartlite_intr_tapp_example_rs485.o" -o "src/xuartlite_intr_tapp_example_rs485.o" "../src/xuartlite_intr_tapp_example_rs485.c"
../src/xuartlite_intr_tapp_example_rs485.c: In function 'UartLiteIntrExampleRS485':
../src/xuartlite_intr_tapp_example_rs485.c:260:6: warning: unused variable 'Index' [-Wunused-variable]
  u32 Index;
      ^~~~~
../src/xuartlite_intr_tapp_example_rs485.c: In function 'PrepareDataToSendRS485':
../src/xuartlite_intr_tapp_example_rs485.c:438:14: warning: implicit declaration of function 'GetArrayCurrentStatusInt' [-Wimplicit-function-declaration]
    Send[5] = GetArrayCurrentStatusInt(reg);
              ^~~~~~~~~~~~~~~~~~~~~~~~
../src/xuartlite_intr_tapp_example_rs485.c:459:14: warning: implicit declaration of function 'GetCRC16_B_byte' [-Wimplicit-function-declaration]
  crc_rs485 = GetCRC16_B_byte(crc_rs485, Send, count_byte_rs485);
              ^~~~~~~~~~~~~~~
../src/xuartlite_intr_tapp_example_rs485.c:468:9: warning: returning 'u8 (*)[8]' {aka 'unsigned char (*)[8]'} from a function with incompatible return type 'int *' [-Wincompatible-pointer-types]
  return &SendBufferRS485;
         ^~~~~~~~~~~~~~~~
../src/xuartlite_intr_tapp_example_rs485.c: In function 'PrepareDataToSendTestRS485':
../src/xuartlite_intr_tapp_example_rs485.c:472:9: warning: returning 'u8 (*)[8]' {aka 'unsigned char (*)[8]'} from a function with incompatible return type 'int *' [-Wincompatible-pointer-types]
  return &SendBufferRS485;
         ^~~~~~~~~~~~~~~~
../src/xuartlite_intr_tapp_example_rs485.c: In function 'GetDataRS485':
../src/xuartlite_intr_tapp_example_rs485.c:583:9: warning: returning 'u8 (*)[8]' {aka 'unsigned char (*)[8]'} from a function with incompatible return type 'int *' [-Wincompatible-pointer-types]
  return &SendBufferRS485;
         ^~~~~~~~~~~~~~~~
../src/xuartlite_intr_tapp_example_rs485.c: In function 'GetRecvBufferRS485':
../src/xuartlite_intr_tapp_example_rs485.c:597:9: warning: returning 'u8 (*)[7]' {aka 'unsigned char (*)[7]'} from a function with incompatible return type 'int *' [-Wincompatible-pointer-types]
  return &RecvBufferRS485;
         ^~~~~~~~~~~~~~~~
At top level:
../src/xuartlite_intr_tapp_example_rs485.c:758:13: warning: 'UartLiteDisableIntrSystem' defined but not used [-Wunused-function]
 static void UartLiteDisableIntrSystem(INTC *IntcInstancePtr,
             ^~~~~~~~~~~~~~~~~~~~~~~~~
'Finished building: ../src/xuartlite_intr_tapp_example_rs485.c'
' '
'Building target: per_test.elf'
'Invoking: MicroBlaze gcc linker'
mb-gcc -Wl,-T -Wl,../src/lscript.ld -L../../start_project_bsp/microblaze_0/lib -mlittle-endian -mcpu=v11.0 -mxl-soft-mul -Wl,--no-relax -Wl,--gc-sections -o "per_test.elf"  ./src/CRC_Functions.o ./src/PWM_tools.o ./src/adc.o ./src/current_system_status.o ./src/encoder.o ./src/initializationl_functions.o ./src/logical_functions.o ./src/testperiph.o ./src/xgpio_tapp_example.o ./src/xintc_tapp_example.o ./src/xspi_selftest_example.o ./src/xuartlite_intr_tapp_example.o ./src/xuartlite_intr_tapp_example_rs485.o ./src/xuartlite_selftest_example.o ./src/xuartlite_selftest_example_rs485.o   -Wl,--start-group,-lxil,-lgcc,-lc,--end-group -Wl,--start-group,-lxilisf,-lxil,-lgcc,-lc,--end-group
'Finished building target: per_test.elf'
' '
'Invoking: MicroBlaze Print Size'
mb-size per_test.elf  |tee "per_test.elf.size"
   text	   data	    bss	    dec	    hex	filename
  18400	   1116	   6572	  26088	   65e8	per_test.elf
'Finished building: per_test.elf.size'
' '
14:49:34 **** Incremental Build of configuration Debug for project per_test ****
make all 
make: Nothing to be done for 'all'.
14:54:06 **** Auto Build of configuration Debug for project per_test ****
make all 
'Building file: ../src/testperiph.c'
'Invoking: MicroBlaze gcc compiler'
mb-gcc -Wall -O0 -g3 -c -fmessage-length=0 -MT"src/testperiph.o" -I../../start_project_bsp/microblaze_0/include -mlittle-endian -mcpu=v11.0 -mxl-soft-mul -Wl,--no-relax -ffunction-sections -fdata-sections -MMD -MP -MF"src/testperiph.d" -MT"src/testperiph.o" -o "src/testperiph.o" "../src/testperiph.c"
../src/testperiph.c: In function 'main':
../src/testperiph.c:98:5: warning: implicit declaration of function 'GetSystemValues' [-Wimplicit-function-declaration]
     GetSystemValues();
     ^~~~~~~~~~~~~~~
../src/testperiph.c:101:15: warning: implicit declaration of function 'TestCheckTotalRecvCountRS485' [-Wimplicit-function-declaration]
           if (TestCheckTotalRecvCountRS485() == 0) {
               ^~~~~~~~~~~~~~~~~~~~~~~~~~~~
../src/testperiph.c:106:12: warning: implicit declaration of function 'ResetTotalRecvCountRS485' [-Wimplicit-function-declaration]
            ResetTotalRecvCountRS485();
            ^~~~~~~~~~~~~~~~~~~~~~~~
../src/testperiph.c:107:12: warning: implicit declaration of function 'GetDataRS485' [-Wimplicit-function-declaration]
            GetDataRS485(&axi_uartlite_1_UartLite, ModeRS485);
            ^~~~~~~~~~~~
../src/testperiph.c:108:12: warning: implicit declaration of function 'SendDataRS485' [-Wimplicit-function-declaration]
            SendDataRS485(&axi_uartlite_1_UartLite, PrepareDataToSendRS485(ModeRS485, 1, 20), 8);
            ^~~~~~~~~~~~~
../src/testperiph.c:108:52: warning: implicit declaration of function 'PrepareDataToSendRS485' [-Wimplicit-function-declaration]
            SendDataRS485(&axi_uartlite_1_UartLite, PrepareDataToSendRS485(ModeRS485, 1, 20), 8);
                                                    ^~~~~~~~~~~~~~~~~~~~~~
../src/testperiph.c:142:13: warning: implicit declaration of function 'TestCheckTotalRecvCount' [-Wimplicit-function-declaration]
         if (TestCheckTotalRecvCount() != 0) {
             ^~~~~~~~~~~~~~~~~~~~~~~
../src/testperiph.c:147:11: warning: implicit declaration of function 'SendData' [-Wimplicit-function-declaration]
           SendData(&axi_uartlite_0_UartLite, GetData(&axi_uartlite_0_UartLite));
           ^~~~~~~~
../src/testperiph.c:147:46: warning: implicit declaration of function 'GetData' [-Wimplicit-function-declaration]
           SendData(&axi_uartlite_0_UartLite, GetData(&axi_uartlite_0_UartLite));
                                              ^~~~~~~
../src/testperiph.c:158:10: warning: implicit declaration of function 'TotalSentCountRS485Check' [-Wimplicit-function-declaration]
      if (TotalSentCountRS485Check() == 8) {
          ^~~~~~~~~~~~~~~~~~~~~~~~
../src/testperiph.c:162:10: warning: implicit declaration of function 'ResetTotalSentCountRS485' [-Wimplicit-function-declaration]
          ResetTotalSentCountRS485();
          ^~~~~~~~~~~~~~~~~~~~~~~~
../src/testperiph.c:61:6: warning: unused variable 'CountSentByte' [-Wunused-variable]
  int CountSentByte = 0;
      ^~~~~~~~~~~~~
../src/testperiph.c:58:6: warning: unused variable 'CountControlPanel' [-Wunused-variable]
  int CountControlPanel = 0;
      ^~~~~~~~~~~~~~~~~
'Finished building: ../src/testperiph.c'
' '
'Building target: per_test.elf'
'Invoking: MicroBlaze gcc linker'
mb-gcc -Wl,-T -Wl,../src/lscript.ld -L../../start_project_bsp/microblaze_0/lib -mlittle-endian -mcpu=v11.0 -mxl-soft-mul -Wl,--no-relax -Wl,--gc-sections -o "per_test.elf"  ./src/CRC_Functions.o ./src/PWM_tools.o ./src/adc.o ./src/current_system_status.o ./src/encoder.o ./src/initializationl_functions.o ./src/logical_functions.o ./src/testperiph.o ./src/xgpio_tapp_example.o ./src/xintc_tapp_example.o ./src/xspi_selftest_example.o ./src/xuartlite_intr_tapp_example.o ./src/xuartlite_intr_tapp_example_rs485.o ./src/xuartlite_selftest_example.o ./src/xuartlite_selftest_example_rs485.o   -Wl,--start-group,-lxil,-lgcc,-lc,--end-group -Wl,--start-group,-lxilisf,-lxil,-lgcc,-lc,--end-group
'Finished building target: per_test.elf'
' '
'Invoking: MicroBlaze Print Size'
mb-size per_test.elf  |tee "per_test.elf.size"
   text	   data	    bss	    dec	    hex	filename
  18400	   1116	   6572	  26088	   65e8	per_test.elf
'Finished building: per_test.elf.size'
' '
14:54:08 **** Incremental Build of configuration Debug for project per_test ****
make all 
make: Nothing to be done for 'all'.
14:56:04 **** Incremental Build of configuration Debug for project per_test ****
make all 
'Building file: ../src/xuartlite_intr_tapp_example_rs485.c'
'Invoking: MicroBlaze gcc compiler'
mb-gcc -Wall -O0 -g3 -c -fmessage-length=0 -MT"src/xuartlite_intr_tapp_example_rs485.o" -I../../start_project_bsp/microblaze_0/include -mlittle-endian -mcpu=v11.0 -mxl-soft-mul -Wl,--no-relax -ffunction-sections -fdata-sections -MMD -MP -MF"src/xuartlite_intr_tapp_example_rs485.d" -MT"src/xuartlite_intr_tapp_example_rs485.o" -o "src/xuartlite_intr_tapp_example_rs485.o" "../src/xuartlite_intr_tapp_example_rs485.c"
../src/xuartlite_intr_tapp_example_rs485.c: In function 'UartLiteIntrExampleRS485':
../src/xuartlite_intr_tapp_example_rs485.c:260:6: warning: unused variable 'Index' [-Wunused-variable]
  u32 Index;
      ^~~~~
../src/xuartlite_intr_tapp_example_rs485.c: In function 'PrepareDataToSendRS485':
../src/xuartlite_intr_tapp_example_rs485.c:438:14: warning: implicit declaration of function 'GetArrayCurrentStatusInt' [-Wimplicit-function-declaration]
    Send[5] = GetArrayCurrentStatusInt(reg);
              ^~~~~~~~~~~~~~~~~~~~~~~~
../src/xuartlite_intr_tapp_example_rs485.c:459:14: warning: implicit declaration of function 'GetCRC16_B_byte' [-Wimplicit-function-declaration]
  crc_rs485 = GetCRC16_B_byte(crc_rs485, Send, count_byte_rs485);
              ^~~~~~~~~~~~~~~
../src/xuartlite_intr_tapp_example_rs485.c:468:9: warning: returning 'u8 (*)[8]' {aka 'unsigned char (*)[8]'} from a function with incompatible return type 'int *' [-Wincompatible-pointer-types]
  return &SendBufferRS485;
         ^~~~~~~~~~~~~~~~
../src/xuartlite_intr_tapp_example_rs485.c: In function 'PrepareDataToSendTestRS485':
../src/xuartlite_intr_tapp_example_rs485.c:472:9: warning: returning 'u8 (*)[8]' {aka 'unsigned char (*)[8]'} from a function with incompatible return type 'int *' [-Wincompatible-pointer-types]
  return &SendBufferRS485;
         ^~~~~~~~~~~~~~~~
../src/xuartlite_intr_tapp_example_rs485.c: In function 'GetDataRS485':
../src/xuartlite_intr_tapp_example_rs485.c:583:9: warning: returning 'u8 (*)[8]' {aka 'unsigned char (*)[8]'} from a function with incompatible return type 'int *' [-Wincompatible-pointer-types]
  return &SendBufferRS485;
         ^~~~~~~~~~~~~~~~
../src/xuartlite_intr_tapp_example_rs485.c: In function 'GetRecvBufferRS485':
../src/xuartlite_intr_tapp_example_rs485.c:597:9: warning: returning 'u8 (*)[1]' {aka 'unsigned char (*)[1]'} from a function with incompatible return type 'int *' [-Wincompatible-pointer-types]
  return &RecvBufferRS485;
         ^~~~~~~~~~~~~~~~
At top level:
../src/xuartlite_intr_tapp_example_rs485.c:758:13: warning: 'UartLiteDisableIntrSystem' defined but not used [-Wunused-function]
 static void UartLiteDisableIntrSystem(INTC *IntcInstancePtr,
             ^~~~~~~~~~~~~~~~~~~~~~~~~
'Finished building: ../src/xuartlite_intr_tapp_example_rs485.c'
' '
'Building target: per_test.elf'
'Invoking: MicroBlaze gcc linker'
mb-gcc -Wl,-T -Wl,../src/lscript.ld -L../../start_project_bsp/microblaze_0/lib -mlittle-endian -mcpu=v11.0 -mxl-soft-mul -Wl,--no-relax -Wl,--gc-sections -o "per_test.elf"  ./src/CRC_Functions.o ./src/PWM_tools.o ./src/adc.o ./src/current_system_status.o ./src/encoder.o ./src/initializationl_functions.o ./src/logical_functions.o ./src/testperiph.o ./src/xgpio_tapp_example.o ./src/xintc_tapp_example.o ./src/xspi_selftest_example.o ./src/xuartlite_intr_tapp_example.o ./src/xuartlite_intr_tapp_example_rs485.o ./src/xuartlite_selftest_example.o ./src/xuartlite_selftest_example_rs485.o   -Wl,--start-group,-lxil,-lgcc,-lc,--end-group -Wl,--start-group,-lxilisf,-lxil,-lgcc,-lc,--end-group
'Finished building target: per_test.elf'
' '
'Invoking: MicroBlaze Print Size'
mb-size per_test.elf  |tee "per_test.elf.size"
   text	   data	    bss	    dec	    hex	filename
  18408	   1116	   6564	  26088	   65e8	per_test.elf
'Finished building: per_test.elf.size'
' '
14:59:28 **** Auto Build of configuration Debug for project per_test ****
make all 
'Building file: ../src/testperiph.c'
'Invoking: MicroBlaze gcc compiler'
mb-gcc -Wall -O0 -g3 -c -fmessage-length=0 -MT"src/testperiph.o" -I../../start_project_bsp/microblaze_0/include -mlittle-endian -mcpu=v11.0 -mxl-soft-mul -Wl,--no-relax -ffunction-sections -fdata-sections -MMD -MP -MF"src/testperiph.d" -MT"src/testperiph.o" -o "src/testperiph.o" "../src/testperiph.c"
../src/testperiph.c: In function 'main':
../src/testperiph.c:98:5: warning: implicit declaration of function 'GetSystemValues' [-Wimplicit-function-declaration]
     GetSystemValues();
     ^~~~~~~~~~~~~~~
../src/testperiph.c:110:14: warning: implicit declaration of function 'TestCheckTotalRecvCountRS485' [-Wimplicit-function-declaration]
          if (TestCheckTotalRecvCountRS485() != 7) {
              ^~~~~~~~~~~~~~~~~~~~~~~~~~~~
../src/testperiph.c:115:11: warning: implicit declaration of function 'ResetTotalRecvCountRS485' [-Wimplicit-function-declaration]
           ResetTotalRecvCountRS485();
           ^~~~~~~~~~~~~~~~~~~~~~~~
../src/testperiph.c:116:11: warning: implicit declaration of function 'GetDataRS485' [-Wimplicit-function-declaration]
           GetDataRS485(&axi_uartlite_1_UartLite, ModeRS485);
           ^~~~~~~~~~~~
../src/testperiph.c:117:11: warning: implicit declaration of function 'SendDataRS485' [-Wimplicit-function-declaration]
           SendDataRS485(&axi_uartlite_1_UartLite, PrepareDataToSendRS485(ModeRS485, 1, 1), 8);
           ^~~~~~~~~~~~~
../src/testperiph.c:117:51: warning: implicit declaration of function 'PrepareDataToSendRS485' [-Wimplicit-function-declaration]
           SendDataRS485(&axi_uartlite_1_UartLite, PrepareDataToSendRS485(ModeRS485, 1, 1), 8);
                                                   ^~~~~~~~~~~~~~~~~~~~~~
../src/testperiph.c:151:13: warning: implicit declaration of function 'TestCheckTotalRecvCount' [-Wimplicit-function-declaration]
         if (TestCheckTotalRecvCount() != 0) {
             ^~~~~~~~~~~~~~~~~~~~~~~
../src/testperiph.c:156:11: warning: implicit declaration of function 'SendData' [-Wimplicit-function-declaration]
           SendData(&axi_uartlite_0_UartLite, GetData(&axi_uartlite_0_UartLite));
           ^~~~~~~~
../src/testperiph.c:156:46: warning: implicit declaration of function 'GetData' [-Wimplicit-function-declaration]
           SendData(&axi_uartlite_0_UartLite, GetData(&axi_uartlite_0_UartLite));
                                              ^~~~~~~
../src/testperiph.c:167:10: warning: implicit declaration of function 'TotalSentCountRS485Check' [-Wimplicit-function-declaration]
      if (TotalSentCountRS485Check() == 8) {
          ^~~~~~~~~~~~~~~~~~~~~~~~
../src/testperiph.c:171:10: warning: implicit declaration of function 'ResetTotalSentCountRS485' [-Wimplicit-function-declaration]
          ResetTotalSentCountRS485();
          ^~~~~~~~~~~~~~~~~~~~~~~~
../src/testperiph.c:61:6: warning: unused variable 'CountSentByte' [-Wunused-variable]
  int CountSentByte = 0;
      ^~~~~~~~~~~~~
../src/testperiph.c:58:6: warning: unused variable 'CountControlPanel' [-Wunused-variable]
  int CountControlPanel = 0;
      ^~~~~~~~~~~~~~~~~
'Finished building: ../src/testperiph.c'
' '
'Building target: per_test.elf'
'Invoking: MicroBlaze gcc linker'
mb-gcc -Wl,-T -Wl,../src/lscript.ld -L../../start_project_bsp/microblaze_0/lib -mlittle-endian -mcpu=v11.0 -mxl-soft-mul -Wl,--no-relax -Wl,--gc-sections -o "per_test.elf"  ./src/CRC_Functions.o ./src/PWM_tools.o ./src/adc.o ./src/current_system_status.o ./src/encoder.o ./src/initializationl_functions.o ./src/logical_functions.o ./src/testperiph.o ./src/xgpio_tapp_example.o ./src/xintc_tapp_example.o ./src/xspi_selftest_example.o ./src/xuartlite_intr_tapp_example.o ./src/xuartlite_intr_tapp_example_rs485.o ./src/xuartlite_selftest_example.o ./src/xuartlite_selftest_example_rs485.o   -Wl,--start-group,-lxil,-lgcc,-lc,--end-group -Wl,--start-group,-lxilisf,-lxil,-lgcc,-lc,--end-group
'Finished building target: per_test.elf'
' '
'Invoking: MicroBlaze Print Size'
mb-size per_test.elf  |tee "per_test.elf.size"
   text	   data	    bss	    dec	    hex	filename
  18412	   1116	   6568	  26096	   65f0	per_test.elf
'Finished building: per_test.elf.size'
' '
14:59:30 **** Incremental Build of configuration Debug for project per_test ****
make all 
make: Nothing to be done for 'all'.
15:00:56 **** Incremental Build of configuration Debug for project per_test ****
make all 
'Building file: ../src/testperiph.c'
'Invoking: MicroBlaze gcc compiler'
mb-gcc -Wall -O0 -g3 -c -fmessage-length=0 -MT"src/testperiph.o" -I../../start_project_bsp/microblaze_0/include -mlittle-endian -mcpu=v11.0 -mxl-soft-mul -Wl,--no-relax -ffunction-sections -fdata-sections -MMD -MP -MF"src/testperiph.d" -MT"src/testperiph.o" -o "src/testperiph.o" "../src/testperiph.c"
../src/testperiph.c: In function 'main':
../src/testperiph.c:98:5: warning: implicit declaration of function 'GetSystemValues' [-Wimplicit-function-declaration]
     GetSystemValues();
     ^~~~~~~~~~~~~~~
../src/testperiph.c:110:14: warning: implicit declaration of function 'TestCheckTotalRecvCountRS485' [-Wimplicit-function-declaration]
          if (TestCheckTotalRecvCountRS485() != 6) {
              ^~~~~~~~~~~~~~~~~~~~~~~~~~~~
../src/testperiph.c:115:11: warning: implicit declaration of function 'ResetTotalRecvCountRS485' [-Wimplicit-function-declaration]
           ResetTotalRecvCountRS485();
           ^~~~~~~~~~~~~~~~~~~~~~~~
../src/testperiph.c:116:11: warning: implicit declaration of function 'GetDataRS485' [-Wimplicit-function-declaration]
           GetDataRS485(&axi_uartlite_1_UartLite, ModeRS485);
           ^~~~~~~~~~~~
../src/testperiph.c:117:11: warning: implicit declaration of function 'SendDataRS485' [-Wimplicit-function-declaration]
           SendDataRS485(&axi_uartlite_1_UartLite, PrepareDataToSendRS485(ModeRS485, 1, 1), 8);
           ^~~~~~~~~~~~~
../src/testperiph.c:117:51: warning: implicit declaration of function 'PrepareDataToSendRS485' [-Wimplicit-function-declaration]
           SendDataRS485(&axi_uartlite_1_UartLite, PrepareDataToSendRS485(ModeRS485, 1, 1), 8);
                                                   ^~~~~~~~~~~~~~~~~~~~~~
../src/testperiph.c:151:13: warning: implicit declaration of function 'TestCheckTotalRecvCount' [-Wimplicit-function-declaration]
         if (TestCheckTotalRecvCount() != 0) {
             ^~~~~~~~~~~~~~~~~~~~~~~
../src/testperiph.c:156:11: warning: implicit declaration of function 'SendData' [-Wimplicit-function-declaration]
           SendData(&axi_uartlite_0_UartLite, GetData(&axi_uartlite_0_UartLite));
           ^~~~~~~~
../src/testperiph.c:156:46: warning: implicit declaration of function 'GetData' [-Wimplicit-function-declaration]
           SendData(&axi_uartlite_0_UartLite, GetData(&axi_uartlite_0_UartLite));
                                              ^~~~~~~
../src/testperiph.c:167:10: warning: implicit declaration of function 'TotalSentCountRS485Check' [-Wimplicit-function-declaration]
      if (TotalSentCountRS485Check() == 8) {
          ^~~~~~~~~~~~~~~~~~~~~~~~
../src/testperiph.c:171:10: warning: implicit declaration of function 'ResetTotalSentCountRS485' [-Wimplicit-function-declaration]
          ResetTotalSentCountRS485();
          ^~~~~~~~~~~~~~~~~~~~~~~~
../src/testperiph.c:61:6: warning: unused variable 'CountSentByte' [-Wunused-variable]
  int CountSentByte = 0;
      ^~~~~~~~~~~~~
../src/testperiph.c:58:6: warning: unused variable 'CountControlPanel' [-Wunused-variable]
  int CountControlPanel = 0;
      ^~~~~~~~~~~~~~~~~
'Finished building: ../src/testperiph.c'
' '
'Building target: per_test.elf'
'Invoking: MicroBlaze gcc linker'
mb-gcc -Wl,-T -Wl,../src/lscript.ld -L../../start_project_bsp/microblaze_0/lib -mlittle-endian -mcpu=v11.0 -mxl-soft-mul -Wl,--no-relax -Wl,--gc-sections -o "per_test.elf"  ./src/CRC_Functions.o ./src/PWM_tools.o ./src/adc.o ./src/current_system_status.o ./src/encoder.o ./src/initializationl_functions.o ./src/logical_functions.o ./src/testperiph.o ./src/xgpio_tapp_example.o ./src/xintc_tapp_example.o ./src/xspi_selftest_example.o ./src/xuartlite_intr_tapp_example.o ./src/xuartlite_intr_tapp_example_rs485.o ./src/xuartlite_selftest_example.o ./src/xuartlite_selftest_example_rs485.o   -Wl,--start-group,-lxil,-lgcc,-lc,--end-group -Wl,--start-group,-lxilisf,-lxil,-lgcc,-lc,--end-group
'Finished building target: per_test.elf'
' '
'Invoking: MicroBlaze Print Size'
mb-size per_test.elf  |tee "per_test.elf.size"
   text	   data	    bss	    dec	    hex	filename
  18412	   1116	   6568	  26096	   65f0	per_test.elf
'Finished building: per_test.elf.size'
' '
15:02:23 **** Incremental Build of configuration Debug for project per_test ****
make all 
make: Nothing to be done for 'all'.
15:04:07 **** Auto Build of configuration Debug for project per_test ****
make all 
'Building file: ../src/xuartlite_intr_tapp_example_rs485.c'
'Invoking: MicroBlaze gcc compiler'
mb-gcc -Wall -O0 -g3 -c -fmessage-length=0 -MT"src/xuartlite_intr_tapp_example_rs485.o" -I../../start_project_bsp/microblaze_0/include -mlittle-endian -mcpu=v11.0 -mxl-soft-mul -Wl,--no-relax -ffunction-sections -fdata-sections -MMD -MP -MF"src/xuartlite_intr_tapp_example_rs485.d" -MT"src/xuartlite_intr_tapp_example_rs485.o" -o "src/xuartlite_intr_tapp_example_rs485.o" "../src/xuartlite_intr_tapp_example_rs485.c"
../src/xuartlite_intr_tapp_example_rs485.c: In function 'UartLiteIntrExampleRS485':
../src/xuartlite_intr_tapp_example_rs485.c:260:6: warning: unused variable 'Index' [-Wunused-variable]
  u32 Index;
      ^~~~~
../src/xuartlite_intr_tapp_example_rs485.c: In function 'PrepareDataToSendRS485':
../src/xuartlite_intr_tapp_example_rs485.c:438:14: warning: implicit declaration of function 'GetArrayCurrentStatusInt' [-Wimplicit-function-declaration]
    Send[5] = GetArrayCurrentStatusInt(reg);
              ^~~~~~~~~~~~~~~~~~~~~~~~
../src/xuartlite_intr_tapp_example_rs485.c:459:14: warning: implicit declaration of function 'GetCRC16_B_byte' [-Wimplicit-function-declaration]
  crc_rs485 = GetCRC16_B_byte(crc_rs485, Send, count_byte_rs485);
              ^~~~~~~~~~~~~~~
../src/xuartlite_intr_tapp_example_rs485.c:468:9: warning: returning 'u8 (*)[8]' {aka 'unsigned char (*)[8]'} from a function with incompatible return type 'int *' [-Wincompatible-pointer-types]
  return &SendBufferRS485;
         ^~~~~~~~~~~~~~~~
../src/xuartlite_intr_tapp_example_rs485.c: In function 'PrepareDataToSendTestRS485':
../src/xuartlite_intr_tapp_example_rs485.c:472:9: warning: returning 'u8 (*)[8]' {aka 'unsigned char (*)[8]'} from a function with incompatible return type 'int *' [-Wincompatible-pointer-types]
  return &SendBufferRS485;
         ^~~~~~~~~~~~~~~~
../src/xuartlite_intr_tapp_example_rs485.c: In function 'GetDataRS485':
../src/xuartlite_intr_tapp_example_rs485.c:583:9: warning: returning 'u8 (*)[8]' {aka 'unsigned char (*)[8]'} from a function with incompatible return type 'int *' [-Wincompatible-pointer-types]
  return &SendBufferRS485;
         ^~~~~~~~~~~~~~~~
../src/xuartlite_intr_tapp_example_rs485.c: In function 'GetRecvBufferRS485':
../src/xuartlite_intr_tapp_example_rs485.c:597:9: warning: returning 'u8 (*)[7]' {aka 'unsigned char (*)[7]'} from a function with incompatible return type 'int *' [-Wincompatible-pointer-types]
  return &RecvBufferRS485;
         ^~~~~~~~~~~~~~~~
At top level:
../src/xuartlite_intr_tapp_example_rs485.c:758:13: warning: 'UartLiteDisableIntrSystem' defined but not used [-Wunused-function]
 static void UartLiteDisableIntrSystem(INTC *IntcInstancePtr,
             ^~~~~~~~~~~~~~~~~~~~~~~~~
'Finished building: ../src/xuartlite_intr_tapp_example_rs485.c'
' '
'Building target: per_test.elf'
'Invoking: MicroBlaze gcc linker'
mb-gcc -Wl,-T -Wl,../src/lscript.ld -L../../start_project_bsp/microblaze_0/lib -mlittle-endian -mcpu=v11.0 -mxl-soft-mul -Wl,--no-relax -Wl,--gc-sections -o "per_test.elf"  ./src/CRC_Functions.o ./src/PWM_tools.o ./src/adc.o ./src/current_system_status.o ./src/encoder.o ./src/initializationl_functions.o ./src/logical_functions.o ./src/testperiph.o ./src/xgpio_tapp_example.o ./src/xintc_tapp_example.o ./src/xspi_selftest_example.o ./src/xuartlite_intr_tapp_example.o ./src/xuartlite_intr_tapp_example_rs485.o ./src/xuartlite_selftest_example.o ./src/xuartlite_selftest_example_rs485.o   -Wl,--start-group,-lxil,-lgcc,-lc,--end-group -Wl,--start-group,-lxilisf,-lxil,-lgcc,-lc,--end-group
'Finished building target: per_test.elf'
' '
'Invoking: MicroBlaze Print Size'
mb-size per_test.elf  |tee "per_test.elf.size"
   text	   data	    bss	    dec	    hex	filename
  18412	   1116	   6576	  26104	   65f8	per_test.elf
'Finished building: per_test.elf.size'
' '
15:04:09 **** Incremental Build of configuration Debug for project per_test ****
make all 
make: Nothing to be done for 'all'.
15:04:31 **** Incremental Build of configuration Debug for project per_test ****
make all 
'Building file: ../src/testperiph.c'
'Invoking: MicroBlaze gcc compiler'
mb-gcc -Wall -O0 -g3 -c -fmessage-length=0 -MT"src/testperiph.o" -I../../start_project_bsp/microblaze_0/include -mlittle-endian -mcpu=v11.0 -mxl-soft-mul -Wl,--no-relax -ffunction-sections -fdata-sections -MMD -MP -MF"src/testperiph.d" -MT"src/testperiph.o" -o "src/testperiph.o" "../src/testperiph.c"
../src/testperiph.c: In function 'main':
../src/testperiph.c:98:5: warning: implicit declaration of function 'GetSystemValues' [-Wimplicit-function-declaration]
     GetSystemValues();
     ^~~~~~~~~~~~~~~
../src/testperiph.c:110:14: warning: implicit declaration of function 'TestCheckTotalRecvCountRS485' [-Wimplicit-function-declaration]
          if (TestCheckTotalRecvCountRS485() != 1) {
              ^~~~~~~~~~~~~~~~~~~~~~~~~~~~
../src/testperiph.c:115:11: warning: implicit declaration of function 'ResetTotalRecvCountRS485' [-Wimplicit-function-declaration]
           ResetTotalRecvCountRS485();
           ^~~~~~~~~~~~~~~~~~~~~~~~
../src/testperiph.c:116:11: warning: implicit declaration of function 'GetDataRS485' [-Wimplicit-function-declaration]
           GetDataRS485(&axi_uartlite_1_UartLite, ModeRS485);
           ^~~~~~~~~~~~
../src/testperiph.c:117:11: warning: implicit declaration of function 'SendDataRS485' [-Wimplicit-function-declaration]
           SendDataRS485(&axi_uartlite_1_UartLite, PrepareDataToSendRS485(ModeRS485, 1, 1), 8);
           ^~~~~~~~~~~~~
../src/testperiph.c:117:51: warning: implicit declaration of function 'PrepareDataToSendRS485' [-Wimplicit-function-declaration]
           SendDataRS485(&axi_uartlite_1_UartLite, PrepareDataToSendRS485(ModeRS485, 1, 1), 8);
                                                   ^~~~~~~~~~~~~~~~~~~~~~
../src/testperiph.c:151:13: warning: implicit declaration of function 'TestCheckTotalRecvCount' [-Wimplicit-function-declaration]
         if (TestCheckTotalRecvCount() != 0) {
             ^~~~~~~~~~~~~~~~~~~~~~~
../src/testperiph.c:156:11: warning: implicit declaration of function 'SendData' [-Wimplicit-function-declaration]
           SendData(&axi_uartlite_0_UartLite, GetData(&axi_uartlite_0_UartLite));
           ^~~~~~~~
../src/testperiph.c:156:46: warning: implicit declaration of function 'GetData' [-Wimplicit-function-declaration]
           SendData(&axi_uartlite_0_UartLite, GetData(&axi_uartlite_0_UartLite));
                                              ^~~~~~~
../src/testperiph.c:167:10: warning: implicit declaration of function 'TotalSentCountRS485Check' [-Wimplicit-function-declaration]
      if (TotalSentCountRS485Check() == 8) {
          ^~~~~~~~~~~~~~~~~~~~~~~~
../src/testperiph.c:171:10: warning: implicit declaration of function 'ResetTotalSentCountRS485' [-Wimplicit-function-declaration]
          ResetTotalSentCountRS485();
          ^~~~~~~~~~~~~~~~~~~~~~~~
../src/testperiph.c:61:6: warning: unused variable 'CountSentByte' [-Wunused-variable]
  int CountSentByte = 0;
      ^~~~~~~~~~~~~
../src/testperiph.c:58:6: warning: unused variable 'CountControlPanel' [-Wunused-variable]
  int CountControlPanel = 0;
      ^~~~~~~~~~~~~~~~~
'Finished building: ../src/testperiph.c'
' '
'Building target: per_test.elf'
'Invoking: MicroBlaze gcc linker'
mb-gcc -Wl,-T -Wl,../src/lscript.ld -L../../start_project_bsp/microblaze_0/lib -mlittle-endian -mcpu=v11.0 -mxl-soft-mul -Wl,--no-relax -Wl,--gc-sections -o "per_test.elf"  ./src/CRC_Functions.o ./src/PWM_tools.o ./src/adc.o ./src/current_system_status.o ./src/encoder.o ./src/initializationl_functions.o ./src/logical_functions.o ./src/testperiph.o ./src/xgpio_tapp_example.o ./src/xintc_tapp_example.o ./src/xspi_selftest_example.o ./src/xuartlite_intr_tapp_example.o ./src/xuartlite_intr_tapp_example_rs485.o ./src/xuartlite_selftest_example.o ./src/xuartlite_selftest_example_rs485.o   -Wl,--start-group,-lxil,-lgcc,-lc,--end-group -Wl,--start-group,-lxilisf,-lxil,-lgcc,-lc,--end-group
'Finished building target: per_test.elf'
' '
'Invoking: MicroBlaze Print Size'
mb-size per_test.elf  |tee "per_test.elf.size"
   text	   data	    bss	    dec	    hex	filename
  18412	   1116	   6576	  26104	   65f8	per_test.elf
'Finished building: per_test.elf.size'
' '
15:06:39 **** Auto Build of configuration Debug for project per_test ****
make all 
'Building file: ../src/testperiph.c'
'Invoking: MicroBlaze gcc compiler'
mb-gcc -Wall -O0 -g3 -c -fmessage-length=0 -MT"src/testperiph.o" -I../../start_project_bsp/microblaze_0/include -mlittle-endian -mcpu=v11.0 -mxl-soft-mul -Wl,--no-relax -ffunction-sections -fdata-sections -MMD -MP -MF"src/testperiph.d" -MT"src/testperiph.o" -o "src/testperiph.o" "../src/testperiph.c"
../src/testperiph.c: In function 'main':
../src/testperiph.c:98:5: warning: implicit declaration of function 'GetSystemValues' [-Wimplicit-function-declaration]
     GetSystemValues();
     ^~~~~~~~~~~~~~~
../src/testperiph.c:110:14: warning: implicit declaration of function 'TestCheckTotalRecvCountRS485' [-Wimplicit-function-declaration]
          if (TestCheckTotalRecvCountRS485() != 7) {
              ^~~~~~~~~~~~~~~~~~~~~~~~~~~~
../src/testperiph.c:115:11: warning: implicit declaration of function 'ResetTotalRecvCountRS485' [-Wimplicit-function-declaration]
           ResetTotalRecvCountRS485();
           ^~~~~~~~~~~~~~~~~~~~~~~~
../src/testperiph.c:116:11: warning: implicit declaration of function 'GetDataRS485' [-Wimplicit-function-declaration]
           GetDataRS485(&axi_uartlite_1_UartLite, ModeRS485);
           ^~~~~~~~~~~~
../src/testperiph.c:117:11: warning: implicit declaration of function 'SendDataRS485' [-Wimplicit-function-declaration]
           SendDataRS485(&axi_uartlite_1_UartLite, PrepareDataToSendRS485(ModeRS485, 1, 1), 8);
           ^~~~~~~~~~~~~
../src/testperiph.c:117:51: warning: implicit declaration of function 'PrepareDataToSendRS485' [-Wimplicit-function-declaration]
           SendDataRS485(&axi_uartlite_1_UartLite, PrepareDataToSendRS485(ModeRS485, 1, 1), 8);
                                                   ^~~~~~~~~~~~~~~~~~~~~~
../src/testperiph.c:151:13: warning: implicit declaration of function 'TestCheckTotalRecvCount' [-Wimplicit-function-declaration]
         if (TestCheckTotalRecvCount() != 0) {
             ^~~~~~~~~~~~~~~~~~~~~~~
../src/testperiph.c:156:11: warning: implicit declaration of function 'SendData' [-Wimplicit-function-declaration]
           SendData(&axi_uartlite_0_UartLite, GetData(&axi_uartlite_0_UartLite));
           ^~~~~~~~
../src/testperiph.c:156:46: warning: implicit declaration of function 'GetData' [-Wimplicit-function-declaration]
           SendData(&axi_uartlite_0_UartLite, GetData(&axi_uartlite_0_UartLite));
                                              ^~~~~~~
../src/testperiph.c:167:10: warning: implicit declaration of function 'TotalSentCountRS485Check' [-Wimplicit-function-declaration]
      if (TotalSentCountRS485Check() == 8) {
          ^~~~~~~~~~~~~~~~~~~~~~~~
../src/testperiph.c:171:10: warning: implicit declaration of function 'ResetTotalSentCountRS485' [-Wimplicit-function-declaration]
          ResetTotalSentCountRS485();
          ^~~~~~~~~~~~~~~~~~~~~~~~
../src/testperiph.c:61:6: warning: unused variable 'CountSentByte' [-Wunused-variable]
  int CountSentByte = 0;
      ^~~~~~~~~~~~~
../src/testperiph.c:58:6: warning: unused variable 'CountControlPanel' [-Wunused-variable]
  int CountControlPanel = 0;
      ^~~~~~~~~~~~~~~~~
'Finished building: ../src/testperiph.c'
' '
'Building target: per_test.elf'
'Invoking: MicroBlaze gcc linker'
mb-gcc -Wl,-T -Wl,../src/lscript.ld -L../../start_project_bsp/microblaze_0/lib -mlittle-endian -mcpu=v11.0 -mxl-soft-mul -Wl,--no-relax -Wl,--gc-sections -o "per_test.elf"  ./src/CRC_Functions.o ./src/PWM_tools.o ./src/adc.o ./src/current_system_status.o ./src/encoder.o ./src/initializationl_functions.o ./src/logical_functions.o ./src/testperiph.o ./src/xgpio_tapp_example.o ./src/xintc_tapp_example.o ./src/xspi_selftest_example.o ./src/xuartlite_intr_tapp_example.o ./src/xuartlite_intr_tapp_example_rs485.o ./src/xuartlite_selftest_example.o ./src/xuartlite_selftest_example_rs485.o   -Wl,--start-group,-lxil,-lgcc,-lc,--end-group -Wl,--start-group,-lxilisf,-lxil,-lgcc,-lc,--end-group
'Finished building target: per_test.elf'
' '
'Invoking: MicroBlaze Print Size'
mb-size per_test.elf  |tee "per_test.elf.size"
   text	   data	    bss	    dec	    hex	filename
  18412	   1116	   6576	  26104	   65f8	per_test.elf
'Finished building: per_test.elf.size'
' '
15:07:01 **** Incremental Build of configuration Debug for project per_test ****
make all 
make: Nothing to be done for 'all'.
15:08:42 **** Auto Build of configuration Debug for project per_test ****
make all 
'Building file: ../src/xuartlite_intr_tapp_example_rs485.c'
'Invoking: MicroBlaze gcc compiler'
mb-gcc -Wall -O0 -g3 -c -fmessage-length=0 -MT"src/xuartlite_intr_tapp_example_rs485.o" -I../../start_project_bsp/microblaze_0/include -mlittle-endian -mcpu=v11.0 -mxl-soft-mul -Wl,--no-relax -ffunction-sections -fdata-sections -MMD -MP -MF"src/xuartlite_intr_tapp_example_rs485.d" -MT"src/xuartlite_intr_tapp_example_rs485.o" -o "src/xuartlite_intr_tapp_example_rs485.o" "../src/xuartlite_intr_tapp_example_rs485.c"
../src/xuartlite_intr_tapp_example_rs485.c: In function 'UartLiteIntrExampleRS485':
../src/xuartlite_intr_tapp_example_rs485.c:260:6: warning: unused variable 'Index' [-Wunused-variable]
  u32 Index;
      ^~~~~
../src/xuartlite_intr_tapp_example_rs485.c: In function 'PrepareDataToSendRS485':
../src/xuartlite_intr_tapp_example_rs485.c:438:14: warning: implicit declaration of function 'GetArrayCurrentStatusInt' [-Wimplicit-function-declaration]
    Send[5] = GetArrayCurrentStatusInt(reg);
              ^~~~~~~~~~~~~~~~~~~~~~~~
../src/xuartlite_intr_tapp_example_rs485.c:459:14: warning: implicit declaration of function 'GetCRC16_B_byte' [-Wimplicit-function-declaration]
  crc_rs485 = GetCRC16_B_byte(crc_rs485, Send, count_byte_rs485);
              ^~~~~~~~~~~~~~~
../src/xuartlite_intr_tapp_example_rs485.c:468:9: warning: returning 'u8 (*)[8]' {aka 'unsigned char (*)[8]'} from a function with incompatible return type 'int *' [-Wincompatible-pointer-types]
  return &SendBufferRS485;
         ^~~~~~~~~~~~~~~~
../src/xuartlite_intr_tapp_example_rs485.c: In function 'PrepareDataToSendTestRS485':
../src/xuartlite_intr_tapp_example_rs485.c:472:9: warning: returning 'u8 (*)[8]' {aka 'unsigned char (*)[8]'} from a function with incompatible return type 'int *' [-Wincompatible-pointer-types]
  return &SendBufferRS485;
         ^~~~~~~~~~~~~~~~
../src/xuartlite_intr_tapp_example_rs485.c: In function 'GetDataRS485':
../src/xuartlite_intr_tapp_example_rs485.c:583:9: warning: returning 'u8 (*)[8]' {aka 'unsigned char (*)[8]'} from a function with incompatible return type 'int *' [-Wincompatible-pointer-types]
  return &SendBufferRS485;
         ^~~~~~~~~~~~~~~~
../src/xuartlite_intr_tapp_example_rs485.c: In function 'GetRecvBufferRS485':
../src/xuartlite_intr_tapp_example_rs485.c:597:9: warning: returning 'u8 (*)[1]' {aka 'unsigned char (*)[1]'} from a function with incompatible return type 'int *' [-Wincompatible-pointer-types]
  return &RecvBufferRS485;
         ^~~~~~~~~~~~~~~~
At top level:
../src/xuartlite_intr_tapp_example_rs485.c:758:13: warning: 'UartLiteDisableIntrSystem' defined but not used [-Wunused-function]
 static void UartLiteDisableIntrSystem(INTC *IntcInstancePtr,
             ^~~~~~~~~~~~~~~~~~~~~~~~~
'Finished building: ../src/xuartlite_intr_tapp_example_rs485.c'
' '
'Building target: per_test.elf'
'Invoking: MicroBlaze gcc linker'
mb-gcc -Wl,-T -Wl,../src/lscript.ld -L../../start_project_bsp/microblaze_0/lib -mlittle-endian -mcpu=v11.0 -mxl-soft-mul -Wl,--no-relax -Wl,--gc-sections -o "per_test.elf"  ./src/CRC_Functions.o ./src/PWM_tools.o ./src/adc.o ./src/current_system_status.o ./src/encoder.o ./src/initializationl_functions.o ./src/logical_functions.o ./src/testperiph.o ./src/xgpio_tapp_example.o ./src/xintc_tapp_example.o ./src/xspi_selftest_example.o ./src/xuartlite_intr_tapp_example.o ./src/xuartlite_intr_tapp_example_rs485.o ./src/xuartlite_selftest_example.o ./src/xuartlite_selftest_example_rs485.o   -Wl,--start-group,-lxil,-lgcc,-lc,--end-group -Wl,--start-group,-lxilisf,-lxil,-lgcc,-lc,--end-group
'Finished building target: per_test.elf'
' '
'Invoking: MicroBlaze Print Size'
mb-size per_test.elf  |tee "per_test.elf.size"
   text	   data	    bss	    dec	    hex	filename
  18404	   1116	   6568	  26088	   65e8	per_test.elf
'Finished building: per_test.elf.size'
' '
15:09:06 **** Incremental Build of configuration Debug for project per_test ****
make all 
'Building file: ../src/xuartlite_intr_tapp_example_rs485.c'
'Invoking: MicroBlaze gcc compiler'
mb-gcc -Wall -O0 -g3 -c -fmessage-length=0 -MT"src/xuartlite_intr_tapp_example_rs485.o" -I../../start_project_bsp/microblaze_0/include -mlittle-endian -mcpu=v11.0 -mxl-soft-mul -Wl,--no-relax -ffunction-sections -fdata-sections -MMD -MP -MF"src/xuartlite_intr_tapp_example_rs485.d" -MT"src/xuartlite_intr_tapp_example_rs485.o" -o "src/xuartlite_intr_tapp_example_rs485.o" "../src/xuartlite_intr_tapp_example_rs485.c"
../src/xuartlite_intr_tapp_example_rs485.c: In function 'UartLiteIntrExampleRS485':
../src/xuartlite_intr_tapp_example_rs485.c:260:6: warning: unused variable 'Index' [-Wunused-variable]
  u32 Index;
      ^~~~~
../src/xuartlite_intr_tapp_example_rs485.c: In function 'PrepareDataToSendRS485':
../src/xuartlite_intr_tapp_example_rs485.c:438:14: warning: implicit declaration of function 'GetArrayCurrentStatusInt' [-Wimplicit-function-declaration]
    Send[5] = GetArrayCurrentStatusInt(reg);
              ^~~~~~~~~~~~~~~~~~~~~~~~
../src/xuartlite_intr_tapp_example_rs485.c:459:14: warning: implicit declaration of function 'GetCRC16_B_byte' [-Wimplicit-function-declaration]
  crc_rs485 = GetCRC16_B_byte(crc_rs485, Send, count_byte_rs485);
              ^~~~~~~~~~~~~~~
../src/xuartlite_intr_tapp_example_rs485.c:468:9: warning: returning 'u8 (*)[8]' {aka 'unsigned char (*)[8]'} from a function with incompatible return type 'int *' [-Wincompatible-pointer-types]
  return &SendBufferRS485;
         ^~~~~~~~~~~~~~~~
../src/xuartlite_intr_tapp_example_rs485.c: In function 'PrepareDataToSendTestRS485':
../src/xuartlite_intr_tapp_example_rs485.c:472:9: warning: returning 'u8 (*)[8]' {aka 'unsigned char (*)[8]'} from a function with incompatible return type 'int *' [-Wincompatible-pointer-types]
  return &SendBufferRS485;
         ^~~~~~~~~~~~~~~~
../src/xuartlite_intr_tapp_example_rs485.c: In function 'GetDataRS485':
../src/xuartlite_intr_tapp_example_rs485.c:583:9: warning: returning 'u8 (*)[8]' {aka 'unsigned char (*)[8]'} from a function with incompatible return type 'int *' [-Wincompatible-pointer-types]
  return &SendBufferRS485;
         ^~~~~~~~~~~~~~~~
../src/xuartlite_intr_tapp_example_rs485.c: In function 'GetRecvBufferRS485':
../src/xuartlite_intr_tapp_example_rs485.c:597:9: warning: returning 'u8 (*)[8]' {aka 'unsigned char (*)[8]'} from a function with incompatible return type 'int *' [-Wincompatible-pointer-types]
  return &RecvBufferRS485;
         ^~~~~~~~~~~~~~~~
At top level:
../src/xuartlite_intr_tapp_example_rs485.c:758:13: warning: 'UartLiteDisableIntrSystem' defined but not used [-Wunused-function]
 static void UartLiteDisableIntrSystem(INTC *IntcInstancePtr,
             ^~~~~~~~~~~~~~~~~~~~~~~~~
'Finished building: ../src/xuartlite_intr_tapp_example_rs485.c'
' '
'Building target: per_test.elf'
'Invoking: MicroBlaze gcc linker'
mb-gcc -Wl,-T -Wl,../src/lscript.ld -L../../start_project_bsp/microblaze_0/lib -mlittle-endian -mcpu=v11.0 -mxl-soft-mul -Wl,--no-relax -Wl,--gc-sections -o "per_test.elf"  ./src/CRC_Functions.o ./src/PWM_tools.o ./src/adc.o ./src/current_system_status.o ./src/encoder.o ./src/initializationl_functions.o ./src/logical_functions.o ./src/testperiph.o ./src/xgpio_tapp_example.o ./src/xintc_tapp_example.o ./src/xspi_selftest_example.o ./src/xuartlite_intr_tapp_example.o ./src/xuartlite_intr_tapp_example_rs485.o ./src/xuartlite_selftest_example.o ./src/xuartlite_selftest_example_rs485.o   -Wl,--start-group,-lxil,-lgcc,-lc,--end-group -Wl,--start-group,-lxilisf,-lxil,-lgcc,-lc,--end-group
'Finished building target: per_test.elf'
' '
'Invoking: MicroBlaze Print Size'
mb-size per_test.elf  |tee "per_test.elf.size"
   text	   data	    bss	    dec	    hex	filename
  18404	   1116	   6576	  26096	   65f0	per_test.elf
'Finished building: per_test.elf.size'
' '
15:10:51 **** Incremental Build of configuration Debug for project per_test ****
make all 
'Building file: ../src/xuartlite_intr_tapp_example_rs485.c'
'Invoking: MicroBlaze gcc compiler'
mb-gcc -Wall -O0 -g3 -c -fmessage-length=0 -MT"src/xuartlite_intr_tapp_example_rs485.o" -I../../start_project_bsp/microblaze_0/include -mlittle-endian -mcpu=v11.0 -mxl-soft-mul -Wl,--no-relax -ffunction-sections -fdata-sections -MMD -MP -MF"src/xuartlite_intr_tapp_example_rs485.d" -MT"src/xuartlite_intr_tapp_example_rs485.o" -o "src/xuartlite_intr_tapp_example_rs485.o" "../src/xuartlite_intr_tapp_example_rs485.c"
../src/xuartlite_intr_tapp_example_rs485.c: In function 'UartLiteIntrExampleRS485':
../src/xuartlite_intr_tapp_example_rs485.c:260:6: warning: unused variable 'Index' [-Wunused-variable]
  u32 Index;
      ^~~~~
../src/xuartlite_intr_tapp_example_rs485.c: In function 'PrepareDataToSendRS485':
../src/xuartlite_intr_tapp_example_rs485.c:438:14: warning: implicit declaration of function 'GetArrayCurrentStatusInt' [-Wimplicit-function-declaration]
    Send[5] = GetArrayCurrentStatusInt(reg);
              ^~~~~~~~~~~~~~~~~~~~~~~~
../src/xuartlite_intr_tapp_example_rs485.c:459:14: warning: implicit declaration of function 'GetCRC16_B_byte' [-Wimplicit-function-declaration]
  crc_rs485 = GetCRC16_B_byte(crc_rs485, Send, count_byte_rs485);
              ^~~~~~~~~~~~~~~
../src/xuartlite_intr_tapp_example_rs485.c:468:9: warning: returning 'u8 (*)[8]' {aka 'unsigned char (*)[8]'} from a function with incompatible return type 'int *' [-Wincompatible-pointer-types]
  return &SendBufferRS485;
         ^~~~~~~~~~~~~~~~
../src/xuartlite_intr_tapp_example_rs485.c: In function 'PrepareDataToSendTestRS485':
../src/xuartlite_intr_tapp_example_rs485.c:472:9: warning: returning 'u8 (*)[8]' {aka 'unsigned char (*)[8]'} from a function with incompatible return type 'int *' [-Wincompatible-pointer-types]
  return &SendBufferRS485;
         ^~~~~~~~~~~~~~~~
../src/xuartlite_intr_tapp_example_rs485.c: In function 'GetDataRS485':
../src/xuartlite_intr_tapp_example_rs485.c:583:9: warning: returning 'u8 (*)[8]' {aka 'unsigned char (*)[8]'} from a function with incompatible return type 'int *' [-Wincompatible-pointer-types]
  return &SendBufferRS485;
         ^~~~~~~~~~~~~~~~
../src/xuartlite_intr_tapp_example_rs485.c: In function 'GetRecvBufferRS485':
../src/xuartlite_intr_tapp_example_rs485.c:597:9: warning: returning 'u8 (*)[8]' {aka 'unsigned char (*)[8]'} from a function with incompatible return type 'int *' [-Wincompatible-pointer-types]
  return &RecvBufferRS485;
         ^~~~~~~~~~~~~~~~
At top level:
../src/xuartlite_intr_tapp_example_rs485.c:758:13: warning: 'UartLiteDisableIntrSystem' defined but not used [-Wunused-function]
 static void UartLiteDisableIntrSystem(INTC *IntcInstancePtr,
             ^~~~~~~~~~~~~~~~~~~~~~~~~
'Finished building: ../src/xuartlite_intr_tapp_example_rs485.c'
' '
'Building target: per_test.elf'
'Invoking: MicroBlaze gcc linker'
mb-gcc -Wl,-T -Wl,../src/lscript.ld -L../../start_project_bsp/microblaze_0/lib -mlittle-endian -mcpu=v11.0 -mxl-soft-mul -Wl,--no-relax -Wl,--gc-sections -o "per_test.elf"  ./src/CRC_Functions.o ./src/PWM_tools.o ./src/adc.o ./src/current_system_status.o ./src/encoder.o ./src/initializationl_functions.o ./src/logical_functions.o ./src/testperiph.o ./src/xgpio_tapp_example.o ./src/xintc_tapp_example.o ./src/xspi_selftest_example.o ./src/xuartlite_intr_tapp_example.o ./src/xuartlite_intr_tapp_example_rs485.o ./src/xuartlite_selftest_example.o ./src/xuartlite_selftest_example_rs485.o   -Wl,--start-group,-lxil,-lgcc,-lc,--end-group -Wl,--start-group,-lxilisf,-lxil,-lgcc,-lc,--end-group
'Finished building target: per_test.elf'
' '
'Invoking: MicroBlaze Print Size'
mb-size per_test.elf  |tee "per_test.elf.size"
   text	   data	    bss	    dec	    hex	filename
  18412	   1116	   6576	  26104	   65f8	per_test.elf
'Finished building: per_test.elf.size'
' '
15:13:31 **** Incremental Build of configuration Debug for project per_test ****
make all 
'Building file: ../src/testperiph.c'
'Invoking: MicroBlaze gcc compiler'
mb-gcc -Wall -O0 -g3 -c -fmessage-length=0 -MT"src/testperiph.o" -I../../start_project_bsp/microblaze_0/include -mlittle-endian -mcpu=v11.0 -mxl-soft-mul -Wl,--no-relax -ffunction-sections -fdata-sections -MMD -MP -MF"src/testperiph.d" -MT"src/testperiph.o" -o "src/testperiph.o" "../src/testperiph.c"
../src/testperiph.c: In function 'main':
../src/testperiph.c:98:5: warning: implicit declaration of function 'GetSystemValues' [-Wimplicit-function-declaration]
     GetSystemValues();
     ^~~~~~~~~~~~~~~
../src/testperiph.c:110:14: warning: implicit declaration of function 'TestCheckTotalRecvCountRS485' [-Wimplicit-function-declaration]
          if (TestCheckTotalRecvCountRS485() != 1) {
              ^~~~~~~~~~~~~~~~~~~~~~~~~~~~
../src/testperiph.c:115:11: warning: implicit declaration of function 'ResetTotalRecvCountRS485' [-Wimplicit-function-declaration]
           ResetTotalRecvCountRS485();
           ^~~~~~~~~~~~~~~~~~~~~~~~
../src/testperiph.c:116:11: warning: implicit declaration of function 'GetDataRS485' [-Wimplicit-function-declaration]
           GetDataRS485(&axi_uartlite_1_UartLite, ModeRS485);
           ^~~~~~~~~~~~
../src/testperiph.c:117:11: warning: implicit declaration of function 'SendDataRS485' [-Wimplicit-function-declaration]
           SendDataRS485(&axi_uartlite_1_UartLite, PrepareDataToSendRS485(ModeRS485, 1, 1), 8);
           ^~~~~~~~~~~~~
../src/testperiph.c:117:51: warning: implicit declaration of function 'PrepareDataToSendRS485' [-Wimplicit-function-declaration]
           SendDataRS485(&axi_uartlite_1_UartLite, PrepareDataToSendRS485(ModeRS485, 1, 1), 8);
                                                   ^~~~~~~~~~~~~~~~~~~~~~
../src/testperiph.c:151:13: warning: implicit declaration of function 'TestCheckTotalRecvCount' [-Wimplicit-function-declaration]
         if (TestCheckTotalRecvCount() != 0) {
             ^~~~~~~~~~~~~~~~~~~~~~~
../src/testperiph.c:156:11: warning: implicit declaration of function 'SendData' [-Wimplicit-function-declaration]
           SendData(&axi_uartlite_0_UartLite, GetData(&axi_uartlite_0_UartLite));
           ^~~~~~~~
../src/testperiph.c:156:46: warning: implicit declaration of function 'GetData' [-Wimplicit-function-declaration]
           SendData(&axi_uartlite_0_UartLite, GetData(&axi_uartlite_0_UartLite));
                                              ^~~~~~~
../src/testperiph.c:167:10: warning: implicit declaration of function 'TotalSentCountRS485Check' [-Wimplicit-function-declaration]
      if (TotalSentCountRS485Check() == 8) {
          ^~~~~~~~~~~~~~~~~~~~~~~~
../src/testperiph.c:171:10: warning: implicit declaration of function 'ResetTotalSentCountRS485' [-Wimplicit-function-declaration]
          ResetTotalSentCountRS485();
          ^~~~~~~~~~~~~~~~~~~~~~~~
../src/testperiph.c:61:6: warning: unused variable 'CountSentByte' [-Wunused-variable]
  int CountSentByte = 0;
      ^~~~~~~~~~~~~
../src/testperiph.c:58:6: warning: unused variable 'CountControlPanel' [-Wunused-variable]
  int CountControlPanel = 0;
      ^~~~~~~~~~~~~~~~~
'Finished building: ../src/testperiph.c'
' '
'Building file: ../src/xuartlite_intr_tapp_example_rs485.c'
'Invoking: MicroBlaze gcc compiler'
mb-gcc -Wall -O0 -g3 -c -fmessage-length=0 -MT"src/xuartlite_intr_tapp_example_rs485.o" -I../../start_project_bsp/microblaze_0/include -mlittle-endian -mcpu=v11.0 -mxl-soft-mul -Wl,--no-relax -ffunction-sections -fdata-sections -MMD -MP -MF"src/xuartlite_intr_tapp_example_rs485.d" -MT"src/xuartlite_intr_tapp_example_rs485.o" -o "src/xuartlite_intr_tapp_example_rs485.o" "../src/xuartlite_intr_tapp_example_rs485.c"
../src/xuartlite_intr_tapp_example_rs485.c: In function 'UartLiteIntrExampleRS485':
../src/xuartlite_intr_tapp_example_rs485.c:260:6: warning: unused variable 'Index' [-Wunused-variable]
  u32 Index;
      ^~~~~
../src/xuartlite_intr_tapp_example_rs485.c: In function 'PrepareDataToSendRS485':
../src/xuartlite_intr_tapp_example_rs485.c:438:14: warning: implicit declaration of function 'GetArrayCurrentStatusInt' [-Wimplicit-function-declaration]
    Send[5] = GetArrayCurrentStatusInt(reg);
              ^~~~~~~~~~~~~~~~~~~~~~~~
../src/xuartlite_intr_tapp_example_rs485.c:459:14: warning: implicit declaration of function 'GetCRC16_B_byte' [-Wimplicit-function-declaration]
  crc_rs485 = GetCRC16_B_byte(crc_rs485, Send, count_byte_rs485);
              ^~~~~~~~~~~~~~~
../src/xuartlite_intr_tapp_example_rs485.c:468:9: warning: returning 'u8 (*)[8]' {aka 'unsigned char (*)[8]'} from a function with incompatible return type 'int *' [-Wincompatible-pointer-types]
  return &SendBufferRS485;
         ^~~~~~~~~~~~~~~~
../src/xuartlite_intr_tapp_example_rs485.c: In function 'PrepareDataToSendTestRS485':
../src/xuartlite_intr_tapp_example_rs485.c:472:9: warning: returning 'u8 (*)[8]' {aka 'unsigned char (*)[8]'} from a function with incompatible return type 'int *' [-Wincompatible-pointer-types]
  return &SendBufferRS485;
         ^~~~~~~~~~~~~~~~
../src/xuartlite_intr_tapp_example_rs485.c: In function 'GetDataRS485':
../src/xuartlite_intr_tapp_example_rs485.c:583:9: warning: returning 'u8 (*)[8]' {aka 'unsigned char (*)[8]'} from a function with incompatible return type 'int *' [-Wincompatible-pointer-types]
  return &SendBufferRS485;
         ^~~~~~~~~~~~~~~~
../src/xuartlite_intr_tapp_example_rs485.c: In function 'GetRecvBufferRS485':
../src/xuartlite_intr_tapp_example_rs485.c:597:9: warning: returning 'u8 (*)[7]' {aka 'unsigned char (*)[7]'} from a function with incompatible return type 'int *' [-Wincompatible-pointer-types]
  return &RecvBufferRS485;
         ^~~~~~~~~~~~~~~~
At top level:
../src/xuartlite_intr_tapp_example_rs485.c:758:13: warning: 'UartLiteDisableIntrSystem' defined but not used [-Wunused-function]
 static void UartLiteDisableIntrSystem(INTC *IntcInstancePtr,
             ^~~~~~~~~~~~~~~~~~~~~~~~~
'Finished building: ../src/xuartlite_intr_tapp_example_rs485.c'
' '
'Building target: per_test.elf'
'Invoking: MicroBlaze gcc linker'
mb-gcc -Wl,-T -Wl,../src/lscript.ld -L../../start_project_bsp/microblaze_0/lib -mlittle-endian -mcpu=v11.0 -mxl-soft-mul -Wl,--no-relax -Wl,--gc-sections -o "per_test.elf"  ./src/CRC_Functions.o ./src/PWM_tools.o ./src/adc.o ./src/current_system_status.o ./src/encoder.o ./src/initializationl_functions.o ./src/logical_functions.o ./src/testperiph.o ./src/xgpio_tapp_example.o ./src/xintc_tapp_example.o ./src/xspi_selftest_example.o ./src/xuartlite_intr_tapp_example.o ./src/xuartlite_intr_tapp_example_rs485.o ./src/xuartlite_selftest_example.o ./src/xuartlite_selftest_example_rs485.o   -Wl,--start-group,-lxil,-lgcc,-lc,--end-group -Wl,--start-group,-lxilisf,-lxil,-lgcc,-lc,--end-group
'Finished building target: per_test.elf'
' '
'Invoking: MicroBlaze Print Size'
mb-size per_test.elf  |tee "per_test.elf.size"
   text	   data	    bss	    dec	    hex	filename
  18412	   1116	   6576	  26104	   65f8	per_test.elf
'Finished building: per_test.elf.size'
' '
15:15:55 **** Auto Build of configuration Debug for project per_test ****
make all 
'Building file: ../src/testperiph.c'
'Invoking: MicroBlaze gcc compiler'
mb-gcc -Wall -O0 -g3 -c -fmessage-length=0 -MT"src/testperiph.o" -I../../start_project_bsp/microblaze_0/include -mlittle-endian -mcpu=v11.0 -mxl-soft-mul -Wl,--no-relax -ffunction-sections -fdata-sections -MMD -MP -MF"src/testperiph.d" -MT"src/testperiph.o" -o "src/testperiph.o" "../src/testperiph.c"
../src/testperiph.c: In function 'main':
../src/testperiph.c:98:5: warning: implicit declaration of function 'GetSystemValues' [-Wimplicit-function-declaration]
     GetSystemValues();
     ^~~~~~~~~~~~~~~
../src/testperiph.c:110:14: warning: implicit declaration of function 'TestCheckTotalRecvCountRS485' [-Wimplicit-function-declaration]
          if (TestCheckTotalRecvCountRS485() != 7) {
              ^~~~~~~~~~~~~~~~~~~~~~~~~~~~
../src/testperiph.c:115:11: warning: implicit declaration of function 'ResetTotalRecvCountRS485' [-Wimplicit-function-declaration]
           ResetTotalRecvCountRS485();
           ^~~~~~~~~~~~~~~~~~~~~~~~
../src/testperiph.c:116:11: warning: implicit declaration of function 'GetDataRS485' [-Wimplicit-function-declaration]
           GetDataRS485(&axi_uartlite_1_UartLite, ModeRS485);
           ^~~~~~~~~~~~
../src/testperiph.c:117:11: warning: implicit declaration of function 'SendDataRS485' [-Wimplicit-function-declaration]
           SendDataRS485(&axi_uartlite_1_UartLite, PrepareDataToSendRS485(ModeRS485, 1, 1), 8);
           ^~~~~~~~~~~~~
../src/testperiph.c:117:51: warning: implicit declaration of function 'PrepareDataToSendRS485' [-Wimplicit-function-declaration]
           SendDataRS485(&axi_uartlite_1_UartLite, PrepareDataToSendRS485(ModeRS485, 1, 1), 8);
                                                   ^~~~~~~~~~~~~~~~~~~~~~
../src/testperiph.c:151:13: warning: implicit declaration of function 'TestCheckTotalRecvCount' [-Wimplicit-function-declaration]
         if (TestCheckTotalRecvCount() != 0) {
             ^~~~~~~~~~~~~~~~~~~~~~~
../src/testperiph.c:156:11: warning: implicit declaration of function 'SendData' [-Wimplicit-function-declaration]
           SendData(&axi_uartlite_0_UartLite, GetData(&axi_uartlite_0_UartLite));
           ^~~~~~~~
../src/testperiph.c:156:46: warning: implicit declaration of function 'GetData' [-Wimplicit-function-declaration]
           SendData(&axi_uartlite_0_UartLite, GetData(&axi_uartlite_0_UartLite));
                                              ^~~~~~~
../src/testperiph.c:167:10: warning: implicit declaration of function 'TotalSentCountRS485Check' [-Wimplicit-function-declaration]
      if (TotalSentCountRS485Check() == 8) {
          ^~~~~~~~~~~~~~~~~~~~~~~~
../src/testperiph.c:171:10: warning: implicit declaration of function 'ResetTotalSentCountRS485' [-Wimplicit-function-declaration]
          ResetTotalSentCountRS485();
          ^~~~~~~~~~~~~~~~~~~~~~~~
../src/testperiph.c:61:6: warning: unused variable 'CountSentByte' [-Wunused-variable]
  int CountSentByte = 0;
      ^~~~~~~~~~~~~
../src/testperiph.c:58:6: warning: unused variable 'CountControlPanel' [-Wunused-variable]
  int CountControlPanel = 0;
      ^~~~~~~~~~~~~~~~~
'Finished building: ../src/testperiph.c'
' '
'Building file: ../src/xuartlite_intr_tapp_example_rs485.c'
'Invoking: MicroBlaze gcc compiler'
mb-gcc -Wall -O0 -g3 -c -fmessage-length=0 -MT"src/xuartlite_intr_tapp_example_rs485.o" -I../../start_project_bsp/microblaze_0/include -mlittle-endian -mcpu=v11.0 -mxl-soft-mul -Wl,--no-relax -ffunction-sections -fdata-sections -MMD -MP -MF"src/xuartlite_intr_tapp_example_rs485.d" -MT"src/xuartlite_intr_tapp_example_rs485.o" -o "src/xuartlite_intr_tapp_example_rs485.o" "../src/xuartlite_intr_tapp_example_rs485.c"
../src/xuartlite_intr_tapp_example_rs485.c: In function 'UartLiteIntrExampleRS485':
../src/xuartlite_intr_tapp_example_rs485.c:260:6: warning: unused variable 'Index' [-Wunused-variable]
  u32 Index;
      ^~~~~
../src/xuartlite_intr_tapp_example_rs485.c: In function 'PrepareDataToSendRS485':
../src/xuartlite_intr_tapp_example_rs485.c:438:14: warning: implicit declaration of function 'GetArrayCurrentStatusInt' [-Wimplicit-function-declaration]
    Send[5] = GetArrayCurrentStatusInt(reg);
              ^~~~~~~~~~~~~~~~~~~~~~~~
../src/xuartlite_intr_tapp_example_rs485.c:459:14: warning: implicit declaration of function 'GetCRC16_B_byte' [-Wimplicit-function-declaration]
  crc_rs485 = GetCRC16_B_byte(crc_rs485, Send, count_byte_rs485);
              ^~~~~~~~~~~~~~~
../src/xuartlite_intr_tapp_example_rs485.c:468:9: warning: returning 'u8 (*)[8]' {aka 'unsigned char (*)[8]'} from a function with incompatible return type 'int *' [-Wincompatible-pointer-types]
  return &SendBufferRS485;
         ^~~~~~~~~~~~~~~~
../src/xuartlite_intr_tapp_example_rs485.c: In function 'PrepareDataToSendTestRS485':
../src/xuartlite_intr_tapp_example_rs485.c:472:9: warning: returning 'u8 (*)[8]' {aka 'unsigned char (*)[8]'} from a function with incompatible return type 'int *' [-Wincompatible-pointer-types]
  return &SendBufferRS485;
         ^~~~~~~~~~~~~~~~
../src/xuartlite_intr_tapp_example_rs485.c: In function 'GetDataRS485':
../src/xuartlite_intr_tapp_example_rs485.c:583:9: warning: returning 'u8 (*)[8]' {aka 'unsigned char (*)[8]'} from a function with incompatible return type 'int *' [-Wincompatible-pointer-types]
  return &SendBufferRS485;
         ^~~~~~~~~~~~~~~~
../src/xuartlite_intr_tapp_example_rs485.c: In function 'GetRecvBufferRS485':
../src/xuartlite_intr_tapp_example_rs485.c:597:9: warning: returning 'u8 (*)[1]' {aka 'unsigned char (*)[1]'} from a function with incompatible return type 'int *' [-Wincompatible-pointer-types]
  return &RecvBufferRS485;
         ^~~~~~~~~~~~~~~~
At top level:
../src/xuartlite_intr_tapp_example_rs485.c:758:13: warning: 'UartLiteDisableIntrSystem' defined but not used [-Wunused-function]
 static void UartLiteDisableIntrSystem(INTC *IntcInstancePtr,
             ^~~~~~~~~~~~~~~~~~~~~~~~~
'Finished building: ../src/xuartlite_intr_tapp_example_rs485.c'
' '
'Building target: per_test.elf'
'Invoking: MicroBlaze gcc linker'
mb-gcc -Wl,-T -Wl,../src/lscript.ld -L../../start_project_bsp/microblaze_0/lib -mlittle-endian -mcpu=v11.0 -mxl-soft-mul -Wl,--no-relax -Wl,--gc-sections -o "per_test.elf"  ./src/CRC_Functions.o ./src/PWM_tools.o ./src/adc.o ./src/current_system_status.o ./src/encoder.o ./src/initializationl_functions.o ./src/logical_functions.o ./src/testperiph.o ./src/xgpio_tapp_example.o ./src/xintc_tapp_example.o ./src/xspi_selftest_example.o ./src/xuartlite_intr_tapp_example.o ./src/xuartlite_intr_tapp_example_rs485.o ./src/xuartlite_selftest_example.o ./src/xuartlite_selftest_example_rs485.o   -Wl,--start-group,-lxil,-lgcc,-lc,--end-group -Wl,--start-group,-lxilisf,-lxil,-lgcc,-lc,--end-group
'Finished building target: per_test.elf'
' '
'Invoking: MicroBlaze Print Size'
mb-size per_test.elf  |tee "per_test.elf.size"
   text	   data	    bss	    dec	    hex	filename
  18412	   1116	   6568	  26096	   65f0	per_test.elf
'Finished building: per_test.elf.size'
' '
15:15:57 **** Incremental Build of configuration Debug for project per_test ****
make all 
make: Nothing to be done for 'all'.
15:16:59 **** Auto Build of configuration Debug for project per_test ****
make all 
'Building file: ../src/testperiph.c'
'Invoking: MicroBlaze gcc compiler'
mb-gcc -Wall -O0 -g3 -c -fmessage-length=0 -MT"src/testperiph.o" -I../../start_project_bsp/microblaze_0/include -mlittle-endian -mcpu=v11.0 -mxl-soft-mul -Wl,--no-relax -ffunction-sections -fdata-sections -MMD -MP -MF"src/testperiph.d" -MT"src/testperiph.o" -o "src/testperiph.o" "../src/testperiph.c"
../src/testperiph.c: In function 'main':
../src/testperiph.c:98:5: warning: implicit declaration of function 'GetSystemValues' [-Wimplicit-function-declaration]
     GetSystemValues();
     ^~~~~~~~~~~~~~~
../src/testperiph.c:110:14: warning: implicit declaration of function 'TestCheckTotalRecvCountRS485' [-Wimplicit-function-declaration]
          if (TestCheckTotalRecvCountRS485() != 7) {
              ^~~~~~~~~~~~~~~~~~~~~~~~~~~~
../src/testperiph.c:115:11: warning: implicit declaration of function 'ResetTotalRecvCountRS485' [-Wimplicit-function-declaration]
           ResetTotalRecvCountRS485();
           ^~~~~~~~~~~~~~~~~~~~~~~~
../src/testperiph.c:116:11: warning: implicit declaration of function 'GetDataRS485' [-Wimplicit-function-declaration]
           GetDataRS485(&axi_uartlite_1_UartLite, ModeRS485);
           ^~~~~~~~~~~~
../src/testperiph.c:117:11: warning: implicit declaration of function 'SendDataRS485' [-Wimplicit-function-declaration]
           SendDataRS485(&axi_uartlite_1_UartLite, PrepareDataToSendRS485(ModeRS485, 1, 1), 8);
           ^~~~~~~~~~~~~
../src/testperiph.c:117:51: warning: implicit declaration of function 'PrepareDataToSendRS485' [-Wimplicit-function-declaration]
           SendDataRS485(&axi_uartlite_1_UartLite, PrepareDataToSendRS485(ModeRS485, 1, 1), 8);
                                                   ^~~~~~~~~~~~~~~~~~~~~~
../src/testperiph.c:152:13: warning: implicit declaration of function 'TestCheckTotalRecvCount' [-Wimplicit-function-declaration]
         if (TestCheckTotalRecvCount() != 0) {
             ^~~~~~~~~~~~~~~~~~~~~~~
../src/testperiph.c:157:11: warning: implicit declaration of function 'SendData' [-Wimplicit-function-declaration]
           SendData(&axi_uartlite_0_UartLite, GetData(&axi_uartlite_0_UartLite));
           ^~~~~~~~
../src/testperiph.c:157:46: warning: implicit declaration of function 'GetData' [-Wimplicit-function-declaration]
           SendData(&axi_uartlite_0_UartLite, GetData(&axi_uartlite_0_UartLite));
                                              ^~~~~~~
../src/testperiph.c:168:10: warning: implicit declaration of function 'TotalSentCountRS485Check' [-Wimplicit-function-declaration]
      if (TotalSentCountRS485Check() == 8) {
          ^~~~~~~~~~~~~~~~~~~~~~~~
../src/testperiph.c:172:10: warning: implicit declaration of function 'ResetTotalSentCountRS485' [-Wimplicit-function-declaration]
          ResetTotalSentCountRS485();
          ^~~~~~~~~~~~~~~~~~~~~~~~
../src/testperiph.c:61:6: warning: unused variable 'CountSentByte' [-Wunused-variable]
  int CountSentByte = 0;
      ^~~~~~~~~~~~~
../src/testperiph.c:58:6: warning: unused variable 'CountControlPanel' [-Wunused-variable]
  int CountControlPanel = 0;
      ^~~~~~~~~~~~~~~~~
'Finished building: ../src/testperiph.c'
' '
'Building file: ../src/xuartlite_intr_tapp_example_rs485.c'
'Invoking: MicroBlaze gcc compiler'
mb-gcc -Wall -O0 -g3 -c -fmessage-length=0 -MT"src/xuartlite_intr_tapp_example_rs485.o" -I../../start_project_bsp/microblaze_0/include -mlittle-endian -mcpu=v11.0 -mxl-soft-mul -Wl,--no-relax -ffunction-sections -fdata-sections -MMD -MP -MF"src/xuartlite_intr_tapp_example_rs485.d" -MT"src/xuartlite_intr_tapp_example_rs485.o" -o "src/xuartlite_intr_tapp_example_rs485.o" "../src/xuartlite_intr_tapp_example_rs485.c"
../src/xuartlite_intr_tapp_example_rs485.c: In function 'UartLiteIntrExampleRS485':
../src/xuartlite_intr_tapp_example_rs485.c:260:6: warning: unused variable 'Index' [-Wunused-variable]
  u32 Index;
      ^~~~~
../src/xuartlite_intr_tapp_example_rs485.c: In function 'PrepareDataToSendRS485':
../src/xuartlite_intr_tapp_example_rs485.c:438:14: warning: implicit declaration of function 'GetArrayCurrentStatusInt' [-Wimplicit-function-declaration]
    Send[5] = GetArrayCurrentStatusInt(reg);
              ^~~~~~~~~~~~~~~~~~~~~~~~
../src/xuartlite_intr_tapp_example_rs485.c:459:14: warning: implicit declaration of function 'GetCRC16_B_byte' [-Wimplicit-function-declaration]
  crc_rs485 = GetCRC16_B_byte(crc_rs485, Send, count_byte_rs485);
              ^~~~~~~~~~~~~~~
../src/xuartlite_intr_tapp_example_rs485.c:468:9: warning: returning 'u8 (*)[8]' {aka 'unsigned char (*)[8]'} from a function with incompatible return type 'int *' [-Wincompatible-pointer-types]
  return &SendBufferRS485;
         ^~~~~~~~~~~~~~~~
../src/xuartlite_intr_tapp_example_rs485.c: In function 'PrepareDataToSendTestRS485':
../src/xuartlite_intr_tapp_example_rs485.c:472:9: warning: returning 'u8 (*)[8]' {aka 'unsigned char (*)[8]'} from a function with incompatible return type 'int *' [-Wincompatible-pointer-types]
  return &SendBufferRS485;
         ^~~~~~~~~~~~~~~~
../src/xuartlite_intr_tapp_example_rs485.c: In function 'GetDataRS485':
../src/xuartlite_intr_tapp_example_rs485.c:583:9: warning: returning 'u8 (*)[8]' {aka 'unsigned char (*)[8]'} from a function with incompatible return type 'int *' [-Wincompatible-pointer-types]
  return &SendBufferRS485;
         ^~~~~~~~~~~~~~~~
../src/xuartlite_intr_tapp_example_rs485.c: In function 'GetRecvBufferRS485':
../src/xuartlite_intr_tapp_example_rs485.c:597:9: warning: returning 'u8 (*)[1]' {aka 'unsigned char (*)[1]'} from a function with incompatible return type 'int *' [-Wincompatible-pointer-types]
  return &RecvBufferRS485;
         ^~~~~~~~~~~~~~~~
At top level:
../src/xuartlite_intr_tapp_example_rs485.c:758:13: warning: 'UartLiteDisableIntrSystem' defined but not used [-Wunused-function]
 static void UartLiteDisableIntrSystem(INTC *IntcInstancePtr,
             ^~~~~~~~~~~~~~~~~~~~~~~~~
'Finished building: ../src/xuartlite_intr_tapp_example_rs485.c'
' '
'Building target: per_test.elf'
'Invoking: MicroBlaze gcc linker'
mb-gcc -Wl,-T -Wl,../src/lscript.ld -L../../start_project_bsp/microblaze_0/lib -mlittle-endian -mcpu=v11.0 -mxl-soft-mul -Wl,--no-relax -Wl,--gc-sections -o "per_test.elf"  ./src/CRC_Functions.o ./src/PWM_tools.o ./src/adc.o ./src/current_system_status.o ./src/encoder.o ./src/initializationl_functions.o ./src/logical_functions.o ./src/testperiph.o ./src/xgpio_tapp_example.o ./src/xintc_tapp_example.o ./src/xspi_selftest_example.o ./src/xuartlite_intr_tapp_example.o ./src/xuartlite_intr_tapp_example_rs485.o ./src/xuartlite_selftest_example.o ./src/xuartlite_selftest_example_rs485.o   -Wl,--start-group,-lxil,-lgcc,-lc,--end-group -Wl,--start-group,-lxilisf,-lxil,-lgcc,-lc,--end-group
'Finished building target: per_test.elf'
' '
'Invoking: MicroBlaze Print Size'
mb-size per_test.elf  |tee "per_test.elf.size"
   text	   data	    bss	    dec	    hex	filename
  18436	   1116	   6568	  26120	   6608	per_test.elf
'Finished building: per_test.elf.size'
' '
15:17:03 **** Incremental Build of configuration Debug for project per_test ****
make all 
make: Nothing to be done for 'all'.
15:17:18 **** Incremental Build of configuration Debug for project per_test ****
make all 
'Building file: ../src/testperiph.c'
'Invoking: MicroBlaze gcc compiler'
mb-gcc -Wall -O0 -g3 -c -fmessage-length=0 -MT"src/testperiph.o" -I../../start_project_bsp/microblaze_0/include -mlittle-endian -mcpu=v11.0 -mxl-soft-mul -Wl,--no-relax -ffunction-sections -fdata-sections -MMD -MP -MF"src/testperiph.d" -MT"src/testperiph.o" -o "src/testperiph.o" "../src/testperiph.c"
../src/testperiph.c: In function 'main':
../src/testperiph.c:98:5: warning: implicit declaration of function 'GetSystemValues' [-Wimplicit-function-declaration]
     GetSystemValues();
     ^~~~~~~~~~~~~~~
[...]
           ^~~~~~~~~~~~~
../src/testperiph.c:117:51: warning: implicit declaration of function 'PrepareDataToSendRS485' [-Wimplicit-function-declaration]
           SendDataRS485(&axi_uartlite_1_UartLite, PrepareDataToSendRS485(ModeRS485, 1, 1), 8);
                                                   ^~~~~~~~~~~~~~~~~~~~~~
../src/testperiph.c:152:13: warning: implicit declaration of function 'TestCheckTotalRecvCount' [-Wimplicit-function-declaration]
         if (TestCheckTotalRecvCount() != 0) {
             ^~~~~~~~~~~~~~~~~~~~~~~
../src/testperiph.c:157:11: warning: implicit declaration of function 'SendData' [-Wimplicit-function-declaration]
           SendData(&axi_uartlite_0_UartLite, GetData(&axi_uartlite_0_UartLite));
           ^~~~~~~~
../src/testperiph.c:157:46: warning: implicit declaration of function 'GetData' [-Wimplicit-function-declaration]
           SendData(&axi_uartlite_0_UartLite, GetData(&axi_uartlite_0_UartLite));
                                              ^~~~~~~
../src/testperiph.c:168:10: warning: implicit declaration of function 'TotalSentCountRS485Check' [-Wimplicit-function-declaration]
      if (TotalSentCountRS485Check() == 8) {
          ^~~~~~~~~~~~~~~~~~~~~~~~
../src/testperiph.c:172:10: warning: implicit declaration of function 'ResetTotalSentCountRS485' [-Wimplicit-function-declaration]
          ResetTotalSentCountRS485();
          ^~~~~~~~~~~~~~~~~~~~~~~~
../src/testperiph.c:61:6: warning: unused variable 'CountSentByte' [-Wunused-variable]
  int CountSentByte = 0;
      ^~~~~~~~~~~~~
../src/testperiph.c:58:6: warning: unused variable 'CountControlPanel' [-Wunused-variable]
  int CountControlPanel = 0;
      ^~~~~~~~~~~~~~~~~
'Finished building: ../src/testperiph.c'
' '
'Building target: per_test.elf'
'Invoking: MicroBlaze gcc linker'
mb-gcc -Wl,-T -Wl,../src/lscript.ld -L../../start_project_bsp/microblaze_0/lib -mlittle-endian -mcpu=v11.0 -mxl-soft-mul -Wl,--no-relax -Wl,--gc-sections -o "per_test.elf"  ./src/CRC_Functions.o ./src/PWM_tools.o ./src/adc.o ./src/current_system_status.o ./src/encoder.o ./src/initializationl_functions.o ./src/logical_functions.o ./src/testperiph.o ./src/xgpio_tapp_example.o ./src/xintc_tapp_example.o ./src/xspi_selftest_example.o ./src/xuartlite_intr_tapp_example.o ./src/xuartlite_intr_tapp_example_rs485.o ./src/xuartlite_selftest_example.o ./src/xuartlite_selftest_example_rs485.o   -Wl,--start-group,-lxil,-lgcc,-lc,--end-group -Wl,--start-group,-lxilisf,-lxil,-lgcc,-lc,--end-group
'Finished building target: per_test.elf'
' '
'Invoking: MicroBlaze Print Size'
mb-size per_test.elf  |tee "per_test.elf.size"
   text	   data	    bss	    dec	    hex	filename
  18432	   1116	   6572	  26120	   6608	per_test.elf
'Finished building: per_test.elf.size'
' '
15:25:58 **** Auto Build of configuration Debug for project per_test ****
make all 
'Building file: ../src/testperiph.c'
'Invoking: MicroBlaze gcc compiler'
mb-gcc -Wall -O0 -g3 -c -fmessage-length=0 -MT"src/testperiph.o" -I../../start_project_bsp/microblaze_0/include -mlittle-endian -mcpu=v11.0 -mxl-soft-mul -Wl,--no-relax -ffunction-sections -fdata-sections -MMD -MP -MF"src/testperiph.d" -MT"src/testperiph.o" -o "src/testperiph.o" "../src/testperiph.c"
../src/testperiph.c: In function 'main':
../src/testperiph.c:98:5: warning: implicit declaration of function 'GetSystemValues' [-Wimplicit-function-declaration]
     GetSystemValues();
     ^~~~~~~~~~~~~~~
../src/testperiph.c:110:14: warning: implicit declaration of function 'TestCheckTotalRecvCountRS485' [-Wimplicit-function-declaration]
          if (TestCheckTotalRecvCountRS485() != 1) {
              ^~~~~~~~~~~~~~~~~~~~~~~~~~~~
../src/testperiph.c:115:11: warning: implicit declaration of function 'ResetTotalRecvCountRS485' [-Wimplicit-function-declaration]
           ResetTotalRecvCountRS485();
           ^~~~~~~~~~~~~~~~~~~~~~~~
../src/testperiph.c:116:11: warning: implicit declaration of function 'GetDataRS485' [-Wimplicit-function-declaration]
           GetDataRS485(&axi_uartlite_1_UartLite, ModeRS485);
           ^~~~~~~~~~~~
../src/testperiph.c:117:11: warning: implicit declaration of function 'SendDataRS485' [-Wimplicit-function-declaration]
           SendDataRS485(&axi_uartlite_1_UartLite, PrepareDataToSendRS485(ModeRS485, 1, 1), 8);
           ^~~~~~~~~~~~~
../src/testperiph.c:117:51: warning: implicit declaration of function 'PrepareDataToSendRS485' [-Wimplicit-function-declaration]
           SendDataRS485(&axi_uartlite_1_UartLite, PrepareDataToSendRS485(ModeRS485, 1, 1), 8);
                                                   ^~~~~~~~~~~~~~~~~~~~~~
../src/testperiph.c:152:13: warning: implicit declaration of function 'TestCheckTotalRecvCount' [-Wimplicit-function-declaration]
         if (TestCheckTotalRecvCount() != 0) {
             ^~~~~~~~~~~~~~~~~~~~~~~
../src/testperiph.c:157:11: warning: implicit declaration of function 'SendData' [-Wimplicit-function-declaration]
           SendData(&axi_uartlite_0_UartLite, GetData(&axi_uartlite_0_UartLite));
           ^~~~~~~~
../src/testperiph.c:157:46: warning: implicit declaration of function 'GetData' [-Wimplicit-function-declaration]
           SendData(&axi_uartlite_0_UartLite, GetData(&axi_uartlite_0_UartLite));
                                              ^~~~~~~
../src/testperiph.c:168:10: warning: implicit declaration of function 'TotalSentCountRS485Check' [-Wimplicit-function-declaration]
      if (TotalSentCountRS485Check() == 8) {
          ^~~~~~~~~~~~~~~~~~~~~~~~
../src/testperiph.c:172:10: warning: implicit declaration of function 'ResetTotalSentCountRS485' [-Wimplicit-function-declaration]
          ResetTotalSentCountRS485();
          ^~~~~~~~~~~~~~~~~~~~~~~~
../src/testperiph.c:61:6: warning: unused variable 'CountSentByte' [-Wunused-variable]
  int CountSentByte = 0;
      ^~~~~~~~~~~~~
../src/testperiph.c:58:6: warning: unused variable 'CountControlPanel' [-Wunused-variable]
  int CountControlPanel = 0;
      ^~~~~~~~~~~~~~~~~
'Finished building: ../src/testperiph.c'
' '
'Building target: per_test.elf'
'Invoking: MicroBlaze gcc linker'
mb-gcc -Wl,-T -Wl,../src/lscript.ld -L../../start_project_bsp/microblaze_0/lib -mlittle-endian -mcpu=v11.0 -mxl-soft-mul -Wl,--no-relax -Wl,--gc-sections -o "per_test.elf"  ./src/CRC_Functions.o ./src/PWM_tools.o ./src/adc.o ./src/current_system_status.o ./src/encoder.o ./src/initializationl_functions.o ./src/logical_functions.o ./src/testperiph.o ./src/xgpio_tapp_example.o ./src/xintc_tapp_example.o ./src/xspi_selftest_example.o ./src/xuartlite_intr_tapp_example.o ./src/xuartlite_intr_tapp_example_rs485.o ./src/xuartlite_selftest_example.o ./src/xuartlite_selftest_example_rs485.o   -Wl,--start-group,-lxil,-lgcc,-lc,--end-group -Wl,--start-group,-lxilisf,-lxil,-lgcc,-lc,--end-group
'Finished building target: per_test.elf'
' '
'Invoking: MicroBlaze Print Size'
mb-size per_test.elf  |tee "per_test.elf.size"
   text	   data	    bss	    dec	    hex	filename
  18436	   1116	   6576	  26128	   6610	per_test.elf
'Finished building: per_test.elf.size'
' '
15:26:00 **** Incremental Build of configuration Debug for project per_test ****
make all 
make: Nothing to be done for 'all'.
15:26:16 **** Incremental Build of configuration Debug for project per_test ****
make all 
'Building file: ../src/testperiph.c'
'Invoking: MicroBlaze gcc compiler'
mb-gcc -Wall -O0 -g3 -c -fmessage-length=0 -MT"src/testperiph.o" -I../../start_project_bsp/microblaze_0/include -mlittle-endian -mcpu=v11.0 -mxl-soft-mul -Wl,--no-relax -ffunction-sections -fdata-sections -MMD -MP -MF"src/testperiph.d" -MT"src/testperiph.o" -o "src/testperiph.o" "../src/testperiph.c"
../src/testperiph.c: In function 'main':
../src/testperiph.c:98:5: warning: implicit declaration of function 'GetSystemValues' [-Wimplicit-function-declaration]
     GetSystemValues();
     ^~~~~~~~~~~~~~~
../src/testperiph.c:110:14: warning: implicit declaration of function 'TestCheckTotalRecvCountRS485' [-Wimplicit-function-declaration]
          if (TestCheckTotalRecvCountRS485() == 0) {
              ^~~~~~~~~~~~~~~~~~~~~~~~~~~~
../src/testperiph.c:115:11: warning: implicit declaration of function 'ResetTotalRecvCountRS485' [-Wimplicit-function-declaration]
           ResetTotalRecvCountRS485();
           ^~~~~~~~~~~~~~~~~~~~~~~~
../src/testperiph.c:116:11: warning: implicit declaration of function 'GetDataRS485' [-Wimplicit-function-declaration]
           GetDataRS485(&axi_uartlite_1_UartLite, ModeRS485);
           ^~~~~~~~~~~~
../src/testperiph.c:117:11: warning: implicit declaration of function 'SendDataRS485' [-Wimplicit-function-declaration]
           SendDataRS485(&axi_uartlite_1_UartLite, PrepareDataToSendRS485(ModeRS485, 1, 1), 8);
           ^~~~~~~~~~~~~
../src/testperiph.c:117:51: warning: implicit declaration of function 'PrepareDataToSendRS485' [-Wimplicit-function-declaration]
           SendDataRS485(&axi_uartlite_1_UartLite, PrepareDataToSendRS485(ModeRS485, 1, 1), 8);
                                                   ^~~~~~~~~~~~~~~~~~~~~~
../src/testperiph.c:152:13: warning: implicit declaration of function 'TestCheckTotalRecvCount' [-Wimplicit-function-declaration]
         if (TestCheckTotalRecvCount() != 0) {
             ^~~~~~~~~~~~~~~~~~~~~~~
../src/testperiph.c:157:11: warning: implicit declaration of function 'SendData' [-Wimplicit-function-declaration]
           SendData(&axi_uartlite_0_UartLite, GetData(&axi_uartlite_0_UartLite));
           ^~~~~~~~
../src/testperiph.c:157:46: warning: implicit declaration of function 'GetData' [-Wimplicit-function-declaration]
           SendData(&axi_uartlite_0_UartLite, GetData(&axi_uartlite_0_UartLite));
                                              ^~~~~~~
../src/testperiph.c:168:10: warning: implicit declaration of function 'TotalSentCountRS485Check' [-Wimplicit-function-declaration]
      if (TotalSentCountRS485Check() == 8) {
          ^~~~~~~~~~~~~~~~~~~~~~~~
../src/testperiph.c:172:10: warning: implicit declaration of function 'ResetTotalSentCountRS485' [-Wimplicit-function-declaration]
          ResetTotalSentCountRS485();
          ^~~~~~~~~~~~~~~~~~~~~~~~
../src/testperiph.c:61:6: warning: unused variable 'CountSentByte' [-Wunused-variable]
  int CountSentByte = 0;
      ^~~~~~~~~~~~~
../src/testperiph.c:58:6: warning: unused variable 'CountControlPanel' [-Wunused-variable]
  int CountControlPanel = 0;
      ^~~~~~~~~~~~~~~~~
'Finished building: ../src/testperiph.c'
' '
'Building target: per_test.elf'
'Invoking: MicroBlaze gcc linker'
mb-gcc -Wl,-T -Wl,../src/lscript.ld -L../../start_project_bsp/microblaze_0/lib -mlittle-endian -mcpu=v11.0 -mxl-soft-mul -Wl,--no-relax -Wl,--gc-sections -o "per_test.elf"  ./src/CRC_Functions.o ./src/PWM_tools.o ./src/adc.o ./src/current_system_status.o ./src/encoder.o ./src/initializationl_functions.o ./src/logical_functions.o ./src/testperiph.o ./src/xgpio_tapp_example.o ./src/xintc_tapp_example.o ./src/xspi_selftest_example.o ./src/xuartlite_intr_tapp_example.o ./src/xuartlite_intr_tapp_example_rs485.o ./src/xuartlite_selftest_example.o ./src/xuartlite_selftest_example_rs485.o   -Wl,--start-group,-lxil,-lgcc,-lc,--end-group -Wl,--start-group,-lxilisf,-lxil,-lgcc,-lc,--end-group
'Finished building target: per_test.elf'
' '
'Invoking: MicroBlaze Print Size'
mb-size per_test.elf  |tee "per_test.elf.size"
   text	   data	    bss	    dec	    hex	filename
  18432	   1116	   6572	  26120	   6608	per_test.elf
'Finished building: per_test.elf.size'
' '
15:27:42 **** Auto Build of configuration Debug for project per_test ****
make all 
'Building file: ../src/testperiph.c'
'Invoking: MicroBlaze gcc compiler'
mb-gcc -Wall -O0 -g3 -c -fmessage-length=0 -MT"src/testperiph.o" -I../../start_project_bsp/microblaze_0/include -mlittle-endian -mcpu=v11.0 -mxl-soft-mul -Wl,--no-relax -ffunction-sections -fdata-sections -MMD -MP -MF"src/testperiph.d" -MT"src/testperiph.o" -o "src/testperiph.o" "../src/testperiph.c"
../src/testperiph.c: In function 'main':
../src/testperiph.c:98:5: warning: implicit declaration of function 'GetSystemValues' [-Wimplicit-function-declaration]
     GetSystemValues();
     ^~~~~~~~~~~~~~~
../src/testperiph.c:110:14: warning: implicit declaration of function 'TestCheckTotalRecvCountRS485' [-Wimplicit-function-declaration]
          if (TestCheckTotalRecvCountRS485() == 0) {
              ^~~~~~~~~~~~~~~~~~~~~~~~~~~~
../src/testperiph.c:115:11: warning: implicit declaration of function 'ResetTotalRecvCountRS485' [-Wimplicit-function-declaration]
           ResetTotalRecvCountRS485();
           ^~~~~~~~~~~~~~~~~~~~~~~~
../src/testperiph.c:116:11: warning: implicit declaration of function 'GetDataRS485' [-Wimplicit-function-declaration]
           GetDataRS485(&axi_uartlite_1_UartLite, ModeRS485);
           ^~~~~~~~~~~~
../src/testperiph.c:117:11: warning: implicit declaration of function 'SendDataRS485' [-Wimplicit-function-declaration]
           SendDataRS485(&axi_uartlite_1_UartLite, PrepareDataToSendRS485(ModeRS485, 1, 1), 8);
           ^~~~~~~~~~~~~
../src/testperiph.c:117:51: warning: implicit declaration of function 'PrepareDataToSendRS485' [-Wimplicit-function-declaration]
           SendDataRS485(&axi_uartlite_1_UartLite, PrepareDataToSendRS485(ModeRS485, 1, 1), 8);
                                                   ^~~~~~~~~~~~~~~~~~~~~~
../src/testperiph.c:152:13: warning: implicit declaration of function 'TestCheckTotalRecvCount' [-Wimplicit-function-declaration]
         if (TestCheckTotalRecvCount() != 0) {
             ^~~~~~~~~~~~~~~~~~~~~~~
../src/testperiph.c:157:11: warning: implicit declaration of function 'SendData' [-Wimplicit-function-declaration]
           SendData(&axi_uartlite_0_UartLite, GetData(&axi_uartlite_0_UartLite));
           ^~~~~~~~
../src/testperiph.c:157:46: warning: implicit declaration of function 'GetData' [-Wimplicit-function-declaration]
           SendData(&axi_uartlite_0_UartLite, GetData(&axi_uartlite_0_UartLite));
                                              ^~~~~~~
../src/testperiph.c:168:10: warning: implicit declaration of function 'TotalSentCountRS485Check' [-Wimplicit-function-declaration]
      if (TotalSentCountRS485Check() == 8) {
          ^~~~~~~~~~~~~~~~~~~~~~~~
../src/testperiph.c:172:10: warning: implicit declaration of function 'ResetTotalSentCountRS485' [-Wimplicit-function-declaration]
          ResetTotalSentCountRS485();
          ^~~~~~~~~~~~~~~~~~~~~~~~
../src/testperiph.c:61:6: warning: unused variable 'CountSentByte' [-Wunused-variable]
  int CountSentByte = 0;
      ^~~~~~~~~~~~~
../src/testperiph.c:58:6: warning: unused variable 'CountControlPanel' [-Wunused-variable]
  int CountControlPanel = 0;
      ^~~~~~~~~~~~~~~~~
'Finished building: ../src/testperiph.c'
' '
'Building target: per_test.elf'
'Invoking: MicroBlaze gcc linker'
mb-gcc -Wl,-T -Wl,../src/lscript.ld -L../../start_project_bsp/microblaze_0/lib -mlittle-endian -mcpu=v11.0 -mxl-soft-mul -Wl,--no-relax -Wl,--gc-sections -o "per_test.elf"  ./src/CRC_Functions.o ./src/PWM_tools.o ./src/adc.o ./src/current_system_status.o ./src/encoder.o ./src/initializationl_functions.o ./src/logical_functions.o ./src/testperiph.o ./src/xgpio_tapp_example.o ./src/xintc_tapp_example.o ./src/xspi_selftest_example.o ./src/xuartlite_intr_tapp_example.o ./src/xuartlite_intr_tapp_example_rs485.o ./src/xuartlite_selftest_example.o ./src/xuartlite_selftest_example_rs485.o   -Wl,--start-group,-lxil,-lgcc,-lc,--end-group -Wl,--start-group,-lxilisf,-lxil,-lgcc,-lc,--end-group
'Finished building target: per_test.elf'
' '
'Invoking: MicroBlaze Print Size'
mb-size per_test.elf  |tee "per_test.elf.size"
   text	   data	    bss	    dec	    hex	filename
  18408	   1116	   6572	  26096	   65f0	per_test.elf
'Finished building: per_test.elf.size'
' '
15:27:43 **** Incremental Build of configuration Debug for project per_test ****
make all 
make: Nothing to be done for 'all'.
15:28:43 **** Auto Build of configuration Debug for project per_test ****
make all 
'Building file: ../src/xuartlite_intr_tapp_example_rs485.c'
'Invoking: MicroBlaze gcc compiler'
mb-gcc -Wall -O0 -g3 -c -fmessage-length=0 -MT"src/xuartlite_intr_tapp_example_rs485.o" -I../../start_project_bsp/microblaze_0/include -mlittle-endian -mcpu=v11.0 -mxl-soft-mul -Wl,--no-relax -ffunction-sections -fdata-sections -MMD -MP -MF"src/xuartlite_intr_tapp_example_rs485.d" -MT"src/xuartlite_intr_tapp_example_rs485.o" -o "src/xuartlite_intr_tapp_example_rs485.o" "../src/xuartlite_intr_tapp_example_rs485.c"
../src/xuartlite_intr_tapp_example_rs485.c: In function 'UartLiteIntrExampleRS485':
../src/xuartlite_intr_tapp_example_rs485.c:260:6: warning: unused variable 'Index' [-Wunused-variable]
  u32 Index;
      ^~~~~
../src/xuartlite_intr_tapp_example_rs485.c: In function 'PrepareDataToSendRS485':
../src/xuartlite_intr_tapp_example_rs485.c:438:14: warning: implicit declaration of function 'GetArrayCurrentStatusInt' [-Wimplicit-function-declaration]
    Send[5] = GetArrayCurrentStatusInt(reg);
              ^~~~~~~~~~~~~~~~~~~~~~~~
../src/xuartlite_intr_tapp_example_rs485.c:459:14: warning: implicit declaration of function 'GetCRC16_B_byte' [-Wimplicit-function-declaration]
  crc_rs485 = GetCRC16_B_byte(crc_rs485, Send, count_byte_rs485);
              ^~~~~~~~~~~~~~~
../src/xuartlite_intr_tapp_example_rs485.c:468:9: warning: returning 'u8 (*)[16]' {aka 'unsigned char (*)[16]'} from a function with incompatible return type 'int *' [-Wincompatible-pointer-types]
  return &SendBufferRS485;
         ^~~~~~~~~~~~~~~~
../src/xuartlite_intr_tapp_example_rs485.c: In function 'PrepareDataToSendTestRS485':
../src/xuartlite_intr_tapp_example_rs485.c:472:9: warning: returning 'u8 (*)[16]' {aka 'unsigned char (*)[16]'} from a function with incompatible return type 'int *' [-Wincompatible-pointer-types]
  return &SendBufferRS485;
         ^~~~~~~~~~~~~~~~
../src/xuartlite_intr_tapp_example_rs485.c: In function 'GetDataRS485':
../src/xuartlite_intr_tapp_example_rs485.c:584:9: warning: returning 'u8 (*)[16]' {aka 'unsigned char (*)[16]'} from a function with incompatible return type 'int *' [-Wincompatible-pointer-types]
  return &SendBufferRS485;
         ^~~~~~~~~~~~~~~~
../src/xuartlite_intr_tapp_example_rs485.c: In function 'GetRecvBufferRS485':
../src/xuartlite_intr_tapp_example_rs485.c:598:9: warning: returning 'u8 (*)[16]' {aka 'unsigned char (*)[16]'} from a function with incompatible return type 'int *' [-Wincompatible-pointer-types]
  return &RecvBufferRS485;
         ^~~~~~~~~~~~~~~~
At top level:
../src/xuartlite_intr_tapp_example_rs485.c:759:13: warning: 'UartLiteDisableIntrSystem' defined but not used [-Wunused-function]
 static void UartLiteDisableIntrSystem(INTC *IntcInstancePtr,
             ^~~~~~~~~~~~~~~~~~~~~~~~~
'Finished building: ../src/xuartlite_intr_tapp_example_rs485.c'
' '
'Building target: per_test.elf'
'Invoking: MicroBlaze gcc linker'
mb-gcc -Wl,-T -Wl,../src/lscript.ld -L../../start_project_bsp/microblaze_0/lib -mlittle-endian -mcpu=v11.0 -mxl-soft-mul -Wl,--no-relax -Wl,--gc-sections -o "per_test.elf"  ./src/CRC_Functions.o ./src/PWM_tools.o ./src/adc.o ./src/current_system_status.o ./src/encoder.o ./src/initializationl_functions.o ./src/logical_functions.o ./src/testperiph.o ./src/xgpio_tapp_example.o ./src/xintc_tapp_example.o ./src/xspi_selftest_example.o ./src/xuartlite_intr_tapp_example.o ./src/xuartlite_intr_tapp_example_rs485.o ./src/xuartlite_selftest_example.o ./src/xuartlite_selftest_example_rs485.o   -Wl,--start-group,-lxil,-lgcc,-lc,--end-group -Wl,--start-group,-lxilisf,-lxil,-lgcc,-lc,--end-group
'Finished building target: per_test.elf'
' '
'Invoking: MicroBlaze Print Size'
mb-size per_test.elf  |tee "per_test.elf.size"
   text	   data	    bss	    dec	    hex	filename
  18408	   1116	   6588	  26112	   6600	per_test.elf
'Finished building: per_test.elf.size'
' '
15:28:45 **** Incremental Build of configuration Debug for project per_test ****
make all 
make: Nothing to be done for 'all'.
