13:37:11 **** Incremental Build of configuration Debug for project per_test ****
make all 
make: Nothing to be done for 'all'.
10:53:19 **** Auto Build of configuration Debug for project per_test ****
make all 
'Building file: ../src/logical_functions.c'
'Invoking: MicroBlaze gcc compiler'
mb-gcc -Wall -O0 -g3 -c -fmessage-length=0 -MT"src/logical_functions.o" -I../../start_project_bsp/microblaze_0/include -mlittle-endian -mcpu=v11.0 -mxl-soft-mul -Wl,--no-relax -ffunction-sections -fdata-sections -MMD -MP -MF"src/logical_functions.d" -MT"src/logical_functions.o" -o "src/logical_functions.o" "../src/logical_functions.c"
../src/logical_functions.c: In function 'GetSystemValues':
../src/logical_functions.c:17:2: warning: implicit declaration of function 'GetValueMinTimeErrorGroupTable' [-Wimplicit-function-declaration]
  GetValueMinTimeErrorGroupTable();      // получить текущие значения ошибок работы ключей (заполняем поля в control_transistor_keys.c)
  ^~~~~~~~~~~~~~~~~~~~~~~~~~~~~~
../src/logical_functions.c:18:2: warning: implicit declaration of function 'GetValueAcknowledgeErrorGroupTable' [-Wimplicit-function-declaration]
  GetValueAcknowledgeErrorGroupTable();
  ^~~~~~~~~~~~~~~~~~~~~~~~~~~~~~~~~~
../src/logical_functions.c:19:2: warning: implicit declaration of function 'GetValueCurrentErrorGroupTable' [-Wimplicit-function-declaration]
  GetValueCurrentErrorGroupTable();
  ^~~~~~~~~~~~~~~~~~~~~~~~~~~~~~
../src/logical_functions.c:21:2: warning: implicit declaration of function 'GetCurrentValueAdcTable' [-Wimplicit-function-declaration]
  GetCurrentValueAdcTable();        // получить значения АЦП (записываем массив adc_channel[] в adc.c)
  ^~~~~~~~~~~~~~~~~~~~~~~
../src/logical_functions.c:23:4: warning: implicit declaration of function 'SetArrayCurrentStatusInt' [-Wimplicit-function-declaration]
    SetArrayCurrentStatusInt(i + 96, GetValueAdcChannel(i));
    ^~~~~~~~~~~~~~~~~~~~~~~~
../src/logical_functions.c:23:37: warning: implicit declaration of function 'GetValueAdcChannel' [-Wimplicit-function-declaration]
    SetArrayCurrentStatusInt(i + 96, GetValueAdcChannel(i));
                                     ^~~~~~~~~~~~~~~~~~
../src/logical_functions.c:25:2: warning: implicit declaration of function 'GetValueErrorsNegativePositiveAdcTable' [-Wimplicit-function-declaration]
  GetValueErrorsNegativePositiveAdcTable();    // получить текущие значения ошибок АЦП (заполняем поля в adc.c)
  ^~~~~~~~~~~~~~~~~~~~~~~~~~~~~~~~~~~~~~
../src/logical_functions.c:26:9: warning: implicit declaration of function 'GetValueErrorsNegativePositiveAdc' [-Wimplicit-function-declaration]
  Data = GetValueErrorsNegativePositiveAdc(3);
         ^~~~~~~~~~~~~~~~~~~~~~~~~~~~~~~~~
../src/logical_functions.c:31:2: warning: implicit declaration of function 'GetCurrentValueSpeedSensorTable' [-Wimplicit-function-declaration]
  GetCurrentValueSpeedSensorTable();      // получить текущие значения с датчика положения (заполняем поля в encoder.c)
  ^~~~~~~~~~~~~~~~~~~~~~~~~~~~~~~
../src/logical_functions.c:33:2: warning: implicit declaration of function 'GpioInputRead' [-Wimplicit-function-declaration]
  GpioInputRead(&DataRead, 1);
  ^~~~~~~~~~~~~
../src/logical_functions.c:52:12: warning: implicit declaration of function 'GetArrayCurrentStatusInt' [-Wimplicit-function-declaration]
   Data = ((GetArrayCurrentStatusInt(48 + i) & 1) << i) | Data;
            ^~~~~~~~~~~~~~~~~~~~~~~~
../src/logical_functions.c:54:2: warning: implicit declaration of function 'GpioOutputWrite'; did you mean 'XGpio_DiscreteWrite'? [-Wimplicit-function-declaration]
  GpioOutputWrite(Data, 0);
  ^~~~~~~~~~~~~~~
  XGpio_DiscreteWrite
'Finished building: ../src/logical_functions.c'
' '
'Building target: per_test.elf'
'Invoking: MicroBlaze gcc linker'
mb-gcc -Wl,-T -Wl,../src/lscript.ld -L../../start_project_bsp/microblaze_0/lib -mlittle-endian -mcpu=v11.0 -mxl-soft-mul -Wl,--no-relax -Wl,--gc-sections -o "per_test.elf"  ./src/CRC_Functions.o ./src/PWM_tools.o ./src/adc.o ./src/control_transistor_keys.o ./src/current_system_status.o ./src/encoder.o ./src/initializationl_functions.o ./src/logical_functions.o ./src/testperiph.o ./src/xgpio_tapp_example.o ./src/xintc_tapp_example.o ./src/xspi_selftest_example.o ./src/xuartlite_intr_tapp_example.o ./src/xuartlite_intr_tapp_example_rs485.o ./src/xuartlite_selftest_example.o ./src/xuartlite_selftest_example_rs485.o   -Wl,--start-group,-lxil,-lgcc,-lc,--end-group -Wl,--start-group,-lxilisf,-lxil,-lgcc,-lc,--end-group
'Finished building target: per_test.elf'
' '
'Invoking: MicroBlaze Print Size'
mb-size per_test.elf  |tee "per_test.elf.size"
   text	   data	    bss	    dec	    hex	filename
  25572	   1112	   7028	  33712	   83b0	per_test.elf
'Finished building: per_test.elf.size'
' '
10:55:37 **** Incremental Build of configuration Debug for project per_test ****
make all 
make: Nothing to be done for 'all'.
11:28:25 **** Incremental Build of configuration Debug for project per_test ****
make all 
'Building file: ../src/testperiph.c'
'Invoking: MicroBlaze gcc compiler'
mb-gcc -Wall -O0 -g3 -c -fmessage-length=0 -MT"src/testperiph.o" -I../../start_project_bsp/microblaze_0/include -mlittle-endian -mcpu=v11.0 -mxl-soft-mul -Wl,--no-relax -ffunction-sections -fdata-sections -MMD -MP -MF"src/testperiph.d" -MT"src/testperiph.o" -o "src/testperiph.o" "../src/testperiph.c"
../src/testperiph.c: In function 'main':
../src/testperiph.c:94:4: warning: implicit declaration of function 'PWMIntr' [-Wimplicit-function-declaration]
    PWMIntr(&intc);
    ^~~~~~~
../src/testperiph.c:100:4: warning: implicit declaration of function 'SetStartPWM' [-Wimplicit-function-declaration]
    SetStartPWM();
    ^~~~~~~~~~~
../src/testperiph.c:107:5: warning: implicit declaration of function 'GetSystemValues' [-Wimplicit-function-declaration]
     GetSystemValues();
     ^~~~~~~~~~~~~~~
../src/testperiph.c:123:14: warning: implicit declaration of function 'TestCheckTotalRecvCountRS485' [-Wimplicit-function-declaration]
          if (TestCheckTotalRecvCountRS485() == 0) {
              ^~~~~~~~~~~~~~~~~~~~~~~~~~~~
../src/testperiph.c:128:11: warning: implicit declaration of function 'ResetTotalRecvCountRS485' [-Wimplicit-function-declaration]
           ResetTotalRecvCountRS485();
           ^~~~~~~~~~~~~~~~~~~~~~~~
../src/testperiph.c:129:11: warning: implicit declaration of function 'GetDataRS485' [-Wimplicit-function-declaration]
           GetDataRS485(&axi_uartlite_1_UartLite, ModeRS485);
           ^~~~~~~~~~~~
../src/testperiph.c:176:11: warning: implicit declaration of function 'SendDataRS485' [-Wimplicit-function-declaration]
           SendDataRS485(&axi_uartlite_1_UartLite, PrepareDataToSendRS485(ModeRS485, NumberReg, CountReg), CountByteToSend);
           ^~~~~~~~~~~~~
../src/testperiph.c:176:51: warning: implicit declaration of function 'PrepareDataToSendRS485' [-Wimplicit-function-declaration]
           SendDataRS485(&axi_uartlite_1_UartLite, PrepareDataToSendRS485(ModeRS485, NumberReg, CountReg), CountByteToSend);
                                                   ^~~~~~~~~~~~~~~~~~~~~~
../src/testperiph.c:224:13: warning: implicit declaration of function 'TestCheckTotalRecvCount' [-Wimplicit-function-declaration]
         if (TestCheckTotalRecvCount() != 0) {
             ^~~~~~~~~~~~~~~~~~~~~~~
../src/testperiph.c:229:11: warning: implicit declaration of function 'SendData' [-Wimplicit-function-declaration]
           SendData(&axi_uartlite_0_UartLite, GetData(&axi_uartlite_0_UartLite));
           ^~~~~~~~
../src/testperiph.c:229:46: warning: implicit declaration of function 'GetData' [-Wimplicit-function-declaration]
           SendData(&axi_uartlite_0_UartLite, GetData(&axi_uartlite_0_UartLite));
                                              ^~~~~~~
../src/testperiph.c:247:13: warning: implicit declaration of function 'TotalSentCountRS485Check' [-Wimplicit-function-declaration]
         if (TotalSentCountRS485Check() == 8) {
             ^~~~~~~~~~~~~~~~~~~~~~~~
../src/testperiph.c:248:10: warning: implicit declaration of function 'ResetTotalSentCountRS485' [-Wimplicit-function-declaration]
          ResetTotalSentCountRS485();
          ^~~~~~~~~~~~~~~~~~~~~~~~
../src/testperiph.c:58:6: warning: unused variable 'CountControlPanel' [-Wunused-variable]
  int CountControlPanel = 0;
      ^~~~~~~~~~~~~~~~~
'Finished building: ../src/testperiph.c'
' '
'Building target: per_test.elf'
'Invoking: MicroBlaze gcc linker'
mb-gcc -Wl,-T -Wl,../src/lscript.ld -L../../start_project_bsp/microblaze_0/lib -mlittle-endian -mcpu=v11.0 -mxl-soft-mul -Wl,--no-relax -Wl,--gc-sections -o "per_test.elf"  ./src/CRC_Functions.o ./src/PWM_tools.o ./src/adc.o ./src/control_transistor_keys.o ./src/current_system_status.o ./src/encoder.o ./src/initializationl_functions.o ./src/logical_functions.o ./src/testperiph.o ./src/xgpio_tapp_example.o ./src/xintc_tapp_example.o ./src/xspi_selftest_example.o ./src/xuartlite_intr_tapp_example.o ./src/xuartlite_intr_tapp_example_rs485.o ./src/xuartlite_selftest_example.o ./src/xuartlite_selftest_example_rs485.o   -Wl,--start-group,-lxil,-lgcc,-lc,--end-group -Wl,--start-group,-lxilisf,-lxil,-lgcc,-lc,--end-group
'Finished building target: per_test.elf'
' '
'Invoking: MicroBlaze Print Size'
mb-size per_test.elf  |tee "per_test.elf.size"
   text	   data	    bss	    dec	    hex	filename
  25436	   1112	   7028	  33576	   8328	per_test.elf
'Finished building: per_test.elf.size'
' '
13:01:19 **** Incremental Build of configuration Debug for project per_test ****
make all 
'Building file: ../src/adc.c'
'Invoking: MicroBlaze gcc compiler'
mb-gcc -Wall -O0 -g3 -c -fmessage-length=0 -MT"src/adc.o" -I../../start_project_bsp/microblaze_0/include -mlittle-endian -mcpu=v11.0 -mxl-soft-mul -Wl,--no-relax -ffunction-sections -fdata-sections -MMD -MP -MF"src/adc.d" -MT"src/adc.o" -o "src/adc.o" "../src/adc.c"
../src/adc.c: In function 'GetValueErrorsNegativePositiveAdc':
../src/adc.c:86:1: warning: control reaches end of non-void function [-Wreturn-type]
 }
 ^
'Finished building: ../src/adc.c'
' '
'Building target: per_test.elf'
'Invoking: MicroBlaze gcc linker'
mb-gcc -Wl,-T -Wl,../src/lscript.ld -L../../start_project_bsp/microblaze_0/lib -mlittle-endian -mcpu=v11.0 -mxl-soft-mul -Wl,--no-relax -Wl,--gc-sections -o "per_test.elf"  ./src/CRC_Functions.o ./src/PWM_tools.o ./src/adc.o ./src/control_transistor_keys.o ./src/current_system_status.o ./src/encoder.o ./src/initializationl_functions.o ./src/logical_functions.o ./src/testperiph.o ./src/xgpio_tapp_example.o ./src/xintc_tapp_example.o ./src/xspi_selftest_example.o ./src/xuartlite_intr_tapp_example.o ./src/xuartlite_intr_tapp_example_rs485.o ./src/xuartlite_selftest_example.o ./src/xuartlite_selftest_example_rs485.o   -Wl,--start-group,-lxil,-lgcc,-lc,--end-group -Wl,--start-group,-lxilisf,-lxil,-lgcc,-lc,--end-group
'Finished building target: per_test.elf'
' '
'Invoking: MicroBlaze Print Size'
mb-size per_test.elf  |tee "per_test.elf.size"
   text	   data	    bss	    dec	    hex	filename
  25436	   1176	   6964	  33576	   8328	per_test.elf
'Finished building: per_test.elf.size'
' '
13:06:43 **** Incremental Build of configuration Debug for project per_test ****
make all 
'Building file: ../src/logical_functions.c'
'Invoking: MicroBlaze gcc compiler'
mb-gcc -Wall -O0 -g3 -c -fmessage-length=0 -MT"src/logical_functions.o" -I../../start_project_bsp/microblaze_0/include -mlittle-endian -mcpu=v11.0 -mxl-soft-mul -Wl,--no-relax -ffunction-sections -fdata-sections -MMD -MP -MF"src/logical_functions.d" -MT"src/logical_functions.o" -o "src/logical_functions.o" "../src/logical_functions.c"
../src/logical_functions.c: In function 'GetSystemValues':
../src/logical_functions.c:17:2: warning: implicit declaration of function 'GetValueMinTimeErrorGroupTable' [-Wimplicit-function-declaration]
  GetValueMinTimeErrorGroupTable();      // получить текущие значения ошибок работы ключей (заполняем поля в control_transistor_keys.c)
  ^~~~~~~~~~~~~~~~~~~~~~~~~~~~~~
../src/logical_functions.c:18:2: warning: implicit declaration of function 'GetValueAcknowledgeErrorGroupTable' [-Wimplicit-function-declaration]
  GetValueAcknowledgeErrorGroupTable();
  ^~~~~~~~~~~~~~~~~~~~~~~~~~~~~~~~~~
../src/logical_functions.c:19:2: warning: implicit declaration of function 'GetValueCurrentErrorGroupTable' [-Wimplicit-function-declaration]
  GetValueCurrentErrorGroupTable();
  ^~~~~~~~~~~~~~~~~~~~~~~~~~~~~~
../src/logical_functions.c:21:2: warning: implicit declaration of function 'GetCurrentValueAdcTable' [-Wimplicit-function-declaration]
  GetCurrentValueAdcTable();        // получить значения АЦП (записываем массив adc_channel[] в adc.c)
  ^~~~~~~~~~~~~~~~~~~~~~~
../src/logical_functions.c:25:2: warning: implicit declaration of function 'SetArrayCurrentStatusInt' [-Wimplicit-function-declaration]
  SetArrayCurrentStatusInt(96, -10);
  ^~~~~~~~~~~~~~~~~~~~~~~~
../src/logical_functions.c:26:2: warning: implicit declaration of function 'GetValueErrorsNegativePositiveAdcTable' [-Wimplicit-function-declaration]
  GetValueErrorsNegativePositiveAdcTable();    // получить текущие значения ошибок АЦП (заполняем поля в adc.c)
  ^~~~~~~~~~~~~~~~~~~~~~~~~~~~~~~~~~~~~~
../src/logical_functions.c:27:9: warning: implicit declaration of function 'GetValueErrorsNegativePositiveAdc' [-Wimplicit-function-declaration]
  Data = GetValueErrorsNegativePositiveAdc(3);
         ^~~~~~~~~~~~~~~~~~~~~~~~~~~~~~~~~
../src/logical_functions.c:32:2: warning: implicit declaration of function 'GetCurrentValueSpeedSensorTable' [-Wimplicit-function-declaration]
  GetCurrentValueSpeedSensorTable();      // получить текущие значения с датчика положения (заполняем поля в encoder.c)
  ^~~~~~~~~~~~~~~~~~~~~~~~~~~~~~~
../src/logical_functions.c:34:2: warning: implicit declaration of function 'GpioInputRead' [-Wimplicit-function-declaration]
  GpioInputRead(&DataRead, 1);
  ^~~~~~~~~~~~~
../src/logical_functions.c:53:12: warning: implicit declaration of function 'GetArrayCurrentStatusInt' [-Wimplicit-function-declaration]
   Data = ((GetArrayCurrentStatusInt(48 + i) & 1) << i) | Data;
            ^~~~~~~~~~~~~~~~~~~~~~~~
../src/logical_functions.c:55:2: warning: implicit declaration of function 'GpioOutputWrite'; did you mean 'XGpio_DiscreteWrite'? [-Wimplicit-function-declaration]
  GpioOutputWrite(Data, 0);
  ^~~~~~~~~~~~~~~
  XGpio_DiscreteWrite
'Finished building: ../src/logical_functions.c'
' '
'Building target: per_test.elf'
'Invoking: MicroBlaze gcc linker'
mb-gcc -Wl,-T -Wl,../src/lscript.ld -L../../start_project_bsp/microblaze_0/lib -mlittle-endian -mcpu=v11.0 -mxl-soft-mul -Wl,--no-relax -Wl,--gc-sections -o "per_test.elf"  ./src/CRC_Functions.o ./src/PWM_tools.o ./src/adc.o ./src/control_transistor_keys.o ./src/current_system_status.o ./src/encoder.o ./src/initializationl_functions.o ./src/logical_functions.o ./src/testperiph.o ./src/xgpio_tapp_example.o ./src/xintc_tapp_example.o ./src/xspi_selftest_example.o ./src/xuartlite_intr_tapp_example.o ./src/xuartlite_intr_tapp_example_rs485.o ./src/xuartlite_selftest_example.o ./src/xuartlite_selftest_example_rs485.o   -Wl,--start-group,-lxil,-lgcc,-lc,--end-group -Wl,--start-group,-lxilisf,-lxil,-lgcc,-lc,--end-group
'Finished building target: per_test.elf'
' '
'Invoking: MicroBlaze Print Size'
mb-size per_test.elf  |tee "per_test.elf.size"
   text	   data	    bss	    dec	    hex	filename
  25344	   1176	   6960	  33480	   82c8	per_test.elf
'Finished building: per_test.elf.size'
' '
13:18:55 **** Incremental Build of configuration Debug for project per_test ****
make all 
'Building file: ../src/logical_functions.c'
'Invoking: MicroBlaze gcc compiler'
mb-gcc -Wall -O0 -g3 -c -fmessage-length=0 -MT"src/logical_functions.o" -I../../start_project_bsp/microblaze_0/include -mlittle-endian -mcpu=v11.0 -mxl-soft-mul -Wl,--no-relax -ffunction-sections -fdata-sections -MMD -MP -MF"src/logical_functions.d" -MT"src/logical_functions.o" -o "src/logical_functions.o" "../src/logical_functions.c"
../src/logical_functions.c: In function 'GetSystemValues':
../src/logical_functions.c:17:2: warning: implicit declaration of function 'GetValueMinTimeErrorGroupTable' [-Wimplicit-function-declaration]
  GetValueMinTimeErrorGroupTable();      // получить текущие значения ошибок работы ключей (заполняем поля в control_transistor_keys.c)
  ^~~~~~~~~~~~~~~~~~~~~~~~~~~~~~
../src/logical_functions.c:18:2: warning: implicit declaration of function 'GetValueAcknowledgeErrorGroupTable' [-Wimplicit-function-declaration]
  GetValueAcknowledgeErrorGroupTable();
  ^~~~~~~~~~~~~~~~~~~~~~~~~~~~~~~~~~
../src/logical_functions.c:19:2: warning: implicit declaration of function 'GetValueCurrentErrorGroupTable' [-Wimplicit-function-declaration]
  GetValueCurrentErrorGroupTable();
  ^~~~~~~~~~~~~~~~~~~~~~~~~~~~~~
../src/logical_functions.c:21:2: warning: implicit declaration of function 'GetCurrentValueAdcTable' [-Wimplicit-function-declaration]
  GetCurrentValueAdcTable();        // получить значения АЦП (записываем массив adc_channel[] в adc.c)
  ^~~~~~~~~~~~~~~~~~~~~~~
../src/logical_functions.c:25:2: warning: implicit declaration of function 'SetArrayCurrentStatusInt' [-Wimplicit-function-declaration]
  SetArrayCurrentStatusInt(96, 1000);
  ^~~~~~~~~~~~~~~~~~~~~~~~
../src/logical_functions.c:26:2: warning: implicit declaration of function 'GetValueErrorsNegativePositiveAdcTable' [-Wimplicit-function-declaration]
  GetValueErrorsNegativePositiveAdcTable();    // получить текущие значения ошибок АЦП (заполняем поля в adc.c)
  ^~~~~~~~~~~~~~~~~~~~~~~~~~~~~~~~~~~~~~
../src/logical_functions.c:27:9: warning: implicit declaration of function 'GetValueErrorsNegativePositiveAdc' [-Wimplicit-function-declaration]
  Data = GetValueErrorsNegativePositiveAdc(3);
         ^~~~~~~~~~~~~~~~~~~~~~~~~~~~~~~~~
../src/logical_functions.c:32:2: warning: implicit declaration of function 'GetCurrentValueSpeedSensorTable' [-Wimplicit-function-declaration]
  GetCurrentValueSpeedSensorTable();      // получить текущие значения с датчика положения (заполняем поля в encoder.c)
  ^~~~~~~~~~~~~~~~~~~~~~~~~~~~~~~
../src/logical_functions.c:34:2: warning: implicit declaration of function 'GpioInputRead' [-Wimplicit-function-declaration]
  GpioInputRead(&DataRead, 1);
  ^~~~~~~~~~~~~
../src/logical_functions.c:53:12: warning: implicit declaration of function 'GetArrayCurrentStatusInt' [-Wimplicit-function-declaration]
   Data = ((GetArrayCurrentStatusInt(48 + i) & 1) << i) | Data;
            ^~~~~~~~~~~~~~~~~~~~~~~~
../src/logical_functions.c:55:2: warning: implicit declaration of function 'GpioOutputWrite'; did you mean 'XGpio_DiscreteWrite'? [-Wimplicit-function-declaration]
  GpioOutputWrite(Data, 0);
  ^~~~~~~~~~~~~~~
  XGpio_DiscreteWrite
'Finished building: ../src/logical_functions.c'
' '
'Building target: per_test.elf'
'Invoking: MicroBlaze gcc linker'
mb-gcc -Wl,-T -Wl,../src/lscript.ld -L../../start_project_bsp/microblaze_0/lib -mlittle-endian -mcpu=v11.0 -mxl-soft-mul -Wl,--no-relax -Wl,--gc-sections -o "per_test.elf"  ./src/CRC_Functions.o ./src/PWM_tools.o ./src/adc.o ./src/control_transistor_keys.o ./src/current_system_status.o ./src/encoder.o ./src/initializationl_functions.o ./src/logical_functions.o ./src/testperiph.o ./src/xgpio_tapp_example.o ./src/xintc_tapp_example.o ./src/xspi_selftest_example.o ./src/xuartlite_intr_tapp_example.o ./src/xuartlite_intr_tapp_example_rs485.o ./src/xuartlite_selftest_example.o ./src/xuartlite_selftest_example_rs485.o   -Wl,--start-group,-lxil,-lgcc,-lc,--end-group -Wl,--start-group,-lxilisf,-lxil,-lgcc,-lc,--end-group
'Finished building target: per_test.elf'
' '
'Invoking: MicroBlaze Print Size'
mb-size per_test.elf  |tee "per_test.elf.size"
   text	   data	    bss	    dec	    hex	filename
  25344	   1176	   6960	  33480	   82c8	per_test.elf
'Finished building: per_test.elf.size'
' '
13:44:02 **** Incremental Build of configuration Debug for project per_test ****
make all 
'Building file: ../src/xuartlite_intr_tapp_example.c'
'Invoking: MicroBlaze gcc compiler'
mb-gcc -Wall -O0 -g3 -c -fmessage-length=0 -MT"src/xuartlite_intr_tapp_example.o" -I../../start_project_bsp/microblaze_0/include -mlittle-endian -mcpu=v11.0 -mxl-soft-mul -Wl,--no-relax -ffunction-sections -fdata-sections -MMD -MP -MF"src/xuartlite_intr_tapp_example.d" -MT"src/xuartlite_intr_tapp_example.o" -o "src/xuartlite_intr_tapp_example.o" "../src/xuartlite_intr_tapp_example.c"
../src/xuartlite_intr_tapp_example.c: In function 'PrepareDataToSend':
../src/xuartlite_intr_tapp_example.c:359:20: warning: implicit declaration of function 'GetArrayCurrentStatusInt' [-Wimplicit-function-declaration]
    SendBuffer[4] = GetArrayCurrentStatusInt(reg)/256;
                    ^~~~~~~~~~~~~~~~~~~~~~~~
../src/xuartlite_intr_tapp_example.c:411:8: warning: implicit declaration of function 'GetCRC16_B_byte' [-Wimplicit-function-declaration]
  crc = GetCRC16_B_byte(crc, SendBuffer, count_byte);
        ^~~~~~~~~~~~~~~
../src/xuartlite_intr_tapp_example.c:416:9: warning: returning 'u8 (*)[16]' {aka 'unsigned char (*)[16]'} from a function with incompatible return type 'int *' [-Wincompatible-pointer-types]
  return &SendBuffer;
         ^~~~~~~~~~~
../src/xuartlite_intr_tapp_example.c: In function 'PrepareDataToSendTest':
../src/xuartlite_intr_tapp_example.c:420:9: warning: returning 'u8 (*)[16]' {aka 'unsigned char (*)[16]'} from a function with incompatible return type 'int *' [-Wincompatible-pointer-types]
  return &SendBuffer;
         ^~~~~~~~~~~
../src/xuartlite_intr_tapp_example.c: In function 'GetData':
../src/xuartlite_intr_tapp_example.c:480:5: warning: implicit declaration of function 'SetArrayCurrentStatusInt' [-Wimplicit-function-declaration]
     SetArrayCurrentStatusInt(RecvBuffer[2], RecvBuffer[5] + 256 * RecvBuffer[4]);
     ^~~~~~~~~~~~~~~~~~~~~~~~
../src/xuartlite_intr_tapp_example.c:490:9: warning: returning 'u8 (*)[16]' {aka 'unsigned char (*)[16]'} from a function with incompatible return type 'int *' [-Wincompatible-pointer-types]
  return &SendBuffer;
         ^~~~~~~~~~~
../src/xuartlite_intr_tapp_example.c: In function 'GetRecvBuffer':
../src/xuartlite_intr_tapp_example.c:504:9: warning: returning 'u8 (*)[16]' {aka 'unsigned char (*)[16]'} from a function with incompatible return type 'int *' [-Wincompatible-pointer-types]
  return &RecvBuffer;
         ^~~~~~~~~~~
At top level:
../src/xuartlite_intr_tapp_example.c:665:13: warning: 'UartLiteDisableIntrSystem' defined but not used [-Wunused-function]
 static void UartLiteDisableIntrSystem(INTC *IntcInstancePtr,
             ^~~~~~~~~~~~~~~~~~~~~~~~~
'Finished building: ../src/xuartlite_intr_tapp_example.c'
' '
'Building target: per_test.elf'
'Invoking: MicroBlaze gcc linker'
mb-gcc -Wl,-T -Wl,../src/lscript.ld -L../../start_project_bsp/microblaze_0/lib -mlittle-endian -mcpu=v11.0 -mxl-soft-mul -Wl,--no-relax -Wl,--gc-sections -o "per_test.elf"  ./src/CRC_Functions.o ./src/PWM_tools.o ./src/adc.o ./src/control_transistor_keys.o ./src/current_system_status.o ./src/encoder.o ./src/initializationl_functions.o ./src/logical_functions.o ./src/testperiph.o ./src/xgpio_tapp_example.o ./src/xintc_tapp_example.o ./src/xspi_selftest_example.o ./src/xuartlite_intr_tapp_example.o ./src/xuartlite_intr_tapp_example_rs485.o ./src/xuartlite_selftest_example.o ./src/xuartlite_selftest_example_rs485.o   -Wl,--start-group,-lxil,-lgcc,-lc,--end-group -Wl,--start-group,-lxilisf,-lxil,-lgcc,-lc,--end-group
'Finished building target: per_test.elf'
' '
'Invoking: MicroBlaze Print Size'
mb-size per_test.elf  |tee "per_test.elf.size"
   text	   data	    bss	    dec	    hex	filename
  25780	   1176	   6964	  33920	   8480	per_test.elf
'Finished building: per_test.elf.size'
' '
16:42:17 **** Incremental Build of configuration Debug for project per_test ****
make all 
make: Nothing to be done for 'all'.
17:01:16 **** Incremental Build of configuration Debug for project per_test ****
make all 
'Building file: ../src/xuartlite_intr_tapp_example.c'
'Invoking: MicroBlaze gcc compiler'
mb-gcc -Wall -O0 -g3 -c -fmessage-length=0 -MT"src/xuartlite_intr_tapp_example.o" -I../../start_project_bsp/microblaze_0/include -mlittle-endian -mcpu=v11.0 -mxl-soft-mul -Wl,--no-relax -ffunction-sections -fdata-sections -MMD -MP -MF"src/xuartlite_intr_tapp_example.d" -MT"src/xuartlite_intr_tapp_example.o" -o "src/xuartlite_intr_tapp_example.o" "../src/xuartlite_intr_tapp_example.c"
../src/xuartlite_intr_tapp_example.c: In function 'PrepareDataToSend':
../src/xuartlite_intr_tapp_example.c:377:20: warning: implicit declaration of function 'GetArrayCurrentStatusInt' [-Wimplicit-function-declaration]
    SendBuffer[4] = GetArrayCurrentStatusInt(reg)/256;;
                    ^~~~~~~~~~~~~~~~~~~~~~~~
../src/xuartlite_intr_tapp_example.c:413:8: warning: implicit declaration of function 'GetCRC16_B_byte' [-Wimplicit-function-declaration]
  crc = GetCRC16_B_byte(crc, SendBuffer, count_byte);
        ^~~~~~~~~~~~~~~
../src/xuartlite_intr_tapp_example.c:418:9: warning: returning 'u8 (*)[16]' {aka 'unsigned char (*)[16]'} from a function with incompatible return type 'int *' [-Wincompatible-pointer-types]
  return &SendBuffer;
         ^~~~~~~~~~~
../src/xuartlite_intr_tapp_example.c: In function 'PrepareDataToSendTest':
../src/xuartlite_intr_tapp_example.c:422:9: warning: returning 'u8 (*)[16]' {aka 'unsigned char (*)[16]'} from a function with incompatible return type 'int *' [-Wincompatible-pointer-types]
  return &SendBuffer;
         ^~~~~~~~~~~
../src/xuartlite_intr_tapp_example.c: In function 'GetData':
../src/xuartlite_intr_tapp_example.c:482:5: warning: implicit declaration of function 'SetArrayCurrentStatusInt' [-Wimplicit-function-declaration]
     SetArrayCurrentStatusInt(RecvBuffer[2], RecvBuffer[5] + 256 * RecvBuffer[4]);
     ^~~~~~~~~~~~~~~~~~~~~~~~
../src/xuartlite_intr_tapp_example.c:492:9: warning: returning 'u8 (*)[16]' {aka 'unsigned char (*)[16]'} from a function with incompatible return type 'int *' [-Wincompatible-pointer-types]
  return &SendBuffer;
         ^~~~~~~~~~~
../src/xuartlite_intr_tapp_example.c: In function 'GetRecvBuffer':
../src/xuartlite_intr_tapp_example.c:506:9: warning: returning 'u8 (*)[16]' {aka 'unsigned char (*)[16]'} from a function with incompatible return type 'int *' [-Wincompatible-pointer-types]
  return &RecvBuffer;
         ^~~~~~~~~~~
At top level:
../src/xuartlite_intr_tapp_example.c:667:13: warning: 'UartLiteDisableIntrSystem' defined but not used [-Wunused-function]
 static void UartLiteDisableIntrSystem(INTC *IntcInstancePtr,
             ^~~~~~~~~~~~~~~~~~~~~~~~~
'Finished building: ../src/xuartlite_intr_tapp_example.c'
' '
'Building target: per_test.elf'
'Invoking: MicroBlaze gcc linker'
mb-gcc -Wl,-T -Wl,../src/lscript.ld -L../../start_project_bsp/microblaze_0/lib -mlittle-endian -mcpu=v11.0 -mxl-soft-mul -Wl,--no-relax -Wl,--gc-sections -o "per_test.elf"  ./src/CRC_Functions.o ./src/PWM_tools.o ./src/adc.o ./src/control_transistor_keys.o ./src/current_system_status.o ./src/encoder.o ./src/initializationl_functions.o ./src/logical_functions.o ./src/testperiph.o ./src/xgpio_tapp_example.o ./src/xintc_tapp_example.o ./src/xspi_selftest_example.o ./src/xuartlite_intr_tapp_example.o ./src/xuartlite_intr_tapp_example_rs485.o ./src/xuartlite_selftest_example.o ./src/xuartlite_selftest_example_rs485.o   -Wl,--start-group,-lxil,-lgcc,-lc,--end-group -Wl,--start-group,-lxilisf,-lxil,-lgcc,-lc,--end-group
'Finished building target: per_test.elf'
' '
'Invoking: MicroBlaze Print Size'
mb-size per_test.elf  |tee "per_test.elf.size"
   text	   data	    bss	    dec	    hex	filename
  25572	   1176	   6964	  33712	   83b0	per_test.elf
'Finished building: per_test.elf.size'
' '
17:03:40 **** Incremental Build of configuration Debug for project per_test ****
make all 
'Building file: ../src/xuartlite_intr_tapp_example.c'
'Invoking: MicroBlaze gcc compiler'
mb-gcc -Wall -O0 -g3 -c -fmessage-length=0 -MT"src/xuartlite_intr_tapp_example.o" -I../../start_project_bsp/microblaze_0/include -mlittle-endian -mcpu=v11.0 -mxl-soft-mul -Wl,--no-relax -ffunction-sections -fdata-sections -MMD -MP -MF"src/xuartlite_intr_tapp_example.d" -MT"src/xuartlite_intr_tapp_example.o" -o "src/xuartlite_intr_tapp_example.o" "../src/xuartlite_intr_tapp_example.c"
../src/xuartlite_intr_tapp_example.c: In function 'PrepareDataToSend':
../src/xuartlite_intr_tapp_example.c:377:20: warning: implicit declaration of function 'GetArrayCurrentStatusInt' [-Wimplicit-function-declaration]
    SendBuffer[4] = GetArrayCurrentStatusInt(reg)/256;;
                    ^~~~~~~~~~~~~~~~~~~~~~~~
../src/xuartlite_intr_tapp_example.c:413:8: warning: implicit declaration of function 'GetCRC16_B_byte' [-Wimplicit-function-declaration]
  crc = GetCRC16_B_byte(crc, SendBuffer, count_byte);
        ^~~~~~~~~~~~~~~
../src/xuartlite_intr_tapp_example.c:418:9: warning: returning 'u8 (*)[16]' {aka 'unsigned char (*)[16]'} from a function with incompatible return type 'int *' [-Wincompatible-pointer-types]
  return &SendBuffer;
         ^~~~~~~~~~~
../src/xuartlite_intr_tapp_example.c: In function 'PrepareDataToSendTest':
../src/xuartlite_intr_tapp_example.c:422:9: warning: returning 'u8 (*)[16]' {aka 'unsigned char (*)[16]'} from a function with incompatible return type 'int *' [-Wincompatible-pointer-types]
  return &SendBuffer;
         ^~~~~~~~~~~
../src/xuartlite_intr_tapp_example.c: In function 'GetData':
../src/xuartlite_intr_tapp_example.c:482:5: warning: implicit declaration of function 'SetArrayCurrentStatusInt' [-Wimplicit-function-declaration]
     SetArrayCurrentStatusInt(RecvBuffer[2], RecvBuffer[5] + 256 * RecvBuffer[4]);
     ^~~~~~~~~~~~~~~~~~~~~~~~
../src/xuartlite_intr_tapp_example.c:492:9: warning: returning 'u8 (*)[16]' {aka 'unsigned char (*)[16]'} from a function with incompatible return type 'int *' [-Wincompatible-pointer-types]
  return &SendBuffer;
         ^~~~~~~~~~~
../src/xuartlite_intr_tapp_example.c: In function 'GetRecvBuffer':
../src/xuartlite_intr_tapp_example.c:506:9: warning: returning 'u8 (*)[16]' {aka 'unsigned char (*)[16]'} from a function with incompatible return type 'int *' [-Wincompatible-pointer-types]
  return &RecvBuffer;
         ^~~~~~~~~~~
At top level:
../src/xuartlite_intr_tapp_example.c:667:13: warning: 'UartLiteDisableIntrSystem' defined but not used [-Wunused-function]
 static void UartLiteDisableIntrSystem(INTC *IntcInstancePtr,
             ^~~~~~~~~~~~~~~~~~~~~~~~~
'Finished building: ../src/xuartlite_intr_tapp_example.c'
' '
'Building target: per_test.elf'
'Invoking: MicroBlaze gcc linker'
mb-gcc -Wl,-T -Wl,../src/lscript.ld -L../../start_project_bsp/microblaze_0/lib -mlittle-endian -mcpu=v11.0 -mxl-soft-mul -Wl,--no-relax -Wl,--gc-sections -o "per_test.elf"  ./src/CRC_Functions.o ./src/PWM_tools.o ./src/adc.o ./src/control_transistor_keys.o ./src/current_system_status.o ./src/encoder.o ./src/initializationl_functions.o ./src/logical_functions.o ./src/testperiph.o ./src/xgpio_tapp_example.o ./src/xintc_tapp_example.o ./src/xspi_selftest_example.o ./src/xuartlite_intr_tapp_example.o ./src/xuartlite_intr_tapp_example_rs485.o ./src/xuartlite_selftest_example.o ./src/xuartlite_selftest_example_rs485.o   -Wl,--start-group,-lxil,-lgcc,-lc,--end-group -Wl,--start-group,-lxilisf,-lxil,-lgcc,-lc,--end-group
'Finished building target: per_test.elf'
' '
'Invoking: MicroBlaze Print Size'
mb-size per_test.elf  |tee "per_test.elf.size"
   text	   data	    bss	    dec	    hex	filename
  25572	   1176	   6964	  33712	   83b0	per_test.elf
'Finished building: per_test.elf.size'
' '
17:13:04 **** Incremental Build of configuration Debug for project per_test ****
make all 
'Building file: ../src/xuartlite_intr_tapp_example.c'
'Invoking: MicroBlaze gcc compiler'
mb-gcc -Wall -O0 -g3 -c -fmessage-length=0 -MT"src/xuartlite_intr_tapp_example.o" -I../../start_project_bsp/microblaze_0/include -mlittle-endian -mcpu=v11.0 -mxl-soft-mul -Wl,--no-relax -ffunction-sections -fdata-sections -MMD -MP -MF"src/xuartlite_intr_tapp_example.d" -MT"src/xuartlite_intr_tapp_example.o" -o "src/xuartlite_intr_tapp_example.o" "../src/xuartlite_intr_tapp_example.c"
../src/xuartlite_intr_tapp_example.c: In function 'PrepareDataToSend':
../src/xuartlite_intr_tapp_example.c:377:20: warning: implicit declaration of function 'GetArrayCurrentStatusInt' [-Wimplicit-function-declaration]
    SendBuffer[4] = GetArrayCurrentStatusInt(reg)/256;;
                    ^~~~~~~~~~~~~~~~~~~~~~~~
../src/xuartlite_intr_tapp_example.c:413:8: warning: implicit declaration of function 'GetCRC16_B_byte' [-Wimplicit-function-declaration]
  crc = GetCRC16_B_byte(crc, SendBuffer, count_byte);
        ^~~~~~~~~~~~~~~
../src/xuartlite_intr_tapp_example.c:418:9: warning: returning 'u8 (*)[16]' {aka 'unsigned char (*)[16]'} from a function with incompatible return type 'int *' [-Wincompatible-pointer-types]
  return &SendBuffer;
         ^~~~~~~~~~~
../src/xuartlite_intr_tapp_example.c: In function 'PrepareDataToSendTest':
../src/xuartlite_intr_tapp_example.c:422:9: warning: returning 'u8 (*)[16]' {aka 'unsigned char (*)[16]'} from a function with incompatible return type 'int *' [-Wincompatible-pointer-types]
  return &SendBuffer;
         ^~~~~~~~~~~
../src/xuartlite_intr_tapp_example.c: In function 'GetData':
../src/xuartlite_intr_tapp_example.c:482:5: warning: implicit declaration of function 'SetArrayCurrentStatusInt' [-Wimplicit-function-declaration]
     SetArrayCurrentStatusInt(RecvBuffer[2], RecvBuffer[5] + 256 * RecvBuffer[4]);
     ^~~~~~~~~~~~~~~~~~~~~~~~
../src/xuartlite_intr_tapp_example.c:492:9: warning: returning 'u8 (*)[16]' {aka 'unsigned char (*)[16]'} from a function with incompatible return type 'int *' [-Wincompatible-pointer-types]
  return &SendBuffer;
         ^~~~~~~~~~~
../src/xuartlite_intr_tapp_example.c: In function 'GetRecvBuffer':
../src/xuartlite_intr_tapp_example.c:506:9: warning: returning 'u8 (*)[16]' {aka 'unsigned char (*)[16]'} from a function with incompatible return type 'int *' [-Wincompatible-pointer-types]
  return &RecvBuffer;
         ^~~~~~~~~~~
At top level:
../src/xuartlite_intr_tapp_example.c:667:13: warning: 'UartLiteDisableIntrSystem' defined but not used [-Wunused-function]
 static void UartLiteDisableIntrSystem(INTC *IntcInstancePtr,
             ^~~~~~~~~~~~~~~~~~~~~~~~~
'Finished building: ../src/xuartlite_intr_tapp_example.c'
' '
'Building target: per_test.elf'
'Invoking: MicroBlaze gcc linker'
mb-gcc -Wl,-T -Wl,../src/lscript.ld -L../../start_project_bsp/microblaze_0/lib -mlittle-endian -mcpu=v11.0 -mxl-soft-mul -Wl,--no-relax -Wl,--gc-sections -o "per_test.elf"  ./src/CRC_Functions.o ./src/PWM_tools.o ./src/adc.o ./src/control_transistor_keys.o ./src/current_system_status.o ./src/encoder.o ./src/initializationl_functions.o ./src/logical_functions.o ./src/testperiph.o ./src/xgpio_tapp_example.o ./src/xintc_tapp_example.o ./src/xspi_selftest_example.o ./src/xuartlite_intr_tapp_example.o ./src/xuartlite_intr_tapp_example_rs485.o ./src/xuartlite_selftest_example.o ./src/xuartlite_selftest_example_rs485.o   -Wl,--start-group,-lxil,-lgcc,-lc,--end-group -Wl,--start-group,-lxilisf,-lxil,-lgcc,-lc,--end-group
'Finished building target: per_test.elf'
' '
'Invoking: MicroBlaze Print Size'
mb-size per_test.elf  |tee "per_test.elf.size"
   text	   data	    bss	    dec	    hex	filename
  25568	   1176	   6960	  33704	   83a8	per_test.elf
'Finished building: per_test.elf.size'
' '
17:15:58 **** Incremental Build of configuration Debug for project per_test ****
make all 
'Building file: ../src/xuartlite_intr_tapp_example.c'
'Invoking: MicroBlaze gcc compiler'
mb-gcc -Wall -O0 -g3 -c -fmessage-length=0 -MT"src/xuartlite_intr_tapp_example.o" -I../../start_project_bsp/microblaze_0/include -mlittle-endian -mcpu=v11.0 -mxl-soft-mul -Wl,--no-relax -ffunction-sections -fdata-sections -MMD -MP -MF"src/xuartlite_intr_tapp_example.d" -MT"src/xuartlite_intr_tapp_example.o" -o "src/xuartlite_intr_tapp_example.o" "../src/xuartlite_intr_tapp_example.c"
../src/xuartlite_intr_tapp_example.c: In function 'PrepareDataToSend':
../src/xuartlite_intr_tapp_example.c:377:20: warning: implicit declaration of function 'GetArrayCurrentStatusInt' [-Wimplicit-function-declaration]
    SendBuffer[4] = GetArrayCurrentStatusInt(reg)/256;;
                    ^~~~~~~~~~~~~~~~~~~~~~~~
../src/xuartlite_intr_tapp_example.c:413:8: warning: implicit declaration of function 'GetCRC16_B_byte' [-Wimplicit-function-declaration]
  crc = GetCRC16_B_byte(crc, SendBuffer, count_byte);
        ^~~~~~~~~~~~~~~
../src/xuartlite_intr_tapp_example.c:418:9: warning: returning 'u8 (*)[16]' {aka 'unsigned char (*)[16]'} from a function with incompatible return type 'int *' [-Wincompatible-pointer-types]
  return &SendBuffer;
         ^~~~~~~~~~~
../src/xuartlite_intr_tapp_example.c: In function 'PrepareDataToSendTest':
../src/xuartlite_intr_tapp_example.c:422:9: warning: returning 'u8 (*)[16]' {aka 'unsigned char (*)[16]'} from a function with incompatible return type 'int *' [-Wincompatible-pointer-types]
  return &SendBuffer;
         ^~~~~~~~~~~
../src/xuartlite_intr_tapp_example.c: In function 'GetData':
../src/xuartlite_intr_tapp_example.c:482:5: warning: implicit declaration of function 'SetArrayCurrentStatusInt' [-Wimplicit-function-declaration]
     SetArrayCurrentStatusInt(RecvBuffer[2], RecvBuffer[5] + 256 * RecvBuffer[4]);
     ^~~~~~~~~~~~~~~~~~~~~~~~
../src/xuartlite_intr_tapp_example.c:492:9: warning: returning 'u8 (*)[16]' {aka 'unsigned char (*)[16]'} from a function with incompatible return type 'int *' [-Wincompatible-pointer-types]
  return &SendBuffer;
         ^~~~~~~~~~~
../src/xuartlite_intr_tapp_example.c: In function 'GetRecvBuffer':
../src/xuartlite_intr_tapp_example.c:506:9: warning: returning 'u8 (*)[16]' {aka 'unsigned char (*)[16]'} from a function with incompatible return type 'int *' [-Wincompatible-pointer-types]
  return &RecvBuffer;
         ^~~~~~~~~~~
At top level:
../src/xuartlite_intr_tapp_example.c:667:13: warning: 'UartLiteDisableIntrSystem' defined but not used [-Wunused-function]
 static void UartLiteDisableIntrSystem(INTC *IntcInstancePtr,
             ^~~~~~~~~~~~~~~~~~~~~~~~~
'Finished building: ../src/xuartlite_intr_tapp_example.c'
' '
'Building target: per_test.elf'
'Invoking: MicroBlaze gcc linker'
mb-gcc -Wl,-T -Wl,../src/lscript.ld -L../../start_project_bsp/microblaze_0/lib -mlittle-endian -mcpu=v11.0 -mxl-soft-mul -Wl,--no-relax -Wl,--gc-sections -o "per_test.elf"  ./src/CRC_Functions.o ./src/PWM_tools.o ./src/adc.o ./src/control_transistor_keys.o ./src/current_system_status.o ./src/encoder.o ./src/initializationl_functions.o ./src/logical_functions.o ./src/testperiph.o ./src/xgpio_tapp_example.o ./src/xintc_tapp_example.o ./src/xspi_selftest_example.o ./src/xuartlite_intr_tapp_example.o ./src/xuartlite_intr_tapp_example_rs485.o ./src/xuartlite_selftest_example.o ./src/xuartlite_selftest_example_rs485.o   -Wl,--start-group,-lxil,-lgcc,-lc,--end-group -Wl,--start-group,-lxilisf,-lxil,-lgcc,-lc,--end-group
'Finished building target: per_test.elf'
' '
'Invoking: MicroBlaze Print Size'
mb-size per_test.elf  |tee "per_test.elf.size"
   text	   data	    bss	    dec	    hex	filename
  25568	   1176	   6960	  33704	   83a8	per_test.elf
'Finished building: per_test.elf.size'
' '
17:16:17 **** Auto Build of configuration Debug for project per_test ****
make all 
'Building file: ../src/xuartlite_intr_tapp_example.c'
'Invoking: MicroBlaze gcc compiler'
mb-gcc -Wall -O0 -g3 -c -fmessage-length=0 -MT"src/xuartlite_intr_tapp_example.o" -I../../start_project_bsp/microblaze_0/include -mlittle-endian -mcpu=v11.0 -mxl-soft-mul -Wl,--no-relax -ffunction-sections -fdata-sections -MMD -MP -MF"src/xuartlite_intr_tapp_example.d" -MT"src/xuartlite_intr_tapp_example.o" -o "src/xuartlite_intr_tapp_example.o" "../src/xuartlite_intr_tapp_example.c"
../src/xuartlite_intr_tapp_example.c: In function 'PrepareDataToSend':
../src/xuartlite_intr_tapp_example.c:377:20: warning: implicit declaration of function 'GetArrayCurrentStatusInt' [-Wimplicit-function-declaration]
    SendBuffer[4] = GetArrayCurrentStatusInt(reg)/256;;
                    ^~~~~~~~~~~~~~~~~~~~~~~~
../src/xuartlite_intr_tapp_example.c:413:8: warning: implicit declaration of function 'GetCRC16_B_byte' [-Wimplicit-function-declaration]
  crc = GetCRC16_B_byte(crc, SendBuffer, count_byte);
        ^~~~~~~~~~~~~~~
../src/xuartlite_intr_tapp_example.c:418:9: warning: returning 'u8 (*)[16]' {aka 'unsigned char (*)[16]'} from a function with incompatible return type 'int *' [-Wincompatible-pointer-types]
  return &SendBuffer;
         ^~~~~~~~~~~
../src/xuartlite_intr_tapp_example.c: In function 'PrepareDataToSendTest':
../src/xuartlite_intr_tapp_example.c:422:9: warning: returning 'u8 (*)[16]' {aka 'unsigned char (*)[16]'} from a function with incompatible return type 'int *' [-Wincompatible-pointer-types]
  return &SendBuffer;
         ^~~~~~~~~~~
../src/xuartlite_intr_tapp_example.c: In function 'GetData':
../src/xuartlite_intr_tapp_example.c:482:5: warning: implicit declaration of function 'SetArrayCurrentStatusInt' [-Wimplicit-function-declaration]
     SetArrayCurrentStatusInt(RecvBuffer[2], RecvBuffer[5] + 256 * RecvBuffer[4]);
     ^~~~~~~~~~~~~~~~~~~~~~~~
../src/xuartlite_intr_tapp_example.c:492:9: warning: returning 'u8 (*)[16]' {aka 'unsigned char (*)[16]'} from a function with incompatible return type 'int *' [-Wincompatible-pointer-types]
  return &SendBuffer;
         ^~~~~~~~~~~
../src/xuartlite_intr_tapp_example.c: In function 'GetRecvBuffer':
../src/xuartlite_intr_tapp_example.c:506:9: warning: returning 'u8 (*)[16]' {aka 'unsigned char (*)[16]'} from a function with incompatible return type 'int *' [-Wincompatible-pointer-types]
  return &RecvBuffer;
         ^~~~~~~~~~~
At top level:
../src/xuartlite_intr_tapp_example.c:667:13: warning: 'UartLiteDisableIntrSystem' defined but not used [-Wunused-function]
 static void UartLiteDisableIntrSystem(INTC *IntcInstancePtr,
             ^~~~~~~~~~~~~~~~~~~~~~~~~
'Finished building: ../src/xuartlite_intr_tapp_example.c'
' '
'Building target: per_test.elf'
'Invoking: MicroBlaze gcc linker'
mb-gcc -Wl,-T -Wl,../src/lscript.ld -L../../start_project_bsp/microblaze_0/lib -mlittle-endian -mcpu=v11.0 -mxl-soft-mul -Wl,--no-relax -Wl,--gc-sections -o "per_test.elf"  ./src/CRC_Functions.o ./src/PWM_tools.o ./src/adc.o ./src/control_transistor_keys.o ./src/current_system_status.o ./src/encoder.o ./src/initializationl_functions.o ./src/logical_functions.o ./src/testperiph.o ./src/xgpio_tapp_example.o ./src/xintc_tapp_example.o ./src/xspi_selftest_example.o ./src/xuartlite_intr_tapp_example.o ./src/xuartlite_intr_tapp_example_rs485.o ./src/xuartlite_selftest_example.o ./src/xuartlite_selftest_example_rs485.o   -Wl,--start-group,-lxil,-lgcc,-lc,--end-group -Wl,--start-group,-lxilisf,-lxil,-lgcc,-lc,--end-group
'Finished building target: per_test.elf'
' '
'Invoking: MicroBlaze Print Size'
mb-size per_test.elf  |tee "per_test.elf.size"
   text	   data	    bss	    dec	    hex	filename
  25572	   1176	   6964	  33712	   83b0	per_test.elf
'Finished building: per_test.elf.size'
' '
17:16:20 **** Incremental Build of configuration Debug for project per_test ****
make all 
make: Nothing to be done for 'all'.
17:16:39 **** Auto Build of configuration Debug for project per_test ****
make all 
'Building file: ../src/xuartlite_intr_tapp_example.c'
'Invoking: MicroBlaze gcc compiler'
mb-gcc -Wall -O0 -g3 -c -fmessage-length=0 -MT"src/xuartlite_intr_tapp_example.o" -I../../start_project_bsp/microblaze_0/include -mlittle-endian -mcpu=v11.0 -mxl-soft-mul -Wl,--no-relax -ffunction-sections -fdata-sections -MMD -MP -MF"src/xuartlite_intr_tapp_example.d" -MT"src/xuartlite_intr_tapp_example.o" -o "src/xuartlite_intr_tapp_example.o" "../src/xuartlite_intr_tapp_example.c"
../src/xuartlite_intr_tapp_example.c: In function 'PrepareDataToSend':
../src/xuartlite_intr_tapp_example.c:377:20: warning: implicit declaration of function 'GetArrayCurrentStatusInt' [-Wimplicit-function-declaration]
    SendBuffer[4] = GetArrayCurrentStatusInt(reg)/256;;
                    ^~~~~~~~~~~~~~~~~~~~~~~~
../src/xuartlite_intr_tapp_example.c:413:8: warning: implicit declaration of function 'GetCRC16_B_byte' [-Wimplicit-function-declaration]
  crc = GetCRC16_B_byte(crc, SendBuffer, count_byte);
        ^~~~~~~~~~~~~~~
../src/xuartlite_intr_tapp_example.c:418:9: warning: returning 'u8 (*)[16]' {aka 'unsigned char (*)[16]'} from a function with incompatible return type 'int *' [-Wincompatible-pointer-types]
  return &SendBuffer;
         ^~~~~~~~~~~
../src/xuartlite_intr_tapp_example.c: In function 'PrepareDataToSendTest':
../src/xuartlite_intr_tapp_example.c:422:9: warning: returning 'u8 (*)[16]' {aka 'unsigned char (*)[16]'} from a function with incompatible return type 'int *' [-Wincompatible-pointer-types]
  return &SendBuffer;
         ^~~~~~~~~~~
../src/xuartlite_intr_tapp_example.c: In function 'GetData':
../src/xuartlite_intr_tapp_example.c:482:5: warning: implicit declaration of function 'SetArrayCurrentStatusInt' [-Wimplicit-function-declaration]
     SetArrayCurrentStatusInt(RecvBuffer[2], RecvBuffer[5] + 256 * RecvBuffer[4]);
     ^~~~~~~~~~~~~~~~~~~~~~~~
../src/xuartlite_intr_tapp_example.c:492:9: warning: returning 'u8 (*)[16]' {aka 'unsigned char (*)[16]'} from a function with incompatible return type 'int *' [-Wincompatible-pointer-types]
  return &SendBuffer;
         ^~~~~~~~~~~
../src/xuartlite_intr_tapp_example.c: In function 'GetRecvBuffer':
../src/xuartlite_intr_tapp_example.c:506:9: warning: returning 'u8 (*)[16]' {aka 'unsigned char (*)[16]'} from a function with incompatible return type 'int *' [-Wincompatible-pointer-types]
  return &RecvBuffer;
         ^~~~~~~~~~~
At top level:
../src/xuartlite_intr_tapp_example.c:667:13: warning: 'UartLiteDisableIntrSystem' defined but not used [-Wunused-function]
 static void UartLiteDisableIntrSystem(INTC *IntcInstancePtr,
             ^~~~~~~~~~~~~~~~~~~~~~~~~
'Finished building: ../src/xuartlite_intr_tapp_example.c'
' '
'Building target: per_test.elf'
'Invoking: MicroBlaze gcc linker'
mb-gcc -Wl,-T -Wl,../src/lscript.ld -L../../start_project_bsp/microblaze_0/lib -mlittle-endian -mcpu=v11.0 -mxl-soft-mul -Wl,--no-relax -Wl,--gc-sections -o "per_test.elf"  ./src/CRC_Functions.o ./src/PWM_tools.o ./src/adc.o ./src/control_transistor_keys.o ./src/current_system_status.o ./src/encoder.o ./src/initializationl_functions.o ./src/logical_functions.o ./src/testperiph.o ./src/xgpio_tapp_example.o ./src/xintc_tapp_example.o ./src/xspi_selftest_example.o ./src/xuartlite_intr_tapp_example.o ./src/xuartlite_intr_tapp_example_rs485.o ./src/xuartlite_selftest_example.o ./src/xuartlite_selftest_example_rs485.o   -Wl,--start-group,-lxil,-lgcc,-lc,--end-group -Wl,--start-group,-lxilisf,-lxil,-lgcc,-lc,--end-group
'Finished building target: per_test.elf'
' '
'Invoking: MicroBlaze Print Size'
mb-size per_test.elf  |tee "per_test.elf.size"
   text	   data	    bss	    dec	    hex	filename
  25572	   1176	   6964	  33712	   83b0	per_test.elf
'Finished building: per_test.elf.size'
' '
17:16:47 **** Incremental Build of configuration Debug for project per_test ****
make all 
make: Nothing to be done for 'all'.
17:17:17 **** Auto Build of configuration Debug for project per_test ****
make all 
'Building file: ../src/xuartlite_intr_tapp_example.c'
'Invoking: MicroBlaze gcc compiler'
mb-gcc -Wall -O0 -g3 -c -fmessage-length=0 -MT"src/xuartlite_intr_tapp_example.o" -I../../start_project_bsp/microblaze_0/include -mlittle-endian -mcpu=v11.0 -mxl-soft-mul -Wl,--no-relax -ffunction-sections -fdata-sections -MMD -MP -MF"src/xuartlite_intr_tapp_example.d" -MT"src/xuartlite_intr_tapp_example.o" -o "src/xuartlite_intr_tapp_example.o" "../src/xuartlite_intr_tapp_example.c"
../src/xuartlite_intr_tapp_example.c: In function 'PrepareDataToSend':
../src/xuartlite_intr_tapp_example.c:359:20: warning: implicit declaration of function 'GetArrayCurrentStatusInt' [-Wimplicit-function-declaration]
    SendBuffer[4] = GetArrayCurrentStatusInt(reg)/256;
                    ^~~~~~~~~~~~~~~~~~~~~~~~
../src/xuartlite_intr_tapp_example.c:413:8: warning: implicit declaration of function 'GetCRC16_B_byte' [-Wimplicit-function-declaration]
  crc = GetCRC16_B_byte(crc, SendBuffer, count_byte);
        ^~~~~~~~~~~~~~~
../src/xuartlite_intr_tapp_example.c:418:9: warning: returning 'u8 (*)[16]' {aka 'unsigned char (*)[16]'} from a function with incompatible return type 'int *' [-Wincompatible-pointer-types]
  return &SendBuffer;
         ^~~~~~~~~~~
../src/xuartlite_intr_tapp_example.c: In function 'PrepareDataToSendTest':
../src/xuartlite_intr_tapp_example.c:422:9: warning: returning 'u8 (*)[16]' {aka 'unsigned char (*)[16]'} from a function with incompatible return type 'int *' [-Wincompatible-pointer-types]
  return &SendBuffer;
         ^~~~~~~~~~~
../src/xuartlite_intr_tapp_example.c: In function 'GetData':
../src/xuartlite_intr_tapp_example.c:482:5: warning: implicit declaration of function 'SetArrayCurrentStatusInt' [-Wimplicit-function-declaration]
     SetArrayCurrentStatusInt(RecvBuffer[2], RecvBuffer[5] + 256 * RecvBuffer[4]);
     ^~~~~~~~~~~~~~~~~~~~~~~~
../src/xuartlite_intr_tapp_example.c:492:9: warning: returning 'u8 (*)[16]' {aka 'unsigned char (*)[16]'} from a function with incompatible return type 'int *' [-Wincompatible-pointer-types]
  return &SendBuffer;
         ^~~~~~~~~~~
../src/xuartlite_intr_tapp_example.c: In function 'GetRecvBuffer':
../src/xuartlite_intr_tapp_example.c:506:9: warning: returning 'u8 (*)[16]' {aka 'unsigned char (*)[16]'} from a function with incompatible return type 'int *' [-Wincompatible-pointer-types]
  return &RecvBuffer;
         ^~~~~~~~~~~
At top level:
../src/xuartlite_intr_tapp_example.c:667:13: warning: 'UartLiteDisableIntrSystem' defined but not used [-Wunused-function]
 static void UartLiteDisableIntrSystem(INTC *IntcInstancePtr,
             ^~~~~~~~~~~~~~~~~~~~~~~~~
'Finished building: ../src/xuartlite_intr_tapp_example.c'
' '
'Building target: per_test.elf'
'Invoking: MicroBlaze gcc linker'
mb-gcc -Wl,-T -Wl,../src/lscript.ld -L../../start_project_bsp/microblaze_0/lib -mlittle-endian -mcpu=v11.0 -mxl-soft-mul -Wl,--no-relax -Wl,--gc-sections -o "per_test.elf"  ./src/CRC_Functions.o ./src/PWM_tools.o ./src/adc.o ./src/control_transistor_keys.o ./src/current_system_status.o ./src/encoder.o ./src/initializationl_functions.o ./src/logical_functions.o ./src/testperiph.o ./src/xgpio_tapp_example.o ./src/xintc_tapp_example.o ./src/xspi_selftest_example.o ./src/xuartlite_intr_tapp_example.o ./src/xuartlite_intr_tapp_example_rs485.o ./src/xuartlite_selftest_example.o ./src/xuartlite_selftest_example_rs485.o   -Wl,--start-group,-lxil,-lgcc,-lc,--end-group -Wl,--start-group,-lxilisf,-lxil,-lgcc,-lc,--end-group
'Finished building target: per_test.elf'
' '
'Invoking: MicroBlaze Print Size'
mb-size per_test.elf  |tee "per_test.elf.size"
   text	   data	    bss	    dec	    hex	filename
  25780	   1176	   6964	  33920	   8480	per_test.elf
'Finished building: per_test.elf.size'
' '
17:17:19 **** Incremental Build of configuration Debug for project per_test ****
make all 
make: Nothing to be done for 'all'.
17:20:29 **** Auto Build of configuration Debug for project per_test ****
make all 
'Building file: ../src/xuartlite_intr_tapp_example.c'
'Invoking: MicroBlaze gcc compiler'
mb-gcc -Wall -O0 -g3 -c -fmessage-length=0 -MT"src/xuartlite_intr_tapp_example.o" -I../../start_project_bsp/microblaze_0/include -mlittle-endian -mcpu=v11.0 -mxl-soft-mul -Wl,--no-relax -ffunction-sections -fdata-sections -MMD -MP -MF"src/xuartlite_intr_tapp_example.d" -MT"src/xuartlite_intr_tapp_example.o" -o "src/xuartlite_intr_tapp_example.o" "../src/xuartlite_intr_tapp_example.c"
../src/xuartlite_intr_tapp_example.c: In function 'PrepareDataToSend':
../src/xuartlite_intr_tapp_example.c:359:16: warning: implicit declaration of function 'GetArrayCurrentStatusInt' [-Wimplicit-function-declaration]
    u32 value = GetArrayCurrentStatusInt(reg)/256;
                ^~~~~~~~~~~~~~~~~~~~~~~~
../src/xuartlite_intr_tapp_example.c:414:8: warning: implicit declaration of function 'GetCRC16_B_byte' [-Wimplicit-function-declaration]
  crc = GetCRC16_B_byte(crc, SendBuffer, count_byte);
        ^~~~~~~~~~~~~~~
../src/xuartlite_intr_tapp_example.c:419:9: warning: returning 'u8 (*)[16]' {aka 'unsigned char (*)[16]'} from a function with incompatible return type 'int *' [-Wincompatible-pointer-types]
  return &SendBuffer;
         ^~~~~~~~~~~
../src/xuartlite_intr_tapp_example.c: In function 'PrepareDataToSendTest':
../src/xuartlite_intr_tapp_example.c:423:9: warning: returning 'u8 (*)[16]' {aka 'unsigned char (*)[16]'} from a function with incompatible return type 'int *' [-Wincompatible-pointer-types]
  return &SendBuffer;
         ^~~~~~~~~~~
../src/xuartlite_intr_tapp_example.c: In function 'GetData':
../src/xuartlite_intr_tapp_example.c:483:5: warning: implicit declaration of function 'SetArrayCurrentStatusInt' [-Wimplicit-function-declaration]
     SetArrayCurrentStatusInt(RecvBuffer[2], RecvBuffer[5] + 256 * RecvBuffer[4]);
     ^~~~~~~~~~~~~~~~~~~~~~~~
../src/xuartlite_intr_tapp_example.c:493:9: warning: returning 'u8 (*)[16]' {aka 'unsigned char (*)[16]'} from a function with incompatible return type 'int *' [-Wincompatible-pointer-types]
  return &SendBuffer;
         ^~~~~~~~~~~
../src/xuartlite_intr_tapp_example.c: In function 'GetRecvBuffer':
../src/xuartlite_intr_tapp_example.c:507:9: warning: returning 'u8 (*)[16]' {aka 'unsigned char (*)[16]'} from a function with incompatible return type 'int *' [-Wincompatible-pointer-types]
  return &RecvBuffer;
         ^~~~~~~~~~~
At top level:
../src/xuartlite_intr_tapp_example.c:668:13: warning: 'UartLiteDisableIntrSystem' defined but not used [-Wunused-function]
 static void UartLiteDisableIntrSystem(INTC *IntcInstancePtr,
             ^~~~~~~~~~~~~~~~~~~~~~~~~
'Finished building: ../src/xuartlite_intr_tapp_example.c'
' '
'Building target: per_test.elf'
'Invoking: MicroBlaze gcc linker'
mb-gcc -Wl,-T -Wl,../src/lscript.ld -L../../start_project_bsp/microblaze_0/lib -mlittle-endian -mcpu=v11.0 -mxl-soft-mul -Wl,--no-relax -Wl,--gc-sections -o "per_test.elf"  ./src/CRC_Functions.o ./src/PWM_tools.o ./src/adc.o ./src/control_transistor_keys.o ./src/current_system_status.o ./src/encoder.o ./src/initializationl_functions.o ./src/logical_functions.o ./src/testperiph.o ./src/xgpio_tapp_example.o ./src/xintc_tapp_example.o ./src/xspi_selftest_example.o ./src/xuartlite_intr_tapp_example.o ./src/xuartlite_intr_tapp_example_rs485.o ./src/xuartlite_selftest_example.o ./src/xuartlite_selftest_example_rs485.o   -Wl,--start-group,-lxil,-lgcc,-lc,--end-group -Wl,--start-group,-lxilisf,-lxil,-lgcc,-lc,--end-group
'Finished building target: per_test.elf'
' '
'Invoking: MicroBlaze Print Size'
mb-size per_test.elf  |tee "per_test.elf.size"
   text	   data	    bss	    dec	    hex	filename
  25788	   1176	   6964	  33928	   8488	per_test.elf
'Finished building: per_test.elf.size'
' '
17:20:31 **** Incremental Build of configuration Debug for project per_test ****
make all 
make: Nothing to be done for 'all'.
17:20:40 **** Incremental Build of configuration Debug for project per_test ****
make all 
make: Nothing to be done for 'all'.
17:23:09 **** Auto Build of configuration Debug for project per_test ****
make all 
'Building file: ../src/logical_functions.c'
'Invoking: MicroBlaze gcc compiler'
mb-gcc -Wall -O0 -g3 -c -fmessage-length=0 -MT"src/logical_functions.o" -I../../start_project_bsp/microblaze_0/include -mlittle-endian -mcpu=v11.0 -mxl-soft-mul -Wl,--no-relax -ffunction-sections -fdata-sections -MMD -MP -MF"src/logical_functions.d" -MT"src/logical_functions.o" -o "src/logical_functions.o" "../src/logical_functions.c"
../src/logical_functions.c: In function 'GetSystemValues':
../src/logical_functions.c:17:2: warning: implicit declaration of function 'GetValueMinTimeErrorGroupTable' [-Wimplicit-function-declaration]
  GetValueMinTimeErrorGroupTable();      // получить текущие значения ошибок работы ключей (заполняем поля в control_transistor_keys.c)
  ^~~~~~~~~~~~~~~~~~~~~~~~~~~~~~
../src/logical_functions.c:18:2: warning: implicit declaration of function 'GetValueAcknowledgeErrorGroupTable' [-Wimplicit-function-declaration]
  GetValueAcknowledgeErrorGroupTable();
  ^~~~~~~~~~~~~~~~~~~~~~~~~~~~~~~~~~
../src/logical_functions.c:19:2: warning: implicit declaration of function 'GetValueCurrentErrorGroupTable' [-Wimplicit-function-declaration]
  GetValueCurrentErrorGroupTable();
  ^~~~~~~~~~~~~~~~~~~~~~~~~~~~~~
../src/logical_functions.c:21:2: warning: implicit declaration of function 'GetCurrentValueAdcTable' [-Wimplicit-function-declaration]
  GetCurrentValueAdcTable();        // получить значения АЦП (записываем массив adc_channel[] в adc.c)
  ^~~~~~~~~~~~~~~~~~~~~~~
../src/logical_functions.c:25:2: warning: implicit declaration of function 'SetArrayCurrentStatusInt' [-Wimplicit-function-declaration]
  SetArrayCurrentStatusInt(96, 254);
  ^~~~~~~~~~~~~~~~~~~~~~~~
../src/logical_functions.c:26:2: warning: implicit declaration of function 'GetValueErrorsNegativePositiveAdcTable' [-Wimplicit-function-declaration]
  GetValueErrorsNegativePositiveAdcTable();    // получить текущие значения ошибок АЦП (заполняем поля в adc.c)
  ^~~~~~~~~~~~~~~~~~~~~~~~~~~~~~~~~~~~~~
../src/logical_functions.c:27:9: warning: implicit declaration of function 'GetValueErrorsNegativePositiveAdc' [-Wimplicit-function-declaration]
  Data = GetValueErrorsNegativePositiveAdc(3);
         ^~~~~~~~~~~~~~~~~~~~~~~~~~~~~~~~~
../src/logical_functions.c:32:2: warning: implicit declaration of function 'GetCurrentValueSpeedSensorTable' [-Wimplicit-function-declaration]
  GetCurrentValueSpeedSensorTable();      // получить текущие значения с датчика положения (заполняем поля в encoder.c)
  ^~~~~~~~~~~~~~~~~~~~~~~~~~~~~~~
../src/logical_functions.c:34:2: warning: implicit declaration of function 'GpioInputRead' [-Wimplicit-function-declaration]
  GpioInputRead(&DataRead, 1);
  ^~~~~~~~~~~~~
../src/logical_functions.c:53:12: warning: implicit declaration of function 'GetArrayCurrentStatusInt' [-Wimplicit-function-declaration]
   Data = ((GetArrayCurrentStatusInt(48 + i) & 1) << i) | Data;
            ^~~~~~~~~~~~~~~~~~~~~~~~
../src/logical_functions.c:55:2: warning: implicit declaration of function 'GpioOutputWrite'; did you mean 'XGpio_DiscreteWrite'? [-Wimplicit-function-declaration]
  GpioOutputWrite(Data, 0);
  ^~~~~~~~~~~~~~~
  XGpio_DiscreteWrite
'Finished building: ../src/logical_functions.c'
' '
'Building target: per_test.elf'
'Invoking: MicroBlaze gcc linker'
mb-gcc -Wl,-T -Wl,../src/lscript.ld -L../../start_project_bsp/microblaze_0/lib -mlittle-endian -mcpu=v11.0 -mxl-soft-mul -Wl,--no-relax -Wl,--gc-sections -o "per_test.elf"  ./src/CRC_Functions.o ./src/PWM_tools.o ./src/adc.o ./src/control_transistor_keys.o ./src/current_system_status.o ./src/encoder.o ./src/initializationl_functions.o ./src/logical_functions.o ./src/testperiph.o ./src/xgpio_tapp_example.o ./src/xintc_tapp_example.o ./src/xspi_selftest_example.o ./src/xuartlite_intr_tapp_example.o ./src/xuartlite_intr_tapp_example_rs485.o ./src/xuartlite_selftest_example.o ./src/xuartlite_selftest_example_rs485.o   -Wl,--start-group,-lxil,-lgcc,-lc,--end-group -Wl,--start-group,-lxilisf,-lxil,-lgcc,-lc,--end-group
'Finished building target: per_test.elf'
' '
'Invoking: MicroBlaze Print Size'
mb-size per_test.elf  |tee "per_test.elf.size"
   text	   data	    bss	    dec	    hex	filename
  25788	   1176	   6964	  33928	   8488	per_test.elf
'Finished building: per_test.elf.size'
' '
17:23:14 **** Incremental Build of configuration Debug for project per_test ****
make all 
make: Nothing to be done for 'all'.
17:23:46 **** Incremental Build of configuration Debug for project per_test ****
make all 
'Building file: ../src/logical_functions.c'
'Invoking: MicroBlaze gcc compiler'
mb-gcc -Wall -O0 -g3 -c -fmessage-length=0 -MT"src/logical_functions.o" -I../../start_project_bsp/microblaze_0/include -mlittle-endian -mcpu=v11.0 -mxl-soft-mul -Wl,--no-relax -ffunction-sections -fdata-sections -MMD -MP -MF"src/logical_functions.d" -MT"src/logical_functions.o" -o "src/logical_functions.o" "../src/logical_functions.c"
../src/logical_functions.c: In function 'GetSystemValues':
../src/logical_functions.c:17:2: warning: implicit declaration of function 'GetValueMinTimeErrorGroupTable' [-Wimplicit-function-declaration]
  GetValueMinTimeErrorGroupTable();      // получить текущие значения ошибок работы ключей (заполняем поля в control_transistor_keys.c)
  ^~~~~~~~~~~~~~~~~~~~~~~~~~~~~~
../src/logical_functions.c:18:2: warning: implicit declaration of function 'GetValueAcknowledgeErrorGroupTable' [-Wimplicit-function-declaration]
  GetValueAcknowledgeErrorGroupTable();
  ^~~~~~~~~~~~~~~~~~~~~~~~~~~~~~~~~~
../src/logical_functions.c:19:2: warning: implicit declaration of function 'GetValueCurrentErrorGroupTable' [-Wimplicit-function-declaration]
  GetValueCurrentErrorGroupTable();
  ^~~~~~~~~~~~~~~~~~~~~~~~~~~~~~
../src/logical_functions.c:21:2: warning: implicit declaration of function 'GetCurrentValueAdcTable' [-Wimplicit-function-declaration]
  GetCurrentValueAdcTable();        // получить значения АЦП (записываем массив adc_channel[] в adc.c)
  ^~~~~~~~~~~~~~~~~~~~~~~
../src/logical_functions.c:25:2: warning: implicit declaration of function 'SetArrayCurrentStatusInt' [-Wimplicit-function-declaration]
  SetArrayCurrentStatusInt(96, 127);
  ^~~~~~~~~~~~~~~~~~~~~~~~
../src/logical_functions.c:26:2: warning: implicit declaration of function 'GetValueErrorsNegativePositiveAdcTable' [-Wimplicit-function-declaration]
  GetValueErrorsNegativePositiveAdcTable();    // получить текущие значения ошибок АЦП (заполняем поля в adc.c)
  ^~~~~~~~~~~~~~~~~~~~~~~~~~~~~~~~~~~~~~
../src/logical_functions.c:27:9: warning: implicit declaration of function 'GetValueErrorsNegativePositiveAdc' [-Wimplicit-function-declaration]
  Data = GetValueErrorsNegativePositiveAdc(3);
         ^~~~~~~~~~~~~~~~~~~~~~~~~~~~~~~~~
../src/logical_functions.c:32:2: warning: implicit declaration of function 'GetCurrentValueSpeedSensorTable' [-Wimplicit-function-declaration]
  GetCurrentValueSpeedSensorTable();      // получить текущие значения с датчика положения (заполняем поля в encoder.c)
  ^~~~~~~~~~~~~~~~~~~~~~~~~~~~~~~
../src/logical_functions.c:34:2: warning: implicit declaration of function 'GpioInputRead' [-Wimplicit-function-declaration]
  GpioInputRead(&DataRead, 1);
  ^~~~~~~~~~~~~
../src/logical_functions.c:53:12: warning: implicit declaration of function 'GetArrayCurrentStatusInt' [-Wimplicit-function-declaration]
   Data = ((GetArrayCurrentStatusInt(48 + i) & 1) << i) | Data;
            ^~~~~~~~~~~~~~~~~~~~~~~~
../src/logical_functions.c:55:2: warning: implicit declaration of function 'GpioOutputWrite'; did you mean 'XGpio_DiscreteWrite'? [-Wimplicit-function-declaration]
  GpioOutputWrite(Data, 0);
  ^~~~~~~~~~~~~~~
  XGpio_DiscreteWrite
'Finished building: ../src/logical_functions.c'
' '
'Building target: per_test.elf'
'Invoking: MicroBlaze gcc linker'
mb-gcc -Wl,-T -Wl,../src/lscript.ld -L../../start_project_bsp/microblaze_0/lib -mlittle-endian -mcpu=v11.0 -mxl-soft-mul -Wl,--no-relax -Wl,--gc-sections -o "per_test.elf"  ./src/CRC_Functions.o ./src/PWM_tools.o ./src/adc.o ./src/control_transistor_keys.o ./src/current_system_status.o ./src/encoder.o ./src/initializationl_functions.o ./src/logical_functions.o ./src/testperiph.o ./src/xgpio_tapp_example.o ./src/xintc_tapp_example.o ./src/xspi_selftest_example.o ./src/xuartlite_intr_tapp_example.o ./src/xuartlite_intr_tapp_example_rs485.o ./src/xuartlite_selftest_example.o ./src/xuartlite_selftest_example_rs485.o   -Wl,--start-group,-lxil,-lgcc,-lc,--end-group -Wl,--start-group,-lxilisf,-lxil,-lgcc,-lc,--end-group
'Finished building target: per_test.elf'
' '
'Invoking: MicroBlaze Print Size'
mb-size per_test.elf  |tee "per_test.elf.size"
   text	   data	    bss	    dec	    hex	filename
  25788	   1176	   6964	  33928	   8488	per_test.elf
'Finished building: per_test.elf.size'
' '
17:24:13 **** Incremental Build of configuration Debug for project per_test ****
make all 
'Building file: ../src/logical_functions.c'
'Invoking: MicroBlaze gcc compiler'
mb-gcc -Wall -O0 -g3 -c -fmessage-length=0 -MT"src/logical_functions.o" -I../../start_project_bsp/microblaze_0/include -mlittle-endian -mcpu=v11.0 -mxl-soft-mul -Wl,--no-relax -ffunction-sections -fdata-sections -MMD -MP -MF"src/logical_functions.d" -MT"src/logical_functions.o" -o "src/logical_functions.o" "../src/logical_functions.c"
../src/logical_functions.c: In function 'GetSystemValues':
../src/logical_functions.c:17:2: warning: implicit declaration of function 'GetValueMinTimeErrorGroupTable' [-Wimplicit-function-declaration]
  GetValueMinTimeErrorGroupTable();      // получить текущие значения ошибок работы ключей (заполняем поля в control_transistor_keys.c)
  ^~~~~~~~~~~~~~~~~~~~~~~~~~~~~~
../src/logical_functions.c:18:2: warning: implicit declaration of function 'GetValueAcknowledgeErrorGroupTable' [-Wimplicit-function-declaration]
  GetValueAcknowledgeErrorGroupTable();
  ^~~~~~~~~~~~~~~~~~~~~~~~~~~~~~~~~~
../src/logical_functions.c:19:2: warning: implicit declaration of function 'GetValueCurrentErrorGroupTable' [-Wimplicit-function-declaration]
  GetValueCurrentErrorGroupTable();
  ^~~~~~~~~~~~~~~~~~~~~~~~~~~~~~
../src/logical_functions.c:21:2: warning: implicit declaration of function 'GetCurrentValueAdcTable' [-Wimplicit-function-declaration]
  GetCurrentValueAdcTable();        // получить значения АЦП (записываем массив adc_channel[] в adc.c)
  ^~~~~~~~~~~~~~~~~~~~~~~
../src/logical_functions.c:25:2: warning: implicit declaration of function 'SetArrayCurrentStatusInt' [-Wimplicit-function-declaration]
  SetArrayCurrentStatusInt(96, 128);
  ^~~~~~~~~~~~~~~~~~~~~~~~
../src/logical_functions.c:26:2: warning: implicit declaration of function 'GetValueErrorsNegativePositiveAdcTable' [-Wimplicit-function-declaration]
  GetValueErrorsNegativePositiveAdcTable();    // получить текущие значения ошибок АЦП (заполняем поля в adc.c)
  ^~~~~~~~~~~~~~~~~~~~~~~~~~~~~~~~~~~~~~
../src/logical_functions.c:27:9: warning: implicit declaration of function 'GetValueErrorsNegativePositiveAdc' [-Wimplicit-function-declaration]
  Data = GetValueErrorsNegativePositiveAdc(3);
         ^~~~~~~~~~~~~~~~~~~~~~~~~~~~~~~~~
../src/logical_functions.c:32:2: warning: implicit declaration of function 'GetCurrentValueSpeedSensorTable' [-Wimplicit-function-declaration]
  GetCurrentValueSpeedSensorTable();      // получить текущие значения с датчика положения (заполняем поля в encoder.c)
  ^~~~~~~~~~~~~~~~~~~~~~~~~~~~~~~
../src/logical_functions.c:34:2: warning: implicit declaration of function 'GpioInputRead' [-Wimplicit-function-declaration]
  GpioInputRead(&DataRead, 1);
  ^~~~~~~~~~~~~
../src/logical_functions.c:53:12: warning: implicit declaration of function 'GetArrayCurrentStatusInt' [-Wimplicit-function-declaration]
   Data = ((GetArrayCurrentStatusInt(48 + i) & 1) << i) | Data;
            ^~~~~~~~~~~~~~~~~~~~~~~~
../src/logical_functions.c:55:2: warning: implicit declaration of function 'GpioOutputWrite'; did you mean 'XGpio_DiscreteWrite'? [-Wimplicit-function-declaration]
  GpioOutputWrite(Data, 0);
  ^~~~~~~~~~~~~~~
  XGpio_DiscreteWrite
'Finished building: ../src/logical_functions.c'
' '
'Building target: per_test.elf'
'Invoking: MicroBlaze gcc linker'
mb-gcc -Wl,-T -Wl,../src/lscript.ld -L../../start_project_bsp/microblaze_0/lib -mlittle-endian -mcpu=v11.0 -mxl-soft-mul -Wl,--no-relax -Wl,--gc-sections -o "per_test.elf"  ./src/CRC_Functions.o ./src/PWM_tools.o ./src/adc.o ./src/control_transistor_keys.o ./src/current_system_status.o ./src/encoder.o ./src/initializationl_functions.o ./src/logical_functions.o ./src/testperiph.o ./src/xgpio_tapp_example.o ./src/xintc_tapp_example.o ./src/xspi_selftest_example.o ./src/xuartlite_intr_tapp_example.o ./src/xuartlite_intr_tapp_example_rs485.o ./src/xuartlite_selftest_example.o ./src/xuartlite_selftest_example_rs485.o   -Wl,--start-group,-lxil,-lgcc,-lc,--end-group -Wl,--start-group,-lxilisf,-lxil,-lgcc,-lc,--end-group
'Finished building target: per_test.elf'
' '
'Invoking: MicroBlaze Print Size'
mb-size per_test.elf  |tee "per_test.elf.size"
   text	   data	    bss	    dec	    hex	filename
  25788	   1176	   6964	  33928	   8488	per_test.elf
'Finished building: per_test.elf.size'
' '
17:26:57 **** Incremental Build of configuration Debug for project per_test ****
make all 
'Building file: ../src/logical_functions.c'
'Invoking: MicroBlaze gcc compiler'
mb-gcc -Wall -O0 -g3 -c -fmessage-length=0 -MT"src/logical_functions.o" -I../../start_project_bsp/microblaze_0/include -mlittle-endian -mcpu=v11.0 -mxl-soft-mul -Wl,--no-relax -ffunction-sections -fdata-sections -MMD -MP -MF"src/logical_functions.d" -MT"src/logical_functions.o" -o "src/logical_functions.o" "../src/logical_functions.c"
../src/logical_functions.c: In function 'GetSystemValues':
../src/logical_functions.c:17:2: warning: implicit declaration of function 'GetValueMinTimeErrorGroupTable' [-Wimplicit-function-declaration]
  GetValueMinTimeErrorGroupTable();      // получить текущие значения ошибок работы ключей (заполняем поля в control_transistor_keys.c)
  ^~~~~~~~~~~~~~~~~~~~~~~~~~~~~~
../src/logical_functions.c:18:2: warning: implicit declaration of function 'GetValueAcknowledgeErrorGroupTable' [-Wimplicit-function-declaration]
  GetValueAcknowledgeErrorGroupTable();
  ^~~~~~~~~~~~~~~~~~~~~~~~~~~~~~~~~~
../src/logical_functions.c:19:2: warning: implicit declaration of function 'GetValueCurrentErrorGroupTable' [-Wimplicit-function-declaration]
  GetValueCurrentErrorGroupTable();
  ^~~~~~~~~~~~~~~~~~~~~~~~~~~~~~
../src/logical_functions.c:21:2: warning: implicit declaration of function 'GetCurrentValueAdcTable' [-Wimplicit-function-declaration]
  GetCurrentValueAdcTable();        // получить значения АЦП (записываем массив adc_channel[] в adc.c)
  ^~~~~~~~~~~~~~~~~~~~~~~
../src/logical_functions.c:25:2: warning: implicit declaration of function 'SetArrayCurrentStatusInt' [-Wimplicit-function-declaration]
  SetArrayCurrentStatusInt(96, 256);
  ^~~~~~~~~~~~~~~~~~~~~~~~
../src/logical_functions.c:26:2: warning: implicit declaration of function 'GetValueErrorsNegativePositiveAdcTable' [-Wimplicit-function-declaration]
  GetValueErrorsNegativePositiveAdcTable();    // получить текущие значения ошибок АЦП (заполняем поля в adc.c)
  ^~~~~~~~~~~~~~~~~~~~~~~~~~~~~~~~~~~~~~
../src/logical_functions.c:27:9: warning: implicit declaration of function 'GetValueErrorsNegativePositiveAdc' [-Wimplicit-function-declaration]
  Data = GetValueErrorsNegativePositiveAdc(3);
         ^~~~~~~~~~~~~~~~~~~~~~~~~~~~~~~~~
../src/logical_functions.c:32:2: warning: implicit declaration of function 'GetCurrentValueSpeedSensorTable' [-Wimplicit-function-declaration]
  GetCurrentValueSpeedSensorTable();      // получить текущие значения с датчика положения (заполняем поля в encoder.c)
  ^~~~~~~~~~~~~~~~~~~~~~~~~~~~~~~
../src/logical_functions.c:34:2: warning: implicit declaration of function 'GpioInputRead' [-Wimplicit-function-declaration]
  GpioInputRead(&DataRead, 1);
  ^~~~~~~~~~~~~
../src/logical_functions.c:53:12: warning: implicit declaration of function 'GetArrayCurrentStatusInt' [-Wimplicit-function-declaration]
   Data = ((GetArrayCurrentStatusInt(48 + i) & 1) << i) | Data;
            ^~~~~~~~~~~~~~~~~~~~~~~~
../src/logical_functions.c:55:2: warning: implicit declaration of function 'GpioOutputWrite'; did you mean 'XGpio_DiscreteWrite'? [-Wimplicit-function-declaration]
  GpioOutputWrite(Data, 0);
  ^~~~~~~~~~~~~~~
  XGpio_DiscreteWrite
'Finished building: ../src/logical_functions.c'
' '
'Building target: per_test.elf'
'Invoking: MicroBlaze gcc linker'
mb-gcc -Wl,-T -Wl,../src/lscript.ld -L../../start_project_bsp/microblaze_0/lib -mlittle-endian -mcpu=v11.0 -mxl-soft-mul -Wl,--no-relax -Wl,--gc-sections -o "per_test.elf"  ./src/CRC_Functions.o ./src/PWM_tools.o ./src/adc.o ./src/control_transistor_keys.o ./src/current_system_status.o ./src/encoder.o ./src/initializationl_functions.o ./src/logical_functions.o ./src/testperiph.o ./src/xgpio_tapp_example.o ./src/xintc_tapp_example.o ./src/xspi_selftest_example.o ./src/xuartlite_intr_tapp_example.o ./src/xuartlite_intr_tapp_example_rs485.o ./src/xuartlite_selftest_example.o ./src/xuartlite_selftest_example_rs485.o   -Wl,--start-group,-lxil,-lgcc,-lc,--end-group -Wl,--start-group,-lxilisf,-lxil,-lgcc,-lc,--end-group
'Finished building target: per_test.elf'
' '
'Invoking: MicroBlaze Print Size'
mb-size per_test.elf  |tee "per_test.elf.size"
   text	   data	    bss	    dec	    hex	filename
  25788	   1176	   6964	  33928	   8488	per_test.elf
'Finished building: per_test.elf.size'
' '
17:27:45 **** Incremental Build of configuration Debug for project per_test ****
make all 
'Building file: ../src/logical_functions.c'
'Invoking: MicroBlaze gcc compiler'
mb-gcc -Wall -O0 -g3 -c -fmessage-length=0 -MT"src/logical_functions.o" -I../../start_project_bsp/microblaze_0/include -mlittle-endian -mcpu=v11.0 -mxl-soft-mul -Wl,--no-relax -ffunction-sections -fdata-sections -MMD -MP -MF"src/logical_functions.d" -MT"src/logical_functions.o" -o "src/logical_functions.o" "../src/logical_functions.c"
../src/logical_functions.c: In function 'GetSystemValues':
../src/logical_functions.c:17:2: warning: implicit declaration of function 'GetValueMinTimeErrorGroupTable' [-Wimplicit-function-declaration]
  GetValueMinTimeErrorGroupTable();      // получить текущие значения ошибок работы ключей (заполняем поля в control_transistor_keys.c)
  ^~~~~~~~~~~~~~~~~~~~~~~~~~~~~~
../src/logical_functions.c:18:2: warning: implicit declaration of function 'GetValueAcknowledgeErrorGroupTable' [-Wimplicit-function-declaration]
  GetValueAcknowledgeErrorGroupTable();
  ^~~~~~~~~~~~~~~~~~~~~~~~~~~~~~~~~~
../src/logical_functions.c:19:2: warning: implicit declaration of function 'GetValueCurrentErrorGroupTable' [-Wimplicit-function-declaration]
  GetValueCurrentErrorGroupTable();
  ^~~~~~~~~~~~~~~~~~~~~~~~~~~~~~
../src/logical_functions.c:21:2: warning: implicit declaration of function 'GetCurrentValueAdcTable' [-Wimplicit-function-declaration]
  GetCurrentValueAdcTable();        // получить значения АЦП (записываем массив adc_channel[] в adc.c)
  ^~~~~~~~~~~~~~~~~~~~~~~
../src/logical_functions.c:25:2: warning: implicit declaration of function 'SetArrayCurrentStatusInt' [-Wimplicit-function-declaration]
  SetArrayCurrentStatusInt(96, 300);
  ^~~~~~~~~~~~~~~~~~~~~~~~
../src/logical_functions.c:26:2: warning: implicit declaration of function 'GetValueErrorsNegativePositiveAdcTable' [-Wimplicit-function-declaration]
  GetValueErrorsNegativePositiveAdcTable();    // получить текущие значения ошибок АЦП (заполняем поля в adc.c)
  ^~~~~~~~~~~~~~~~~~~~~~~~~~~~~~~~~~~~~~
../src/logical_functions.c:27:9: warning: implicit declaration of function 'GetValueErrorsNegativePositiveAdc' [-Wimplicit-function-declaration]
  Data = GetValueErrorsNegativePositiveAdc(3);
         ^~~~~~~~~~~~~~~~~~~~~~~~~~~~~~~~~
../src/logical_functions.c:32:2: warning: implicit declaration of function 'GetCurrentValueSpeedSensorTable' [-Wimplicit-function-declaration]
  GetCurrentValueSpeedSensorTable();      // получить текущие значения с датчика положения (заполняем поля в encoder.c)
  ^~~~~~~~~~~~~~~~~~~~~~~~~~~~~~~
../src/logical_functions.c:34:2: warning: implicit declaration of function 'GpioInputRead' [-Wimplicit-function-declaration]
  GpioInputRead(&DataRead, 1);
  ^~~~~~~~~~~~~
../src/logical_functions.c:53:12: warning: implicit declaration of function 'GetArrayCurrentStatusInt' [-Wimplicit-function-declaration]
   Data = ((GetArrayCurrentStatusInt(48 + i) & 1) << i) | Data;
            ^~~~~~~~~~~~~~~~~~~~~~~~
../src/logical_functions.c:55:2: warning: implicit declaration of function 'GpioOutputWrite'; did you mean 'XGpio_DiscreteWrite'? [-Wimplicit-function-declaration]
  GpioOutputWrite(Data, 0);
  ^~~~~~~~~~~~~~~
  XGpio_DiscreteWrite
'Finished building: ../src/logical_functions.c'
' '
'Building target: per_test.elf'
'Invoking: MicroBlaze gcc linker'
mb-gcc -Wl,-T -Wl,../src/lscript.ld -L../../start_project_bsp/microblaze_0/lib -mlittle-endian -mcpu=v11.0 -mxl-soft-mul -Wl,--no-relax -Wl,--gc-sections -o "per_test.elf"  ./src/CRC_Functions.o ./src/PWM_tools.o ./src/adc.o ./src/control_transistor_keys.o ./src/current_system_status.o ./src/encoder.o ./src/initializationl_functions.o ./src/logical_functions.o ./src/testperiph.o ./src/xgpio_tapp_example.o ./src/xintc_tapp_example.o ./src/xspi_selftest_example.o ./src/xuartlite_intr_tapp_example.o ./src/xuartlite_intr_tapp_example_rs485.o ./src/xuartlite_selftest_example.o ./src/xuartlite_selftest_example_rs485.o   -Wl,--start-group,-lxil,-lgcc,-lc,--end-group -Wl,--start-group,-lxilisf,-lxil,-lgcc,-lc,--end-group
'Finished building target: per_test.elf'
' '
'Invoking: MicroBlaze Print Size'
mb-size per_test.elf  |tee "per_test.elf.size"
   text	   data	    bss	    dec	    hex	filename
  25788	   1176	   6964	  33928	   8488	per_test.elf
'Finished building: per_test.elf.size'
' '
17:29:29 **** Auto Build of configuration Debug for project per_test ****
make all 
'Building file: ../src/logical_functions.c'
'Invoking: MicroBlaze gcc compiler'
mb-gcc -Wall -O0 -g3 -c -fmessage-length=0 -MT"src/logical_functions.o" -I../../start_project_bsp/microblaze_0/include -mlittle-endian -mcpu=v11.0 -mxl-soft-mul -Wl,--no-relax -ffunction-sections -fdata-sections -MMD -MP -MF"src/logical_functions.d" -MT"src/logical_functions.o" -o "src/logical_functions.o" "../src/logical_functions.c"
../src/logical_functions.c: In function 'GetSystemValues':
../src/logical_functions.c:17:2: warning: implicit declaration of function 'GetValueMinTimeErrorGroupTable' [-Wimplicit-function-declaration]
  GetValueMinTimeErrorGroupTable();      // получить текущие значения ошибок работы ключей (заполняем поля в control_transistor_keys.c)
  ^~~~~~~~~~~~~~~~~~~~~~~~~~~~~~
../src/logical_functions.c:18:2: warning: implicit declaration of function 'GetValueAcknowledgeErrorGroupTable' [-Wimplicit-function-declaration]
  GetValueAcknowledgeErrorGroupTable();
  ^~~~~~~~~~~~~~~~~~~~~~~~~~~~~~~~~~
../src/logical_functions.c:19:2: warning: implicit declaration of function 'GetValueCurrentErrorGroupTable' [-Wimplicit-function-declaration]
  GetValueCurrentErrorGroupTable();
  ^~~~~~~~~~~~~~~~~~~~~~~~~~~~~~
../src/logical_functions.c:21:2: warning: implicit declaration of function 'GetCurrentValueAdcTable' [-Wimplicit-function-declaration]
  GetCurrentValueAdcTable();        // получить значения АЦП (записываем массив adc_channel[] в adc.c)
  ^~~~~~~~~~~~~~~~~~~~~~~
../src/logical_functions.c:25:2: warning: implicit declaration of function 'SetArrayCurrentStatusInt' [-Wimplicit-function-declaration]
  SetArrayCurrentStatusInt(96, 32832);
  ^~~~~~~~~~~~~~~~~~~~~~~~
../src/logical_functions.c:26:2: warning: implicit declaration of function 'GetValueErrorsNegativePositiveAdcTable' [-Wimplicit-function-declaration]
  GetValueErrorsNegativePositiveAdcTable();    // получить текущие значения ошибок АЦП (заполняем поля в adc.c)
  ^~~~~~~~~~~~~~~~~~~~~~~~~~~~~~~~~~~~~~
../src/logical_functions.c:27:9: warning: implicit declaration of function 'GetValueErrorsNegativePositiveAdc' [-Wimplicit-function-declaration]
  Data = GetValueErrorsNegativePositiveAdc(3);
         ^~~~~~~~~~~~~~~~~~~~~~~~~~~~~~~~~
../src/logical_functions.c:32:2: warning: implicit declaration of function 'GetCurrentValueSpeedSensorTable' [-Wimplicit-function-declaration]
  GetCurrentValueSpeedSensorTable();      // получить текущие значения с датчика положения (заполняем поля в encoder.c)
  ^~~~~~~~~~~~~~~~~~~~~~~~~~~~~~~
[...]
  GetValueErrorsNegativePositiveAdcTable();    // получить текущие значения ошибок АЦП (заполняем поля в adc.c)
  ^~~~~~~~~~~~~~~~~~~~~~~~~~~~~~~~~~~~~~
../src/logical_functions.c:27:9: warning: implicit declaration of function 'GetValueErrorsNegativePositiveAdc' [-Wimplicit-function-declaration]
  Data = GetValueErrorsNegativePositiveAdc(3);
         ^~~~~~~~~~~~~~~~~~~~~~~~~~~~~~~~~
../src/logical_functions.c:32:2: warning: implicit declaration of function 'GetCurrentValueSpeedSensorTable' [-Wimplicit-function-declaration]
  GetCurrentValueSpeedSensorTable();      // получить текущие значения с датчика положения (заполняем поля в encoder.c)
  ^~~~~~~~~~~~~~~~~~~~~~~~~~~~~~~
../src/logical_functions.c:34:2: warning: implicit declaration of function 'GpioInputRead' [-Wimplicit-function-declaration]
  GpioInputRead(&DataRead, 1);
  ^~~~~~~~~~~~~
../src/logical_functions.c:53:12: warning: implicit declaration of function 'GetArrayCurrentStatusInt' [-Wimplicit-function-declaration]
   Data = ((GetArrayCurrentStatusInt(48 + i) & 1) << i) | Data;
            ^~~~~~~~~~~~~~~~~~~~~~~~
../src/logical_functions.c:55:2: warning: implicit declaration of function 'GpioOutputWrite'; did you mean 'XGpio_DiscreteWrite'? [-Wimplicit-function-declaration]
  GpioOutputWrite(Data, 0);
  ^~~~~~~~~~~~~~~
  XGpio_DiscreteWrite
'Finished building: ../src/logical_functions.c'
' '
'Building target: per_test.elf'
'Invoking: MicroBlaze gcc linker'
mb-gcc -Wl,-T -Wl,../src/lscript.ld -L../../start_project_bsp/microblaze_0/lib -mlittle-endian -mcpu=v11.0 -mxl-soft-mul -Wl,--no-relax -Wl,--gc-sections -o "per_test.elf"  ./src/CRC_Functions.o ./src/PWM_tools.o ./src/adc.o ./src/control_transistor_keys.o ./src/current_system_status.o ./src/encoder.o ./src/initializationl_functions.o ./src/logical_functions.o ./src/testperiph.o ./src/xgpio_tapp_example.o ./src/xintc_tapp_example.o ./src/xspi_selftest_example.o ./src/xuartlite_intr_tapp_example.o ./src/xuartlite_intr_tapp_example_rs485.o ./src/xuartlite_selftest_example.o ./src/xuartlite_selftest_example_rs485.o   -Wl,--start-group,-lxil,-lgcc,-lc,--end-group -Wl,--start-group,-lxilisf,-lxil,-lgcc,-lc,--end-group
'Finished building target: per_test.elf'
' '
'Invoking: MicroBlaze Print Size'
mb-size per_test.elf  |tee "per_test.elf.size"
   text	   data	    bss	    dec	    hex	filename
  25636	   1176	   6964	  33776	   83f0	per_test.elf
'Finished building: per_test.elf.size'
' '
14:07:09 **** Incremental Build of configuration Debug for project per_test ****
make all 
'Building file: ../src/logical_functions.c'
'Invoking: MicroBlaze gcc compiler'
mb-gcc -Wall -O0 -g3 -c -fmessage-length=0 -MT"src/logical_functions.o" -I../../start_project_bsp/microblaze_0/include -mlittle-endian -mcpu=v11.0 -mxl-soft-mul -Wl,--no-relax -ffunction-sections -fdata-sections -MMD -MP -MF"src/logical_functions.d" -MT"src/logical_functions.o" -o "src/logical_functions.o" "../src/logical_functions.c"
../src/logical_functions.c: In function 'GetSystemValues':
../src/logical_functions.c:17:2: warning: implicit declaration of function 'GetValueMinTimeErrorGroupTable' [-Wimplicit-function-declaration]
  GetValueMinTimeErrorGroupTable();      // получить текущие значения ошибок работы ключей (заполняем поля в control_transistor_keys.c)
  ^~~~~~~~~~~~~~~~~~~~~~~~~~~~~~
../src/logical_functions.c:18:2: warning: implicit declaration of function 'GetValueAcknowledgeErrorGroupTable' [-Wimplicit-function-declaration]
  GetValueAcknowledgeErrorGroupTable();
  ^~~~~~~~~~~~~~~~~~~~~~~~~~~~~~~~~~
../src/logical_functions.c:19:2: warning: implicit declaration of function 'GetValueCurrentErrorGroupTable' [-Wimplicit-function-declaration]
  GetValueCurrentErrorGroupTable();
  ^~~~~~~~~~~~~~~~~~~~~~~~~~~~~~
../src/logical_functions.c:21:2: warning: implicit declaration of function 'GetCurrentValueAdcTable' [-Wimplicit-function-declaration]
  GetCurrentValueAdcTable();        // получить значения АЦП (записываем массив adc_channel[] в adc.c)
  ^~~~~~~~~~~~~~~~~~~~~~~
../src/logical_functions.c:25:2: warning: implicit declaration of function 'SetArrayCurrentStatusInt' [-Wimplicit-function-declaration]
  SetArrayCurrentStatusInt(96, -128);
  ^~~~~~~~~~~~~~~~~~~~~~~~
../src/logical_functions.c:26:2: warning: implicit declaration of function 'GetValueErrorsNegativePositiveAdcTable' [-Wimplicit-function-declaration]
  GetValueErrorsNegativePositiveAdcTable();    // получить текущие значения ошибок АЦП (заполняем поля в adc.c)
  ^~~~~~~~~~~~~~~~~~~~~~~~~~~~~~~~~~~~~~
../src/logical_functions.c:27:9: warning: implicit declaration of function 'GetValueErrorsNegativePositiveAdc' [-Wimplicit-function-declaration]
  Data = GetValueErrorsNegativePositiveAdc(3);
         ^~~~~~~~~~~~~~~~~~~~~~~~~~~~~~~~~
../src/logical_functions.c:32:2: warning: implicit declaration of function 'GetCurrentValueSpeedSensorTable' [-Wimplicit-function-declaration]
  GetCurrentValueSpeedSensorTable();      // получить текущие значения с датчика положения (заполняем поля в encoder.c)
  ^~~~~~~~~~~~~~~~~~~~~~~~~~~~~~~
../src/logical_functions.c:34:2: warning: implicit declaration of function 'GpioInputRead' [-Wimplicit-function-declaration]
  GpioInputRead(&DataRead, 1);
  ^~~~~~~~~~~~~
../src/logical_functions.c:53:12: warning: implicit declaration of function 'GetArrayCurrentStatusInt' [-Wimplicit-function-declaration]
   Data = ((GetArrayCurrentStatusInt(48 + i) & 1) << i) | Data;
            ^~~~~~~~~~~~~~~~~~~~~~~~
../src/logical_functions.c:55:2: warning: implicit declaration of function 'GpioOutputWrite'; did you mean 'XGpio_DiscreteWrite'? [-Wimplicit-function-declaration]
  GpioOutputWrite(Data, 0);
  ^~~~~~~~~~~~~~~
  XGpio_DiscreteWrite
'Finished building: ../src/logical_functions.c'
' '
'Building target: per_test.elf'
'Invoking: MicroBlaze gcc linker'
mb-gcc -Wl,-T -Wl,../src/lscript.ld -L../../start_project_bsp/microblaze_0/lib -mlittle-endian -mcpu=v11.0 -mxl-soft-mul -Wl,--no-relax -Wl,--gc-sections -o "per_test.elf"  ./src/CRC_Functions.o ./src/PWM_tools.o ./src/adc.o ./src/control_transistor_keys.o ./src/current_system_status.o ./src/encoder.o ./src/initializationl_functions.o ./src/logical_functions.o ./src/testperiph.o ./src/xgpio_tapp_example.o ./src/xintc_tapp_example.o ./src/xspi_selftest_example.o ./src/xuartlite_intr_tapp_example.o ./src/xuartlite_intr_tapp_example_rs485.o ./src/xuartlite_selftest_example.o ./src/xuartlite_selftest_example_rs485.o   -Wl,--start-group,-lxil,-lgcc,-lc,--end-group -Wl,--start-group,-lxilisf,-lxil,-lgcc,-lc,--end-group
'Finished building target: per_test.elf'
' '
'Invoking: MicroBlaze Print Size'
mb-size per_test.elf  |tee "per_test.elf.size"
   text	   data	    bss	    dec	    hex	filename
  25636	   1176	   6964	  33776	   83f0	per_test.elf
'Finished building: per_test.elf.size'
' '
14:07:32 **** Incremental Build of configuration Debug for project per_test ****
make all 
'Building file: ../src/logical_functions.c'
'Invoking: MicroBlaze gcc compiler'
mb-gcc -Wall -O0 -g3 -c -fmessage-length=0 -MT"src/logical_functions.o" -I../../start_project_bsp/microblaze_0/include -mlittle-endian -mcpu=v11.0 -mxl-soft-mul -Wl,--no-relax -ffunction-sections -fdata-sections -MMD -MP -MF"src/logical_functions.d" -MT"src/logical_functions.o" -o "src/logical_functions.o" "../src/logical_functions.c"
../src/logical_functions.c: In function 'GetSystemValues':
../src/logical_functions.c:17:2: warning: implicit declaration of function 'GetValueMinTimeErrorGroupTable' [-Wimplicit-function-declaration]
  GetValueMinTimeErrorGroupTable();      // получить текущие значения ошибок работы ключей (заполняем поля в control_transistor_keys.c)
  ^~~~~~~~~~~~~~~~~~~~~~~~~~~~~~
../src/logical_functions.c:18:2: warning: implicit declaration of function 'GetValueAcknowledgeErrorGroupTable' [-Wimplicit-function-declaration]
  GetValueAcknowledgeErrorGroupTable();
  ^~~~~~~~~~~~~~~~~~~~~~~~~~~~~~~~~~
../src/logical_functions.c:19:2: warning: implicit declaration of function 'GetValueCurrentErrorGroupTable' [-Wimplicit-function-declaration]
  GetValueCurrentErrorGroupTable();
  ^~~~~~~~~~~~~~~~~~~~~~~~~~~~~~
../src/logical_functions.c:21:2: warning: implicit declaration of function 'GetCurrentValueAdcTable' [-Wimplicit-function-declaration]
  GetCurrentValueAdcTable();        // получить значения АЦП (записываем массив adc_channel[] в adc.c)
  ^~~~~~~~~~~~~~~~~~~~~~~
../src/logical_functions.c:25:2: warning: implicit declaration of function 'SetArrayCurrentStatusInt' [-Wimplicit-function-declaration]
  SetArrayCurrentStatusInt(96, -255);
  ^~~~~~~~~~~~~~~~~~~~~~~~
../src/logical_functions.c:26:2: warning: implicit declaration of function 'GetValueErrorsNegativePositiveAdcTable' [-Wimplicit-function-declaration]
  GetValueErrorsNegativePositiveAdcTable();    // получить текущие значения ошибок АЦП (заполняем поля в adc.c)
  ^~~~~~~~~~~~~~~~~~~~~~~~~~~~~~~~~~~~~~
../src/logical_functions.c:27:9: warning: implicit declaration of function 'GetValueErrorsNegativePositiveAdc' [-Wimplicit-function-declaration]
  Data = GetValueErrorsNegativePositiveAdc(3);
         ^~~~~~~~~~~~~~~~~~~~~~~~~~~~~~~~~
../src/logical_functions.c:32:2: warning: implicit declaration of function 'GetCurrentValueSpeedSensorTable' [-Wimplicit-function-declaration]
  GetCurrentValueSpeedSensorTable();      // получить текущие значения с датчика положения (заполняем поля в encoder.c)
  ^~~~~~~~~~~~~~~~~~~~~~~~~~~~~~~
../src/logical_functions.c:34:2: warning: implicit declaration of function 'GpioInputRead' [-Wimplicit-function-declaration]
  GpioInputRead(&DataRead, 1);
  ^~~~~~~~~~~~~
../src/logical_functions.c:53:12: warning: implicit declaration of function 'GetArrayCurrentStatusInt' [-Wimplicit-function-declaration]
   Data = ((GetArrayCurrentStatusInt(48 + i) & 1) << i) | Data;
            ^~~~~~~~~~~~~~~~~~~~~~~~
../src/logical_functions.c:55:2: warning: implicit declaration of function 'GpioOutputWrite'; did you mean 'XGpio_DiscreteWrite'? [-Wimplicit-function-declaration]
  GpioOutputWrite(Data, 0);
  ^~~~~~~~~~~~~~~
  XGpio_DiscreteWrite
'Finished building: ../src/logical_functions.c'
' '
'Building target: per_test.elf'
'Invoking: MicroBlaze gcc linker'
mb-gcc -Wl,-T -Wl,../src/lscript.ld -L../../start_project_bsp/microblaze_0/lib -mlittle-endian -mcpu=v11.0 -mxl-soft-mul -Wl,--no-relax -Wl,--gc-sections -o "per_test.elf"  ./src/CRC_Functions.o ./src/PWM_tools.o ./src/adc.o ./src/control_transistor_keys.o ./src/current_system_status.o ./src/encoder.o ./src/initializationl_functions.o ./src/logical_functions.o ./src/testperiph.o ./src/xgpio_tapp_example.o ./src/xintc_tapp_example.o ./src/xspi_selftest_example.o ./src/xuartlite_intr_tapp_example.o ./src/xuartlite_intr_tapp_example_rs485.o ./src/xuartlite_selftest_example.o ./src/xuartlite_selftest_example_rs485.o   -Wl,--start-group,-lxil,-lgcc,-lc,--end-group -Wl,--start-group,-lxilisf,-lxil,-lgcc,-lc,--end-group
'Finished building target: per_test.elf'
' '
'Invoking: MicroBlaze Print Size'
mb-size per_test.elf  |tee "per_test.elf.size"
   text	   data	    bss	    dec	    hex	filename
  25636	   1176	   6964	  33776	   83f0	per_test.elf
'Finished building: per_test.elf.size'
' '
14:07:46 **** Incremental Build of configuration Debug for project per_test ****
make all 
'Building file: ../src/logical_functions.c'
'Invoking: MicroBlaze gcc compiler'
mb-gcc -Wall -O0 -g3 -c -fmessage-length=0 -MT"src/logical_functions.o" -I../../start_project_bsp/microblaze_0/include -mlittle-endian -mcpu=v11.0 -mxl-soft-mul -Wl,--no-relax -ffunction-sections -fdata-sections -MMD -MP -MF"src/logical_functions.d" -MT"src/logical_functions.o" -o "src/logical_functions.o" "../src/logical_functions.c"
../src/logical_functions.c: In function 'GetSystemValues':
../src/logical_functions.c:17:2: warning: implicit declaration of function 'GetValueMinTimeErrorGroupTable' [-Wimplicit-function-declaration]
  GetValueMinTimeErrorGroupTable();      // получить текущие значения ошибок работы ключей (заполняем поля в control_transistor_keys.c)
  ^~~~~~~~~~~~~~~~~~~~~~~~~~~~~~
../src/logical_functions.c:18:2: warning: implicit declaration of function 'GetValueAcknowledgeErrorGroupTable' [-Wimplicit-function-declaration]
  GetValueAcknowledgeErrorGroupTable();
  ^~~~~~~~~~~~~~~~~~~~~~~~~~~~~~~~~~
../src/logical_functions.c:19:2: warning: implicit declaration of function 'GetValueCurrentErrorGroupTable' [-Wimplicit-function-declaration]
  GetValueCurrentErrorGroupTable();
  ^~~~~~~~~~~~~~~~~~~~~~~~~~~~~~
../src/logical_functions.c:21:2: warning: implicit declaration of function 'GetCurrentValueAdcTable' [-Wimplicit-function-declaration]
  GetCurrentValueAdcTable();        // получить значения АЦП (записываем массив adc_channel[] в adc.c)
  ^~~~~~~~~~~~~~~~~~~~~~~
../src/logical_functions.c:25:2: warning: implicit declaration of function 'SetArrayCurrentStatusInt' [-Wimplicit-function-declaration]
  SetArrayCurrentStatusInt(96, -256);
  ^~~~~~~~~~~~~~~~~~~~~~~~
../src/logical_functions.c:26:2: warning: implicit declaration of function 'GetValueErrorsNegativePositiveAdcTable' [-Wimplicit-function-declaration]
  GetValueErrorsNegativePositiveAdcTable();    // получить текущие значения ошибок АЦП (заполняем поля в adc.c)
  ^~~~~~~~~~~~~~~~~~~~~~~~~~~~~~~~~~~~~~
../src/logical_functions.c:27:9: warning: implicit declaration of function 'GetValueErrorsNegativePositiveAdc' [-Wimplicit-function-declaration]
  Data = GetValueErrorsNegativePositiveAdc(3);
         ^~~~~~~~~~~~~~~~~~~~~~~~~~~~~~~~~
../src/logical_functions.c:32:2: warning: implicit declaration of function 'GetCurrentValueSpeedSensorTable' [-Wimplicit-function-declaration]
  GetCurrentValueSpeedSensorTable();      // получить текущие значения с датчика положения (заполняем поля в encoder.c)
  ^~~~~~~~~~~~~~~~~~~~~~~~~~~~~~~
../src/logical_functions.c:34:2: warning: implicit declaration of function 'GpioInputRead' [-Wimplicit-function-declaration]
  GpioInputRead(&DataRead, 1);
  ^~~~~~~~~~~~~
../src/logical_functions.c:53:12: warning: implicit declaration of function 'GetArrayCurrentStatusInt' [-Wimplicit-function-declaration]
   Data = ((GetArrayCurrentStatusInt(48 + i) & 1) << i) | Data;
            ^~~~~~~~~~~~~~~~~~~~~~~~
../src/logical_functions.c:55:2: warning: implicit declaration of function 'GpioOutputWrite'; did you mean 'XGpio_DiscreteWrite'? [-Wimplicit-function-declaration]
  GpioOutputWrite(Data, 0);
  ^~~~~~~~~~~~~~~
  XGpio_DiscreteWrite
'Finished building: ../src/logical_functions.c'
' '
'Building target: per_test.elf'
'Invoking: MicroBlaze gcc linker'
mb-gcc -Wl,-T -Wl,../src/lscript.ld -L../../start_project_bsp/microblaze_0/lib -mlittle-endian -mcpu=v11.0 -mxl-soft-mul -Wl,--no-relax -Wl,--gc-sections -o "per_test.elf"  ./src/CRC_Functions.o ./src/PWM_tools.o ./src/adc.o ./src/control_transistor_keys.o ./src/current_system_status.o ./src/encoder.o ./src/initializationl_functions.o ./src/logical_functions.o ./src/testperiph.o ./src/xgpio_tapp_example.o ./src/xintc_tapp_example.o ./src/xspi_selftest_example.o ./src/xuartlite_intr_tapp_example.o ./src/xuartlite_intr_tapp_example_rs485.o ./src/xuartlite_selftest_example.o ./src/xuartlite_selftest_example_rs485.o   -Wl,--start-group,-lxil,-lgcc,-lc,--end-group -Wl,--start-group,-lxilisf,-lxil,-lgcc,-lc,--end-group
'Finished building target: per_test.elf'
' '
'Invoking: MicroBlaze Print Size'
mb-size per_test.elf  |tee "per_test.elf.size"
   text	   data	    bss	    dec	    hex	filename
  25636	   1176	   6964	  33776	   83f0	per_test.elf
'Finished building: per_test.elf.size'
' '
14:08:06 **** Incremental Build of configuration Debug for project per_test ****
make all 
'Building file: ../src/logical_functions.c'
'Invoking: MicroBlaze gcc compiler'
mb-gcc -Wall -O0 -g3 -c -fmessage-length=0 -MT"src/logical_functions.o" -I../../start_project_bsp/microblaze_0/include -mlittle-endian -mcpu=v11.0 -mxl-soft-mul -Wl,--no-relax -ffunction-sections -fdata-sections -MMD -MP -MF"src/logical_functions.d" -MT"src/logical_functions.o" -o "src/logical_functions.o" "../src/logical_functions.c"
../src/logical_functions.c: In function 'GetSystemValues':
../src/logical_functions.c:17:2: warning: implicit declaration of function 'GetValueMinTimeErrorGroupTable' [-Wimplicit-function-declaration]
  GetValueMinTimeErrorGroupTable();      // получить текущие значения ошибок работы ключей (заполняем поля в control_transistor_keys.c)
  ^~~~~~~~~~~~~~~~~~~~~~~~~~~~~~
../src/logical_functions.c:18:2: warning: implicit declaration of function 'GetValueAcknowledgeErrorGroupTable' [-Wimplicit-function-declaration]
  GetValueAcknowledgeErrorGroupTable();
  ^~~~~~~~~~~~~~~~~~~~~~~~~~~~~~~~~~
../src/logical_functions.c:19:2: warning: implicit declaration of function 'GetValueCurrentErrorGroupTable' [-Wimplicit-function-declaration]
  GetValueCurrentErrorGroupTable();
  ^~~~~~~~~~~~~~~~~~~~~~~~~~~~~~
../src/logical_functions.c:21:2: warning: implicit declaration of function 'GetCurrentValueAdcTable' [-Wimplicit-function-declaration]
  GetCurrentValueAdcTable();        // получить значения АЦП (записываем массив adc_channel[] в adc.c)
  ^~~~~~~~~~~~~~~~~~~~~~~
../src/logical_functions.c:25:2: warning: implicit declaration of function 'SetArrayCurrentStatusInt' [-Wimplicit-function-declaration]
  SetArrayCurrentStatusInt(96, -530);
  ^~~~~~~~~~~~~~~~~~~~~~~~
../src/logical_functions.c:26:2: warning: implicit declaration of function 'GetValueErrorsNegativePositiveAdcTable' [-Wimplicit-function-declaration]
  GetValueErrorsNegativePositiveAdcTable();    // получить текущие значения ошибок АЦП (заполняем поля в adc.c)
  ^~~~~~~~~~~~~~~~~~~~~~~~~~~~~~~~~~~~~~
../src/logical_functions.c:27:9: warning: implicit declaration of function 'GetValueErrorsNegativePositiveAdc' [-Wimplicit-function-declaration]
  Data = GetValueErrorsNegativePositiveAdc(3);
         ^~~~~~~~~~~~~~~~~~~~~~~~~~~~~~~~~
../src/logical_functions.c:32:2: warning: implicit declaration of function 'GetCurrentValueSpeedSensorTable' [-Wimplicit-function-declaration]
  GetCurrentValueSpeedSensorTable();      // получить текущие значения с датчика положения (заполняем поля в encoder.c)
  ^~~~~~~~~~~~~~~~~~~~~~~~~~~~~~~
../src/logical_functions.c:34:2: warning: implicit declaration of function 'GpioInputRead' [-Wimplicit-function-declaration]
  GpioInputRead(&DataRead, 1);
  ^~~~~~~~~~~~~
../src/logical_functions.c:53:12: warning: implicit declaration of function 'GetArrayCurrentStatusInt' [-Wimplicit-function-declaration]
   Data = ((GetArrayCurrentStatusInt(48 + i) & 1) << i) | Data;
            ^~~~~~~~~~~~~~~~~~~~~~~~
../src/logical_functions.c:55:2: warning: implicit declaration of function 'GpioOutputWrite'; did you mean 'XGpio_DiscreteWrite'? [-Wimplicit-function-declaration]
  GpioOutputWrite(Data, 0);
  ^~~~~~~~~~~~~~~
  XGpio_DiscreteWrite
'Finished building: ../src/logical_functions.c'
' '
'Building target: per_test.elf'
'Invoking: MicroBlaze gcc linker'
mb-gcc -Wl,-T -Wl,../src/lscript.ld -L../../start_project_bsp/microblaze_0/lib -mlittle-endian -mcpu=v11.0 -mxl-soft-mul -Wl,--no-relax -Wl,--gc-sections -o "per_test.elf"  ./src/CRC_Functions.o ./src/PWM_tools.o ./src/adc.o ./src/control_transistor_keys.o ./src/current_system_status.o ./src/encoder.o ./src/initializationl_functions.o ./src/logical_functions.o ./src/testperiph.o ./src/xgpio_tapp_example.o ./src/xintc_tapp_example.o ./src/xspi_selftest_example.o ./src/xuartlite_intr_tapp_example.o ./src/xuartlite_intr_tapp_example_rs485.o ./src/xuartlite_selftest_example.o ./src/xuartlite_selftest_example_rs485.o   -Wl,--start-group,-lxil,-lgcc,-lc,--end-group -Wl,--start-group,-lxilisf,-lxil,-lgcc,-lc,--end-group
'Finished building target: per_test.elf'
' '
'Invoking: MicroBlaze Print Size'
mb-size per_test.elf  |tee "per_test.elf.size"
   text	   data	    bss	    dec	    hex	filename
  25636	   1176	   6964	  33776	   83f0	per_test.elf
'Finished building: per_test.elf.size'
' '
