17:17:20 **** Incremental Build of configuration Debug for project per_test ****
make all 
make: Nothing to be done for 'all'.
17:17:27 **** Incremental Build of configuration Debug for project per_test ****
make all 
make: Nothing to be done for 'all'.
17:18:10 **** Incremental Build of configuration Debug for project per_test ****
make all 
'Building file: ../src/testperiph.c'
'Invoking: MicroBlaze gcc compiler'
mb-gcc -Wall -O0 -g3 -c -fmessage-length=0 -MT"src/testperiph.o" -I../../start_project_bsp/microblaze_0/include -mlittle-endian -mcpu=v11.0 -mxl-soft-mul -Wl,--no-relax -ffunction-sections -fdata-sections -MMD -MP -MF"src/testperiph.d" -MT"src/testperiph.o" -o "src/testperiph.o" "../src/testperiph.c"
../src/testperiph.c: In function 'main':
../src/testperiph.c:85:5: warning: implicit declaration of function 'GetSystemValues' [-Wimplicit-function-declaration]
     GetSystemValues();
     ^~~~~~~~~~~~~~~
../src/testperiph.c:86:5: warning: implicit declaration of function 'SetValuesInAddressSpace' [-Wimplicit-function-declaration]
     SetValuesInAddressSpace();
     ^~~~~~~~~~~~~~~~~~~~~~~
../src/testperiph.c:109:13: warning: implicit declaration of function 'TestCheckTotalRecvCount' [-Wimplicit-function-declaration]
         if (TestCheckTotalRecvCount() != 0) {
             ^~~~~~~~~~~~~~~~~~~~~~~
../src/testperiph.c:114:11: warning: implicit declaration of function 'SendData' [-Wimplicit-function-declaration]
           SendData(&axi_uartlite_0_UartLite, GetData(&axi_uartlite_0_UartLite));
           ^~~~~~~~
../src/testperiph.c:114:46: warning: implicit declaration of function 'GetData' [-Wimplicit-function-declaration]
           SendData(&axi_uartlite_0_UartLite, GetData(&axi_uartlite_0_UartLite));
                                              ^~~~~~~
../src/testperiph.c:72:8: warning: unused variable 'count8' [-Wunused-variable]
    u32 count8 = 0x00;
        ^~~~~~
../src/testperiph.c:71:8: warning: unused variable 'count' [-Wunused-variable]
    u32 count = 0;
        ^~~~~
../src/testperiph.c:57:6: warning: unused variable 'latch' [-Wunused-variable]
  int latch = 0;
      ^~~~~
'Finished building: ../src/testperiph.c'
' '
'Building target: per_test.elf'
'Invoking: MicroBlaze gcc linker'
mb-gcc -Wl,-T -Wl,../src/lscript.ld -L../../start_project_bsp/microblaze_0/lib -mlittle-endian -mcpu=v11.0 -mxl-soft-mul -Wl,--no-relax -Wl,--gc-sections -o "per_test.elf"  ./src/CRC_Functions.o ./src/current_system_status.o ./src/initializationl_functions.o ./src/logical_functions.o ./src/testperiph.o ./src/xgpio_tapp_example.o ./src/xintc_tapp_example.o ./src/xspi_selftest_example.o ./src/xuartlite_intr_tapp_example.o ./src/xuartlite_selftest_example.o   -Wl,--start-group,-lxil,-lgcc,-lc,--end-group -Wl,--start-group,-lxilisf,-lxil,-lgcc,-lc,--end-group
'Finished building target: per_test.elf'
' '
'Invoking: MicroBlaze Print Size'
mb-size per_test.elf  |tee "per_test.elf.size"
   text	   data	    bss	    dec	    hex	filename
  13360	    908	   5852	  20120	   4e98	per_test.elf
'Finished building: per_test.elf.size'
' '
17:18:58 **** Auto Build of configuration Debug for project per_test ****
make all 
'Building file: ../src/logical_functions.c'
'Invoking: MicroBlaze gcc compiler'
mb-gcc -Wall -O0 -g3 -c -fmessage-length=0 -MT"src/logical_functions.o" -I../../start_project_bsp/microblaze_0/include -mlittle-endian -mcpu=v11.0 -mxl-soft-mul -Wl,--no-relax -ffunction-sections -fdata-sections -MMD -MP -MF"src/logical_functions.d" -MT"src/logical_functions.o" -o "src/logical_functions.o" "../src/logical_functions.c"
../src/logical_functions.c: In function 'GetSystemValues':
../src/logical_functions.c:15:2: warning: implicit declaration of function 'GpioInputRead' [-Wimplicit-function-declaration]
  GpioInputRead(&DataRead);
  ^~~~~~~~~~~~~
../src/logical_functions.c:16:2: warning: implicit declaration of function 'SetArrayCurrentStatusInt' [-Wimplicit-function-declaration]
  SetArrayCurrentStatusInt(100, DataRead);
  ^~~~~~~~~~~~~~~~~~~~~~~~
../src/logical_functions.c:17:2: warning: implicit declaration of function 'GpioOutputWrite'; did you mean 'XGpio_DiscreteWrite'? [-Wimplicit-function-declaration]
  GpioOutputWrite(GetArrayCurrentStatusInt(48));
  ^~~~~~~~~~~~~~~
  XGpio_DiscreteWrite
../src/logical_functions.c:17:18: warning: implicit declaration of function 'GetArrayCurrentStatusInt' [-Wimplicit-function-declaration]
  GpioOutputWrite(GetArrayCurrentStatusInt(48));
                  ^~~~~~~~~~~~~~~~~~~~~~~~
'Finished building: ../src/logical_functions.c'
' '
'Building file: ../src/testperiph.c'
'Invoking: MicroBlaze gcc compiler'
mb-gcc -Wall -O0 -g3 -c -fmessage-length=0 -MT"src/testperiph.o" -I../../start_project_bsp/microblaze_0/include -mlittle-endian -mcpu=v11.0 -mxl-soft-mul -Wl,--no-relax -ffunction-sections -fdata-sections -MMD -MP -MF"src/testperiph.d" -MT"src/testperiph.o" -o "src/testperiph.o" "../src/testperiph.c"
../src/testperiph.c: In function 'main':
../src/testperiph.c:85:5: warning: implicit declaration of function 'GetSystemValues' [-Wimplicit-function-declaration]
     GetSystemValues();
     ^~~~~~~~~~~~~~~
../src/testperiph.c:86:5: warning: implicit declaration of function 'SetValuesInAddressSpace' [-Wimplicit-function-declaration]
     SetValuesInAddressSpace();
     ^~~~~~~~~~~~~~~~~~~~~~~
../src/testperiph.c:109:13: warning: implicit declaration of function 'TestCheckTotalRecvCount' [-Wimplicit-function-declaration]
         if (TestCheckTotalRecvCount() != 0) {
             ^~~~~~~~~~~~~~~~~~~~~~~
../src/testperiph.c:114:11: warning: implicit declaration of function 'SendData' [-Wimplicit-function-declaration]
           SendData(&axi_uartlite_0_UartLite, GetData(&axi_uartlite_0_UartLite));
           ^~~~~~~~
../src/testperiph.c:114:46: warning: implicit declaration of function 'GetData' [-Wimplicit-function-declaration]
           SendData(&axi_uartlite_0_UartLite, GetData(&axi_uartlite_0_UartLite));
                                              ^~~~~~~
../src/testperiph.c:72:8: warning: unused variable 'count8' [-Wunused-variable]
    u32 count8 = 0x00;
        ^~~~~~
../src/testperiph.c:71:8: warning: unused variable 'count' [-Wunused-variable]
    u32 count = 0;
        ^~~~~
../src/testperiph.c:57:6: warning: unused variable 'latch' [-Wunused-variable]
  int latch = 0;
      ^~~~~
'Finished building: ../src/testperiph.c'
' '
'Building target: per_test.elf'
'Invoking: MicroBlaze gcc linker'
mb-gcc -Wl,-T -Wl,../src/lscript.ld -L../../start_project_bsp/microblaze_0/lib -mlittle-endian -mcpu=v11.0 -mxl-soft-mul -Wl,--no-relax -Wl,--gc-sections -o "per_test.elf"  ./src/CRC_Functions.o ./src/current_system_status.o ./src/initializationl_functions.o ./src/logical_functions.o ./src/testperiph.o ./src/xgpio_tapp_example.o ./src/xintc_tapp_example.o ./src/xspi_selftest_example.o ./src/xuartlite_intr_tapp_example.o ./src/xuartlite_selftest_example.o   -Wl,--start-group,-lxil,-lgcc,-lc,--end-group -Wl,--start-group,-lxilisf,-lxil,-lgcc,-lc,--end-group
'Finished building target: per_test.elf'
' '
'Invoking: MicroBlaze Print Size'
mb-size per_test.elf  |tee "per_test.elf.size"
   text	   data	    bss	    dec	    hex	filename
  13360	    908	   5852	  20120	   4e98	per_test.elf
'Finished building: per_test.elf.size'
' '
17:19:00 **** Incremental Build of configuration Debug for project per_test ****
make all 
make: Nothing to be done for 'all'.
17:20:20 **** Auto Build of configuration Debug for project per_test ****
make all 
'Building file: ../src/logical_functions.c'
'Invoking: MicroBlaze gcc compiler'
mb-gcc -Wall -O0 -g3 -c -fmessage-length=0 -MT"src/logical_functions.o" -I../../start_project_bsp/microblaze_0/include -mlittle-endian -mcpu=v11.0 -mxl-soft-mul -Wl,--no-relax -ffunction-sections -fdata-sections -MMD -MP -MF"src/logical_functions.d" -MT"src/logical_functions.o" -o "src/logical_functions.o" "../src/logical_functions.c"
../src/logical_functions.c: In function 'GetSystemValues':
../src/logical_functions.c:15:2: warning: implicit declaration of function 'GpioInputRead' [-Wimplicit-function-declaration]
  GpioInputRead(&DataRead);
  ^~~~~~~~~~~~~
../src/logical_functions.c:16:2: warning: implicit declaration of function 'SetArrayCurrentStatusInt' [-Wimplicit-function-declaration]
  SetArrayCurrentStatusInt(100, DataRead);
  ^~~~~~~~~~~~~~~~~~~~~~~~
'Finished building: ../src/logical_functions.c'
' '
'Building file: ../src/testperiph.c'
'Invoking: MicroBlaze gcc compiler'
mb-gcc -Wall -O0 -g3 -c -fmessage-length=0 -MT"src/testperiph.o" -I../../start_project_bsp/microblaze_0/include -mlittle-endian -mcpu=v11.0 -mxl-soft-mul -Wl,--no-relax -ffunction-sections -fdata-sections -MMD -MP -MF"src/testperiph.d" -MT"src/testperiph.o" -o "src/testperiph.o" "../src/testperiph.c"
../src/testperiph.c: In function 'main':
../src/testperiph.c:85:5: warning: implicit declaration of function 'GetSystemValues' [-Wimplicit-function-declaration]
     GetSystemValues();
     ^~~~~~~~~~~~~~~
../src/testperiph.c:109:13: warning: implicit declaration of function 'TestCheckTotalRecvCount' [-Wimplicit-function-declaration]
         if (TestCheckTotalRecvCount() != 0) {
             ^~~~~~~~~~~~~~~~~~~~~~~
../src/testperiph.c:114:11: warning: implicit declaration of function 'SendData' [-Wimplicit-function-declaration]
           SendData(&axi_uartlite_0_UartLite, GetData(&axi_uartlite_0_UartLite));
           ^~~~~~~~
../src/testperiph.c:114:46: warning: implicit declaration of function 'GetData' [-Wimplicit-function-declaration]
           SendData(&axi_uartlite_0_UartLite, GetData(&axi_uartlite_0_UartLite));
                                              ^~~~~~~
../src/testperiph.c:136:13: warning: implicit declaration of function 'GetByte'; did you mean 'outbyte'? [-Wimplicit-function-declaration]
         if (GetByte(2) == 48) GpioOutputWrite(GetByte(5));
             ^~~~~~~
             outbyte
../src/testperiph.c:136:31: warning: implicit declaration of function 'GpioOutputWrite'; did you mean 'XGpio_DiscreteWrite'? [-Wimplicit-function-declaration]
         if (GetByte(2) == 48) GpioOutputWrite(GetByte(5));
                               ^~~~~~~~~~~~~~~
                               XGpio_DiscreteWrite
../src/testperiph.c:72:8: warning: unused variable 'count8' [-Wunused-variable]
    u32 count8 = 0x00;
        ^~~~~~
../src/testperiph.c:71:8: warning: unused variable 'count' [-Wunused-variable]
    u32 count = 0;
        ^~~~~
../src/testperiph.c:57:6: warning: unused variable 'latch' [-Wunused-variable]
  int latch = 0;
      ^~~~~
'Finished building: ../src/testperiph.c'
' '
'Building target: per_test.elf'
'Invoking: MicroBlaze gcc linker'
mb-gcc -Wl,-T -Wl,../src/lscript.ld -L../../start_project_bsp/microblaze_0/lib -mlittle-endian -mcpu=v11.0 -mxl-soft-mul -Wl,--no-relax -Wl,--gc-sections -o "per_test.elf"  ./src/CRC_Functions.o ./src/current_system_status.o ./src/initializationl_functions.o ./src/logical_functions.o ./src/testperiph.o ./src/xgpio_tapp_example.o ./src/xintc_tapp_example.o ./src/xspi_selftest_example.o ./src/xuartlite_intr_tapp_example.o ./src/xuartlite_selftest_example.o   -Wl,--start-group,-lxil,-lgcc,-lc,--end-group -Wl,--start-group,-lxilisf,-lxil,-lgcc,-lc,--end-group
'Finished building target: per_test.elf'
' '
'Invoking: MicroBlaze Print Size'
mb-size per_test.elf  |tee "per_test.elf.size"
   text	   data	    bss	    dec	    hex	filename
  13288	    908	   5852	  20048	   4e50	per_test.elf
'Finished building: per_test.elf.size'
' '
17:20:58 **** Incremental Build of configuration Debug for project per_test ****
make all 
make: Nothing to be done for 'all'.
17:21:52 **** Auto Build of configuration Debug for project per_test ****
make all 
'Building file: ../src/xuartlite_intr_tapp_example.c'
'Invoking: MicroBlaze gcc compiler'
mb-gcc -Wall -O0 -g3 -c -fmessage-length=0 -MT"src/xuartlite_intr_tapp_example.o" -I../../start_project_bsp/microblaze_0/include -mlittle-endian -mcpu=v11.0 -mxl-soft-mul -Wl,--no-relax -ffunction-sections -fdata-sections -MMD -MP -MF"src/xuartlite_intr_tapp_example.d" -MT"src/xuartlite_intr_tapp_example.o" -o "src/xuartlite_intr_tapp_example.o" "../src/xuartlite_intr_tapp_example.c"
../src/xuartlite_intr_tapp_example.c: In function 'PrepareDataToSend':
../src/xuartlite_intr_tapp_example.c:360:20: warning: implicit declaration of function 'GetArrayCurrentStatusInt' [-Wimplicit-function-declaration]
    SendBuffer[5] = GetArrayCurrentStatusInt(reg);
                    ^~~~~~~~~~~~~~~~~~~~~~~~
../src/xuartlite_intr_tapp_example.c:411:8: warning: implicit declaration of function 'GetCRC16_B_byte' [-Wimplicit-function-declaration]
  crc = GetCRC16_B_byte(crc, SendBuffer, count_byte);
        ^~~~~~~~~~~~~~~
../src/xuartlite_intr_tapp_example.c:416:9: warning: returning 'u8 (*)[16]' {aka 'unsigned char (*)[16]'} from a function with incompatible return type 'int *' [-Wincompatible-pointer-types]
  return &SendBuffer;
         ^~~~~~~~~~~
../src/xuartlite_intr_tapp_example.c: In function 'PrepareDataToSendTest':
../src/xuartlite_intr_tapp_example.c:420:9: warning: returning 'u8 (*)[16]' {aka 'unsigned char (*)[16]'} from a function with incompatible return type 'int *' [-Wincompatible-pointer-types]
  return &SendBuffer;
         ^~~~~~~~~~~
../src/xuartlite_intr_tapp_example.c: In function 'GetData':
../src/xuartlite_intr_tapp_example.c:490:9: warning: returning 'u8 (*)[16]' {aka 'unsigned char (*)[16]'} from a function with incompatible return type 'int *' [-Wincompatible-pointer-types]
  return &SendBuffer;
         ^~~~~~~~~~~
../src/xuartlite_intr_tapp_example.c: In function 'GetRecvBuffer':
../src/xuartlite_intr_tapp_example.c:504:9: warning: returning 'u8 (*)[16]' {aka 'unsigned char (*)[16]'} from a function with incompatible return type 'int *' [-Wincompatible-pointer-types]
  return &RecvBuffer;
         ^~~~~~~~~~~
At top level:
../src/xuartlite_intr_tapp_example.c:665:13: warning: 'UartLiteDisableIntrSystem' defined but not used [-Wunused-function]
 static void UartLiteDisableIntrSystem(INTC *IntcInstancePtr,
             ^~~~~~~~~~~~~~~~~~~~~~~~~
'Finished building: ../src/xuartlite_intr_tapp_example.c'
' '
'Building target: per_test.elf'
'Invoking: MicroBlaze gcc linker'
mb-gcc -Wl,-T -Wl,../src/lscript.ld -L../../start_project_bsp/microblaze_0/lib -mlittle-endian -mcpu=v11.0 -mxl-soft-mul -Wl,--no-relax -Wl,--gc-sections -o "per_test.elf"  ./src/CRC_Functions.o ./src/current_system_status.o ./src/initializationl_functions.o ./src/logical_functions.o ./src/testperiph.o ./src/xgpio_tapp_example.o ./src/xintc_tapp_example.o ./src/xspi_selftest_example.o ./src/xuartlite_intr_tapp_example.o ./src/xuartlite_selftest_example.o   -Wl,--start-group,-lxil,-lgcc,-lc,--end-group -Wl,--start-group,-lxilisf,-lxil,-lgcc,-lc,--end-group
'Finished building target: per_test.elf'
' '
'Invoking: MicroBlaze Print Size'
mb-size per_test.elf  |tee "per_test.elf.size"
   text	   data	    bss	    dec	    hex	filename
  13312	    908	   5852	  20072	   4e68	per_test.elf
'Finished building: per_test.elf.size'
' '
17:21:54 **** Incremental Build of configuration Debug for project per_test ****
make all 
make: Nothing to be done for 'all'.
17:24:39 **** Auto Build of configuration Debug for project per_test ****
make all 
'Building file: ../src/testperiph.c'
'Invoking: MicroBlaze gcc compiler'
mb-gcc -Wall -O0 -g3 -c -fmessage-length=0 -MT"src/testperiph.o" -I../../start_project_bsp/microblaze_0/include -mlittle-endian -mcpu=v11.0 -mxl-soft-mul -Wl,--no-relax -ffunction-sections -fdata-sections -MMD -MP -MF"src/testperiph.d" -MT"src/testperiph.o" -o "src/testperiph.o" "../src/testperiph.c"
../src/testperiph.c: In function 'main':
../src/testperiph.c:85:5: warning: implicit declaration of function 'GetSystemValues' [-Wimplicit-function-declaration]
     GetSystemValues();
     ^~~~~~~~~~~~~~~
../src/testperiph.c:109:13: warning: implicit declaration of function 'TestCheckTotalRecvCount' [-Wimplicit-function-declaration]
         if (TestCheckTotalRecvCount() != 0) {
             ^~~~~~~~~~~~~~~~~~~~~~~
../src/testperiph.c:114:11: warning: implicit declaration of function 'SendData' [-Wimplicit-function-declaration]
           SendData(&axi_uartlite_0_UartLite, GetData(&axi_uartlite_0_UartLite));
           ^~~~~~~~
../src/testperiph.c:114:46: warning: implicit declaration of function 'GetData' [-Wimplicit-function-declaration]
           SendData(&axi_uartlite_0_UartLite, GetData(&axi_uartlite_0_UartLite));
                                              ^~~~~~~
../src/testperiph.c:72:8: warning: unused variable 'count8' [-Wunused-variable]
    u32 count8 = 0x00;
        ^~~~~~
../src/testperiph.c:71:8: warning: unused variable 'count' [-Wunused-variable]
    u32 count = 0;
        ^~~~~
../src/testperiph.c:57:6: warning: unused variable 'latch' [-Wunused-variable]
  int latch = 0;
      ^~~~~
'Finished building: ../src/testperiph.c'
' '
'Building file: ../src/xuartlite_intr_tapp_example.c'
'Invoking: MicroBlaze gcc compiler'
mb-gcc -Wall -O0 -g3 -c -fmessage-length=0 -MT"src/xuartlite_intr_tapp_example.o" -I../../start_project_bsp/microblaze_0/include -mlittle-endian -mcpu=v11.0 -mxl-soft-mul -Wl,--no-relax -ffunction-sections -fdata-sections -MMD -MP -MF"src/xuartlite_intr_tapp_example.d" -MT"src/xuartlite_intr_tapp_example.o" -o "src/xuartlite_intr_tapp_example.o" "../src/xuartlite_intr_tapp_example.c"
../src/xuartlite_intr_tapp_example.c: In function 'PrepareDataToSend':
../src/xuartlite_intr_tapp_example.c:360:20: warning: implicit declaration of function 'GetArrayCurrentStatusInt' [-Wimplicit-function-declaration]
    SendBuffer[5] = GetArrayCurrentStatusInt(reg);
                    ^~~~~~~~~~~~~~~~~~~~~~~~
../src/xuartlite_intr_tapp_example.c:411:8: warning: implicit declaration of function 'GetCRC16_B_byte' [-Wimplicit-function-declaration]
  crc = GetCRC16_B_byte(crc, SendBuffer, count_byte);
        ^~~~~~~~~~~~~~~
../src/xuartlite_intr_tapp_example.c:416:9: warning: returning 'u8 (*)[16]' {aka 'unsigned char (*)[16]'} from a function with incompatible return type 'int *' [-Wincompatible-pointer-types]
  return &SendBuffer;
         ^~~~~~~~~~~
../src/xuartlite_intr_tapp_example.c: In function 'PrepareDataToSendTest':
../src/xuartlite_intr_tapp_example.c:420:9: warning: returning 'u8 (*)[16]' {aka 'unsigned char (*)[16]'} from a function with incompatible return type 'int *' [-Wincompatible-pointer-types]
  return &SendBuffer;
         ^~~~~~~~~~~
../src/xuartlite_intr_tapp_example.c: In function 'GetData':
../src/xuartlite_intr_tapp_example.c:480:5: warning: implicit declaration of function 'SetArrayCurrentStatusInt' [-Wimplicit-function-declaration]
     SetArrayCurrentStatusInt(RecvBuffer[2], RecvBuffer[5]);
     ^~~~~~~~~~~~~~~~~~~~~~~~
../src/xuartlite_intr_tapp_example.c:490:9: warning: returning 'u8 (*)[16]' {aka 'unsigned char (*)[16]'} from a function with incompatible return type 'int *' [-Wincompatible-pointer-types]
  return &SendBuffer;
         ^~~~~~~~~~~
../src/xuartlite_intr_tapp_example.c: In function 'GetRecvBuffer':
../src/xuartlite_intr_tapp_example.c:504:9: warning: returning 'u8 (*)[16]' {aka 'unsigned char (*)[16]'} from a function with incompatible return type 'int *' [-Wincompatible-pointer-types]
  return &RecvBuffer;
         ^~~~~~~~~~~
At top level:
../src/xuartlite_intr_tapp_example.c:665:13: warning: 'UartLiteDisableIntrSystem' defined but not used [-Wunused-function]
 static void UartLiteDisableIntrSystem(INTC *IntcInstancePtr,
             ^~~~~~~~~~~~~~~~~~~~~~~~~
'Finished building: ../src/xuartlite_intr_tapp_example.c'
' '
'Building target: per_test.elf'
'Invoking: MicroBlaze gcc linker'
mb-gcc -Wl,-T -Wl,../src/lscript.ld -L../../start_project_bsp/microblaze_0/lib -mlittle-endian -mcpu=v11.0 -mxl-soft-mul -Wl,--no-relax -Wl,--gc-sections -o "per_test.elf"  ./src/CRC_Functions.o ./src/current_system_status.o ./src/initializationl_functions.o ./src/logical_functions.o ./src/testperiph.o ./src/xgpio_tapp_example.o ./src/xintc_tapp_example.o ./src/xspi_selftest_example.o ./src/xuartlite_intr_tapp_example.o ./src/xuartlite_selftest_example.o   -Wl,--start-group,-lxil,-lgcc,-lc,--end-group -Wl,--start-group,-lxilisf,-lxil,-lgcc,-lc,--end-group
'Finished building target: per_test.elf'
' '
'Invoking: MicroBlaze Print Size'
mb-size per_test.elf  |tee "per_test.elf.size"
   text	   data	    bss	    dec	    hex	filename
  13168	    908	   5852	  19928	   4dd8	per_test.elf
'Finished building: per_test.elf.size'
' '
17:25:15 **** Auto Build of configuration Debug for project per_test ****
make all 
'Building file: ../src/testperiph.c'
'Invoking: MicroBlaze gcc compiler'
mb-gcc -Wall -O0 -g3 -c -fmessage-length=0 -MT"src/testperiph.o" -I../../start_project_bsp/microblaze_0/include -mlittle-endian -mcpu=v11.0 -mxl-soft-mul -Wl,--no-relax -ffunction-sections -fdata-sections -MMD -MP -MF"src/testperiph.d" -MT"src/testperiph.o" -o "src/testperiph.o" "../src/testperiph.c"
../src/testperiph.c: In function 'main':
../src/testperiph.c:85:5: warning: implicit declaration of function 'GetSystemValues' [-Wimplicit-function-declaration]
     GetSystemValues();
     ^~~~~~~~~~~~~~~
../src/testperiph.c:109:13: warning: implicit declaration of function 'TestCheckTotalRecvCount' [-Wimplicit-function-declaration]
         if (TestCheckTotalRecvCount() != 0) {
             ^~~~~~~~~~~~~~~~~~~~~~~
../src/testperiph.c:114:11: warning: implicit declaration of function 'SendData' [-Wimplicit-function-declaration]
           SendData(&axi_uartlite_0_UartLite, GetData(&axi_uartlite_0_UartLite));
           ^~~~~~~~
../src/testperiph.c:114:46: warning: implicit declaration of function 'GetData' [-Wimplicit-function-declaration]
           SendData(&axi_uartlite_0_UartLite, GetData(&axi_uartlite_0_UartLite));
                                              ^~~~~~~
../src/testperiph.c:136:13: warning: implicit declaration of function 'GetByte'; did you mean 'outbyte'? [-Wimplicit-function-declaration]
         if (GetByte(2) == 48) GpioOutputWrite(GetByte(5));
             ^~~~~~~
             outbyte
../src/testperiph.c:136:31: warning: implicit declaration of function 'GpioOutputWrite'; did you mean 'XGpio_DiscreteWrite'? [-Wimplicit-function-declaration]
         if (GetByte(2) == 48) GpioOutputWrite(GetByte(5));
                               ^~~~~~~~~~~~~~~
                               XGpio_DiscreteWrite
../src/testperiph.c:72:8: warning: unused variable 'count8' [-Wunused-variable]
    u32 count8 = 0x00;
        ^~~~~~
../src/testperiph.c:71:8: warning: unused variable 'count' [-Wunused-variable]
    u32 count = 0;
        ^~~~~
../src/testperiph.c:57:6: warning: unused variable 'latch' [-Wunused-variable]
  int latch = 0;
      ^~~~~
'Finished building: ../src/testperiph.c'
' '
'Building target: per_test.elf'
'Invoking: MicroBlaze gcc linker'
mb-gcc -Wl,-T -Wl,../src/lscript.ld -L../../start_project_bsp/microblaze_0/lib -mlittle-endian -mcpu=v11.0 -mxl-soft-mul -Wl,--no-relax -Wl,--gc-sections -o "per_test.elf"  ./src/CRC_Functions.o ./src/current_system_status.o ./src/initializationl_functions.o ./src/logical_functions.o ./src/testperiph.o ./src/xgpio_tapp_example.o ./src/xintc_tapp_example.o ./src/xspi_selftest_example.o ./src/xuartlite_intr_tapp_example.o ./src/xuartlite_selftest_example.o   -Wl,--start-group,-lxil,-lgcc,-lc,--end-group -Wl,--start-group,-lxilisf,-lxil,-lgcc,-lc,--end-group
'Finished building target: per_test.elf'
' '
'Invoking: MicroBlaze Print Size'
mb-size per_test.elf  |tee "per_test.elf.size"
   text	   data	    bss	    dec	    hex	filename
  13352	    908	   5852	  20112	   4e90	per_test.elf
'Finished building: per_test.elf.size'
' '
17:25:19 **** Incremental Build of configuration Debug for project per_test ****
make all 
make: Nothing to be done for 'all'.
17:27:52 **** Incremental Build of configuration Debug for project per_test ****
make all 
'Building file: ../src/xuartlite_intr_tapp_example.c'
'Invoking: MicroBlaze gcc compiler'
mb-gcc -Wall -O0 -g3 -c -fmessage-length=0 -MT"src/xuartlite_intr_tapp_example.o" -I../../start_project_bsp/microblaze_0/include -mlittle-endian -mcpu=v11.0 -mxl-soft-mul -Wl,--no-relax -ffunction-sections -fdata-sections -MMD -MP -MF"src/xuartlite_intr_tapp_example.d" -MT"src/xuartlite_intr_tapp_example.o" -o "src/xuartlite_intr_tapp_example.o" "../src/xuartlite_intr_tapp_example.c"
../src/xuartlite_intr_tapp_example.c: In function 'PrepareDataToSend':
../src/xuartlite_intr_tapp_example.c:360:20: warning: implicit declaration of function 'GetArrayCurrentStatusInt' [-Wimplicit-function-declaration]
    SendBuffer[5] = GetArrayCurrentStatusInt(reg);
                    ^~~~~~~~~~~~~~~~~~~~~~~~
../src/xuartlite_intr_tapp_example.c:411:8: warning: implicit declaration of function 'GetCRC16_B_byte' [-Wimplicit-function-declaration]
  crc = GetCRC16_B_byte(crc, SendBuffer, count_byte);
        ^~~~~~~~~~~~~~~
../src/xuartlite_intr_tapp_example.c:416:9: warning: returning 'u8 (*)[16]' {aka 'unsigned char (*)[16]'} from a function with incompatible return type 'int *' [-Wincompatible-pointer-types]
  return &SendBuffer;
         ^~~~~~~~~~~
../src/xuartlite_intr_tapp_example.c: In function 'PrepareDataToSendTest':
../src/xuartlite_intr_tapp_example.c:420:9: warning: returning 'u8 (*)[16]' {aka 'unsigned char (*)[16]'} from a function with incompatible return type 'int *' [-Wincompatible-pointer-types]
  return &SendBuffer;
         ^~~~~~~~~~~
../src/xuartlite_intr_tapp_example.c: In function 'GetData':
../src/xuartlite_intr_tapp_example.c:490:9: warning: returning 'u8 (*)[16]' {aka 'unsigned char (*)[16]'} from a function with incompatible return type 'int *' [-Wincompatible-pointer-types]
  return &SendBuffer;
         ^~~~~~~~~~~
../src/xuartlite_intr_tapp_example.c: In function 'GetRecvBuffer':
../src/xuartlite_intr_tapp_example.c:504:9: warning: returning 'u8 (*)[16]' {aka 'unsigned char (*)[16]'} from a function with incompatible return type 'int *' [-Wincompatible-pointer-types]
  return &RecvBuffer;
         ^~~~~~~~~~~
At top level:
../src/xuartlite_intr_tapp_example.c:665:13: warning: 'UartLiteDisableIntrSystem' defined but not used [-Wunused-function]
 static void UartLiteDisableIntrSystem(INTC *IntcInstancePtr,
             ^~~~~~~~~~~~~~~~~~~~~~~~~
'Finished building: ../src/xuartlite_intr_tapp_example.c'
' '
'Building target: per_test.elf'
'Invoking: MicroBlaze gcc linker'
mb-gcc -Wl,-T -Wl,../src/lscript.ld -L../../start_project_bsp/microblaze_0/lib -mlittle-endian -mcpu=v11.0 -mxl-soft-mul -Wl,--no-relax -Wl,--gc-sections -o "per_test.elf"  ./src/CRC_Functions.o ./src/current_system_status.o ./src/initializationl_functions.o ./src/logical_functions.o ./src/testperiph.o ./src/xgpio_tapp_example.o ./src/xintc_tapp_example.o ./src/xspi_selftest_example.o ./src/xuartlite_intr_tapp_example.o ./src/xuartlite_selftest_example.o   -Wl,--start-group,-lxil,-lgcc,-lc,--end-group -Wl,--start-group,-lxilisf,-lxil,-lgcc,-lc,--end-group
'Finished building target: per_test.elf'
' '
'Invoking: MicroBlaze Print Size'
mb-size per_test.elf  |tee "per_test.elf.size"
   text	   data	    bss	    dec	    hex	filename
  13312	    908	   5852	  20072	   4e68	per_test.elf
'Finished building: per_test.elf.size'
' '
17:28:33 **** Auto Build of configuration Debug for project per_test ****
make all 
'Building file: ../src/xuartlite_intr_tapp_example.c'
'Invoking: MicroBlaze gcc compiler'
mb-gcc -Wall -O0 -g3 -c -fmessage-length=0 -MT"src/xuartlite_intr_tapp_example.o" -I../../start_project_bsp/microblaze_0/include -mlittle-endian -mcpu=v11.0 -mxl-soft-mul -Wl,--no-relax -ffunction-sections -fdata-sections -MMD -MP -MF"src/xuartlite_intr_tapp_example.d" -MT"src/xuartlite_intr_tapp_example.o" -o "src/xuartlite_intr_tapp_example.o" "../src/xuartlite_intr_tapp_example.c"
../src/xuartlite_intr_tapp_example.c: In function 'PrepareDataToSend':
../src/xuartlite_intr_tapp_example.c:360:20: warning: implicit declaration of function 'GetArrayCurrentStatusInt' [-Wimplicit-function-declaration]
    SendBuffer[5] = GetArrayCurrentStatusInt(reg);
                    ^~~~~~~~~~~~~~~~~~~~~~~~
../src/xuartlite_intr_tapp_example.c:411:8: warning: implicit declaration of function 'GetCRC16_B_byte' [-Wimplicit-function-declaration]
  crc = GetCRC16_B_byte(crc, SendBuffer, count_byte);
        ^~~~~~~~~~~~~~~
../src/xuartlite_intr_tapp_example.c:416:9: warning: returning 'u8 (*)[16]' {aka 'unsigned char (*)[16]'} from a function with incompatible return type 'int *' [-Wincompatible-pointer-types]
  return &SendBuffer;
         ^~~~~~~~~~~
../src/xuartlite_intr_tapp_example.c: In function 'PrepareDataToSendTest':
../src/xuartlite_intr_tapp_example.c:420:9: warning: returning 'u8 (*)[16]' {aka 'unsigned char (*)[16]'} from a function with incompatible return type 'int *' [-Wincompatible-pointer-types]
  return &SendBuffer;
         ^~~~~~~~~~~
../src/xuartlite_intr_tapp_example.c: In function 'GetData':
../src/xuartlite_intr_tapp_example.c:480:5: warning: implicit declaration of function 'SetArrayCurrentStatusInt' [-Wimplicit-function-declaration]
     SetArrayCurrentStatusInt(RecvBuffer[2], RecvBuffer[5]);
     ^~~~~~~~~~~~~~~~~~~~~~~~
../src/xuartlite_intr_tapp_example.c:490:9: warning: returning 'u8 (*)[16]' {aka 'unsigned char (*)[16]'} from a function with incompatible return type 'int *' [-Wincompatible-pointer-types]
  return &SendBuffer;
         ^~~~~~~~~~~
../src/xuartlite_intr_tapp_example.c: In function 'GetRecvBuffer':
../src/xuartlite_intr_tapp_example.c:504:9: warning: returning 'u8 (*)[16]' {aka 'unsigned char (*)[16]'} from a function with incompatible return type 'int *' [-Wincompatible-pointer-types]
  return &RecvBuffer;
         ^~~~~~~~~~~
At top level:
../src/xuartlite_intr_tapp_example.c:665:13: warning: 'UartLiteDisableIntrSystem' defined but not used [-Wunused-function]
 static void UartLiteDisableIntrSystem(INTC *IntcInstancePtr,
             ^~~~~~~~~~~~~~~~~~~~~~~~~
'Finished building: ../src/xuartlite_intr_tapp_example.c'
' '
'Building target: per_test.elf'
'Invoking: MicroBlaze gcc linker'
mb-gcc -Wl,-T -Wl,../src/lscript.ld -L../../start_project_bsp/microblaze_0/lib -mlittle-endian -mcpu=v11.0 -mxl-soft-mul -Wl,--no-relax -Wl,--gc-sections -o "per_test.elf"  ./src/CRC_Functions.o ./src/current_system_status.o ./src/initializationl_functions.o ./src/logical_functions.o ./src/testperiph.o ./src/xgpio_tapp_example.o ./src/xintc_tapp_example.o ./src/xspi_selftest_example.o ./src/xuartlite_intr_tapp_example.o ./src/xuartlite_selftest_example.o   -Wl,--start-group,-lxil,-lgcc,-lc,--end-group -Wl,--start-group,-lxilisf,-lxil,-lgcc,-lc,--end-group
'Finished building target: per_test.elf'
' '
'Invoking: MicroBlaze Print Size'
mb-size per_test.elf  |tee "per_test.elf.size"
   text	   data	    bss	    dec	    hex	filename
  13352	    908	   5852	  20112	   4e90	per_test.elf
'Finished building: per_test.elf.size'
' '
17:28:35 **** Incremental Build of configuration Debug for project per_test ****
make all 
make: Nothing to be done for 'all'.
17:32:33 **** Auto Build of configuration Debug for project per_test ****
make all 
'Building file: ../src/current_system_status.c'
'Invoking: MicroBlaze gcc compiler'
mb-gcc -Wall -O0 -g3 -c -fmessage-length=0 -MT"src/current_system_status.o" -I../../start_project_bsp/microblaze_0/include -mlittle-endian -mcpu=v11.0 -mxl-soft-mul -Wl,--no-relax -ffunction-sections -fdata-sections -MMD -MP -MF"src/current_system_status.d" -MT"src/current_system_status.o" -o "src/current_system_status.o" "../src/current_system_status.c"
'Finished building: ../src/current_system_status.c'
' '
'Building target: per_test.elf'
'Invoking: MicroBlaze gcc linker'
mb-gcc -Wl,-T -Wl,../src/lscript.ld -L../../start_project_bsp/microblaze_0/lib -mlittle-endian -mcpu=v11.0 -mxl-soft-mul -Wl,--no-relax -Wl,--gc-sections -o "per_test.elf"  ./src/CRC_Functions.o ./src/current_system_status.o ./src/initializationl_functions.o ./src/logical_functions.o ./src/testperiph.o ./src/xgpio_tapp_example.o ./src/xintc_tapp_example.o ./src/xspi_selftest_example.o ./src/xuartlite_intr_tapp_example.o ./src/xuartlite_selftest_example.o   -Wl,--start-group,-lxil,-lgcc,-lc,--end-group -Wl,--start-group,-lxilisf,-lxil,-lgcc,-lc,--end-group
'Finished building target: per_test.elf'
' '
'Invoking: MicroBlaze Print Size'
mb-size per_test.elf  |tee "per_test.elf.size"
   text	   data	    bss	    dec	    hex	filename
  13352	    908	   6252	  20512	   5020	per_test.elf
'Finished building: per_test.elf.size'
' '
17:32:35 **** Incremental Build of configuration Debug for project per_test ****
make all 
make: Nothing to be done for 'all'.
17:33:04 **** Auto Build of configuration Debug for project per_test ****
make all 
'Building file: ../src/testperiph.c'
'Invoking: MicroBlaze gcc compiler'
mb-gcc -Wall -O0 -g3 -c -fmessage-length=0 -MT"src/testperiph.o" -I../../start_project_bsp/microblaze_0/include -mlittle-endian -mcpu=v11.0 -mxl-soft-mul -Wl,--no-relax -ffunction-sections -fdata-sections -MMD -MP -MF"src/testperiph.d" -MT"src/testperiph.o" -o "src/testperiph.o" "../src/testperiph.c"
../src/testperiph.c: In function 'main':
../src/testperiph.c:85:5: warning: implicit declaration of function 'GetSystemValues' [-Wimplicit-function-declaration]
     GetSystemValues();
     ^~~~~~~~~~~~~~~
../src/testperiph.c:109:13: warning: implicit declaration of function 'TestCheckTotalRecvCount' [-Wimplicit-function-declaration]
         if (TestCheckTotalRecvCount() != 0) {
             ^~~~~~~~~~~~~~~~~~~~~~~
../src/testperiph.c:114:11: warning: implicit declaration of function 'SendData' [-Wimplicit-function-declaration]
           SendData(&axi_uartlite_0_UartLite, GetData(&axi_uartlite_0_UartLite));
           ^~~~~~~~
../src/testperiph.c:114:46: warning: implicit declaration of function 'GetData' [-Wimplicit-function-declaration]
           SendData(&axi_uartlite_0_UartLite, GetData(&axi_uartlite_0_UartLite));
                                              ^~~~~~~
../src/testperiph.c:72:8: warning: unused variable 'count8' [-Wunused-variable]
    u32 count8 = 0x00;
        ^~~~~~
../src/testperiph.c:71:8: warning: unused variable 'count' [-Wunused-variable]
    u32 count = 0;
        ^~~~~
../src/testperiph.c:57:6: warning: unused variable 'latch' [-Wunused-variable]
  int latch = 0;
      ^~~~~
'Finished building: ../src/testperiph.c'
' '
'Building target: per_test.elf'
'Invoking: MicroBlaze gcc linker'
mb-gcc -Wl,-T -Wl,../src/lscript.ld -L../../start_project_bsp/microblaze_0/lib -mlittle-endian -mcpu=v11.0 -mxl-soft-mul -Wl,--no-relax -Wl,--gc-sections -o "per_test.elf"  ./src/CRC_Functions.o ./src/current_system_status.o ./src/initializationl_functions.o ./src/logical_functions.o ./src/testperiph.o ./src/xgpio_tapp_example.o ./src/xintc_tapp_example.o ./src/xspi_selftest_example.o ./src/xuartlite_intr_tapp_example.o ./src/xuartlite_selftest_example.o   -Wl,--start-group,-lxil,-lgcc,-lc,--end-group -Wl,--start-group,-lxilisf,-lxil,-lgcc,-lc,--end-group
'Finished building target: per_test.elf'
' '
'Invoking: MicroBlaze Print Size'
mb-size per_test.elf  |tee "per_test.elf.size"
   text	   data	    bss	    dec	    hex	filename
  13168	    908	   6252	  20328	   4f68	per_test.elf
'Finished building: per_test.elf.size'
' '
17:33:06 **** Incremental Build of configuration Debug for project per_test ****
make all 
make: Nothing to be done for 'all'.
17:33:55 **** Incremental Build of configuration Debug for project per_test ****
make all 
'Building file: ../src/logical_functions.c'
'Invoking: MicroBlaze gcc compiler'
mb-gcc -Wall -O0 -g3 -c -fmessage-length=0 -MT"src/logical_functions.o" -I../../start_project_bsp/microblaze_0/include -mlittle-endian -mcpu=v11.0 -mxl-soft-mul -Wl,--no-relax -ffunction-sections -fdata-sections -MMD -MP -MF"src/logical_functions.d" -MT"src/logical_functions.o" -o "src/logical_functions.o" "../src/logical_functions.c"
../src/logical_functions.c: In function 'GetSystemValues':
../src/logical_functions.c:15:2: warning: implicit declaration of function 'GpioInputRead' [-Wimplicit-function-declaration]
  GpioInputRead(&DataRead);
  ^~~~~~~~~~~~~
../src/logical_functions.c:16:2: warning: implicit declaration of function 'SetArrayCurrentStatusInt' [-Wimplicit-function-declaration]
  SetArrayCurrentStatusInt(100, DataRead);
  ^~~~~~~~~~~~~~~~~~~~~~~~
../src/logical_functions.c:17:2: warning: implicit declaration of function 'GpioOutputWrite'; did you mean 'XGpio_DiscreteWrite'? [-Wimplicit-function-declaration]
  GpioOutputWrite(GetArrayCurrentStatusInt(48));
  ^~~~~~~~~~~~~~~
  XGpio_DiscreteWrite
../src/logical_functions.c:17:18: warning: implicit declaration of function 'GetArrayCurrentStatusInt' [-Wimplicit-function-declaration]
  GpioOutputWrite(GetArrayCurrentStatusInt(48));
                  ^~~~~~~~~~~~~~~~~~~~~~~~
'Finished building: ../src/logical_functions.c'
' '
'Building target: per_test.elf'
'Invoking: MicroBlaze gcc linker'
mb-gcc -Wl,-T -Wl,../src/lscript.ld -L../../start_project_bsp/microblaze_0/lib -mlittle-endian -mcpu=v11.0 -mxl-soft-mul -Wl,--no-relax -Wl,--gc-sections -o "per_test.elf"  ./src/CRC_Functions.o ./src/current_system_status.o ./src/initializationl_functions.o ./src/logical_functions.o ./src/testperiph.o ./src/xgpio_tapp_example.o ./src/xintc_tapp_example.o ./src/xspi_selftest_example.o ./src/xuartlite_intr_tapp_example.o ./src/xuartlite_selftest_example.o   -Wl,--start-group,-lxil,-lgcc,-lc,--end-group -Wl,--start-group,-lxilisf,-lxil,-lgcc,-lc,--end-group
'Finished building target: per_test.elf'
' '
'Invoking: MicroBlaze Print Size'
mb-size per_test.elf  |tee "per_test.elf.size"
   text	   data	    bss	    dec	    hex	filename
  13276	    908	   6256	  20440	   4fd8	per_test.elf
'Finished building: per_test.elf.size'
' '
