'Invoking: MicroBlaze Print Size'
mb-size per_test.elf  |tee "per_test.elf.size"
   text	   data	    bss	    dec	    hex	filename
  20084	   1112	   6980	  28176	   6e10	per_test.elf
'Finished building: per_test.elf.size'
' '
14:11:00 **** Incremental Build of configuration Debug for project per_test ****
make all 
make: Nothing to be done for 'all'.
14:11:01 **** Incremental Build of configuration Debug for project per_test ****
make all 
make: Nothing to be done for 'all'.
14:13:54 **** Incremental Build of configuration Debug for project per_test ****
make all 
'Building file: ../src/testperiph.c'
'Invoking: MicroBlaze gcc compiler'
mb-gcc -Wall -O0 -g3 -c -fmessage-length=0 -MT"src/testperiph.o" -I../../start_project_bsp/microblaze_0/include -mlittle-endian -mcpu=v11.0 -mxl-soft-mul -Wl,--no-relax -ffunction-sections -fdata-sections -MMD -MP -MF"src/testperiph.d" -MT"src/testperiph.o" -o "src/testperiph.o" "../src/testperiph.c"
../src/testperiph.c: In function 'main':
../src/testperiph.c:102:5: warning: implicit declaration of function 'GetSystemValues' [-Wimplicit-function-declaration]
     GetSystemValues();
     ^~~~~~~~~~~~~~~
../src/testperiph.c:114:14: warning: implicit declaration of function 'TestCheckTotalRecvCountRS485' [-Wimplicit-function-declaration]
          if (TestCheckTotalRecvCountRS485() == 0) {
              ^~~~~~~~~~~~~~~~~~~~~~~~~~~~
../src/testperiph.c:119:11: warning: implicit declaration of function 'ResetTotalRecvCountRS485' [-Wimplicit-function-declaration]
           ResetTotalRecvCountRS485();
           ^~~~~~~~~~~~~~~~~~~~~~~~
../src/testperiph.c:120:11: warning: implicit declaration of function 'GetDataRS485' [-Wimplicit-function-declaration]
           GetDataRS485(&axi_uartlite_1_UartLite, ModeRS485);
           ^~~~~~~~~~~~
../src/testperiph.c:167:11: warning: implicit declaration of function 'SendDataRS485' [-Wimplicit-function-declaration]
           SendDataRS485(&axi_uartlite_1_UartLite, PrepareDataToSendRS485(ModeRS485, NumberReg, CountReg), CountByteToSend);
           ^~~~~~~~~~~~~
../src/testperiph.c:167:51: warning: implicit declaration of function 'PrepareDataToSendRS485' [-Wimplicit-function-declaration]
           SendDataRS485(&axi_uartlite_1_UartLite, PrepareDataToSendRS485(ModeRS485, NumberReg, CountReg), CountByteToSend);
                                                   ^~~~~~~~~~~~~~~~~~~~~~
../src/testperiph.c:214:13: warning: implicit declaration of function 'TestCheckTotalRecvCount' [-Wimplicit-function-declaration]
         if (TestCheckTotalRecvCount() != 0) {
             ^~~~~~~~~~~~~~~~~~~~~~~
../src/testperiph.c:219:11: warning: implicit declaration of function 'SendData' [-Wimplicit-function-declaration]
           SendData(&axi_uartlite_0_UartLite, GetData(&axi_uartlite_0_UartLite));
           ^~~~~~~~
../src/testperiph.c:219:46: warning: implicit declaration of function 'GetData' [-Wimplicit-function-declaration]
           SendData(&axi_uartlite_0_UartLite, GetData(&axi_uartlite_0_UartLite));
                                              ^~~~~~~
../src/testperiph.c:237:13: warning: implicit declaration of function 'TotalSentCountRS485Check' [-Wimplicit-function-declaration]
         if (TotalSentCountRS485Check() == 8) {
             ^~~~~~~~~~~~~~~~~~~~~~~~
../src/testperiph.c:238:10: warning: implicit declaration of function 'ResetTotalSentCountRS485' [-Wimplicit-function-declaration]
          ResetTotalSentCountRS485();
          ^~~~~~~~~~~~~~~~~~~~~~~~
../src/testperiph.c:58:6: warning: unused variable 'CountControlPanel' [-Wunused-variable]
  int CountControlPanel = 0;
      ^~~~~~~~~~~~~~~~~
'Finished building: ../src/testperiph.c'
' '
'Building target: per_test.elf'
'Invoking: MicroBlaze gcc linker'
mb-gcc -Wl,-T -Wl,../src/lscript.ld -L../../start_project_bsp/microblaze_0/lib -mlittle-endian -mcpu=v11.0 -mxl-soft-mul -Wl,--no-relax -Wl,--gc-sections -o "per_test.elf"  ./src/CRC_Functions.o ./src/PWM_tools.o ./src/adc.o ./src/current_system_status.o ./src/encoder.o ./src/initializationl_functions.o ./src/logical_functions.o ./src/testperiph.o ./src/xgpio_tapp_example.o ./src/xintc_tapp_example.o ./src/xspi_selftest_example.o ./src/xuartlite_intr_tapp_example.o ./src/xuartlite_intr_tapp_example_rs485.o ./src/xuartlite_selftest_example.o ./src/xuartlite_selftest_example_rs485.o   -Wl,--start-group,-lxil,-lgcc,-lc,--end-group -Wl,--start-group,-lxilisf,-lxil,-lgcc,-lc,--end-group
'Finished building target: per_test.elf'
' '
'Invoking: MicroBlaze Print Size'
mb-size per_test.elf  |tee "per_test.elf.size"
   text	   data	    bss	    dec	    hex	filename
  20084	   1112	   6980	  28176	   6e10	per_test.elf
'Finished building: per_test.elf.size'
' '
14:16:46 **** Auto Build of configuration Debug for project per_test ****
make all 
'Building file: ../src/testperiph.c'
'Invoking: MicroBlaze gcc compiler'
mb-gcc -Wall -O0 -g3 -c -fmessage-length=0 -MT"src/testperiph.o" -I../../start_project_bsp/microblaze_0/include -mlittle-endian -mcpu=v11.0 -mxl-soft-mul -Wl,--no-relax -ffunction-sections -fdata-sections -MMD -MP -MF"src/testperiph.d" -MT"src/testperiph.o" -o "src/testperiph.o" "../src/testperiph.c"
../src/testperiph.c: In function 'main':
../src/testperiph.c:102:5: warning: implicit declaration of function 'GetSystemValues' [-Wimplicit-function-declaration]
     GetSystemValues();
     ^~~~~~~~~~~~~~~
../src/testperiph.c:114:14: warning: implicit declaration of function 'TestCheckTotalRecvCountRS485' [-Wimplicit-function-declaration]
          if (TestCheckTotalRecvCountRS485() == 0) {
              ^~~~~~~~~~~~~~~~~~~~~~~~~~~~
../src/testperiph.c:119:11: warning: implicit declaration of function 'ResetTotalRecvCountRS485' [-Wimplicit-function-declaration]
           ResetTotalRecvCountRS485();
           ^~~~~~~~~~~~~~~~~~~~~~~~
../src/testperiph.c:120:11: warning: implicit declaration of function 'GetDataRS485' [-Wimplicit-function-declaration]
           GetDataRS485(&axi_uartlite_1_UartLite, ModeRS485);
           ^~~~~~~~~~~~
../src/testperiph.c:167:11: warning: implicit declaration of function 'SendDataRS485' [-Wimplicit-function-declaration]
           SendDataRS485(&axi_uartlite_1_UartLite, PrepareDataToSendRS485(ModeRS485, NumberReg, CountReg), CountByteToSend);
           ^~~~~~~~~~~~~
../src/testperiph.c:167:51: warning: implicit declaration of function 'PrepareDataToSendRS485' [-Wimplicit-function-declaration]
           SendDataRS485(&axi_uartlite_1_UartLite, PrepareDataToSendRS485(ModeRS485, NumberReg, CountReg), CountByteToSend);
                                                   ^~~~~~~~~~~~~~~~~~~~~~
../src/testperiph.c:214:13: warning: implicit declaration of function 'TestCheckTotalRecvCount' [-Wimplicit-function-declaration]
         if (TestCheckTotalRecvCount() != 0) {
             ^~~~~~~~~~~~~~~~~~~~~~~
../src/testperiph.c:219:11: warning: implicit declaration of function 'SendData' [-Wimplicit-function-declaration]
           SendData(&axi_uartlite_0_UartLite, GetData(&axi_uartlite_0_UartLite));
           ^~~~~~~~
../src/testperiph.c:219:46: warning: implicit declaration of function 'GetData' [-Wimplicit-function-declaration]
           SendData(&axi_uartlite_0_UartLite, GetData(&axi_uartlite_0_UartLite));
                                              ^~~~~~~
../src/testperiph.c:237:13: warning: implicit declaration of function 'TotalSentCountRS485Check' [-Wimplicit-function-declaration]
         if (TotalSentCountRS485Check() == 8) {
             ^~~~~~~~~~~~~~~~~~~~~~~~
../src/testperiph.c:238:10: warning: implicit declaration of function 'ResetTotalSentCountRS485' [-Wimplicit-function-declaration]
          ResetTotalSentCountRS485();
          ^~~~~~~~~~~~~~~~~~~~~~~~
../src/testperiph.c:58:6: warning: unused variable 'CountControlPanel' [-Wunused-variable]
  int CountControlPanel = 0;
      ^~~~~~~~~~~~~~~~~
'Finished building: ../src/testperiph.c'
' '
'Building target: per_test.elf'
'Invoking: MicroBlaze gcc linker'
mb-gcc -Wl,-T -Wl,../src/lscript.ld -L../../start_project_bsp/microblaze_0/lib -mlittle-endian -mcpu=v11.0 -mxl-soft-mul -Wl,--no-relax -Wl,--gc-sections -o "per_test.elf"  ./src/CRC_Functions.o ./src/PWM_tools.o ./src/adc.o ./src/current_system_status.o ./src/encoder.o ./src/initializationl_functions.o ./src/logical_functions.o ./src/testperiph.o ./src/xgpio_tapp_example.o ./src/xintc_tapp_example.o ./src/xspi_selftest_example.o ./src/xuartlite_intr_tapp_example.o ./src/xuartlite_intr_tapp_example_rs485.o ./src/xuartlite_selftest_example.o ./src/xuartlite_selftest_example_rs485.o   -Wl,--start-group,-lxil,-lgcc,-lc,--end-group -Wl,--start-group,-lxilisf,-lxil,-lgcc,-lc,--end-group
'Finished building target: per_test.elf'
' '
'Invoking: MicroBlaze Print Size'
mb-size per_test.elf  |tee "per_test.elf.size"
   text	   data	    bss	    dec	    hex	filename
  20084	   1112	   6980	  28176	   6e10	per_test.elf
'Finished building: per_test.elf.size'
' '
14:16:48 **** Incremental Build of configuration Debug for project per_test ****
make all 
make: Nothing to be done for 'all'.
14:36:30 **** Auto Build of configuration Debug for project per_test ****
make all 
'Building file: ../src/testperiph.c'
'Invoking: MicroBlaze gcc compiler'
mb-gcc -Wall -O0 -g3 -c -fmessage-length=0 -MT"src/testperiph.o" -I../../start_project_bsp/microblaze_0/include -mlittle-endian -mcpu=v11.0 -mxl-soft-mul -Wl,--no-relax -ffunction-sections -fdata-sections -MMD -MP -MF"src/testperiph.d" -MT"src/testperiph.o" -o "src/testperiph.o" "../src/testperiph.c"
../src/testperiph.c: In function 'main':
../src/testperiph.c:102:5: warning: implicit declaration of function 'GetSystemValues' [-Wimplicit-function-declaration]
     GetSystemValues();
     ^~~~~~~~~~~~~~~
../src/testperiph.c:114:14: warning: implicit declaration of function 'TestCheckTotalRecvCountRS485' [-Wimplicit-function-declaration]
          if (TestCheckTotalRecvCountRS485() == 0) {
              ^~~~~~~~~~~~~~~~~~~~~~~~~~~~
../src/testperiph.c:119:11: warning: implicit declaration of function 'ResetTotalRecvCountRS485' [-Wimplicit-function-declaration]
           ResetTotalRecvCountRS485();
           ^~~~~~~~~~~~~~~~~~~~~~~~
../src/testperiph.c:120:11: warning: implicit declaration of function 'GetDataRS485' [-Wimplicit-function-declaration]
           GetDataRS485(&axi_uartlite_1_UartLite, ModeRS485);
           ^~~~~~~~~~~~
../src/testperiph.c:126:37: error: 'Grope' undeclared (first use in this function); did you mean 'Group'?
           if ((ModeRS485 == 15) && (Grope == 4)) ModeRS485 = 16; else if (ModeRS485 == 16) ModeRS485 = 15;
                                     ^~~~~
                                     Group
../src/testperiph.c:126:37: note: each undeclared identifier is reported only once for each function it appears in
../src/testperiph.c:167:11: warning: implicit declaration of function 'SendDataRS485' [-Wimplicit-function-declaration]
           SendDataRS485(&axi_uartlite_1_UartLite, PrepareDataToSendRS485(ModeRS485, NumberReg, CountReg), CountByteToSend);
           ^~~~~~~~~~~~~
../src/testperiph.c:167:51: warning: implicit declaration of function 'PrepareDataToSendRS485' [-Wimplicit-function-declaration]
           SendDataRS485(&axi_uartlite_1_UartLite, PrepareDataToSendRS485(ModeRS485, NumberReg, CountReg), CountByteToSend);
                                                   ^~~~~~~~~~~~~~~~~~~~~~
../src/testperiph.c:215:13: warning: implicit declaration of function 'TestCheckTotalRecvCount' [-Wimplicit-function-declaration]
         if (TestCheckTotalRecvCount() != 0) {
             ^~~~~~~~~~~~~~~~~~~~~~~
../src/testperiph.c:220:11: warning: implicit declaration of function 'SendData' [-Wimplicit-function-declaration]
           SendData(&axi_uartlite_0_UartLite, GetData(&axi_uartlite_0_UartLite));
           ^~~~~~~~
../src/testperiph.c:220:46: warning: implicit declaration of function 'GetData' [-Wimplicit-function-declaration]
           SendData(&axi_uartlite_0_UartLite, GetData(&axi_uartlite_0_UartLite));
                                              ^~~~~~~
../src/testperiph.c:238:13: warning: implicit declaration of function 'TotalSentCountRS485Check' [-Wimplicit-function-declaration]
         if (TotalSentCountRS485Check() == 8) {
             ^~~~~~~~~~~~~~~~~~~~~~~~
../src/testperiph.c:239:10: warning: implicit declaration of function 'ResetTotalSentCountRS485' [-Wimplicit-function-declaration]
          ResetTotalSentCountRS485();
          ^~~~~~~~~~~~~~~~~~~~~~~~
../src/testperiph.c:58:6: warning: unused variable 'CountControlPanel' [-Wunused-variable]
  int CountControlPanel = 0;
      ^~~~~~~~~~~~~~~~~
make: *** [src/subdir.mk:65: src/testperiph.o] Error 1
14:36:32 **** Incremental Build of configuration Debug for project per_test ****
make all 
'Building file: ../src/testperiph.c'
'Invoking: MicroBlaze gcc compiler'
mb-gcc -Wall -O0 -g3 -c -fmessage-length=0 -MT"src/testperiph.o" -I../../start_project_bsp/microblaze_0/include -mlittle-endian -mcpu=v11.0 -mxl-soft-mul -Wl,--no-relax -ffunction-sections -fdata-sections -MMD -MP -MF"src/testperiph.d" -MT"src/testperiph.o" -o "src/testperiph.o" "../src/testperiph.c"
../src/testperiph.c: In function 'main':
../src/testperiph.c:102:5: warning: implicit declaration of function 'GetSystemValues' [-Wimplicit-function-declaration]
     GetSystemValues();
     ^~~~~~~~~~~~~~~
../src/testperiph.c:114:14: warning: implicit declaration of function 'TestCheckTotalRecvCountRS485' [-Wimplicit-function-declaration]
          if (TestCheckTotalRecvCountRS485() == 0) {
              ^~~~~~~~~~~~~~~~~~~~~~~~~~~~
../src/testperiph.c:119:11: warning: implicit declaration of function 'ResetTotalRecvCountRS485' [-Wimplicit-function-declaration]
           ResetTotalRecvCountRS485();
           ^~~~~~~~~~~~~~~~~~~~~~~~
../src/testperiph.c:120:11: warning: implicit declaration of function 'GetDataRS485' [-Wimplicit-function-declaration]
           GetDataRS485(&axi_uartlite_1_UartLite, ModeRS485);
           ^~~~~~~~~~~~
../src/testperiph.c:126:37: error: 'Grope' undeclared (first use in this function); did you mean 'Group'?
           if ((ModeRS485 == 15) && (Grope == 4)) ModeRS485 = 16; else if (ModeRS485 == 16) ModeRS485 = 15;
                                     ^~~~~
                                     Group
../src/testperiph.c:126:37: note: each undeclared identifier is reported only once for each function it appears in
../src/testperiph.c:167:11: warning: implicit declaration of function 'SendDataRS485' [-Wimplicit-function-declaration]
           SendDataRS485(&axi_uartlite_1_UartLite, PrepareDataToSendRS485(ModeRS485, NumberReg, CountReg), CountByteToSend);
           ^~~~~~~~~~~~~
../src/testperiph.c:167:51: warning: implicit declaration of function 'PrepareDataToSendRS485' [-Wimplicit-function-declaration]
           SendDataRS485(&axi_uartlite_1_UartLite, PrepareDataToSendRS485(ModeRS485, NumberReg, CountReg), CountByteToSend);
                                                   ^~~~~~~~~~~~~~~~~~~~~~
../src/testperiph.c:215:13: warning: implicit declaration of function 'TestCheckTotalRecvCount' [-Wimplicit-function-declaration]
         if (TestCheckTotalRecvCount() != 0) {
             ^~~~~~~~~~~~~~~~~~~~~~~
../src/testperiph.c:220:11: warning: implicit declaration of function 'SendData' [-Wimplicit-function-declaration]
           SendData(&axi_uartlite_0_UartLite, GetData(&axi_uartlite_0_UartLite));
           ^~~~~~~~
../src/testperiph.c:220:46: warning: implicit declaration of function 'GetData' [-Wimplicit-function-declaration]
           SendData(&axi_uartlite_0_UartLite, GetData(&axi_uartlite_0_UartLite));
                                              ^~~~~~~
../src/testperiph.c:238:13: warning: implicit declaration of function 'TotalSentCountRS485Check' [-Wimplicit-function-declaration]
         if (TotalSentCountRS485Check() == 8) {
             ^~~~~~~~~~~~~~~~~~~~~~~~
../src/testperiph.c:239:10: warning: implicit declaration of function 'ResetTotalSentCountRS485' [-Wimplicit-function-declaration]
          ResetTotalSentCountRS485();
          ^~~~~~~~~~~~~~~~~~~~~~~~
../src/testperiph.c:58:6: warning: unused variable 'CountControlPanel' [-Wunused-variable]
  int CountControlPanel = 0;
      ^~~~~~~~~~~~~~~~~
make: *** [src/subdir.mk:65: src/testperiph.o] Error 1
14:37:09 **** Auto Build of configuration Debug for project per_test ****
make all 
'Building file: ../src/testperiph.c'
'Invoking: MicroBlaze gcc compiler'
mb-gcc -Wall -O0 -g3 -c -fmessage-length=0 -MT"src/testperiph.o" -I../../start_project_bsp/microblaze_0/include -mlittle-endian -mcpu=v11.0 -mxl-soft-mul -Wl,--no-relax -ffunction-sections -fdata-sections -MMD -MP -MF"src/testperiph.d" -MT"src/testperiph.o" -o "src/testperiph.o" "../src/testperiph.c"
../src/testperiph.c: In function 'main':
../src/testperiph.c:102:5: warning: implicit declaration of function 'GetSystemValues' [-Wimplicit-function-declaration]
     GetSystemValues();
     ^~~~~~~~~~~~~~~
../src/testperiph.c:114:14: warning: implicit declaration of function 'TestCheckTotalRecvCountRS485' [-Wimplicit-function-declaration]
          if (TestCheckTotalRecvCountRS485() == 0) {
              ^~~~~~~~~~~~~~~~~~~~~~~~~~~~
../src/testperiph.c:119:11: warning: implicit declaration of function 'ResetTotalRecvCountRS485' [-Wimplicit-function-declaration]
           ResetTotalRecvCountRS485();
           ^~~~~~~~~~~~~~~~~~~~~~~~
../src/testperiph.c:120:11: warning: implicit declaration of function 'GetDataRS485' [-Wimplicit-function-declaration]
           GetDataRS485(&axi_uartlite_1_UartLite, ModeRS485);
           ^~~~~~~~~~~~
../src/testperiph.c:167:11: warning: implicit declaration of function 'SendDataRS485' [-Wimplicit-function-declaration]
           SendDataRS485(&axi_uartlite_1_UartLite, PrepareDataToSendRS485(ModeRS485, NumberReg, CountReg), CountByteToSend);
           ^~~~~~~~~~~~~
../src/testperiph.c:167:51: warning: implicit declaration of function 'PrepareDataToSendRS485' [-Wimplicit-function-declaration]
           SendDataRS485(&axi_uartlite_1_UartLite, PrepareDataToSendRS485(ModeRS485, NumberReg, CountReg), CountByteToSend);
                                                   ^~~~~~~~~~~~~~~~~~~~~~
../src/testperiph.c:215:13: warning: implicit declaration of function 'TestCheckTotalRecvCount' [-Wimplicit-function-declaration]
         if (TestCheckTotalRecvCount() != 0) {
             ^~~~~~~~~~~~~~~~~~~~~~~
../src/testperiph.c:220:11: warning: implicit declaration of function 'SendData' [-Wimplicit-function-declaration]
           SendData(&axi_uartlite_0_UartLite, GetData(&axi_uartlite_0_UartLite));
           ^~~~~~~~
../src/testperiph.c:220:46: warning: implicit declaration of function 'GetData' [-Wimplicit-function-declaration]
           SendData(&axi_uartlite_0_UartLite, GetData(&axi_uartlite_0_UartLite));
                                              ^~~~~~~
../src/testperiph.c:238:13: warning: implicit declaration of function 'TotalSentCountRS485Check' [-Wimplicit-function-declaration]
         if (TotalSentCountRS485Check() == 8) {
             ^~~~~~~~~~~~~~~~~~~~~~~~
../src/testperiph.c:239:10: warning: implicit declaration of function 'ResetTotalSentCountRS485' [-Wimplicit-function-declaration]
          ResetTotalSentCountRS485();
          ^~~~~~~~~~~~~~~~~~~~~~~~
../src/testperiph.c:58:6: warning: unused variable 'CountControlPanel' [-Wunused-variable]
  int CountControlPanel = 0;
      ^~~~~~~~~~~~~~~~~
'Finished building: ../src/testperiph.c'
' '
'Building target: per_test.elf'
'Invoking: MicroBlaze gcc linker'
mb-gcc -Wl,-T -Wl,../src/lscript.ld -L../../start_project_bsp/microblaze_0/lib -mlittle-endian -mcpu=v11.0 -mxl-soft-mul -Wl,--no-relax -Wl,--gc-sections -o "per_test.elf"  ./src/CRC_Functions.o ./src/PWM_tools.o ./src/adc.o ./src/current_system_status.o ./src/encoder.o ./src/initializationl_functions.o ./src/logical_functions.o ./src/testperiph.o ./src/xgpio_tapp_example.o ./src/xintc_tapp_example.o ./src/xspi_selftest_example.o ./src/xuartlite_intr_tapp_example.o ./src/xuartlite_intr_tapp_example_rs485.o ./src/xuartlite_selftest_example.o ./src/xuartlite_selftest_example_rs485.o   -Wl,--start-group,-lxil,-lgcc,-lc,--end-group -Wl,--start-group,-lxilisf,-lxil,-lgcc,-lc,--end-group
'Finished building target: per_test.elf'
' '
'Invoking: MicroBlaze Print Size'
mb-size per_test.elf  |tee "per_test.elf.size"
   text	   data	    bss	    dec	    hex	filename
  20140	   1112	   6980	  28232	   6e48	per_test.elf
'Finished building: per_test.elf.size'
' '
14:37:11 **** Incremental Build of configuration Debug for project per_test ****
make all 
make: Nothing to be done for 'all'.
14:38:23 **** Incremental Build of configuration Debug for project per_test ****
make all 
make: Nothing to be done for 'all'.
14:51:13 **** Auto Build of configuration Debug for project per_test ****
make all 
'Building file: ../src/testperiph.c'
'Invoking: MicroBlaze gcc compiler'
mb-gcc -Wall -O0 -g3 -c -fmessage-length=0 -MT"src/testperiph.o" -I../../start_project_bsp/microblaze_0/include -mlittle-endian -mcpu=v11.0 -mxl-soft-mul -Wl,--no-relax -ffunction-sections -fdata-sections -MMD -MP -MF"src/testperiph.d" -MT"src/testperiph.o" -o "src/testperiph.o" "../src/testperiph.c"
../src/testperiph.c: In function 'main':
../src/testperiph.c:102:5: warning: implicit declaration of function 'GetSystemValues' [-Wimplicit-function-declaration]
     GetSystemValues();
     ^~~~~~~~~~~~~~~
../src/testperiph.c:114:14: warning: implicit declaration of function 'TestCheckTotalRecvCountRS485' [-Wimplicit-function-declaration]
          if (TestCheckTotalRecvCountRS485() == 0) {
              ^~~~~~~~~~~~~~~~~~~~~~~~~~~~
../src/testperiph.c:119:11: warning: implicit declaration of function 'ResetTotalRecvCountRS485' [-Wimplicit-function-declaration]
           ResetTotalRecvCountRS485();
           ^~~~~~~~~~~~~~~~~~~~~~~~
../src/testperiph.c:120:11: warning: implicit declaration of function 'GetDataRS485' [-Wimplicit-function-declaration]
           GetDataRS485(&axi_uartlite_1_UartLite, ModeRS485);
           ^~~~~~~~~~~~
../src/testperiph.c:167:11: warning: implicit declaration of function 'SendDataRS485' [-Wimplicit-function-declaration]
           SendDataRS485(&axi_uartlite_1_UartLite, PrepareDataToSendRS485(ModeRS485, NumberReg, CountReg), CountByteToSend);
           ^~~~~~~~~~~~~
../src/testperiph.c:167:51: warning: implicit declaration of function 'PrepareDataToSendRS485' [-Wimplicit-function-declaration]
           SendDataRS485(&axi_uartlite_1_UartLite, PrepareDataToSendRS485(ModeRS485, NumberReg, CountReg), CountByteToSend);
                                                   ^~~~~~~~~~~~~~~~~~~~~~
../src/testperiph.c:215:13: warning: implicit declaration of function 'TestCheckTotalRecvCount' [-Wimplicit-function-declaration]
         if (TestCheckTotalRecvCount() != 0) {
             ^~~~~~~~~~~~~~~~~~~~~~~
../src/testperiph.c:220:11: warning: implicit declaration of function 'SendData' [-Wimplicit-function-declaration]
           SendData(&axi_uartlite_0_UartLite, GetData(&axi_uartlite_0_UartLite));
           ^~~~~~~~
../src/testperiph.c:220:46: warning: implicit declaration of function 'GetData' [-Wimplicit-function-declaration]
           SendData(&axi_uartlite_0_UartLite, GetData(&axi_uartlite_0_UartLite));
                                              ^~~~~~~
../src/testperiph.c:238:13: warning: implicit declaration of function 'TotalSentCountRS485Check' [-Wimplicit-function-declaration]
         if (TotalSentCountRS485Check() == 8) {
             ^~~~~~~~~~~~~~~~~~~~~~~~
../src/testperiph.c:239:10: warning: implicit declaration of function 'ResetTotalSentCountRS485' [-Wimplicit-function-declaration]
          ResetTotalSentCountRS485();
          ^~~~~~~~~~~~~~~~~~~~~~~~
../src/testperiph.c:58:6: warning: unused variable 'CountControlPanel' [-Wunused-variable]
  int CountControlPanel = 0;
      ^~~~~~~~~~~~~~~~~
'Finished building: ../src/testperiph.c'
' '
'Building target: per_test.elf'
'Invoking: MicroBlaze gcc linker'
mb-gcc -Wl,-T -Wl,../src/lscript.ld -L../../start_project_bsp/microblaze_0/lib -mlittle-endian -mcpu=v11.0 -mxl-soft-mul -Wl,--no-relax -Wl,--gc-sections -o "per_test.elf"  ./src/CRC_Functions.o ./src/PWM_tools.o ./src/adc.o ./src/current_system_status.o ./src/encoder.o ./src/initializationl_functions.o ./src/logical_functions.o ./src/testperiph.o ./src/xgpio_tapp_example.o ./src/xintc_tapp_example.o ./src/xspi_selftest_example.o ./src/xuartlite_intr_tapp_example.o ./src/xuartlite_intr_tapp_example_rs485.o ./src/xuartlite_selftest_example.o ./src/xuartlite_selftest_example_rs485.o   -Wl,--start-group,-lxil,-lgcc,-lc,--end-group -Wl,--start-group,-lxilisf,-lxil,-lgcc,-lc,--end-group
'Finished building target: per_test.elf'
' '
'Invoking: MicroBlaze Print Size'
mb-size per_test.elf  |tee "per_test.elf.size"
   text	   data	    bss	    dec	    hex	filename
  20164	   1112	   6980	  28256	   6e60	per_test.elf
'Finished building: per_test.elf.size'
' '
14:51:29 **** Incremental Build of configuration Debug for project per_test ****
make all 
make: Nothing to be done for 'all'.
14:55:34 **** Auto Build of configuration Debug for project per_test ****
make all 
'Building file: ../src/testperiph.c'
'Invoking: MicroBlaze gcc compiler'
mb-gcc -Wall -O0 -g3 -c -fmessage-length=0 -MT"src/testperiph.o" -I../../start_project_bsp/microblaze_0/include -mlittle-endian -mcpu=v11.0 -mxl-soft-mul -Wl,--no-relax -ffunction-sections -fdata-sections -MMD -MP -MF"src/testperiph.d" -MT"src/testperiph.o" -o "src/testperiph.o" "../src/testperiph.c"
../src/testperiph.c: In function 'main':
../src/testperiph.c:102:5: warning: implicit declaration of function 'GetSystemValues' [-Wimplicit-function-declaration]
     GetSystemValues();
     ^~~~~~~~~~~~~~~
../src/testperiph.c:114:14: warning: implicit declaration of function 'TestCheckTotalRecvCountRS485' [-Wimplicit-function-declaration]
          if (TestCheckTotalRecvCountRS485() == 0) {
              ^~~~~~~~~~~~~~~~~~~~~~~~~~~~
../src/testperiph.c:119:11: warning: implicit declaration of function 'ResetTotalRecvCountRS485' [-Wimplicit-function-declaration]
           ResetTotalRecvCountRS485();
           ^~~~~~~~~~~~~~~~~~~~~~~~
../src/testperiph.c:120:11: warning: implicit declaration of function 'GetDataRS485' [-Wimplicit-function-declaration]
           GetDataRS485(&axi_uartlite_1_UartLite, ModeRS485);
           ^~~~~~~~~~~~
../src/testperiph.c:167:11: warning: implicit declaration of function 'SendDataRS485' [-Wimplicit-function-declaration]
           SendDataRS485(&axi_uartlite_1_UartLite, PrepareDataToSendRS485(ModeRS485, NumberReg, CountReg), CountByteToSend);
           ^~~~~~~~~~~~~
../src/testperiph.c:167:51: warning: implicit declaration of function 'PrepareDataToSendRS485' [-Wimplicit-function-declaration]
           SendDataRS485(&axi_uartlite_1_UartLite, PrepareDataToSendRS485(ModeRS485, NumberReg, CountReg), CountByteToSend);
                                                   ^~~~~~~~~~~~~~~~~~~~~~
../src/testperiph.c:215:13: warning: implicit declaration of function 'TestCheckTotalRecvCount' [-Wimplicit-function-declaration]
         if (TestCheckTotalRecvCount() != 0) {
             ^~~~~~~~~~~~~~~~~~~~~~~
../src/testperiph.c:220:11: warning: implicit declaration of function 'SendData' [-Wimplicit-function-declaration]
           SendData(&axi_uartlite_0_UartLite, GetData(&axi_uartlite_0_UartLite));
           ^~~~~~~~
../src/testperiph.c:220:46: warning: implicit declaration of function 'GetData' [-Wimplicit-function-declaration]
           SendData(&axi_uartlite_0_UartLite, GetData(&axi_uartlite_0_UartLite));
                                              ^~~~~~~
../src/testperiph.c:238:13: warning: implicit declaration of function 'TotalSentCountRS485Check' [-Wimplicit-function-declaration]
         if (TotalSentCountRS485Check() == 8) {
             ^~~~~~~~~~~~~~~~~~~~~~~~
../src/testperiph.c:239:10: warning: implicit declaration of function 'ResetTotalSentCountRS485' [-Wimplicit-function-declaration]
          ResetTotalSentCountRS485();
          ^~~~~~~~~~~~~~~~~~~~~~~~
../src/testperiph.c:58:6: warning: unused variable 'CountControlPanel' [-Wunused-variable]
  int CountControlPanel = 0;
      ^~~~~~~~~~~~~~~~~
'Finished building: ../src/testperiph.c'
' '
'Building target: per_test.elf'
'Invoking: MicroBlaze gcc linker'
mb-gcc -Wl,-T -Wl,../src/lscript.ld -L../../start_project_bsp/microblaze_0/lib -mlittle-endian -mcpu=v11.0 -mxl-soft-mul -Wl,--no-relax -Wl,--gc-sections -o "per_test.elf"  ./src/CRC_Functions.o ./src/PWM_tools.o ./src/adc.o ./src/current_system_status.o ./src/encoder.o ./src/initializationl_functions.o ./src/logical_functions.o ./src/testperiph.o ./src/xgpio_tapp_example.o ./src/xintc_tapp_example.o ./src/xspi_selftest_example.o ./src/xuartlite_intr_tapp_example.o ./src/xuartlite_intr_tapp_example_rs485.o ./src/xuartlite_selftest_example.o ./src/xuartlite_selftest_example_rs485.o   -Wl,--start-group,-lxil,-lgcc,-lc,--end-group -Wl,--start-group,-lxilisf,-lxil,-lgcc,-lc,--end-group
'Finished building target: per_test.elf'
' '
'Invoking: MicroBlaze Print Size'
mb-size per_test.elf  |tee "per_test.elf.size"
   text	   data	    bss	    dec	    hex	filename
  20164	   1112	   6980	  28256	   6e60	per_test.elf
'Finished building: per_test.elf.size'
' '
14:55:35 **** Incremental Build of configuration Debug for project per_test ****
make all 
make: Nothing to be done for 'all'.
15:02:10 **** Incremental Build of configuration Debug for project per_test ****
make all 
'Building file: ../src/testperiph.c'
'Invoking: MicroBlaze gcc compiler'
mb-gcc -Wall -O0 -g3 -c -fmessage-length=0 -MT"src/testperiph.o" -I../../start_project_bsp/microblaze_0/include -mlittle-endian -mcpu=v11.0 -mxl-soft-mul -Wl,--no-relax -ffunction-sections -fdata-sections -MMD -MP -MF"src/testperiph.d" -MT"src/testperiph.o" -o "src/testperiph.o" "../src/testperiph.c"
../src/testperiph.c: In function 'main':
../src/testperiph.c:102:5: warning: implicit declaration of function 'GetSystemValues' [-Wimplicit-function-declaration]
     GetSystemValues();
     ^~~~~~~~~~~~~~~
../src/testperiph.c:114:14: warning: implicit declaration of function 'TestCheckTotalRecvCountRS485' [-Wimplicit-function-declaration]
          if (TestCheckTotalRecvCountRS485() == 0) {
              ^~~~~~~~~~~~~~~~~~~~~~~~~~~~
../src/testperiph.c:119:11: warning: implicit declaration of function 'ResetTotalRecvCountRS485' [-Wimplicit-function-declaration]
           ResetTotalRecvCountRS485();
           ^~~~~~~~~~~~~~~~~~~~~~~~
../src/testperiph.c:120:11: warning: implicit declaration of function 'GetDataRS485' [-Wimplicit-function-declaration]
           GetDataRS485(&axi_uartlite_1_UartLite, ModeRS485);
           ^~~~~~~~~~~~
../src/testperiph.c:167:11: warning: implicit declaration of function 'SendDataRS485' [-Wimplicit-function-declaration]
           SendDataRS485(&axi_uartlite_1_UartLite, PrepareDataToSendRS485(ModeRS485, NumberReg, CountReg), CountByteToSend);
           ^~~~~~~~~~~~~
../src/testperiph.c:167:51: warning: implicit declaration of function 'PrepareDataToSendRS485' [-Wimplicit-function-declaration]
           SendDataRS485(&axi_uartlite_1_UartLite, PrepareDataToSendRS485(ModeRS485, NumberReg, CountReg), CountByteToSend);
                                                   ^~~~~~~~~~~~~~~~~~~~~~
../src/testperiph.c:215:13: warning: implicit declaration of function 'TestCheckTotalRecvCount' [-Wimplicit-function-declaration]
         if (TestCheckTotalRecvCount() != 0) {
             ^~~~~~~~~~~~~~~~~~~~~~~
../src/testperiph.c:220:11: warning: implicit declaration of function 'SendData' [-Wimplicit-function-declaration]
           SendData(&axi_uartlite_0_UartLite, GetData(&axi_uartlite_0_UartLite));
           ^~~~~~~~
../src/testperiph.c:220:46: warning: implicit declaration of function 'GetData' [-Wimplicit-function-declaration]
           SendData(&axi_uartlite_0_UartLite, GetData(&axi_uartlite_0_UartLite));
                                              ^~~~~~~
../src/testperiph.c:238:13: warning: implicit declaration of function 'TotalSentCountRS485Check' [-Wimplicit-function-declaration]
         if (TotalSentCountRS485Check() == 8) {
             ^~~~~~~~~~~~~~~~~~~~~~~~
../src/testperiph.c:239:10: warning: implicit declaration of function 'ResetTotalSentCountRS485' [-Wimplicit-function-declaration]
          ResetTotalSentCountRS485();
          ^~~~~~~~~~~~~~~~~~~~~~~~
../src/testperiph.c:58:6: warning: unused variable 'CountControlPanel' [-Wunused-variable]
  int CountControlPanel = 0;
      ^~~~~~~~~~~~~~~~~
'Finished building: ../src/testperiph.c'
' '
'Building target: per_test.elf'
'Invoking: MicroBlaze gcc linker'
mb-gcc -Wl,-T -Wl,../src/lscript.ld -L../../start_project_bsp/microblaze_0/lib -mlittle-endian -mcpu=v11.0 -mxl-soft-mul -Wl,--no-relax -Wl,--gc-sections -o "per_test.elf"  ./src/CRC_Functions.o ./src/PWM_tools.o ./src/adc.o ./src/current_system_status.o ./src/encoder.o ./src/initializationl_functions.o ./src/logical_functions.o ./src/testperiph.o ./src/xgpio_tapp_example.o ./src/xintc_tapp_example.o ./src/xspi_selftest_example.o ./src/xuartlite_intr_tapp_example.o ./src/xuartlite_intr_tapp_example_rs485.o ./src/xuartlite_selftest_example.o ./src/xuartlite_selftest_example_rs485.o   -Wl,--start-group,-lxil,-lgcc,-lc,--end-group -Wl,--start-group,-lxilisf,-lxil,-lgcc,-lc,--end-group
'Finished building target: per_test.elf'
' '
'Invoking: MicroBlaze Print Size'
mb-size per_test.elf  |tee "per_test.elf.size"
   text	   data	    bss	    dec	    hex	filename
  20160	   1112	   6976	  28248	   6e58	per_test.elf
'Finished building: per_test.elf.size'
' '
15:03:12 **** Auto Build of configuration Debug for project per_test ****
make all 
'Building file: ../src/testperiph.c'
'Invoking: MicroBlaze gcc compiler'
mb-gcc -Wall -O0 -g3 -c -fmessage-length=0 -MT"src/testperiph.o" -I../../start_project_bsp/microblaze_0/include -mlittle-endian -mcpu=v11.0 -mxl-soft-mul -Wl,--no-relax -ffunction-sections -fdata-sections -MMD -MP -MF"src/testperiph.d" -MT"src/testperiph.o" -o "src/testperiph.o" "../src/testperiph.c"
../src/testperiph.c: In function 'main':
../src/testperiph.c:102:5: warning: implicit declaration of function 'GetSystemValues' [-Wimplicit-function-declaration]
     GetSystemValues();
     ^~~~~~~~~~~~~~~
../src/testperiph.c:114:14: warning: implicit declaration of function 'TestCheckTotalRecvCountRS485' [-Wimplicit-function-declaration]
          if (TestCheckTotalRecvCountRS485() == 0) {
              ^~~~~~~~~~~~~~~~~~~~~~~~~~~~
../src/testperiph.c:119:11: warning: implicit declaration of function 'ResetTotalRecvCountRS485' [-Wimplicit-function-declaration]
           ResetTotalRecvCountRS485();
           ^~~~~~~~~~~~~~~~~~~~~~~~
../src/testperiph.c:120:11: warning: implicit declaration of function 'GetDataRS485' [-Wimplicit-function-declaration]
           GetDataRS485(&axi_uartlite_1_UartLite, ModeRS485);
           ^~~~~~~~~~~~
../src/testperiph.c:167:11: warning: implicit declaration of function 'SendDataRS485' [-Wimplicit-function-declaration]
           SendDataRS485(&axi_uartlite_1_UartLite, PrepareDataToSendRS485(ModeRS485, NumberReg, CountReg), CountByteToSend);
           ^~~~~~~~~~~~~
../src/testperiph.c:167:51: warning: implicit declaration of function 'PrepareDataToSendRS485' [-Wimplicit-function-declaration]
           SendDataRS485(&axi_uartlite_1_UartLite, PrepareDataToSendRS485(ModeRS485, NumberReg, CountReg), CountByteToSend);
                                                   ^~~~~~~~~~~~~~~~~~~~~~
../src/testperiph.c:215:13: warning: implicit declaration of function 'TestCheckTotalRecvCount' [-Wimplicit-function-declaration]
         if (TestCheckTotalRecvCount() != 0) {
             ^~~~~~~~~~~~~~~~~~~~~~~
../src/testperiph.c:220:11: warning: implicit declaration of function 'SendData' [-Wimplicit-function-declaration]
           SendData(&axi_uartlite_0_UartLite, GetData(&axi_uartlite_0_UartLite));
           ^~~~~~~~
../src/testperiph.c:220:46: warning: implicit declaration of function 'GetData' [-Wimplicit-function-declaration]
           SendData(&axi_uartlite_0_UartLite, GetData(&axi_uartlite_0_UartLite));
                                              ^~~~~~~
../src/testperiph.c:238:13: warning: implicit declaration of function 'TotalSentCountRS485Check' [-Wimplicit-function-declaration]
         if (TotalSentCountRS485Check() == 8) {
             ^~~~~~~~~~~~~~~~~~~~~~~~
../src/testperiph.c:239:10: warning: implicit declaration of function 'ResetTotalSentCountRS485' [-Wimplicit-function-declaration]
          ResetTotalSentCountRS485();
          ^~~~~~~~~~~~~~~~~~~~~~~~
../src/testperiph.c:58:6: warning: unused variable 'CountControlPanel' [-Wunused-variable]
  int CountControlPanel = 0;
      ^~~~~~~~~~~~~~~~~
'Finished building: ../src/testperiph.c'
' '
'Building target: per_test.elf'
'Invoking: MicroBlaze gcc linker'
mb-gcc -Wl,-T -Wl,../src/lscript.ld -L../../start_project_bsp/microblaze_0/lib -mlittle-endian -mcpu=v11.0 -mxl-soft-mul -Wl,--no-relax -Wl,--gc-sections -o "per_test.elf"  ./src/CRC_Functions.o ./src/PWM_tools.o ./src/adc.o ./src/current_system_status.o ./src/encoder.o ./src/initializationl_functions.o ./src/logical_functions.o ./src/testperiph.o ./src/xgpio_tapp_example.o ./src/xintc_tapp_example.o ./src/xspi_selftest_example.o ./src/xuartlite_intr_tapp_example.o ./src/xuartlite_intr_tapp_example_rs485.o ./src/xuartlite_selftest_example.o ./src/xuartlite_selftest_example_rs485.o   -Wl,--start-group,-lxil,-lgcc,-lc,--end-group -Wl,--start-group,-lxilisf,-lxil,-lgcc,-lc,--end-group
'Finished building target: per_test.elf'
' '
'Invoking: MicroBlaze Print Size'
mb-size per_test.elf  |tee "per_test.elf.size"
   text	   data	    bss	    dec	    hex	filename
  20160	   1112	   6976	  28248	   6e58	per_test.elf
'Finished building: per_test.elf.size'
' '
15:03:14 **** Incremental Build of configuration Debug for project per_test ****
make all 
make: Nothing to be done for 'all'.
15:04:18 **** Auto Build of configuration Debug for project per_test ****
make all 
'Building file: ../src/testperiph.c'
'Invoking: MicroBlaze gcc compiler'
mb-gcc -Wall -O0 -g3 -c -fmessage-length=0 -MT"src/testperiph.o" -I../../start_project_bsp/microblaze_0/include -mlittle-endian -mcpu=v11.0 -mxl-soft-mul -Wl,--no-relax -ffunction-sections -fdata-sections -MMD -MP -MF"src/testperiph.d" -MT"src/testperiph.o" -o "src/testperiph.o" "../src/testperiph.c"
../src/testperiph.c: In function 'main':
../src/testperiph.c:102:5: warning: implicit declaration of function 'GetSystemValues' [-Wimplicit-function-declaration]
     GetSystemValues();
     ^~~~~~~~~~~~~~~
../src/testperiph.c:114:14: warning: implicit declaration of function 'TestCheckTotalRecvCountRS485' [-Wimplicit-function-declaration]
          if (TestCheckTotalRecvCountRS485() == 0) {
              ^~~~~~~~~~~~~~~~~~~~~~~~~~~~
../src/testperiph.c:119:11: warning: implicit declaration of function 'ResetTotalRecvCountRS485' [-Wimplicit-function-declaration]
           ResetTotalRecvCountRS485();
           ^~~~~~~~~~~~~~~~~~~~~~~~
../src/testperiph.c:120:11: warning: implicit declaration of function 'GetDataRS485' [-Wimplicit-function-declaration]
           GetDataRS485(&axi_uartlite_1_UartLite, ModeRS485);
           ^~~~~~~~~~~~
../src/testperiph.c:167:11: warning: implicit declaration of function 'SendDataRS485' [-Wimplicit-function-declaration]
           SendDataRS485(&axi_uartlite_1_UartLite, PrepareDataToSendRS485(ModeRS485, NumberReg, CountReg), CountByteToSend);
           ^~~~~~~~~~~~~
../src/testperiph.c:167:51: warning: implicit declaration of function 'PrepareDataToSendRS485' [-Wimplicit-function-declaration]
           SendDataRS485(&axi_uartlite_1_UartLite, PrepareDataToSendRS485(ModeRS485, NumberReg, CountReg), CountByteToSend);
                                                   ^~~~~~~~~~~~~~~~~~~~~~
../src/testperiph.c:215:13: warning: implicit declaration of function 'TestCheckTotalRecvCount' [-Wimplicit-function-declaration]
         if (TestCheckTotalRecvCount() != 0) {
             ^~~~~~~~~~~~~~~~~~~~~~~
../src/testperiph.c:220:11: warning: implicit declaration of function 'SendData' [-Wimplicit-function-declaration]
           SendData(&axi_uartlite_0_UartLite, GetData(&axi_uartlite_0_UartLite));
           ^~~~~~~~
../src/testperiph.c:220:46: warning: implicit declaration of function 'GetData' [-Wimplicit-function-declaration]
           SendData(&axi_uartlite_0_UartLite, GetData(&axi_uartlite_0_UartLite));
                                              ^~~~~~~
../src/testperiph.c:238:13: warning: implicit declaration of function 'TotalSentCountRS485Check' [-Wimplicit-function-declaration]
         if (TotalSentCountRS485Check() == 8) {
             ^~~~~~~~~~~~~~~~~~~~~~~~
../src/testperiph.c:239:10: warning: implicit declaration of function 'ResetTotalSentCountRS485' [-Wimplicit-function-declaration]
          ResetTotalSentCountRS485();
          ^~~~~~~~~~~~~~~~~~~~~~~~
../src/testperiph.c:58:6: warning: unused variable 'CountControlPanel' [-Wunused-variable]
  int CountControlPanel = 0;
      ^~~~~~~~~~~~~~~~~
'Finished building: ../src/testperiph.c'
' '
'Building target: per_test.elf'
'Invoking: MicroBlaze gcc linker'
mb-gcc -Wl,-T -Wl,../src/lscript.ld -L../../start_project_bsp/microblaze_0/lib -mlittle-endian -mcpu=v11.0 -mxl-soft-mul -Wl,--no-relax -Wl,--gc-sections -o "per_test.elf"  ./src/CRC_Functions.o ./src/PWM_tools.o ./src/adc.o ./src/current_system_status.o ./src/encoder.o ./src/initializationl_functions.o ./src/logical_functions.o ./src/testperiph.o ./src/xgpio_tapp_example.o ./src/xintc_tapp_example.o ./src/xspi_selftest_example.o ./src/xuartlite_intr_tapp_example.o ./src/xuartlite_intr_tapp_example_rs485.o ./src/xuartlite_selftest_example.o ./src/xuartlite_selftest_example_rs485.o   -Wl,--start-group,-lxil,-lgcc,-lc,--end-group -Wl,--start-group,-lxilisf,-lxil,-lgcc,-lc,--end-group
'Finished building target: per_test.elf'
' '
'Invoking: MicroBlaze Print Size'
mb-size per_test.elf  |tee "per_test.elf.size"
   text	   data	    bss	    dec	    hex	filename
  20160	   1112	   6976	  28248	   6e58	per_test.elf
'Finished building: per_test.elf.size'
' '
15:04:19 **** Incremental Build of configuration Debug for project per_test ****
make all 
make: Nothing to be done for 'all'.
15:46:09 **** Incremental Build of configuration Debug for project per_test ****
make all 
'Building file: ../src/xuartlite_intr_tapp_example_rs485.c'
'Invoking: MicroBlaze gcc compiler'
mb-gcc -Wall -O0 -g3 -c -fmessage-length=0 -MT"src/xuartlite_intr_tapp_example_rs485.o" -I../../start_project_bsp/microblaze_0/include -mlittle-endian -mcpu=v11.0 -mxl-soft-mul -Wl,--no-relax -ffunction-sections -fdata-sections -MMD -MP -MF"src/xuartlite_intr_tapp_example_rs485.d" -MT"src/xuartlite_intr_tapp_example_rs485.o" -o "src/xuartlite_intr_tapp_example_rs485.o" "../src/xuartlite_intr_tapp_example_rs485.c"
../src/xuartlite_intr_tapp_example_rs485.c: In function 'UartLiteIntrExampleRS485':
../src/xuartlite_intr_tapp_example_rs485.c:261:6: warning: unused variable 'Index' [-Wunused-variable]
  u32 Index;
      ^~~~~
../src/xuartlite_intr_tapp_example_rs485.c: In function 'PrepareDataToSendRS485':
../src/xuartlite_intr_tapp_example_rs485.c:397:16: warning: implicit declaration of function 'GetCRC16_B_byte' [-Wimplicit-function-declaration]
    crc_rs485 = GetCRC16_B_byte(crc_rs485, SendBufferRS485, 6);
                ^~~~~~~~~~~~~~~
../src/xuartlite_intr_tapp_example_rs485.c:449:9: warning: returning 'u8 (*)[210]' {aka 'unsigned char (*)[210]'} from a function with incompatible return type 'int *' [-Wincompatible-pointer-types]
  return &SendBufferRS485;
         ^~~~~~~~~~~~~~~~
../src/xuartlite_intr_tapp_example_rs485.c: In function 'PrepareDataToSendTestRS485':
../src/xuartlite_intr_tapp_example_rs485.c:453:9: warning: returning 'u8 (*)[210]' {aka 'unsigned char (*)[210]'} from a function with incompatible return type 'int *' [-Wincompatible-pointer-types]
  return &SendBufferRS485;
         ^~~~~~~~~~~~~~~~
../src/xuartlite_intr_tapp_example_rs485.c: In function 'GetDataRS485':
../src/xuartlite_intr_tapp_example_rs485.c:533:9: warning: returning 'u8 (*)[210]' {aka 'unsigned char (*)[210]'} from a function with incompatible return type 'int *' [-Wincompatible-pointer-types]
  return &RecvBufferRS485;
         ^~~~~~~~~~~~~~~~
../src/xuartlite_intr_tapp_example_rs485.c: In function 'GetRecvBufferRS485':
../src/xuartlite_intr_tapp_example_rs485.c:546:9: warning: returning 'u8 (*)[210]' {aka 'unsigned char (*)[210]'} from a function with incompatible return type 'int *' [-Wincompatible-pointer-types]
  return &RecvBufferRS485;
         ^~~~~~~~~~~~~~~~
At top level:
../src/xuartlite_intr_tapp_example_rs485.c:707:13: warning: 'UartLiteDisableIntrSystem' defined but not used [-Wunused-function]
 static void UartLiteDisableIntrSystem(INTC *IntcInstancePtr,
             ^~~~~~~~~~~~~~~~~~~~~~~~~
'Finished building: ../src/xuartlite_intr_tapp_example_rs485.c'
' '
'Building target: per_test.elf'
'Invoking: MicroBlaze gcc linker'
mb-gcc -Wl,-T -Wl,../src/lscript.ld -L../../start_project_bsp/microblaze_0/lib -mlittle-endian -mcpu=v11.0 -mxl-soft-mul -Wl,--no-relax -Wl,--gc-sections -o "per_test.elf"  ./src/CRC_Functions.o ./src/PWM_tools.o ./src/adc.o ./src/current_system_status.o ./src/encoder.o ./src/initializationl_functions.o ./src/logical_functions.o ./src/testperiph.o ./src/xgpio_tapp_example.o ./src/xintc_tapp_example.o ./src/xspi_selftest_example.o ./src/xuartlite_intr_tapp_example.o ./src/xuartlite_intr_tapp_example_rs485.o ./src/xuartlite_selftest_example.o ./src/xuartlite_selftest_example_rs485.o   -Wl,--start-group,-lxil,-lgcc,-lc,--end-group -Wl,--start-group,-lxilisf,-lxil,-lgcc,-lc,--end-group
'Finished building target: per_test.elf'
' '
'Invoking: MicroBlaze Print Size'
mb-size per_test.elf  |tee "per_test.elf.size"
   text	   data	    bss	    dec	    hex	filename
  20152	   1112	   6976	  28240	   6e50	per_test.elf
'Finished building: per_test.elf.size'
' '
15:46:53 **** Incremental Build of configuration Debug for project per_test ****
make all 
'Building file: ../src/xuartlite_intr_tapp_example_rs485.c'
'Invoking: MicroBlaze gcc compiler'
mb-gcc -Wall -O0 -g3 -c -fmessage-length=0 -MT"src/xuartlite_intr_tapp_example_rs485.o" -I../../start_project_bsp/microblaze_0/include -mlittle-endian -mcpu=v11.0 -mxl-soft-mul -Wl,--no-relax -ffunction-sections -fdata-sections -MMD -MP -MF"src/xuartlite_intr_tapp_example_rs485.d" -MT"src/xuartlite_intr_tapp_example_rs485.o" -o "src/xuartlite_intr_tapp_example_rs485.o" "../src/xuartlite_intr_tapp_example_rs485.c"
../src/xuartlite_intr_tapp_example_rs485.c: In function 'UartLiteIntrExampleRS485':
../src/xuartlite_intr_tapp_example_rs485.c:261:6: warning: unused variable 'Index' [-Wunused-variable]
  u32 Index;
      ^~~~~
../src/xuartlite_intr_tapp_example_rs485.c: In function 'PrepareDataToSendRS485':
../src/xuartlite_intr_tapp_example_rs485.c:397:16: warning: implicit declaration of function 'GetCRC16_B_byte' [-Wimplicit-function-declaration]
    crc_rs485 = GetCRC16_B_byte(crc_rs485, SendBufferRS485, 6);
                ^~~~~~~~~~~~~~~
../src/xuartlite_intr_tapp_example_rs485.c:449:9: warning: returning 'u8 (*)[210]' {aka 'unsigned char (*)[210]'} from a function with incompatible return type 'int *' [-Wincompatible-pointer-types]
  return &SendBufferRS485;
         ^~~~~~~~~~~~~~~~
../src/xuartlite_intr_tapp_example_rs485.c: In function 'PrepareDataToSendTestRS485':
../src/xuartlite_intr_tapp_example_rs485.c:453:9: warning: returning 'u8 (*)[210]' {aka 'unsigned char (*)[210]'} from a function with incompatible return type 'int *' [-Wincompatible-pointer-types]
  return &SendBufferRS485;
         ^~~~~~~~~~~~~~~~
../src/xuartlite_intr_tapp_example_rs485.c: In function 'GetDataRS485':
../src/xuartlite_intr_tapp_example_rs485.c:533:9: warning: returning 'u8 (*)[210]' {aka 'unsigned char (*)[210]'} from a function with incompatible return type 'int *' [-Wincompatible-pointer-types]
  return &RecvBufferRS485;
         ^~~~~~~~~~~~~~~~
../src/xuartlite_intr_tapp_example_rs485.c: In function 'GetRecvBufferRS485':
../src/xuartlite_intr_tapp_example_rs485.c:546:9: warning: returning 'u8 (*)[210]' {aka 'unsigned char (*)[210]'} from a function with incompatible return type 'int *' [-Wincompatible-pointer-types]
  return &RecvBufferRS485;
         ^~~~~~~~~~~~~~~~
At top level:
../src/xuartlite_intr_tapp_example_rs485.c:707:13: warning: 'UartLiteDisableIntrSystem' defined but not used [-Wunused-function]
 static void UartLiteDisableIntrSystem(INTC *IntcInstancePtr,
             ^~~~~~~~~~~~~~~~~~~~~~~~~
'Finished building: ../src/xuartlite_intr_tapp_example_rs485.c'
' '
'Building target: per_test.elf'
'Invoking: MicroBlaze gcc linker'
mb-gcc -Wl,-T -Wl,../src/lscript.ld -L../../start_project_bsp/microblaze_0/lib -mlittle-endian -mcpu=v11.0 -mxl-soft-mul -Wl,--no-relax -Wl,--gc-sections -o "per_test.elf"  ./src/CRC_Functions.o ./src/PWM_tools.o ./src/adc.o ./src/current_system_status.o ./src/encoder.o ./src/initializationl_functions.o ./src/logical_functions.o ./src/testperiph.o ./src/xgpio_tapp_example.o ./src/xintc_tapp_example.o ./src/xspi_selftest_example.o ./src/xuartlite_intr_tapp_example.o ./src/xuartlite_intr_tapp_example_rs485.o ./src/xuartlite_selftest_example.o ./src/xuartlite_selftest_example_rs485.o   -Wl,--start-group,-lxil,-lgcc,-lc,--end-group -Wl,--start-group,-lxilisf,-lxil,-lgcc,-lc,--end-group
'Finished building target: per_test.elf'
' '
'Invoking: MicroBlaze Print Size'
mb-size per_test.elf  |tee "per_test.elf.size"
   text	   data	    bss	    dec	    hex	filename
  20144	   1112	   6976	  28232	   6e48	per_test.elf
'Finished building: per_test.elf.size'
' '
15:47:36 **** Auto Build of configuration Debug for project per_test ****
make all 
'Building file: ../src/xuartlite_intr_tapp_example_rs485.c'
'Invoking: MicroBlaze gcc compiler'
mb-gcc -Wall -O0 -g3 -c -fmessage-length=0 -MT"src/xuartlite_intr_tapp_example_rs485.o" -I../../start_project_bsp/microblaze_0/include -mlittle-endian -mcpu=v11.0 -mxl-soft-mul -Wl,--no-relax -ffunction-sections -fdata-sections -MMD -MP -MF"src/xuartlite_intr_tapp_example_rs485.d" -MT"src/xuartlite_intr_tapp_example_rs485.o" -o "src/xuartlite_intr_tapp_example_rs485.o" "../src/xuartlite_intr_tapp_example_rs485.c"
../src/xuartlite_intr_tapp_example_rs485.c: In function 'UartLiteIntrExampleRS485':
../src/xuartlite_intr_tapp_example_rs485.c:261:6: warning: unused variable 'Index' [-Wunused-variable]
  u32 Index;
      ^~~~~
../src/xuartlite_intr_tapp_example_rs485.c: In function 'PrepareDataToSendRS485':
../src/xuartlite_intr_tapp_example_rs485.c:397:16: warning: implicit declaration of function 'GetCRC16_B_byte' [-Wimplicit-function-declaration]
    crc_rs485 = GetCRC16_B_byte(crc_rs485, SendBufferRS485, 6);
                ^~~~~~~~~~~~~~~
../src/xuartlite_intr_tapp_example_rs485.c:449:9: warning: returning 'u8 (*)[210]' {aka 'unsigned char (*)[210]'} from a function with incompatible return type 'int *' [-Wincompatible-pointer-types]
  return &SendBufferRS485;
         ^~~~~~~~~~~~~~~~
../src/xuartlite_intr_tapp_example_rs485.c: In function 'PrepareDataToSendTestRS485':
../src/xuartlite_intr_tapp_example_rs485.c:453:9: warning: returning 'u8 (*)[210]' {aka 'unsigned char (*)[210]'} from a function with incompatible return type 'int *' [-Wincompatible-pointer-types]
  return &SendBufferRS485;
         ^~~~~~~~~~~~~~~~
../src/xuartlite_intr_tapp_example_rs485.c: In function 'GetDataRS485':
../src/xuartlite_intr_tapp_example_rs485.c:533:9: warning: returning 'u8 (*)[210]' {aka 'unsigned char (*)[210]'} from a function with incompatible return type 'int *' [-Wincompatible-pointer-types]
  return &RecvBufferRS485;
         ^~~~~~~~~~~~~~~~
../src/xuartlite_intr_tapp_example_rs485.c: In function 'GetRecvBufferRS485':
../src/xuartlite_intr_tapp_example_rs485.c:546:9: warning: returning 'u8 (*)[210]' {aka 'unsigned char (*)[210]'} from a function with incompatible return type 'int *' [-Wincompatible-pointer-types]
  return &RecvBufferRS485;
         ^~~~~~~~~~~~~~~~
At top level:
../src/xuartlite_intr_tapp_example_rs485.c:707:13: warning: 'UartLiteDisableIntrSystem' defined but not used [-Wunused-function]
 static void UartLiteDisableIntrSystem(INTC *IntcInstancePtr,
             ^~~~~~~~~~~~~~~~~~~~~~~~~
'Finished building: ../src/xuartlite_intr_tapp_example_rs485.c'
' '
'Building target: per_test.elf'
'Invoking: MicroBlaze gcc linker'
mb-gcc -Wl,-T -Wl,../src/lscript.ld -L../../start_project_bsp/microblaze_0/lib -mlittle-endian -mcpu=v11.0 -mxl-soft-mul -Wl,--no-relax -Wl,--gc-sections -o "per_test.elf"  ./src/CRC_Functions.o ./src/PWM_tools.o ./src/adc.o ./src/current_system_status.o ./src/encoder.o ./src/initializationl_functions.o ./src/logical_functions.o ./src/testperiph.o ./src/xgpio_tapp_example.o ./src/xintc_tapp_example.o ./src/xspi_selftest_example.o ./src/xuartlite_intr_tapp_example.o ./src/xuartlite_intr_tapp_example_rs485.o ./src/xuartlite_selftest_example.o ./src/xuartlite_selftest_example_rs485.o   -Wl,--start-group,-lxil,-lgcc,-lc,--end-group -Wl,--start-group,-lxilisf,-lxil,-lgcc,-lc,--end-group
'Finished building target: per_test.elf'
' '
'Invoking: MicroBlaze Print Size'
mb-size per_test.elf  |tee "per_test.elf.size"
   text	   data	    bss	    dec	    hex	filename
  20152	   1112	   6976	  28240	   6e50	per_test.elf
'Finished building: per_test.elf.size'
' '
15:51:46 **** Incremental Build of configuration Debug for project per_test ****
make all 
'Building file: ../src/xuartlite_intr_tapp_example_rs485.c'
'Invoking: MicroBlaze gcc compiler'
mb-gcc -Wall -O0 -g3 -c -fmessage-length=0 -MT"src/xuartlite_intr_tapp_example_rs485.o" -I../../start_project_bsp/microblaze_0/include -mlittle-endian -mcpu=v11.0 -mxl-soft-mul -Wl,--no-relax -ffunction-sections -fdata-sections -MMD -MP -MF"src/xuartlite_intr_tapp_example_rs485.d" -MT"src/xuartlite_intr_tapp_example_rs485.o" -o "src/xuartlite_intr_tapp_example_rs485.o" "../src/xuartlite_intr_tapp_example_rs485.c"
../src/xuartlite_intr_tapp_example_rs485.c: In function 'UartLiteIntrExampleRS485':
../src/xuartlite_intr_tapp_example_rs485.c:261:6: warning: unused variable 'Index' [-Wunused-variable]
  u32 Index;
      ^~~~~
../src/xuartlite_intr_tapp_example_rs485.c: In function 'PrepareDataToSendRS485':
../src/xuartlite_intr_tapp_example_rs485.c:397:16: warning: implicit declaration of function 'GetCRC16_B_byte' [-Wimplicit-function-declaration]
    crc_rs485 = GetCRC16_B_byte(crc_rs485, SendBufferRS485, 6);
                ^~~~~~~~~~~~~~~
../src/xuartlite_intr_tapp_example_rs485.c:449:9: warning: returning 'u8 (*)[210]' {aka 'unsigned char (*)[210]'} from a function with incompatible return type 'int *' [-Wincompatible-pointer-types]
  return &SendBufferRS485;
         ^~~~~~~~~~~~~~~~
../src/xuartlite_intr_tapp_example_rs485.c: In function 'PrepareDataToSendTestRS485':
../src/xuartlite_intr_tapp_example_rs485.c:453:9: warning: returning 'u8 (*)[210]' {aka 'unsigned char (*)[210]'} from a function with incompatible return type 'int *' [-Wincompatible-pointer-types]
  return &SendBufferRS485;
         ^~~~~~~~~~~~~~~~
../src/xuartlite_intr_tapp_example_rs485.c: In function 'GetDataRS485':
../src/xuartlite_intr_tapp_example_rs485.c:533:9: warning: returning 'u8 (*)[210]' {aka 'unsigned char (*)[210]'} from a function with incompatible return type 'int *' [-Wincompatible-pointer-types]
  return &RecvBufferRS485;
         ^~~~~~~~~~~~~~~~
../src/xuartlite_intr_tapp_example_rs485.c: In function 'GetRecvBufferRS485':
../src/xuartlite_intr_tapp_example_rs485.c:546:9: warning: returning 'u8 (*)[210]' {aka 'unsigned char (*)[210]'} from a function with incompatible return type 'int *' [-Wincompatible-pointer-types]
  return &RecvBufferRS485;
         ^~~~~~~~~~~~~~~~
At top level:
../src/xuartlite_intr_tapp_example_rs485.c:707:13: warning: 'UartLiteDisableIntrSystem' defined but not used [-Wunused-function]
 static void UartLiteDisableIntrSystem(INTC *IntcInstancePtr,
             ^~~~~~~~~~~~~~~~~~~~~~~~~
'Finished building: ../src/xuartlite_intr_tapp_example_rs485.c'
' '
'Building target: per_test.elf'
'Invoking: MicroBlaze gcc linker'
mb-gcc -Wl,-T -Wl,../src/lscript.ld -L../../start_project_bsp/microblaze_0/lib -mlittle-endian -mcpu=v11.0 -mxl-soft-mul -Wl,--no-relax -Wl,--gc-sections -o "per_test.elf"  ./src/CRC_Functions.o ./src/PWM_tools.o ./src/adc.o ./src/current_system_status.o ./src/encoder.o ./src/initializationl_functions.o ./src/logical_functions.o ./src/testperiph.o ./src/xgpio_tapp_example.o ./src/xintc_tapp_example.o ./src/xspi_selftest_example.o ./src/xuartlite_intr_tapp_example.o ./src/xuartlite_intr_tapp_example_rs485.o ./src/xuartlite_selftest_example.o ./src/xuartlite_selftest_example_rs485.o   -Wl,--start-group,-lxil,-lgcc,-lc,--end-group -Wl,--start-group,-lxilisf,-lxil,-lgcc,-lc,--end-group
'Finished building target: per_test.elf'
' '
'Invoking: MicroBlaze Print Size'
mb-size per_test.elf  |tee "per_test.elf.size"
   text	   data	    bss	    dec	    hex	filename
  21812	   1112	   6980	  29904	   74d0	per_test.elf
'Finished building: per_test.elf.size'
' '
15:55:02 **** Auto Build of configuration Debug for project per_test ****
make all 
'Building file: ../src/testperiph.c'
'Invoking: MicroBlaze gcc compiler'
mb-gcc -Wall -O0 -g3 -c -fmessage-length=0 -MT"src/testperiph.o" -I../../start_project_bsp/microblaze_0/include -mlittle-endian -mcpu=v11.0 -mxl-soft-mul -Wl,--no-relax -ffunction-sections -fdata-sections -MMD -MP -MF"src/testperiph.d" -MT"src/testperiph.o" -o "src/testperiph.o" "../src/testperiph.c"
../src/testperiph.c: In function 'main':
../src/testperiph.c:102:5: warning: implicit declaration of function 'GetSystemValues' [-Wimplicit-function-declaration]
     GetSystemValues();
     ^~~~~~~~~~~~~~~
../src/testperiph.c:114:14: warning: implicit declaration of function 'TestCheckTotalRecvCountRS485' [-Wimplicit-function-declaration]
          if (TestCheckTotalRecvCountRS485() == 0) {
              ^~~~~~~~~~~~~~~~~~~~~~~~~~~~
../src/testperiph.c:119:11: warning: implicit declaration of function 'ResetTotalRecvCountRS485' [-Wimplicit-function-declaration]
           ResetTotalRecvCountRS485();
           ^~~~~~~~~~~~~~~~~~~~~~~~
../src/testperiph.c:120:11: warning: implicit declaration of function 'GetDataRS485' [-Wimplicit-function-declaration]
           GetDataRS485(&axi_uartlite_1_UartLite, ModeRS485);
           ^~~~~~~~~~~~
../src/testperiph.c:167:11: warning: implicit declaration of function 'SendDataRS485' [-Wimplicit-function-declaration]
           SendDataRS485(&axi_uartlite_1_UartLite, PrepareDataToSendRS485(ModeRS485, NumberReg, CountReg), CountByteToSend);
           ^~~~~~~~~~~~~
../src/testperiph.c:167:51: warning: implicit declaration of function 'PrepareDataToSendRS485' [-Wimplicit-function-declaration]
           SendDataRS485(&axi_uartlite_1_UartLite, PrepareDataToSendRS485(ModeRS485, NumberReg, CountReg), CountByteToSend);
                                                   ^~~~~~~~~~~~~~~~~~~~~~
../src/testperiph.c:215:13: warning: implicit declaration of function 'TestCheckTotalRecvCount' [-Wimplicit-function-declaration]
         if (TestCheckTotalRecvCount() != 0) {
             ^~~~~~~~~~~~~~~~~~~~~~~
../src/testperiph.c:220:11: warning: implicit declaration of function 'SendData' [-Wimplicit-function-declaration]
           SendData(&axi_uartlite_0_UartLite, GetData(&axi_uartlite_0_UartLite));
           ^~~~~~~~
../src/testperiph.c:220:46: warning: implicit declaration of function 'GetData' [-Wimplicit-function-declaration]
           SendData(&axi_uartlite_0_UartLite, GetData(&axi_uartlite_0_UartLite));
                                              ^~~~~~~
../src/testperiph.c:238:13: warning: implicit declaration of function 'TotalSentCountRS485Check' [-Wimplicit-function-declaration]
         if (TotalSentCountRS485Check() == 8) {
             ^~~~~~~~~~~~~~~~~~~~~~~~
../src/testperiph.c:239:10: warning: implicit declaration of function 'ResetTotalSentCountRS485' [-Wimplicit-function-declaration]
          ResetTotalSentCountRS485();
          ^~~~~~~~~~~~~~~~~~~~~~~~
../src/testperiph.c:58:6: warning: unused variable 'CountControlPanel' [-Wunused-variable]
  int CountControlPanel = 0;
      ^~~~~~~~~~~~~~~~~
'Finished building: ../src/testperiph.c'
' '
'Building target: per_test.elf'
'Invoking: MicroBlaze gcc linker'
mb-gcc -Wl,-T -Wl,../src/lscript.ld -L../../start_project_bsp/microblaze_0/lib -mlittle-endian -mcpu=v11.0 -mxl-soft-mul -Wl,--no-relax -Wl,--gc-sections -o "per_test.elf"  ./src/CRC_Functions.o ./src/PWM_tools.o ./src/adc.o ./src/current_system_status.o ./src/encoder.o ./src/initializationl_functions.o ./src/logical_functions.o ./src/testperiph.o ./src/xgpio_tapp_example.o ./src/xintc_tapp_example.o ./src/xspi_selftest_example.o ./src/xuartlite_intr_tapp_example.o ./src/xuartlite_intr_tapp_example_rs485.o ./src/xuartlite_selftest_example.o ./src/xuartlite_selftest_example_rs485.o   -Wl,--start-group,-lxil,-lgcc,-lc,--end-group -Wl,--start-group,-lxilisf,-lxil,-lgcc,-lc,--end-group
'Finished building target: per_test.elf'
' '
'Invoking: MicroBlaze Print Size'
mb-size per_test.elf  |tee "per_test.elf.size"
   text	   data	    bss	    dec	    hex	filename
  21812	   1112	   6980	  29904	   74d0	per_test.elf
'Finished building: per_test.elf.size'
' '
15:55:04 **** Incremental Build of configuration Debug for project per_test ****
make all 
make: Nothing to be done for 'all'.
15:55:59 **** Auto Build of configuration Debug for project per_test ****
make all 
'Building file: ../src/xuartlite_intr_tapp_example_rs485.c'
'Invoking: MicroBlaze gcc compiler'
mb-gcc -Wall -O0 -g3 -c -fmessage-length=0 -MT"src/xuartlite_intr_tapp_example_rs485.o" -I../../start_project_bsp/microblaze_0/include -mlittle-endian -mcpu=v11.0 -mxl-soft-mul -Wl,--no-relax -ffunction-sections -fdata-sections -MMD -MP -MF"src/xuartlite_intr_tapp_example_rs485.d" -MT"src/xuartlite_intr_tapp_example_rs485.o" -o "src/xuartlite_intr_tapp_example_rs485.o" "../src/xuartlite_intr_tapp_example_rs485.c"
../src/xuartlite_intr_tapp_example_rs485.c: In function 'UartLiteIntrExampleRS485':
../src/xuartlite_intr_tapp_example_rs485.c:261:6: warning: unused variable 'Index' [-Wunused-variable]
  u32 Index;
      ^~~~~
../src/xuartlite_intr_tapp_example_rs485.c: In function 'PrepareDataToSendRS485':
../src/xuartlite_intr_tapp_example_rs485.c:397:16: warning: implicit declaration of function 'GetCRC16_B_byte' [-Wimplicit-function-declaration]
    crc_rs485 = GetCRC16_B_byte(crc_rs485, SendBufferRS485, 6);
                ^~~~~~~~~~~~~~~
../src/xuartlite_intr_tapp_example_rs485.c:449:9: warning: returning 'u8 (*)[210]' {aka 'unsigned char (*)[210]'} from a function with incompatible return type 'int *' [-Wincompatible-pointer-types]
  return &SendBufferRS485;
         ^~~~~~~~~~~~~~~~
../src/xuartlite_intr_tapp_example_rs485.c: In function 'PrepareDataToSendTestRS485':
../src/xuartlite_intr_tapp_example_rs485.c:453:9: warning: returning 'u8 (*)[210]' {aka 'unsigned char (*)[210]'} from a function with incompatible return type 'int *' [-Wincompatible-pointer-types]
  return &SendBufferRS485;
         ^~~~~~~~~~~~~~~~
../src/xuartlite_intr_tapp_example_rs485.c: In function 'GetDataRS485':
../src/xuartlite_intr_tapp_example_rs485.c:533:9: warning: returning 'u8 (*)[210]' {aka 'unsigned char (*)[210]'} from a function with incompatible return type 'int *' [-Wincompatible-pointer-types]
  return &RecvBufferRS485;
         ^~~~~~~~~~~~~~~~
../src/xuartlite_intr_tapp_example_rs485.c: In function 'GetRecvBufferRS485':
../src/xuartlite_intr_tapp_example_rs485.c:546:9: warning: returning 'u8 (*)[210]' {aka 'unsigned char (*)[210]'} from a function with incompatible return type 'int *' [-Wincompatible-pointer-types]
  return &RecvBufferRS485;
         ^~~~~~~~~~~~~~~~
At top level:
../src/xuartlite_intr_tapp_example_rs485.c:707:13: warning: 'UartLiteDisableIntrSystem' defined but not used [-Wunused-function]
 static void UartLiteDisableIntrSystem(INTC *IntcInstancePtr,
             ^~~~~~~~~~~~~~~~~~~~~~~~~
'Finished building: ../src/xuartlite_intr_tapp_example_rs485.c'
' '
'Building target: per_test.elf'
'Invoking: MicroBlaze gcc linker'
mb-gcc -Wl,-T -Wl,../src/lscript.ld -L../../start_project_bsp/microblaze_0/lib -mlittle-endian -mcpu=v11.0 -mxl-soft-mul -Wl,--no-relax -Wl,--gc-sections -o "per_test.elf"  ./src/CRC_Functions.o ./src/PWM_tools.o ./src/adc.o ./src/current_system_status.o ./src/encoder.o ./src/initializationl_functions.o ./src/logical_functions.o ./src/testperiph.o ./src/xgpio_tapp_example.o ./src/xintc_tapp_example.o ./src/xspi_selftest_example.o ./src/xuartlite_intr_tapp_example.o ./src/xuartlite_intr_tapp_example_rs485.o ./src/xuartlite_selftest_example.o ./src/xuartlite_selftest_example_rs485.o   -Wl,--start-group,-lxil,-lgcc,-lc,--end-group -Wl,--start-group,-lxilisf,-lxil,-lgcc,-lc,--end-group
'Finished building target: per_test.elf'
' '
'Invoking: MicroBlaze Print Size'
mb-size per_test.elf  |tee "per_test.elf.size"
   text	   data	    bss	    dec	    hex	filename
  21812	   1112	   6980	  29904	   74d0	per_test.elf
'Finished building: per_test.elf.size'
' '
15:56:01 **** Incremental Build of configuration Debug for project per_test ****
make all 
make: Nothing to be done for 'all'.
11:49:59 **** Build of project start_project_bsp ****
make -k all 
"Running Make include in microblaze_0/libsrc/bram_v4_3/src"
make -C microblaze_0/libsrc/bram_v4_3/src -s include  "SHELL=CMD" "COMPILER=mb-gcc" "ARCHIVER=mb-ar" "COMPILER_FLAGS=  -O2 -c -mcpu=v11.0 -mlittle-endian -mxl-soft-mul" "EXTRA_COMPILER_FLAGS=-ffunction-sections -fdata-sections -Wall -Wextra"
"Running Make include in microblaze_0/libsrc/cpu_v2_9/src"
make -C microblaze_0/libsrc/cpu_v2_9/src -s include  "SHELL=CMD" "COMPILER=mb-gcc" "ARCHIVER=mb-ar" "COMPILER_FLAGS=  -O2 -c -mcpu=v11.0 -mlittle-endian -mxl-soft-mul" "EXTRA_COMPILER_FLAGS=-ffunction-sections -fdata-sections -Wall -Wextra"
"Running Make include in microblaze_0/libsrc/gpio_v4_4/src"
make -C microblaze_0/libsrc/gpio_v4_4/src -s include  "SHELL=CMD" "COMPILER=mb-gcc" "ARCHIVER=mb-ar" "COMPILER_FLAGS=  -O2 -c -mcpu=v11.0 -mlittle-endian -mxl-soft-mul" "EXTRA_COMPILER_FLAGS=-ffunction-sections -fdata-sections -Wall -Wextra"
"Running Make include in microblaze_0/libsrc/intc_v3_9/src"
make -C microblaze_0/libsrc/intc_v3_9/src -s include  "SHELL=CMD" "COMPILER=mb-gcc" "ARCHIVER=mb-ar" "COMPILER_FLAGS=  -O2 -c -mcpu=v11.0 -mlittle-endian -mxl-soft-mul" "EXTRA_COMPILER_FLAGS=-ffunction-sections -fdata-sections -Wall -Wextra"
"Running Make include in microblaze_0/libsrc/IP_AXI_ADC_v1_0/src"
make -C microblaze_0/libsrc/IP_AXI_ADC_v1_0/src -s include  "SHELL=CMD" "COMPILER=mb-gcc" "ARCHIVER=mb-ar" "COMPILER_FLAGS=  -O2 -c -mcpu=v11.0 -mlittle-endian -mxl-soft-mul" "EXTRA_COMPILER_FLAGS=-ffunction-sections -fdata-sections -Wall -Wextra"
"Running Make include in microblaze_0/libsrc/IP_AXI_Encoder_v1_0/src"
make -C microblaze_0/libsrc/IP_AXI_Encoder_v1_0/src -s include  "SHELL=CMD" "COMPILER=mb-gcc" "ARCHIVER=mb-ar" "COMPILER_FLAGS=  -O2 -c -mcpu=v11.0 -mlittle-endian -mxl-soft-mul" "EXTRA_COMPILER_FLAGS=-ffunction-sections -fdata-sections -Wall -Wextra"
"Running Make include in microblaze_0/libsrc/IP_AXI_INVERTER_v1_0/src"
make -C microblaze_0/libsrc/IP_AXI_INVERTER_v1_0/src -s include  "SHELL=CMD" "COMPILER=mb-gcc" "ARCHIVER=mb-ar" "COMPILER_FLAGS=  -O2 -c -mcpu=v11.0 -mlittle-endian -mxl-soft-mul" "EXTRA_COMPILER_FLAGS=-ffunction-sections -fdata-sections -Wall -Wextra"
"Running Make include in microblaze_0/libsrc/IP_AXI_LEDS_v1_0/src"
make -C microblaze_0/libsrc/IP_AXI_LEDS_v1_0/src -s include  "SHELL=CMD" "COMPILER=mb-gcc" "ARCHIVER=mb-ar" "COMPILER_FLAGS=  -O2 -c -mcpu=v11.0 -mlittle-endian -mxl-soft-mul" "EXTRA_COMPILER_FLAGS=-ffunction-sections -fdata-sections -Wall -Wextra"
"Running Make include in microblaze_0/libsrc/IP_AXI_PWM_v1_0/src"
make -C microblaze_0/libsrc/IP_AXI_PWM_v1_0/src -s include  "SHELL=CMD" "COMPILER=mb-gcc" "ARCHIVER=mb-ar" "COMPILER_FLAGS=  -O2 -c -mcpu=v11.0 -mlittle-endian -mxl-soft-mul" "EXTRA_COMPILER_FLAGS=-ffunction-sections -fdata-sections -Wall -Wextra"
"Running Make include in microblaze_0/libsrc/spi_v4_4/src"
make -C microblaze_0/libsrc/spi_v4_4/src -s include  "SHELL=CMD" "COMPILER=mb-gcc" "ARCHIVER=mb-ar" "COMPILER_FLAGS=  -O2 -c -mcpu=v11.0 -mlittle-endian -mxl-soft-mul" "EXTRA_COMPILER_FLAGS=-ffunction-sections -fdata-sections -Wall -Wextra"
"Running Make include in microblaze_0/libsrc/standalone_v7_0/src"
make -C microblaze_0/libsrc/standalone_v7_0/src -s include  "SHELL=CMD" "COMPILER=mb-gcc" "ARCHIVER=mb-ar" "COMPILER_FLAGS=  -O2 -c -mcpu=v11.0 -mlittle-endian -mxl-soft-mul" "EXTRA_COMPILER_FLAGS=-ffunction-sections -fdata-sections -Wall -Wextra"
"Running Make include in microblaze_0/libsrc/uartlite_v3_2/src"
make -C microblaze_0/libsrc/uartlite_v3_2/src -s include  "SHELL=CMD" "COMPILER=mb-gcc" "ARCHIVER=mb-ar" "COMPILER_FLAGS=  -O2 -c -mcpu=v11.0 -mlittle-endian -mxl-soft-mul" "EXTRA_COMPILER_FLAGS=-ffunction-sections -fdata-sections -Wall -Wextra"
"Running Make include in microblaze_0/libsrc/xilisf_v5_13/src"
make -C microblaze_0/libsrc/xilisf_v5_13/src -s include  "SHELL=CMD" "COMPILER=mb-gcc" "ARCHIVER=mb-ar" "COMPILER_FLAGS=  -O2 -c -mcpu=v11.0 -mlittle-endian -mxl-soft-mul" "EXTRA_COMPILER_FLAGS=-ffunction-sections -fdata-sections -Wall -Wextra"
"Running Make libs in microblaze_0/libsrc/bram_v4_3/src"
make -C microblaze_0/libsrc/bram_v4_3/src -s libs  "SHELL=CMD" "COMPILER=mb-gcc" "ARCHIVER=mb-ar" "COMPILER_FLAGS=  -O2 -c -mcpu=v11.0 -mlittle-endian -mxl-soft-mul" "EXTRA_COMPILER_FLAGS=-ffunction-sections -fdata-sections -Wall -Wextra"
"Compiling bram"
"Running Make libs in microblaze_0/libsrc/cpu_v2_9/src"
make -C microblaze_0/libsrc/cpu_v2_9/src -s libs  "SHELL=CMD" "COMPILER=mb-gcc" "ARCHIVER=mb-ar" "COMPILER_FLAGS=  -O2 -c -mcpu=v11.0 -mlittle-endian -mxl-soft-mul" "EXTRA_COMPILER_FLAGS=-ffunction-sections -fdata-sections -Wall -Wextra"
"Compiling cpu"
"Running Make libs in microblaze_0/libsrc/gpio_v4_4/src"
make -C microblaze_0/libsrc/gpio_v4_4/src -s libs  "SHELL=CMD" "COMPILER=mb-gcc" "ARCHIVER=mb-ar" "COMPILER_FLAGS=  -O2 -c -mcpu=v11.0 -mlittle-endian -mxl-soft-mul" "EXTRA_COMPILER_FLAGS=-ffunction-sections -fdata-sections -Wall -Wextra"
"Compiling gpio"
"Running Make libs in microblaze_0/libsrc/intc_v3_9/src"
make -C microblaze_0/libsrc/intc_v3_9/src -s libs  "SHELL=CMD" "COMPILER=mb-gcc" "ARCHIVER=mb-ar" "COMPILER_FLAGS=  -O2 -c -mcpu=v11.0 -mlittle-endian -mxl-soft-mul" "EXTRA_COMPILER_FLAGS=-ffunction-sections -fdata-sections -Wall -Wextra"
"Compiling intc"
"Running Make libs in microblaze_0/libsrc/IP_AXI_ADC_v1_0/src"
make -C microblaze_0/libsrc/IP_AXI_ADC_v1_0/src -s libs  "SHELL=CMD" "COMPILER=mb-gcc" "ARCHIVER=mb-ar" "COMPILER_FLAGS=  -O2 -c -mcpu=v11.0 -mlittle-endian -mxl-soft-mul" "EXTRA_COMPILER_FLAGS=-ffunction-sections -fdata-sections -Wall -Wextra"
"Compiling IP_AXI_ADC..."
IP_AXI_ADC_selftest.c: In function 'IP_AXI_ADC_Reg_SelfTest':
IP_AXI_ADC_selftest.c:52:59: warning: comparison of integer expressions of different signedness: 'u32' {aka 'long unsigned int'} and 'int' [-Wsign-compare]
    if ( IP_AXI_ADC_mReadReg (baseaddr, read_loop_index*4) != (read_loop_index+1)*READ_WRITE_MUL_FACTOR){
                                                           ^~
IP_AXI_ADC_selftest.c:36:6: warning: unused variable 'Index' [-Wunused-variable]
  int Index;
      ^~~~~
"Running Make libs in microblaze_0/libsrc/IP_AXI_Encoder_v1_0/src"
make -C microblaze_0/libsrc/IP_AXI_Encoder_v1_0/src -s libs  "SHELL=CMD" "COMPILER=mb-gcc" "ARCHIVER=mb-ar" "COMPILER_FLAGS=  -O2 -c -mcpu=v11.0 -mlittle-endian -mxl-soft-mul" "EXTRA_COMPILER_FLAGS=-ffunction-sections -fdata-sections -Wall -Wextra"
"Compiling IP_AXI_Encoder..."
IP_AXI_Encoder_selftest.c: In function 'IP_AXI_ENCODER_Reg_SelfTest':
IP_AXI_Encoder_selftest.c:52:63: warning: comparison of integer expressions of different signedness: 'u32' {aka 'long unsigned int'} and 'int' [-Wsign-compare]
    if ( IP_AXI_ENCODER_mReadReg (baseaddr, read_loop_index*4) != (read_loop_index+1)*READ_WRITE_MUL_FACTOR){
                                                               ^~
IP_AXI_Encoder_selftest.c:36:6: warning: unused variable 'Index' [-Wunused-variable]
  int Index;
      ^~~~~
"Running Make libs in microblaze_0/libsrc/IP_AXI_INVERTER_v1_0/src"
make -C microblaze_0/libsrc/IP_AXI_INVERTER_v1_0/src -s libs  "SHELL=CMD" "COMPILER=mb-gcc" "ARCHIVER=mb-ar" "COMPILER_FLAGS=  -O2 -c -mcpu=v11.0 -mlittle-endian -mxl-soft-mul" "EXTRA_COMPILER_FLAGS=-ffunction-sections -fdata-sections -Wall -Wextra"
"Compiling IP_AXI_INVERTER..."
IP_AXI_INVERTER_selftest.c: In function 'IP_AXI_INVERTER_Reg_SelfTest':
IP_AXI_INVERTER_selftest.c:52:64: warning: comparison of integer expressions of different signedness: 'u32' {aka 'long unsigned int'} and 'int' [-Wsign-compare]
    if ( IP_AXI_INVERTER_mReadReg (baseaddr, read_loop_index*4) != (read_loop_index+1)*READ_WRITE_MUL_FACTOR){
                                                                ^~
IP_AXI_INVERTER_selftest.c:36:6: warning: unused variable 'Index' [-Wunused-variable]
  int Index;
      ^~~~~
"Running Make libs in microblaze_0/libsrc/IP_AXI_LEDS_v1_0/src"
make -C microblaze_0/libsrc/IP_AXI_LEDS_v1_0/src -s libs  "SHELL=CMD" "COMPILER=mb-gcc" "ARCHIVER=mb-ar" "COMPILER_FLAGS=  -O2 -c -mcpu=v11.0 -mlittle-endian -mxl-soft-mul" "EXTRA_COMPILER_FLAGS=-ffunction-sections -fdata-sections -Wall -Wextra"
"Compiling IP_AXI_LEDS..."
IP_AXI_LEDS_selftest.c: In function 'IP_AXI_LEDS_Reg_SelfTest':
IP_AXI_LEDS_selftest.c:52:60: warning: comparison of integer expressions of different signedness: 'u32' {aka 'long unsigned int'} and 'int' [-Wsign-compare]
    if ( IP_AXI_LEDS_mReadReg (baseaddr, read_loop_index*4) != (read_loop_index+1)*READ_WRITE_MUL_FACTOR){
                                                            ^~
IP_AXI_LEDS_selftest.c:36:6: warning: unused variable 'Index' [-Wunused-variable]
  int Index;
      ^~~~~
"Running Make libs in microblaze_0/libsrc/IP_AXI_PWM_v1_0/src"
make -C microblaze_0/libsrc/IP_AXI_PWM_v1_0/src -s libs  "SHELL=CMD" "COMPILER=mb-gcc" "ARCHIVER=mb-ar" "COMPILER_FLAGS=  -O2 -c -mcpu=v11.0 -mlittle-endian -mxl-soft-mul" "EXTRA_COMPILER_FLAGS=-ffunction-sections -fdata-sections -Wall -Wextra"
"Compiling IP_AXI_PWM..."
IP_AXI_PWM_selftest.c: In function 'IP_AXI_PWM_Reg_SelfTest':
IP_AXI_PWM_selftest.c:52:59: warning: comparison of integer expressions of different signedness: 'u32' {aka 'long unsigned int'} and 'int' [-Wsign-compare]
    if ( IP_AXI_PWM_mReadReg (baseaddr, read_loop_index*4) != (read_loop_index+1)*READ_WRITE_MUL_FACTOR){
                                                           ^~
IP_AXI_PWM_selftest.c:36:6: warning: unused variable 'Index' [-Wunused-variable]
  int Index;
      ^~~~~
"Running Make libs in microblaze_0/libsrc/spi_v4_4/src"
make -C microblaze_0/libsrc/spi_v4_4/src -s libs  "SHELL=CMD" "COMPILER=mb-gcc" "ARCHIVER=mb-ar" "COMPILER_FLAGS=  -O2 -c -mcpu=v11.0 -mlittle-endian -mxl-soft-mul" "EXTRA_COMPILER_FLAGS=-ffunction-sections -fdata-sections -Wall -Wextra"
"Compiling spi"
"Running Make libs in microblaze_0/libsrc/standalone_v7_0/src"
make -C microblaze_0/libsrc/standalone_v7_0/src -s libs  "SHELL=CMD" "COMPILER=mb-gcc" "ARCHIVER=mb-ar" "COMPILER_FLAGS=  -O2 -c -mcpu=v11.0 -mlittle-endian -mxl-soft-mul" "EXTRA_COMPILER_FLAGS=-ffunction-sections -fdata-sections -Wall -Wextra"
"Compiling standalone";
inbyte.c: In function 'inbyte':
inbyte.c:11:1: warning: control reaches end of non-void function [-Wreturn-type]
 }
 ^
microblaze_sleep.c:77:9: note: #pragma message: For the sleep routines, assembly instructions are used
 #pragma message ("For the sleep routines, assembly instructions are used")
         ^~~~~~~
"Running Make libs in microblaze_0/libsrc/uartlite_v3_2/src"
make -C microblaze_0/libsrc/uartlite_v3_2/src -s libs  "SHELL=CMD" "COMPILER=mb-gcc" "ARCHIVER=mb-ar" "COMPILER_FLAGS=  -O2 -c -mcpu=v11.0 -mlittle-endian -mxl-soft-mul" "EXTRA_COMPILER_FLAGS=-ffunction-sections -fdata-sections -Wall -Wextra"
"Compiling uartlite"
"Running Make libs in microblaze_0/libsrc/xilisf_v5_13/src"
make -C microblaze_0/libsrc/xilisf_v5_13/src -s libs  "SHELL=CMD" "COMPILER=mb-gcc" "ARCHIVER=mb-ar" "COMPILER_FLAGS=  -O2 -c -mcpu=v11.0 -mlittle-endian -mxl-soft-mul" "EXTRA_COMPILER_FLAGS=-ffunction-sections -fdata-sections -Wall -Wextra"
"Compiling XilIsf Library"
'Finished building libraries'
11:50:16 **** Build of configuration Debug for project start_project ****
make all 
'Building file: ../src/testperiph.c'
'Invoking: MicroBlaze gcc compiler'
mb-gcc -Wall -O0 -g3 -c -fmessage-length=0 -MT"src/testperiph.o" -I../../start_project_bsp/microblaze_0/include -mlittle-endian -mcpu=v11.0 -mxl-soft-mul -Wl,--no-relax -ffunction-sections -fdata-sections -MMD -MP -MF"src/testperiph.d" -MT"src/testperiph.o" -o "src/testperiph.o" "../src/testperiph.c"
'Finished building: ../src/testperiph.c'
' '
'Building file: ../src/xgpio_tapp_example.c'
'Invoking: MicroBlaze gcc compiler'
mb-gcc -Wall -O0 -g3 -c -fmessage-length=0 -MT"src/xgpio_tapp_example.o" -I../../start_project_bsp/microblaze_0/include -mlittle-endian -mcpu=v11.0 -mxl-soft-mul -Wl,--no-relax -ffunction-sections -fdata-sections -MMD -MP -MF"src/xgpio_tapp_example.d" -MT"src/xgpio_tapp_example.o" -o "src/xgpio_tapp_example.o" "../src/xgpio_tapp_example.c"
'Finished building: ../src/xgpio_tapp_example.c'
' '
'Building target: start_project.elf'
'Invoking: MicroBlaze gcc linker'
mb-gcc -Wl,-T -Wl,../src/lscript.ld -L../../start_project_bsp/microblaze_0/lib -mlittle-endian -mcpu=v11.0 -mxl-soft-mul -Wl,--no-relax -Wl,--gc-sections -o "start_project.elf"  ./src/testperiph.o ./src/xgpio_tapp_example.o   -Wl,--start-group,-lxil,-lgcc,-lc,--end-group
'Finished building target: start_project.elf'
' '
'Invoking: MicroBlaze Print Size'
mb-size start_project.elf  |tee "start_project.elf.size"
   text	   data	    bss	    dec	    hex	filename
   4756	    404	   2128	   7288	   1c78	start_project.elf
'Finished building: start_project.elf.size'
' '
11:50:31 **** Build of configuration Debug for project per_test ****
make all 
'Building file: ../src/CRC_Functions.c'
'Invoking: MicroBlaze gcc compiler'
mb-gcc -Wall -O0 -g3 -c -fmessage-length=0 -MT"src/CRC_Functions.o" -I../../start_project_bsp/microblaze_0/include -mlittle-endian -mcpu=v11.0 -mxl-soft-mul -Wl,--no-relax -ffunction-sections -fdata-sections -MMD -MP -MF"src/CRC_Functions.d" -MT"src/CRC_Functions.o" -o "src/CRC_Functions.o" "../src/CRC_Functions.c"
In file included from ../src/CRC_Functions.c:1:
../src/CRC_Functions.h:4:10: fatal error: xplatform_info.h: No such file or directory
 #include "xplatform_info.h"
          ^~~~~~~~~~~~~~~~~~
compilation terminated.
make: *** [src/subdir.mk:65: src/CRC_Functions.o] Error 1
11:50:34 **** Build of configuration Debug for project bootloader ****
make all 
'Building file: ../src/bootloader.c'
'Invoking: MicroBlaze gcc compiler'
mb-gcc -Wall -O0 -g3 -c -fmessage-length=0 -MT"src/bootloader.o" -I../../start_project_bsp/microblaze_0/include -mlittle-endian -mcpu=v11.0 -mxl-soft-mul -Wl,--no-relax -ffunction-sections -fdata-sections -MMD -MP -MF"src/bootloader.d" -MT"src/bootloader.o" -o "src/bootloader.o" "../src/bootloader.c"
In file included from ../src/bootloader.c:37:
../src/blconfig.h:32:2: warning: #warning "Please provide the correct address value for the definition FLASH_IMAGE_BASEADDR. Please give the flash offset @ which SREC application is programmed" [-Wcpp]
 #warning "Please provide the correct address value for the definition FLASH_IMAGE_BASEADDR. Please give the flash offset @ which SREC application is programmed"
  ^~~~~~~
[...]
           ^~~~~~~~~~~~
../src/testperiph.c:170:11: warning: implicit declaration of function 'SendDataRS485' [-Wimplicit-function-declaration]
           SendDataRS485(&axi_uartlite_1_UartLite, PrepareDataToSendRS485(ModeRS485, NumberReg, CountReg), CountByteToSend);
           ^~~~~~~~~~~~~
../src/testperiph.c:170:51: warning: implicit declaration of function 'PrepareDataToSendRS485' [-Wimplicit-function-declaration]
           SendDataRS485(&axi_uartlite_1_UartLite, PrepareDataToSendRS485(ModeRS485, NumberReg, CountReg), CountByteToSend);
                                                   ^~~~~~~~~~~~~~~~~~~~~~
../src/testperiph.c:218:13: warning: implicit declaration of function 'TestCheckTotalRecvCount' [-Wimplicit-function-declaration]
         if (TestCheckTotalRecvCount() != 0) {
             ^~~~~~~~~~~~~~~~~~~~~~~
../src/testperiph.c:223:11: warning: implicit declaration of function 'SendData' [-Wimplicit-function-declaration]
           SendData(&axi_uartlite_0_UartLite, GetData(&axi_uartlite_0_UartLite));
           ^~~~~~~~
../src/testperiph.c:223:46: warning: implicit declaration of function 'GetData' [-Wimplicit-function-declaration]
           SendData(&axi_uartlite_0_UartLite, GetData(&axi_uartlite_0_UartLite));
                                              ^~~~~~~
../src/testperiph.c:241:13: warning: implicit declaration of function 'TotalSentCountRS485Check' [-Wimplicit-function-declaration]
         if (TotalSentCountRS485Check() == 8) {
             ^~~~~~~~~~~~~~~~~~~~~~~~
../src/testperiph.c:242:10: warning: implicit declaration of function 'ResetTotalSentCountRS485' [-Wimplicit-function-declaration]
          ResetTotalSentCountRS485();
          ^~~~~~~~~~~~~~~~~~~~~~~~
../src/testperiph.c:101:8: warning: unused variable 'controlIntr' [-Wunused-variable]
    int controlIntr = 0;
        ^~~~~~~~~~~
../src/testperiph.c:58:6: warning: unused variable 'CountControlPanel' [-Wunused-variable]
  int CountControlPanel = 0;
      ^~~~~~~~~~~~~~~~~
'Finished building: ../src/testperiph.c'
' '
'Building target: per_test.elf'
'Invoking: MicroBlaze gcc linker'
mb-gcc -Wl,-T -Wl,../src/lscript.ld -L../../start_project_bsp/microblaze_0/lib -mlittle-endian -mcpu=v11.0 -mxl-soft-mul -Wl,--no-relax -Wl,--gc-sections -o "per_test.elf"  ./src/CRC_Functions.o ./src/PWM_tools.o ./src/adc.o ./src/current_system_status.o ./src/encoder.o ./src/initializationl_functions.o ./src/logical_functions.o ./src/testperiph.o ./src/xgpio_tapp_example.o ./src/xintc_tapp_example.o ./src/xspi_selftest_example.o ./src/xuartlite_intr_tapp_example.o ./src/xuartlite_intr_tapp_example_rs485.o ./src/xuartlite_selftest_example.o ./src/xuartlite_selftest_example_rs485.o   -Wl,--start-group,-lxil,-lgcc,-lc,--end-group -Wl,--start-group,-lxilisf,-lxil,-lgcc,-lc,--end-group
'Finished building target: per_test.elf'
' '
'Invoking: MicroBlaze Print Size'
mb-size per_test.elf  |tee "per_test.elf.size"
   text	   data	    bss	    dec	    hex	filename
  22096	   1112	   6976	  30184	   75e8	per_test.elf
'Finished building: per_test.elf.size'
' '
16:07:02 **** Incremental Build of configuration Debug for project per_test ****
make all 
make: Nothing to be done for 'all'.
16:08:27 **** Auto Build of configuration Debug for project per_test ****
make all 
'Building file: ../src/testperiph.c'
'Invoking: MicroBlaze gcc compiler'
mb-gcc -Wall -O0 -g3 -c -fmessage-length=0 -MT"src/testperiph.o" -I../../start_project_bsp/microblaze_0/include -mlittle-endian -mcpu=v11.0 -mxl-soft-mul -Wl,--no-relax -ffunction-sections -fdata-sections -MMD -MP -MF"src/testperiph.d" -MT"src/testperiph.o" -o "src/testperiph.o" "../src/testperiph.c"
../src/testperiph.c: In function 'main':
../src/testperiph.c:105:5: warning: implicit declaration of function 'GetSystemValues' [-Wimplicit-function-declaration]
     GetSystemValues();
     ^~~~~~~~~~~~~~~
../src/testperiph.c:117:14: warning: implicit declaration of function 'TestCheckTotalRecvCountRS485' [-Wimplicit-function-declaration]
          if (TestCheckTotalRecvCountRS485() == 0) {
              ^~~~~~~~~~~~~~~~~~~~~~~~~~~~
../src/testperiph.c:122:11: warning: implicit declaration of function 'ResetTotalRecvCountRS485' [-Wimplicit-function-declaration]
           ResetTotalRecvCountRS485();
           ^~~~~~~~~~~~~~~~~~~~~~~~
../src/testperiph.c:123:11: warning: implicit declaration of function 'GetDataRS485' [-Wimplicit-function-declaration]
           GetDataRS485(&axi_uartlite_1_UartLite, ModeRS485);
           ^~~~~~~~~~~~
../src/testperiph.c:170:11: warning: implicit declaration of function 'SendDataRS485' [-Wimplicit-function-declaration]
           SendDataRS485(&axi_uartlite_1_UartLite, PrepareDataToSendRS485(ModeRS485, NumberReg, CountReg), CountByteToSend);
           ^~~~~~~~~~~~~
../src/testperiph.c:170:51: warning: implicit declaration of function 'PrepareDataToSendRS485' [-Wimplicit-function-declaration]
           SendDataRS485(&axi_uartlite_1_UartLite, PrepareDataToSendRS485(ModeRS485, NumberReg, CountReg), CountByteToSend);
                                                   ^~~~~~~~~~~~~~~~~~~~~~
../src/testperiph.c:218:13: warning: implicit declaration of function 'TestCheckTotalRecvCount' [-Wimplicit-function-declaration]
         if (TestCheckTotalRecvCount() != 0) {
             ^~~~~~~~~~~~~~~~~~~~~~~
../src/testperiph.c:223:11: warning: implicit declaration of function 'SendData' [-Wimplicit-function-declaration]
           SendData(&axi_uartlite_0_UartLite, GetData(&axi_uartlite_0_UartLite));
           ^~~~~~~~
../src/testperiph.c:223:46: warning: implicit declaration of function 'GetData' [-Wimplicit-function-declaration]
           SendData(&axi_uartlite_0_UartLite, GetData(&axi_uartlite_0_UartLite));
                                              ^~~~~~~
../src/testperiph.c:241:13: warning: implicit declaration of function 'TotalSentCountRS485Check' [-Wimplicit-function-declaration]
         if (TotalSentCountRS485Check() == 8) {
             ^~~~~~~~~~~~~~~~~~~~~~~~
../src/testperiph.c:242:10: warning: implicit declaration of function 'ResetTotalSentCountRS485' [-Wimplicit-function-declaration]
          ResetTotalSentCountRS485();
          ^~~~~~~~~~~~~~~~~~~~~~~~
../src/testperiph.c:101:8: warning: unused variable 'controlIntr' [-Wunused-variable]
    int controlIntr = 0;
        ^~~~~~~~~~~
../src/testperiph.c:58:6: warning: unused variable 'CountControlPanel' [-Wunused-variable]
  int CountControlPanel = 0;
      ^~~~~~~~~~~~~~~~~
'Finished building: ../src/testperiph.c'
' '
'Building target: per_test.elf'
'Invoking: MicroBlaze gcc linker'
mb-gcc -Wl,-T -Wl,../src/lscript.ld -L../../start_project_bsp/microblaze_0/lib -mlittle-endian -mcpu=v11.0 -mxl-soft-mul -Wl,--no-relax -Wl,--gc-sections -o "per_test.elf"  ./src/CRC_Functions.o ./src/PWM_tools.o ./src/adc.o ./src/current_system_status.o ./src/encoder.o ./src/initializationl_functions.o ./src/logical_functions.o ./src/testperiph.o ./src/xgpio_tapp_example.o ./src/xintc_tapp_example.o ./src/xspi_selftest_example.o ./src/xuartlite_intr_tapp_example.o ./src/xuartlite_intr_tapp_example_rs485.o ./src/xuartlite_selftest_example.o ./src/xuartlite_selftest_example_rs485.o   -Wl,--start-group,-lxil,-lgcc,-lc,--end-group -Wl,--start-group,-lxilisf,-lxil,-lgcc,-lc,--end-group
'Finished building target: per_test.elf'
' '
'Invoking: MicroBlaze Print Size'
mb-size per_test.elf  |tee "per_test.elf.size"
   text	   data	    bss	    dec	    hex	filename
  21816	   1112	   6976	  29904	   74d0	per_test.elf
'Finished building: per_test.elf.size'
' '
16:08:29 **** Incremental Build of configuration Debug for project per_test ****
make all 
make: Nothing to be done for 'all'.
16:09:32 **** Incremental Build of configuration Debug for project per_test ****
make all 
'Building file: ../src/testperiph.c'
'Invoking: MicroBlaze gcc compiler'
mb-gcc -Wall -O0 -g3 -c -fmessage-length=0 -MT"src/testperiph.o" -I../../start_project_bsp/microblaze_0/include -mlittle-endian -mcpu=v11.0 -mxl-soft-mul -Wl,--no-relax -ffunction-sections -fdata-sections -MMD -MP -MF"src/testperiph.d" -MT"src/testperiph.o" -o "src/testperiph.o" "../src/testperiph.c"
../src/testperiph.c: In function 'main':
../src/testperiph.c:105:5: warning: implicit declaration of function 'GetSystemValues' [-Wimplicit-function-declaration]
     GetSystemValues();
     ^~~~~~~~~~~~~~~
../src/testperiph.c:117:14: warning: implicit declaration of function 'TestCheckTotalRecvCountRS485' [-Wimplicit-function-declaration]
          if (TestCheckTotalRecvCountRS485() == 0) {
              ^~~~~~~~~~~~~~~~~~~~~~~~~~~~
../src/testperiph.c:122:11: warning: implicit declaration of function 'ResetTotalRecvCountRS485' [-Wimplicit-function-declaration]
           ResetTotalRecvCountRS485();
           ^~~~~~~~~~~~~~~~~~~~~~~~
../src/testperiph.c:123:11: warning: implicit declaration of function 'GetDataRS485' [-Wimplicit-function-declaration]
           GetDataRS485(&axi_uartlite_1_UartLite, ModeRS485);
           ^~~~~~~~~~~~
../src/testperiph.c:170:11: warning: implicit declaration of function 'SendDataRS485' [-Wimplicit-function-declaration]
           SendDataRS485(&axi_uartlite_1_UartLite, PrepareDataToSendRS485(ModeRS485, NumberReg, CountReg), CountByteToSend);
           ^~~~~~~~~~~~~
../src/testperiph.c:170:51: warning: implicit declaration of function 'PrepareDataToSendRS485' [-Wimplicit-function-declaration]
           SendDataRS485(&axi_uartlite_1_UartLite, PrepareDataToSendRS485(ModeRS485, NumberReg, CountReg), CountByteToSend);
                                                   ^~~~~~~~~~~~~~~~~~~~~~
../src/testperiph.c:218:13: warning: implicit declaration of function 'TestCheckTotalRecvCount' [-Wimplicit-function-declaration]
         if (TestCheckTotalRecvCount() != 0) {
             ^~~~~~~~~~~~~~~~~~~~~~~
../src/testperiph.c:223:11: warning: implicit declaration of function 'SendData' [-Wimplicit-function-declaration]
           SendData(&axi_uartlite_0_UartLite, GetData(&axi_uartlite_0_UartLite));
           ^~~~~~~~
../src/testperiph.c:223:46: warning: implicit declaration of function 'GetData' [-Wimplicit-function-declaration]
           SendData(&axi_uartlite_0_UartLite, GetData(&axi_uartlite_0_UartLite));
                                              ^~~~~~~
../src/testperiph.c:241:13: warning: implicit declaration of function 'TotalSentCountRS485Check' [-Wimplicit-function-declaration]
         if (TotalSentCountRS485Check() == 8) {
             ^~~~~~~~~~~~~~~~~~~~~~~~
../src/testperiph.c:242:10: warning: implicit declaration of function 'ResetTotalSentCountRS485' [-Wimplicit-function-declaration]
          ResetTotalSentCountRS485();
          ^~~~~~~~~~~~~~~~~~~~~~~~
../src/testperiph.c:101:8: warning: unused variable 'controlIntr' [-Wunused-variable]
    int controlIntr = 0;
        ^~~~~~~~~~~
../src/testperiph.c:58:6: warning: unused variable 'CountControlPanel' [-Wunused-variable]
  int CountControlPanel = 0;
      ^~~~~~~~~~~~~~~~~
'Finished building: ../src/testperiph.c'
' '
'Building target: per_test.elf'
'Invoking: MicroBlaze gcc linker'
mb-gcc -Wl,-T -Wl,../src/lscript.ld -L../../start_project_bsp/microblaze_0/lib -mlittle-endian -mcpu=v11.0 -mxl-soft-mul -Wl,--no-relax -Wl,--gc-sections -o "per_test.elf"  ./src/CRC_Functions.o ./src/PWM_tools.o ./src/adc.o ./src/current_system_status.o ./src/encoder.o ./src/initializationl_functions.o ./src/logical_functions.o ./src/testperiph.o ./src/xgpio_tapp_example.o ./src/xintc_tapp_example.o ./src/xspi_selftest_example.o ./src/xuartlite_intr_tapp_example.o ./src/xuartlite_intr_tapp_example_rs485.o ./src/xuartlite_selftest_example.o ./src/xuartlite_selftest_example_rs485.o   -Wl,--start-group,-lxil,-lgcc,-lc,--end-group -Wl,--start-group,-lxilisf,-lxil,-lgcc,-lc,--end-group
'Finished building target: per_test.elf'
' '
'Invoking: MicroBlaze Print Size'
mb-size per_test.elf  |tee "per_test.elf.size"
   text	   data	    bss	    dec	    hex	filename
  21816	   1112	   6976	  29904	   74d0	per_test.elf
'Finished building: per_test.elf.size'
' '
16:10:53 **** Incremental Build of configuration Debug for project start_project ****
make all 
make: Nothing to be done for 'all'.
16:11:06 **** Incremental Build of configuration Debug for project per_test ****
make all 
'Building file: ../src/testperiph.c'
'Invoking: MicroBlaze gcc compiler'
mb-gcc -Wall -O0 -g3 -c -fmessage-length=0 -MT"src/testperiph.o" -I../../start_project_bsp/microblaze_0/include -mlittle-endian -mcpu=v11.0 -mxl-soft-mul -Wl,--no-relax -ffunction-sections -fdata-sections -MMD -MP -MF"src/testperiph.d" -MT"src/testperiph.o" -o "src/testperiph.o" "../src/testperiph.c"
../src/testperiph.c: In function 'main':
../src/testperiph.c:94:4: warning: implicit declaration of function 'PWMIntr' [-Wimplicit-function-declaration]
    PWMIntr(&intc);
    ^~~~~~~
../src/testperiph.c:103:5: warning: implicit declaration of function 'GetSystemValues' [-Wimplicit-function-declaration]
     GetSystemValues();
     ^~~~~~~~~~~~~~~
../src/testperiph.c:115:14: warning: implicit declaration of function 'TestCheckTotalRecvCountRS485' [-Wimplicit-function-declaration]
          if (TestCheckTotalRecvCountRS485() == 0) {
              ^~~~~~~~~~~~~~~~~~~~~~~~~~~~
../src/testperiph.c:120:11: warning: implicit declaration of function 'ResetTotalRecvCountRS485' [-Wimplicit-function-declaration]
           ResetTotalRecvCountRS485();
           ^~~~~~~~~~~~~~~~~~~~~~~~
../src/testperiph.c:121:11: warning: implicit declaration of function 'GetDataRS485' [-Wimplicit-function-declaration]
           GetDataRS485(&axi_uartlite_1_UartLite, ModeRS485);
           ^~~~~~~~~~~~
../src/testperiph.c:168:11: warning: implicit declaration of function 'SendDataRS485' [-Wimplicit-function-declaration]
           SendDataRS485(&axi_uartlite_1_UartLite, PrepareDataToSendRS485(ModeRS485, NumberReg, CountReg), CountByteToSend);
           ^~~~~~~~~~~~~
../src/testperiph.c:168:51: warning: implicit declaration of function 'PrepareDataToSendRS485' [-Wimplicit-function-declaration]
           SendDataRS485(&axi_uartlite_1_UartLite, PrepareDataToSendRS485(ModeRS485, NumberReg, CountReg), CountByteToSend);
                                                   ^~~~~~~~~~~~~~~~~~~~~~
../src/testperiph.c:216:13: warning: implicit declaration of function 'TestCheckTotalRecvCount' [-Wimplicit-function-declaration]
         if (TestCheckTotalRecvCount() != 0) {
             ^~~~~~~~~~~~~~~~~~~~~~~
../src/testperiph.c:221:11: warning: implicit declaration of function 'SendData' [-Wimplicit-function-declaration]
           SendData(&axi_uartlite_0_UartLite, GetData(&axi_uartlite_0_UartLite));
           ^~~~~~~~
../src/testperiph.c:221:46: warning: implicit declaration of function 'GetData' [-Wimplicit-function-declaration]
           SendData(&axi_uartlite_0_UartLite, GetData(&axi_uartlite_0_UartLite));
                                              ^~~~~~~
../src/testperiph.c:239:13: warning: implicit declaration of function 'TotalSentCountRS485Check' [-Wimplicit-function-declaration]
         if (TotalSentCountRS485Check() == 8) {
             ^~~~~~~~~~~~~~~~~~~~~~~~
../src/testperiph.c:240:10: warning: implicit declaration of function 'ResetTotalSentCountRS485' [-Wimplicit-function-declaration]
          ResetTotalSentCountRS485();
          ^~~~~~~~~~~~~~~~~~~~~~~~
../src/testperiph.c:58:6: warning: unused variable 'CountControlPanel' [-Wunused-variable]
  int CountControlPanel = 0;
      ^~~~~~~~~~~~~~~~~
'Finished building: ../src/testperiph.c'
' '
'Building target: per_test.elf'
'Invoking: MicroBlaze gcc linker'
mb-gcc -Wl,-T -Wl,../src/lscript.ld -L../../start_project_bsp/microblaze_0/lib -mlittle-endian -mcpu=v11.0 -mxl-soft-mul -Wl,--no-relax -Wl,--gc-sections -o "per_test.elf"  ./src/CRC_Functions.o ./src/PWM_tools.o ./src/adc.o ./src/current_system_status.o ./src/encoder.o ./src/initializationl_functions.o ./src/logical_functions.o ./src/testperiph.o ./src/xgpio_tapp_example.o ./src/xintc_tapp_example.o ./src/xspi_selftest_example.o ./src/xuartlite_intr_tapp_example.o ./src/xuartlite_intr_tapp_example_rs485.o ./src/xuartlite_selftest_example.o ./src/xuartlite_selftest_example_rs485.o   -Wl,--start-group,-lxil,-lgcc,-lc,--end-group -Wl,--start-group,-lxilisf,-lxil,-lgcc,-lc,--end-group
'Finished building target: per_test.elf'
' '
'Invoking: MicroBlaze Print Size'
mb-size per_test.elf  |tee "per_test.elf.size"
   text	   data	    bss	    dec	    hex	filename
  22092	   1112	   6980	  30184	   75e8	per_test.elf
'Finished building: per_test.elf.size'
' '
09:02:33 **** Incremental Build of configuration Debug for project per_test ****
make all 
make: Nothing to be done for 'all'.
11:04:57 **** Auto Build of configuration Debug for project per_test ****
make all 
'Building file: ../src/PWM_tools.c'
'Invoking: MicroBlaze gcc compiler'
mb-gcc -Wall -O0 -g3 -c -fmessage-length=0 -MT"src/PWM_tools.o" -I../../start_project_bsp/microblaze_0/include -mlittle-endian -mcpu=v11.0 -mxl-soft-mul -Wl,--no-relax -ffunction-sections -fdata-sections -MMD -MP -MF"src/PWM_tools.d" -MT"src/PWM_tools.o" -o "src/PWM_tools.o" "../src/PWM_tools.c"
'Finished building: ../src/PWM_tools.c'
' '
'Building target: per_test.elf'
'Invoking: MicroBlaze gcc linker'
mb-gcc -Wl,-T -Wl,../src/lscript.ld -L../../start_project_bsp/microblaze_0/lib -mlittle-endian -mcpu=v11.0 -mxl-soft-mul -Wl,--no-relax -Wl,--gc-sections -o "per_test.elf"  ./src/CRC_Functions.o ./src/PWM_tools.o ./src/adc.o ./src/current_system_status.o ./src/encoder.o ./src/initializationl_functions.o ./src/logical_functions.o ./src/testperiph.o ./src/xgpio_tapp_example.o ./src/xintc_tapp_example.o ./src/xspi_selftest_example.o ./src/xuartlite_intr_tapp_example.o ./src/xuartlite_intr_tapp_example_rs485.o ./src/xuartlite_selftest_example.o ./src/xuartlite_selftest_example_rs485.o   -Wl,--start-group,-lxil,-lgcc,-lc,--end-group -Wl,--start-group,-lxilisf,-lxil,-lgcc,-lc,--end-group
'Finished building target: per_test.elf'
' '
'Invoking: MicroBlaze Print Size'
mb-size per_test.elf  |tee "per_test.elf.size"
   text	   data	    bss	    dec	    hex	filename
  22092	   1112	   6980	  30184	   75e8	per_test.elf
'Finished building: per_test.elf.size'
' '
11:05:01 **** Incremental Build of configuration Debug for project per_test ****
make all 
make: Nothing to be done for 'all'.
11:06:37 **** Auto Build of configuration Debug for project per_test ****
make all 
'Building file: ../src/PWM_tools.c'
'Invoking: MicroBlaze gcc compiler'
mb-gcc -Wall -O0 -g3 -c -fmessage-length=0 -MT"src/PWM_tools.o" -I../../start_project_bsp/microblaze_0/include -mlittle-endian -mcpu=v11.0 -mxl-soft-mul -Wl,--no-relax -ffunction-sections -fdata-sections -MMD -MP -MF"src/PWM_tools.d" -MT"src/PWM_tools.o" -o "src/PWM_tools.o" "../src/PWM_tools.c"
'Finished building: ../src/PWM_tools.c'
' '
'Building target: per_test.elf'
'Invoking: MicroBlaze gcc linker'
mb-gcc -Wl,-T -Wl,../src/lscript.ld -L../../start_project_bsp/microblaze_0/lib -mlittle-endian -mcpu=v11.0 -mxl-soft-mul -Wl,--no-relax -Wl,--gc-sections -o "per_test.elf"  ./src/CRC_Functions.o ./src/PWM_tools.o ./src/adc.o ./src/current_system_status.o ./src/encoder.o ./src/initializationl_functions.o ./src/logical_functions.o ./src/testperiph.o ./src/xgpio_tapp_example.o ./src/xintc_tapp_example.o ./src/xspi_selftest_example.o ./src/xuartlite_intr_tapp_example.o ./src/xuartlite_intr_tapp_example_rs485.o ./src/xuartlite_selftest_example.o ./src/xuartlite_selftest_example_rs485.o   -Wl,--start-group,-lxil,-lgcc,-lc,--end-group -Wl,--start-group,-lxilisf,-lxil,-lgcc,-lc,--end-group
'Finished building target: per_test.elf'
' '
'Invoking: MicroBlaze Print Size'
mb-size per_test.elf  |tee "per_test.elf.size"
   text	   data	    bss	    dec	    hex	filename
  22092	   1112	   6980	  30184	   75e8	per_test.elf
'Finished building: per_test.elf.size'
' '
11:06:38 **** Incremental Build of configuration Debug for project per_test ****
make all 
make: Nothing to be done for 'all'.
