17:55:17 **** Incremental Build of configuration Debug for project per_test ****
make all 
make: Nothing to be done for 'all'.
17:55:22 **** Incremental Build of configuration Debug for project per_test ****
make all 
'Building file: ../src/xuartlite_intr_tapp_example_rs485.c'
'Invoking: MicroBlaze gcc compiler'
mb-gcc -Wall -O0 -g3 -c -fmessage-length=0 -MT"src/xuartlite_intr_tapp_example_rs485.o" -I../../start_project_bsp/microblaze_0/include -mlittle-endian -mcpu=v11.0 -mxl-soft-mul -Wl,--no-relax -ffunction-sections -fdata-sections -MMD -MP -MF"src/xuartlite_intr_tapp_example_rs485.d" -MT"src/xuartlite_intr_tapp_example_rs485.o" -o "src/xuartlite_intr_tapp_example_rs485.o" "../src/xuartlite_intr_tapp_example_rs485.c"
../src/xuartlite_intr_tapp_example_rs485.c: In function 'UartLiteIntrExampleRS485':
../src/xuartlite_intr_tapp_example_rs485.c:265:6: warning: unused variable 'Index' [-Wunused-variable]
  u32 Index;
      ^~~~~
../src/xuartlite_intr_tapp_example_rs485.c: In function 'PrepareDataToSendRS485':
../src/xuartlite_intr_tapp_example_rs485.c:401:16: warning: implicit declaration of function 'GetCRC16_B_byte' [-Wimplicit-function-declaration]
    crc_rs485 = GetCRC16_B_byte(crc_rs485, SendBufferRS485, 6);
                ^~~~~~~~~~~~~~~
../src/xuartlite_intr_tapp_example_rs485.c:430:16: warning: implicit declaration of function 'GetArrayCurrentStatusBool' [-Wimplicit-function-declaration]
       word = ((GetArrayCurrentStatusBool(reg+i+count_word*8) & 1) << i) | word;
                ^~~~~~~~~~~~~~~~~~~~~~~~~
../src/xuartlite_intr_tapp_example_rs485.c:466:9: warning: returning 'u8 (*)[210]' {aka 'unsigned char (*)[210]'} from a function with incompatible return type 'int *' [-Wincompatible-pointer-types]
  return &SendBufferRS485;
         ^~~~~~~~~~~~~~~~
../src/xuartlite_intr_tapp_example_rs485.c: In function 'InvertSignalToSendRS485':
../src/xuartlite_intr_tapp_example_rs485.c:471:3: warning: implicit declaration of function 'SetArrayCurrentStatusBool' [-Wimplicit-function-declaration]
   SetArrayCurrentStatusBool(515, 1);
   ^~~~~~~~~~~~~~~~~~~~~~~~~
../src/xuartlite_intr_tapp_example_rs485.c: In function 'PrepareDataToSendTestRS485':
../src/xuartlite_intr_tapp_example_rs485.c:514:9: warning: returning 'u8 (*)[210]' {aka 'unsigned char (*)[210]'} from a function with incompatible return type 'int *' [-Wincompatible-pointer-types]
  return &SendBufferRS485;
         ^~~~~~~~~~~~~~~~
../src/xuartlite_intr_tapp_example_rs485.c: In function 'GetDataRS485':
../src/xuartlite_intr_tapp_example_rs485.c:594:9: warning: returning 'u8 (*)[210]' {aka 'unsigned char (*)[210]'} from a function with incompatible return type 'int *' [-Wincompatible-pointer-types]
  return &RecvBufferRS485;
         ^~~~~~~~~~~~~~~~
../src/xuartlite_intr_tapp_example_rs485.c: In function 'GetRecvBufferRS485':
../src/xuartlite_intr_tapp_example_rs485.c:607:9: warning: returning 'u8 (*)[210]' {aka 'unsigned char (*)[210]'} from a function with incompatible return type 'int *' [-Wincompatible-pointer-types]
  return &RecvBufferRS485;
         ^~~~~~~~~~~~~~~~
At top level:
../src/xuartlite_intr_tapp_example_rs485.c:768:13: warning: 'UartLiteDisableIntrSystem' defined but not used [-Wunused-function]
 static void UartLiteDisableIntrSystem(INTC *IntcInstancePtr,
             ^~~~~~~~~~~~~~~~~~~~~~~~~
'Finished building: ../src/xuartlite_intr_tapp_example_rs485.c'
' '
'Building target: per_test.elf'
'Invoking: MicroBlaze gcc linker'
mb-gcc -Wl,-T -Wl,../src/lscript.ld -L../../start_project_bsp/microblaze_0/lib -mlittle-endian -mcpu=v11.0 -mxl-soft-mul -Wl,--no-relax -Wl,--gc-sections -o "per_test.elf"  ./src/CRC_Functions.o ./src/PWM_tools.o ./src/adc.o ./src/control_transistor_keys.o ./src/current_system_status.o ./src/encoder.o ./src/initializationl_functions.o ./src/logical_functions.o ./src/testperiph.o ./src/xgpio_tapp_example.o ./src/xintc_tapp_example.o ./src/xspi_selftest_example.o ./src/xuartlite_intr_tapp_example.o ./src/xuartlite_intr_tapp_example_rs485.o ./src/xuartlite_selftest_example.o ./src/xuartlite_selftest_example_rs485.o   -Wl,--start-group,-lxil,-lgcc,-lc,--end-group -Wl,--start-group,-lxilisf,-lxil,-lgcc,-lc,--end-group
'Finished building target: per_test.elf'
' '
'Invoking: MicroBlaze Print Size'
mb-size per_test.elf  |tee "per_test.elf.size"
   text	   data	    bss	    dec	    hex	filename
  25380	   1112	   7028	  33520	   82f0	per_test.elf
'Finished building: per_test.elf.size'
' '
17:58:45 **** Auto Build of configuration Debug for project per_test ****
make all 
'Building file: ../src/xuartlite_intr_tapp_example_rs485.c'
'Invoking: MicroBlaze gcc compiler'
mb-gcc -Wall -O0 -g3 -c -fmessage-length=0 -MT"src/xuartlite_intr_tapp_example_rs485.o" -I../../start_project_bsp/microblaze_0/include -mlittle-endian -mcpu=v11.0 -mxl-soft-mul -Wl,--no-relax -ffunction-sections -fdata-sections -MMD -MP -MF"src/xuartlite_intr_tapp_example_rs485.d" -MT"src/xuartlite_intr_tapp_example_rs485.o" -o "src/xuartlite_intr_tapp_example_rs485.o" "../src/xuartlite_intr_tapp_example_rs485.c"
../src/xuartlite_intr_tapp_example_rs485.c: In function 'UartLiteIntrExampleRS485':
../src/xuartlite_intr_tapp_example_rs485.c:265:6: warning: unused variable 'Index' [-Wunused-variable]
  u32 Index;
      ^~~~~
../src/xuartlite_intr_tapp_example_rs485.c: In function 'PrepareDataToSendRS485':
../src/xuartlite_intr_tapp_example_rs485.c:401:16: warning: implicit declaration of function 'GetCRC16_B_byte' [-Wimplicit-function-declaration]
    crc_rs485 = GetCRC16_B_byte(crc_rs485, SendBufferRS485, 6);
                ^~~~~~~~~~~~~~~
../src/xuartlite_intr_tapp_example_rs485.c:430:16: warning: implicit declaration of function 'GetArrayCurrentStatusBool' [-Wimplicit-function-declaration]
       word = ((GetArrayCurrentStatusBool(reg+i+count_word*8) & 1) << i) | word;
                ^~~~~~~~~~~~~~~~~~~~~~~~~
../src/xuartlite_intr_tapp_example_rs485.c:466:9: warning: returning 'u8 (*)[210]' {aka 'unsigned char (*)[210]'} from a function with incompatible return type 'int *' [-Wincompatible-pointer-types]
  return &SendBufferRS485;
         ^~~~~~~~~~~~~~~~
../src/xuartlite_intr_tapp_example_rs485.c: In function 'InvertSignalToSendRS485':
../src/xuartlite_intr_tapp_example_rs485.c:471:3: warning: implicit declaration of function 'SetArrayCurrentStatusBool' [-Wimplicit-function-declaration]
   SetArrayCurrentStatusBool(515, 1);
   ^~~~~~~~~~~~~~~~~~~~~~~~~
../src/xuartlite_intr_tapp_example_rs485.c: In function 'PrepareDataToSendTestRS485':
../src/xuartlite_intr_tapp_example_rs485.c:515:9: warning: returning 'u8 (*)[210]' {aka 'unsigned char (*)[210]'} from a function with incompatible return type 'int *' [-Wincompatible-pointer-types]
  return &SendBufferRS485;
         ^~~~~~~~~~~~~~~~
../src/xuartlite_intr_tapp_example_rs485.c: In function 'GetDataRS485':
../src/xuartlite_intr_tapp_example_rs485.c:595:9: warning: returning 'u8 (*)[210]' {aka 'unsigned char (*)[210]'} from a function with incompatible return type 'int *' [-Wincompatible-pointer-types]
  return &RecvBufferRS485;
         ^~~~~~~~~~~~~~~~
../src/xuartlite_intr_tapp_example_rs485.c: In function 'GetRecvBufferRS485':
../src/xuartlite_intr_tapp_example_rs485.c:608:9: warning: returning 'u8 (*)[210]' {aka 'unsigned char (*)[210]'} from a function with incompatible return type 'int *' [-Wincompatible-pointer-types]
  return &RecvBufferRS485;
         ^~~~~~~~~~~~~~~~
At top level:
../src/xuartlite_intr_tapp_example_rs485.c:769:13: warning: 'UartLiteDisableIntrSystem' defined but not used [-Wunused-function]
 static void UartLiteDisableIntrSystem(INTC *IntcInstancePtr,
             ^~~~~~~~~~~~~~~~~~~~~~~~~
'Finished building: ../src/xuartlite_intr_tapp_example_rs485.c'
' '
'Building target: per_test.elf'
'Invoking: MicroBlaze gcc linker'
mb-gcc -Wl,-T -Wl,../src/lscript.ld -L../../start_project_bsp/microblaze_0/lib -mlittle-endian -mcpu=v11.0 -mxl-soft-mul -Wl,--no-relax -Wl,--gc-sections -o "per_test.elf"  ./src/CRC_Functions.o ./src/PWM_tools.o ./src/adc.o ./src/control_transistor_keys.o ./src/current_system_status.o ./src/encoder.o ./src/initializationl_functions.o ./src/logical_functions.o ./src/testperiph.o ./src/xgpio_tapp_example.o ./src/xintc_tapp_example.o ./src/xspi_selftest_example.o ./src/xuartlite_intr_tapp_example.o ./src/xuartlite_intr_tapp_example_rs485.o ./src/xuartlite_selftest_example.o ./src/xuartlite_selftest_example_rs485.o   -Wl,--start-group,-lxil,-lgcc,-lc,--end-group -Wl,--start-group,-lxilisf,-lxil,-lgcc,-lc,--end-group
'Finished building target: per_test.elf'
' '
'Invoking: MicroBlaze Print Size'
mb-size per_test.elf  |tee "per_test.elf.size"
   text	   data	    bss	    dec	    hex	filename
  25400	   1112	   7024	  33536	   8300	per_test.elf
'Finished building: per_test.elf.size'
' '
17:58:47 **** Incremental Build of configuration Debug for project per_test ****
make all 
make: Nothing to be done for 'all'.
