18:12:26 **** Incremental Build of configuration Debug for project per_test ****
make all 
make: Nothing to be done for 'all'.
18:12:30 **** Incremental Build of configuration Debug for project per_test ****
make all 
make: Nothing to be done for 'all'.
18:13:48 **** Incremental Build of configuration Debug for project per_test ****
make all 
make: Nothing to be done for 'all'.
18:14:17 **** Auto Build of configuration Debug for project per_test ****
make all 
'Building file: ../src/xuartlite_intr_tapp_example_rs485.c'
'Invoking: MicroBlaze gcc compiler'
mb-gcc -Wall -O0 -g3 -c -fmessage-length=0 -MT"src/xuartlite_intr_tapp_example_rs485.o" -I../../start_project_bsp/microblaze_0/include -mlittle-endian -mcpu=v11.0 -mxl-soft-mul -Wl,--no-relax -ffunction-sections -fdata-sections -MMD -MP -MF"src/xuartlite_intr_tapp_example_rs485.d" -MT"src/xuartlite_intr_tapp_example_rs485.o" -o "src/xuartlite_intr_tapp_example_rs485.o" "../src/xuartlite_intr_tapp_example_rs485.c"
../src/xuartlite_intr_tapp_example_rs485.c: In function 'UartLiteIntrExampleRS485':
../src/xuartlite_intr_tapp_example_rs485.c:261:6: warning: unused variable 'Index' [-Wunused-variable]
  u32 Index;
      ^~~~~
../src/xuartlite_intr_tapp_example_rs485.c: In function 'PrepareDataToSendRS485':
../src/xuartlite_intr_tapp_example_rs485.c:397:16: warning: implicit declaration of function 'GetCRC16_B_byte' [-Wimplicit-function-declaration]
    crc_rs485 = GetCRC16_B_byte(crc_rs485, SendBufferRS485, 6);
                ^~~~~~~~~~~~~~~
../src/xuartlite_intr_tapp_example_rs485.c:447:9: warning: returning 'u8 (*)[210]' {aka 'unsigned char (*)[210]'} from a function with incompatible return type 'int *' [-Wincompatible-pointer-types]
  return &SendBufferRS485;
         ^~~~~~~~~~~~~~~~
../src/xuartlite_intr_tapp_example_rs485.c: In function 'PrepareDataToSendTestRS485':
../src/xuartlite_intr_tapp_example_rs485.c:451:9: warning: returning 'u8 (*)[210]' {aka 'unsigned char (*)[210]'} from a function with incompatible return type 'int *' [-Wincompatible-pointer-types]
  return &SendBufferRS485;
         ^~~~~~~~~~~~~~~~
../src/xuartlite_intr_tapp_example_rs485.c: In function 'GetDataRS485':
../src/xuartlite_intr_tapp_example_rs485.c:531:9: warning: returning 'u8 (*)[210]' {aka 'unsigned char (*)[210]'} from a function with incompatible return type 'int *' [-Wincompatible-pointer-types]
  return &RecvBufferRS485;
         ^~~~~~~~~~~~~~~~
../src/xuartlite_intr_tapp_example_rs485.c: In function 'GetRecvBufferRS485':
../src/xuartlite_intr_tapp_example_rs485.c:544:9: warning: returning 'u8 (*)[210]' {aka 'unsigned char (*)[210]'} from a function with incompatible return type 'int *' [-Wincompatible-pointer-types]
  return &RecvBufferRS485;
         ^~~~~~~~~~~~~~~~
At top level:
../src/xuartlite_intr_tapp_example_rs485.c:705:13: warning: 'UartLiteDisableIntrSystem' defined but not used [-Wunused-function]
 static void UartLiteDisableIntrSystem(INTC *IntcInstancePtr,
             ^~~~~~~~~~~~~~~~~~~~~~~~~
'Finished building: ../src/xuartlite_intr_tapp_example_rs485.c'
' '
'Building target: per_test.elf'
'Invoking: MicroBlaze gcc linker'
mb-gcc -Wl,-T -Wl,../src/lscript.ld -L../../start_project_bsp/microblaze_0/lib -mlittle-endian -mcpu=v11.0 -mxl-soft-mul -Wl,--no-relax -Wl,--gc-sections -o "per_test.elf"  ./src/CRC_Functions.o ./src/PWM_tools.o ./src/adc.o ./src/current_system_status.o ./src/encoder.o ./src/initializationl_functions.o ./src/logical_functions.o ./src/testperiph.o ./src/xgpio_tapp_example.o ./src/xintc_tapp_example.o ./src/xspi_selftest_example.o ./src/xuartlite_intr_tapp_example.o ./src/xuartlite_intr_tapp_example_rs485.o ./src/xuartlite_selftest_example.o ./src/xuartlite_selftest_example_rs485.o   -Wl,--start-group,-lxil,-lgcc,-lc,--end-group -Wl,--start-group,-lxilisf,-lxil,-lgcc,-lc,--end-group
'Finished building target: per_test.elf'
' '
'Invoking: MicroBlaze Print Size'
mb-size per_test.elf  |tee "per_test.elf.size"
   text	   data	    bss	    dec	    hex	filename
  19732	   1112	   6980	  27824	   6cb0	per_test.elf
'Finished building: per_test.elf.size'
' '
18:14:18 **** Incremental Build of configuration Debug for project per_test ****
make all 
make: Nothing to be done for 'all'.
18:16:04 **** Auto Build of configuration Debug for project per_test ****
make all 
'Building file: ../src/testperiph.c'
'Invoking: MicroBlaze gcc compiler'
mb-gcc -Wall -O0 -g3 -c -fmessage-length=0 -MT"src/testperiph.o" -I../../start_project_bsp/microblaze_0/include -mlittle-endian -mcpu=v11.0 -mxl-soft-mul -Wl,--no-relax -ffunction-sections -fdata-sections -MMD -MP -MF"src/testperiph.d" -MT"src/testperiph.o" -o "src/testperiph.o" "../src/testperiph.c"
../src/testperiph.c: In function 'main':
../src/testperiph.c:102:5: warning: implicit declaration of function 'GetSystemValues' [-Wimplicit-function-declaration]
     GetSystemValues();
     ^~~~~~~~~~~~~~~
../src/testperiph.c:114:14: warning: implicit declaration of function 'TestCheckTotalRecvCountRS485' [-Wimplicit-function-declaration]
          if (TestCheckTotalRecvCountRS485() == 0) {
              ^~~~~~~~~~~~~~~~~~~~~~~~~~~~
../src/testperiph.c:119:11: warning: implicit declaration of function 'ResetTotalRecvCountRS485' [-Wimplicit-function-declaration]
           ResetTotalRecvCountRS485();
           ^~~~~~~~~~~~~~~~~~~~~~~~
../src/testperiph.c:120:11: warning: implicit declaration of function 'GetDataRS485' [-Wimplicit-function-declaration]
           GetDataRS485(&axi_uartlite_1_UartLite, ModeRS485);
           ^~~~~~~~~~~~
../src/testperiph.c:160:11: warning: implicit declaration of function 'SendDataRS485' [-Wimplicit-function-declaration]
           SendDataRS485(&axi_uartlite_1_UartLite, PrepareDataToSendRS485(ModeRS485, NumberReg, CountReg), CountByteToSend);
           ^~~~~~~~~~~~~
../src/testperiph.c:160:51: warning: implicit declaration of function 'PrepareDataToSendRS485' [-Wimplicit-function-declaration]
           SendDataRS485(&axi_uartlite_1_UartLite, PrepareDataToSendRS485(ModeRS485, NumberReg, CountReg), CountByteToSend);
                                                   ^~~~~~~~~~~~~~~~~~~~~~
../src/testperiph.c:207:13: warning: implicit declaration of function 'TestCheckTotalRecvCount' [-Wimplicit-function-declaration]
         if (TestCheckTotalRecvCount() != 0) {
             ^~~~~~~~~~~~~~~~~~~~~~~
../src/testperiph.c:212:11: warning: implicit declaration of function 'SendData' [-Wimplicit-function-declaration]
           SendData(&axi_uartlite_0_UartLite, GetData(&axi_uartlite_0_UartLite));
           ^~~~~~~~
../src/testperiph.c:212:46: warning: implicit declaration of function 'GetData' [-Wimplicit-function-declaration]
           SendData(&axi_uartlite_0_UartLite, GetData(&axi_uartlite_0_UartLite));
                                              ^~~~~~~
../src/testperiph.c:225:13: warning: implicit declaration of function 'TotalSentCountRS485Check' [-Wimplicit-function-declaration]
         if (TotalSentCountRS485Check() == 8) {
             ^~~~~~~~~~~~~~~~~~~~~~~~
../src/testperiph.c:226:10: warning: implicit declaration of function 'ResetTotalSentCountRS485' [-Wimplicit-function-declaration]
          ResetTotalSentCountRS485();
          ^~~~~~~~~~~~~~~~~~~~~~~~
../src/testperiph.c:58:6: warning: unused variable 'CountControlPanel' [-Wunused-variable]
  int CountControlPanel = 0;
      ^~~~~~~~~~~~~~~~~
'Finished building: ../src/testperiph.c'
' '
'Building file: ../src/xuartlite_intr_tapp_example_rs485.c'
'Invoking: MicroBlaze gcc compiler'
mb-gcc -Wall -O0 -g3 -c -fmessage-length=0 -MT"src/xuartlite_intr_tapp_example_rs485.o" -I../../start_project_bsp/microblaze_0/include -mlittle-endian -mcpu=v11.0 -mxl-soft-mul -Wl,--no-relax -ffunction-sections -fdata-sections -MMD -MP -MF"src/xuartlite_intr_tapp_example_rs485.d" -MT"src/xuartlite_intr_tapp_example_rs485.o" -o "src/xuartlite_intr_tapp_example_rs485.o" "../src/xuartlite_intr_tapp_example_rs485.c"
../src/xuartlite_intr_tapp_example_rs485.c: In function 'UartLiteIntrExampleRS485':
../src/xuartlite_intr_tapp_example_rs485.c:261:6: warning: unused variable 'Index' [-Wunused-variable]
  u32 Index;
      ^~~~~
../src/xuartlite_intr_tapp_example_rs485.c: In function 'PrepareDataToSendRS485':
../src/xuartlite_intr_tapp_example_rs485.c:397:16: warning: implicit declaration of function 'GetCRC16_B_byte' [-Wimplicit-function-declaration]
    crc_rs485 = GetCRC16_B_byte(crc_rs485, SendBufferRS485, 6);
                ^~~~~~~~~~~~~~~
../src/xuartlite_intr_tapp_example_rs485.c:447:9: warning: returning 'u8 (*)[210]' {aka 'unsigned char (*)[210]'} from a function with incompatible return type 'int *' [-Wincompatible-pointer-types]
  return &SendBufferRS485;
         ^~~~~~~~~~~~~~~~
../src/xuartlite_intr_tapp_example_rs485.c: In function 'PrepareDataToSendTestRS485':
../src/xuartlite_intr_tapp_example_rs485.c:451:9: warning: returning 'u8 (*)[210]' {aka 'unsigned char (*)[210]'} from a function with incompatible return type 'int *' [-Wincompatible-pointer-types]
  return &SendBufferRS485;
         ^~~~~~~~~~~~~~~~
../src/xuartlite_intr_tapp_example_rs485.c: In function 'GetDataRS485':
../src/xuartlite_intr_tapp_example_rs485.c:531:9: warning: returning 'u8 (*)[210]' {aka 'unsigned char (*)[210]'} from a function with incompatible return type 'int *' [-Wincompatible-pointer-types]
  return &RecvBufferRS485;
         ^~~~~~~~~~~~~~~~
../src/xuartlite_intr_tapp_example_rs485.c: In function 'GetRecvBufferRS485':
../src/xuartlite_intr_tapp_example_rs485.c:544:9: warning: returning 'u8 (*)[210]' {aka 'unsigned char (*)[210]'} from a function with incompatible return type 'int *' [-Wincompatible-pointer-types]
  return &RecvBufferRS485;
         ^~~~~~~~~~~~~~~~
At top level:
../src/xuartlite_intr_tapp_example_rs485.c:705:13: warning: 'UartLiteDisableIntrSystem' defined but not used [-Wunused-function]
 static void UartLiteDisableIntrSystem(INTC *IntcInstancePtr,
             ^~~~~~~~~~~~~~~~~~~~~~~~~
'Finished building: ../src/xuartlite_intr_tapp_example_rs485.c'
' '
'Building target: per_test.elf'
'Invoking: MicroBlaze gcc linker'
mb-gcc -Wl,-T -Wl,../src/lscript.ld -L../../start_project_bsp/microblaze_0/lib -mlittle-endian -mcpu=v11.0 -mxl-soft-mul -Wl,--no-relax -Wl,--gc-sections -o "per_test.elf"  ./src/CRC_Functions.o ./src/PWM_tools.o ./src/adc.o ./src/current_system_status.o ./src/encoder.o ./src/initializationl_functions.o ./src/logical_functions.o ./src/testperiph.o ./src/xgpio_tapp_example.o ./src/xintc_tapp_example.o ./src/xspi_selftest_example.o ./src/xuartlite_intr_tapp_example.o ./src/xuartlite_intr_tapp_example_rs485.o ./src/xuartlite_selftest_example.o ./src/xuartlite_selftest_example_rs485.o   -Wl,--start-group,-lxil,-lgcc,-lc,--end-group -Wl,--start-group,-lxilisf,-lxil,-lgcc,-lc,--end-group
'Finished building target: per_test.elf'
' '
'Invoking: MicroBlaze Print Size'
mb-size per_test.elf  |tee "per_test.elf.size"
   text	   data	    bss	    dec	    hex	filename
  19732	   1112	   6980	  27824	   6cb0	per_test.elf
'Finished building: per_test.elf.size'
' '
18:16:06 **** Incremental Build of configuration Debug for project per_test ****
make all 
make: Nothing to be done for 'all'.
18:16:57 **** Auto Build of configuration Debug for project per_test ****
make all 
'Building file: ../src/testperiph.c'
'Invoking: MicroBlaze gcc compiler'
mb-gcc -Wall -O0 -g3 -c -fmessage-length=0 -MT"src/testperiph.o" -I../../start_project_bsp/microblaze_0/include -mlittle-endian -mcpu=v11.0 -mxl-soft-mul -Wl,--no-relax -ffunction-sections -fdata-sections -MMD -MP -MF"src/testperiph.d" -MT"src/testperiph.o" -o "src/testperiph.o" "../src/testperiph.c"
../src/testperiph.c: In function 'main':
../src/testperiph.c:102:5: warning: implicit declaration of function 'GetSystemValues' [-Wimplicit-function-declaration]
     GetSystemValues();
     ^~~~~~~~~~~~~~~
../src/testperiph.c:114:14: warning: implicit declaration of function 'TestCheckTotalRecvCountRS485' [-Wimplicit-function-declaration]
          if (TestCheckTotalRecvCountRS485() == 0) {
              ^~~~~~~~~~~~~~~~~~~~~~~~~~~~
../src/testperiph.c:119:11: warning: implicit declaration of function 'ResetTotalRecvCountRS485' [-Wimplicit-function-declaration]
           ResetTotalRecvCountRS485();
           ^~~~~~~~~~~~~~~~~~~~~~~~
../src/testperiph.c:120:11: warning: implicit declaration of function 'GetDataRS485' [-Wimplicit-function-declaration]
           GetDataRS485(&axi_uartlite_1_UartLite, ModeRS485);
           ^~~~~~~~~~~~
../src/testperiph.c:160:11: warning: implicit declaration of function 'SendDataRS485' [-Wimplicit-function-declaration]
           SendDataRS485(&axi_uartlite_1_UartLite, PrepareDataToSendRS485(ModeRS485, NumberReg, CountReg), CountByteToSend);
           ^~~~~~~~~~~~~
../src/testperiph.c:160:51: warning: implicit declaration of function 'PrepareDataToSendRS485' [-Wimplicit-function-declaration]
           SendDataRS485(&axi_uartlite_1_UartLite, PrepareDataToSendRS485(ModeRS485, NumberReg, CountReg), CountByteToSend);
                                                   ^~~~~~~~~~~~~~~~~~~~~~
../src/testperiph.c:207:13: warning: implicit declaration of function 'TestCheckTotalRecvCount' [-Wimplicit-function-declaration]
         if (TestCheckTotalRecvCount() != 0) {
             ^~~~~~~~~~~~~~~~~~~~~~~
../src/testperiph.c:212:11: warning: implicit declaration of function 'SendData' [-Wimplicit-function-declaration]
           SendData(&axi_uartlite_0_UartLite, GetData(&axi_uartlite_0_UartLite));
           ^~~~~~~~
../src/testperiph.c:212:46: warning: implicit declaration of function 'GetData' [-Wimplicit-function-declaration]
           SendData(&axi_uartlite_0_UartLite, GetData(&axi_uartlite_0_UartLite));
                                              ^~~~~~~
../src/testperiph.c:225:13: warning: implicit declaration of function 'TotalSentCountRS485Check' [-Wimplicit-function-declaration]
         if (TotalSentCountRS485Check() == 8) {
             ^~~~~~~~~~~~~~~~~~~~~~~~
../src/testperiph.c:226:10: warning: implicit declaration of function 'ResetTotalSentCountRS485' [-Wimplicit-function-declaration]
          ResetTotalSentCountRS485();
          ^~~~~~~~~~~~~~~~~~~~~~~~
../src/testperiph.c:58:6: warning: unused variable 'CountControlPanel' [-Wunused-variable]
  int CountControlPanel = 0;
      ^~~~~~~~~~~~~~~~~
../src/testperiph.c:128:20: warning: 'Group' may be used uninitialized in this function [-Wmaybe-uninitialized]
                 if (Group == 0) {
                    ^
'Finished building: ../src/testperiph.c'
' '
'Building target: per_test.elf'
'Invoking: MicroBlaze gcc linker'
mb-gcc -Wl,-T -Wl,../src/lscript.ld -L../../start_project_bsp/microblaze_0/lib -mlittle-endian -mcpu=v11.0 -mxl-soft-mul -Wl,--no-relax -Wl,--gc-sections -o "per_test.elf"  ./src/CRC_Functions.o ./src/PWM_tools.o ./src/adc.o ./src/current_system_status.o ./src/encoder.o ./src/initializationl_functions.o ./src/logical_functions.o ./src/testperiph.o ./src/xgpio_tapp_example.o ./src/xintc_tapp_example.o ./src/xspi_selftest_example.o ./src/xuartlite_intr_tapp_example.o ./src/xuartlite_intr_tapp_example_rs485.o ./src/xuartlite_selftest_example.o ./src/xuartlite_selftest_example_rs485.o   -Wl,--start-group,-lxil,-lgcc,-lc,--end-group -Wl,--start-group,-lxilisf,-lxil,-lgcc,-lc,--end-group
'Finished building target: per_test.elf'
' '
'Invoking: MicroBlaze Print Size'
mb-size per_test.elf  |tee "per_test.elf.size"
   text	   data	    bss	    dec	    hex	filename
  19636	   1112	   6980	  27728	   6c50	per_test.elf
'Finished building: per_test.elf.size'
' '
18:17:03 **** Incremental Build of configuration Debug for project per_test ****
make all 
make: Nothing to be done for 'all'.
18:18:03 **** Incremental Build of configuration Debug for project per_test ****
make all 
'Building file: ../src/testperiph.c'
'Invoking: MicroBlaze gcc compiler'
mb-gcc -Wall -O0 -g3 -c -fmessage-length=0 -MT"src/testperiph.o" -I../../start_project_bsp/microblaze_0/include -mlittle-endian -mcpu=v11.0 -mxl-soft-mul -Wl,--no-relax -ffunction-sections -fdata-sections -MMD -MP -MF"src/testperiph.d" -MT"src/testperiph.o" -o "src/testperiph.o" "../src/testperiph.c"
../src/testperiph.c: In function 'main':
../src/testperiph.c:102:5: warning: implicit declaration of function 'GetSystemValues' [-Wimplicit-function-declaration]
     GetSystemValues();
     ^~~~~~~~~~~~~~~
../src/testperiph.c:114:14: warning: implicit declaration of function 'TestCheckTotalRecvCountRS485' [-Wimplicit-function-declaration]
          if (TestCheckTotalRecvCountRS485() == 0) {
              ^~~~~~~~~~~~~~~~~~~~~~~~~~~~
../src/testperiph.c:119:11: warning: implicit declaration of function 'ResetTotalRecvCountRS485' [-Wimplicit-function-declaration]
           ResetTotalRecvCountRS485();
           ^~~~~~~~~~~~~~~~~~~~~~~~
../src/testperiph.c:120:11: warning: implicit declaration of function 'GetDataRS485' [-Wimplicit-function-declaration]
           GetDataRS485(&axi_uartlite_1_UartLite, ModeRS485);
           ^~~~~~~~~~~~
../src/testperiph.c:160:11: warning: implicit declaration of function 'SendDataRS485' [-Wimplicit-function-declaration]
           SendDataRS485(&axi_uartlite_1_UartLite, PrepareDataToSendRS485(ModeRS485, NumberReg, CountReg), CountByteToSend);
           ^~~~~~~~~~~~~
../src/testperiph.c:160:51: warning: implicit declaration of function 'PrepareDataToSendRS485' [-Wimplicit-function-declaration]
           SendDataRS485(&axi_uartlite_1_UartLite, PrepareDataToSendRS485(ModeRS485, NumberReg, CountReg), CountByteToSend);
                                                   ^~~~~~~~~~~~~~~~~~~~~~
../src/testperiph.c:207:13: warning: implicit declaration of function 'TestCheckTotalRecvCount' [-Wimplicit-function-declaration]
         if (TestCheckTotalRecvCount() != 0) {
             ^~~~~~~~~~~~~~~~~~~~~~~
../src/testperiph.c:212:11: warning: implicit declaration of function 'SendData' [-Wimplicit-function-declaration]
           SendData(&axi_uartlite_0_UartLite, GetData(&axi_uartlite_0_UartLite));
           ^~~~~~~~
../src/testperiph.c:212:46: warning: implicit declaration of function 'GetData' [-Wimplicit-function-declaration]
           SendData(&axi_uartlite_0_UartLite, GetData(&axi_uartlite_0_UartLite));
                                              ^~~~~~~
../src/testperiph.c:225:13: warning: implicit declaration of function 'TotalSentCountRS485Check' [-Wimplicit-function-declaration]
         if (TotalSentCountRS485Check() == 8) {
             ^~~~~~~~~~~~~~~~~~~~~~~~
../src/testperiph.c:226:10: warning: implicit declaration of function 'ResetTotalSentCountRS485' [-Wimplicit-function-declaration]
          ResetTotalSentCountRS485();
          ^~~~~~~~~~~~~~~~~~~~~~~~
../src/testperiph.c:58:6: warning: unused variable 'CountControlPanel' [-Wunused-variable]
  int CountControlPanel = 0;
      ^~~~~~~~~~~~~~~~~
../src/testperiph.c:128:20: warning: 'Group' may be used uninitialized in this function [-Wmaybe-uninitialized]
                 if (Group == 0) {
                    ^
'Finished building: ../src/testperiph.c'
' '
'Building target: per_test.elf'
'Invoking: MicroBlaze gcc linker'
mb-gcc -Wl,-T -Wl,../src/lscript.ld -L../../start_project_bsp/microblaze_0/lib -mlittle-endian -mcpu=v11.0 -mxl-soft-mul -Wl,--no-relax -Wl,--gc-sections -o "per_test.elf"  ./src/CRC_Functions.o ./src/PWM_tools.o ./src/adc.o ./src/current_system_status.o ./src/encoder.o ./src/initializationl_functions.o ./src/logical_functions.o ./src/testperiph.o ./src/xgpio_tapp_example.o ./src/xintc_tapp_example.o ./src/xspi_selftest_example.o ./src/xuartlite_intr_tapp_example.o ./src/xuartlite_intr_tapp_example_rs485.o ./src/xuartlite_selftest_example.o ./src/xuartlite_selftest_example_rs485.o   -Wl,--start-group,-lxil,-lgcc,-lc,--end-group -Wl,--start-group,-lxilisf,-lxil,-lgcc,-lc,--end-group
'Finished building target: per_test.elf'
' '
'Invoking: MicroBlaze Print Size'
mb-size per_test.elf  |tee "per_test.elf.size"
   text	   data	    bss	    dec	    hex	filename
  19636	   1112	   6980	  27728	   6c50	per_test.elf
'Finished building: per_test.elf.size'
' '
18:19:19 **** Auto Build of configuration Debug for project per_test ****
make all 
'Building file: ../src/testperiph.c'
'Invoking: MicroBlaze gcc compiler'
mb-gcc -Wall -O0 -g3 -c -fmessage-length=0 -MT"src/testperiph.o" -I../../start_project_bsp/microblaze_0/include -mlittle-endian -mcpu=v11.0 -mxl-soft-mul -Wl,--no-relax -ffunction-sections -fdata-sections -MMD -MP -MF"src/testperiph.d" -MT"src/testperiph.o" -o "src/testperiph.o" "../src/testperiph.c"
../src/testperiph.c: In function 'main':
../src/testperiph.c:102:5: warning: implicit declaration of function 'GetSystemValues' [-Wimplicit-function-declaration]
     GetSystemValues();
     ^~~~~~~~~~~~~~~
../src/testperiph.c:114:14: warning: implicit declaration of function 'TestCheckTotalRecvCountRS485' [-Wimplicit-function-declaration]
          if (TestCheckTotalRecvCountRS485() == 0) {
              ^~~~~~~~~~~~~~~~~~~~~~~~~~~~
../src/testperiph.c:119:11: warning: implicit declaration of function 'ResetTotalRecvCountRS485' [-Wimplicit-function-declaration]
           ResetTotalRecvCountRS485();
           ^~~~~~~~~~~~~~~~~~~~~~~~
../src/testperiph.c:120:11: warning: implicit declaration of function 'GetDataRS485' [-Wimplicit-function-declaration]
           GetDataRS485(&axi_uartlite_1_UartLite, ModeRS485);
           ^~~~~~~~~~~~
../src/testperiph.c:160:11: warning: implicit declaration of function 'SendDataRS485' [-Wimplicit-function-declaration]
           SendDataRS485(&axi_uartlite_1_UartLite, PrepareDataToSendRS485(ModeRS485, NumberReg, CountReg), CountByteToSend);
           ^~~~~~~~~~~~~
../src/testperiph.c:160:51: warning: implicit declaration of function 'PrepareDataToSendRS485' [-Wimplicit-function-declaration]
           SendDataRS485(&axi_uartlite_1_UartLite, PrepareDataToSendRS485(ModeRS485, NumberReg, CountReg), CountByteToSend);
                                                   ^~~~~~~~~~~~~~~~~~~~~~
../src/testperiph.c:211:13: warning: implicit declaration of function 'TestCheckTotalRecvCount' [-Wimplicit-function-declaration]
         if (TestCheckTotalRecvCount() != 0) {
             ^~~~~~~~~~~~~~~~~~~~~~~
../src/testperiph.c:216:11: warning: implicit declaration of function 'SendData' [-Wimplicit-function-declaration]
           SendData(&axi_uartlite_0_UartLite, GetData(&axi_uartlite_0_UartLite));
           ^~~~~~~~
../src/testperiph.c:216:46: warning: implicit declaration of function 'GetData' [-Wimplicit-function-declaration]
           SendData(&axi_uartlite_0_UartLite, GetData(&axi_uartlite_0_UartLite));
                                              ^~~~~~~
../src/testperiph.c:229:13: warning: implicit declaration of function 'TotalSentCountRS485Check' [-Wimplicit-function-declaration]
         if (TotalSentCountRS485Check() == 8) {
             ^~~~~~~~~~~~~~~~~~~~~~~~
../src/testperiph.c:230:10: warning: implicit declaration of function 'ResetTotalSentCountRS485' [-Wimplicit-function-declaration]
          ResetTotalSentCountRS485();
          ^~~~~~~~~~~~~~~~~~~~~~~~
../src/testperiph.c:58:6: warning: unused variable 'CountControlPanel' [-Wunused-variable]
  int CountControlPanel = 0;
      ^~~~~~~~~~~~~~~~~
../src/testperiph.c:128:20: warning: 'Group' may be used uninitialized in this function [-Wmaybe-uninitialized]
                 if (Group == 0) {
                    ^
'Finished building: ../src/testperiph.c'
' '
'Building target: per_test.elf'
'Invoking: MicroBlaze gcc linker'
mb-gcc -Wl,-T -Wl,../src/lscript.ld -L../../start_project_bsp/microblaze_0/lib -mlittle-endian -mcpu=v11.0 -mxl-soft-mul -Wl,--no-relax -Wl,--gc-sections -o "per_test.elf"  ./src/CRC_Functions.o ./src/PWM_tools.o ./src/adc.o ./src/current_system_status.o ./src/encoder.o ./src/initializationl_functions.o ./src/logical_functions.o ./src/testperiph.o ./src/xgpio_tapp_example.o ./src/xintc_tapp_example.o ./src/xspi_selftest_example.o ./src/xuartlite_intr_tapp_example.o ./src/xuartlite_intr_tapp_example_rs485.o ./src/xuartlite_selftest_example.o ./src/xuartlite_selftest_example_rs485.o   -Wl,--start-group,-lxil,-lgcc,-lc,--end-group -Wl,--start-group,-lxilisf,-lxil,-lgcc,-lc,--end-group
'Finished building target: per_test.elf'
' '
'Invoking: MicroBlaze Print Size'
mb-size per_test.elf  |tee "per_test.elf.size"
   text	   data	    bss	    dec	    hex	filename
  19636	   1112	   6980	  27728	   6c50	per_test.elf
'Finished building: per_test.elf.size'
' '
18:19:22 **** Incremental Build of configuration Debug for project start_project ****
make all 
make: Nothing to be done for 'all'.
18:21:00 **** Incremental Build of configuration Debug for project per_test ****
make all 
make: Nothing to be done for 'all'.
18:24:09 **** Auto Build of configuration Debug for project per_test ****
make all 
'Building file: ../src/xuartlite_intr_tapp_example_rs485.c'
'Invoking: MicroBlaze gcc compiler'
mb-gcc -Wall -O0 -g3 -c -fmessage-length=0 -MT"src/xuartlite_intr_tapp_example_rs485.o" -I../../start_project_bsp/microblaze_0/include -mlittle-endian -mcpu=v11.0 -mxl-soft-mul -Wl,--no-relax -ffunction-sections -fdata-sections -MMD -MP -MF"src/xuartlite_intr_tapp_example_rs485.d" -MT"src/xuartlite_intr_tapp_example_rs485.o" -o "src/xuartlite_intr_tapp_example_rs485.o" "../src/xuartlite_intr_tapp_example_rs485.c"
../src/xuartlite_intr_tapp_example_rs485.c: In function 'UartLiteIntrExampleRS485':
../src/xuartlite_intr_tapp_example_rs485.c:261:6: warning: unused variable 'Index' [-Wunused-variable]
  u32 Index;
      ^~~~~
../src/xuartlite_intr_tapp_example_rs485.c: In function 'PrepareDataToSendRS485':
../src/xuartlite_intr_tapp_example_rs485.c:397:16: warning: implicit declaration of function 'GetCRC16_B_byte' [-Wimplicit-function-declaration]
    crc_rs485 = GetCRC16_B_byte(crc_rs485, SendBufferRS485, 6);
                ^~~~~~~~~~~~~~~
../src/xuartlite_intr_tapp_example_rs485.c:447:9: warning: returning 'u8 (*)[210]' {aka 'unsigned char (*)[210]'} from a function with incompatible return type 'int *' [-Wincompatible-pointer-types]
  return &SendBufferRS485;
         ^~~~~~~~~~~~~~~~
../src/xuartlite_intr_tapp_example_rs485.c: In function 'PrepareDataToSendTestRS485':
../src/xuartlite_intr_tapp_example_rs485.c:451:9: warning: returning 'u8 (*)[210]' {aka 'unsigned char (*)[210]'} from a function with incompatible return type 'int *' [-Wincompatible-pointer-types]
  return &SendBufferRS485;
         ^~~~~~~~~~~~~~~~
../src/xuartlite_intr_tapp_example_rs485.c: In function 'GetDataRS485':
../src/xuartlite_intr_tapp_example_rs485.c:531:9: warning: returning 'u8 (*)[210]' {aka 'unsigned char (*)[210]'} from a function with incompatible return type 'int *' [-Wincompatible-pointer-types]
  return &RecvBufferRS485;
         ^~~~~~~~~~~~~~~~
../src/xuartlite_intr_tapp_example_rs485.c: In function 'GetRecvBufferRS485':
../src/xuartlite_intr_tapp_example_rs485.c:544:9: warning: returning 'u8 (*)[210]' {aka 'unsigned char (*)[210]'} from a function with incompatible return type 'int *' [-Wincompatible-pointer-types]
  return &RecvBufferRS485;
         ^~~~~~~~~~~~~~~~
At top level:
../src/xuartlite_intr_tapp_example_rs485.c:705:13: warning: 'UartLiteDisableIntrSystem' defined but not used [-Wunused-function]
 static void UartLiteDisableIntrSystem(INTC *IntcInstancePtr,
             ^~~~~~~~~~~~~~~~~~~~~~~~~
'Finished building: ../src/xuartlite_intr_tapp_example_rs485.c'
' '
'Building target: per_test.elf'
'Invoking: MicroBlaze gcc linker'
mb-gcc -Wl,-T -Wl,../src/lscript.ld -L../../start_project_bsp/microblaze_0/lib -mlittle-endian -mcpu=v11.0 -mxl-soft-mul -Wl,--no-relax -Wl,--gc-sections -o "per_test.elf"  ./src/CRC_Functions.o ./src/PWM_tools.o ./src/adc.o ./src/current_system_status.o ./src/encoder.o ./src/initializationl_functions.o ./src/logical_functions.o ./src/testperiph.o ./src/xgpio_tapp_example.o ./src/xintc_tapp_example.o ./src/xspi_selftest_example.o ./src/xuartlite_intr_tapp_example.o ./src/xuartlite_intr_tapp_example_rs485.o ./src/xuartlite_selftest_example.o ./src/xuartlite_selftest_example_rs485.o   -Wl,--start-group,-lxil,-lgcc,-lc,--end-group -Wl,--start-group,-lxilisf,-lxil,-lgcc,-lc,--end-group
'Finished building target: per_test.elf'
' '
'Invoking: MicroBlaze Print Size'
mb-size per_test.elf  |tee "per_test.elf.size"
   text	   data	    bss	    dec	    hex	filename
  19632	   1112	   6976	  27720	   6c48	per_test.elf
'Finished building: per_test.elf.size'
' '
18:24:11 **** Incremental Build of configuration Debug for project per_test ****
make all 
make: Nothing to be done for 'all'.
18:26:43 **** Incremental Build of configuration Debug for project per_test ****
make all 
'Building file: ../src/xuartlite_intr_tapp_example_rs485.c'
'Invoking: MicroBlaze gcc compiler'
mb-gcc -Wall -O0 -g3 -c -fmessage-length=0 -MT"src/xuartlite_intr_tapp_example_rs485.o" -I../../start_project_bsp/microblaze_0/include -mlittle-endian -mcpu=v11.0 -mxl-soft-mul -Wl,--no-relax -ffunction-sections -fdata-sections -MMD -MP -MF"src/xuartlite_intr_tapp_example_rs485.d" -MT"src/xuartlite_intr_tapp_example_rs485.o" -o "src/xuartlite_intr_tapp_example_rs485.o" "../src/xuartlite_intr_tapp_example_rs485.c"
../src/xuartlite_intr_tapp_example_rs485.c: In function 'UartLiteIntrExampleRS485':
../src/xuartlite_intr_tapp_example_rs485.c:261:6: warning: unused variable 'Index' [-Wunused-variable]
  u32 Index;
      ^~~~~
../src/xuartlite_intr_tapp_example_rs485.c: In function 'PrepareDataToSendRS485':
../src/xuartlite_intr_tapp_example_rs485.c:397:16: warning: implicit declaration of function 'GetCRC16_B_byte' [-Wimplicit-function-declaration]
    crc_rs485 = GetCRC16_B_byte(crc_rs485, SendBufferRS485, 6);
                ^~~~~~~~~~~~~~~
../src/xuartlite_intr_tapp_example_rs485.c:448:9: warning: returning 'u8 (*)[210]' {aka 'unsigned char (*)[210]'} from a function with incompatible return type 'int *' [-Wincompatible-pointer-types]
  return &SendBufferRS485;
         ^~~~~~~~~~~~~~~~
../src/xuartlite_intr_tapp_example_rs485.c: In function 'PrepareDataToSendTestRS485':
../src/xuartlite_intr_tapp_example_rs485.c:452:9: warning: returning 'u8 (*)[210]' {aka 'unsigned char (*)[210]'} from a function with incompatible return type 'int *' [-Wincompatible-pointer-types]
  return &SendBufferRS485;
         ^~~~~~~~~~~~~~~~
../src/xuartlite_intr_tapp_example_rs485.c: In function 'GetDataRS485':
../src/xuartlite_intr_tapp_example_rs485.c:532:9: warning: returning 'u8 (*)[210]' {aka 'unsigned char (*)[210]'} from a function with incompatible return type 'int *' [-Wincompatible-pointer-types]
  return &RecvBufferRS485;
         ^~~~~~~~~~~~~~~~
../src/xuartlite_intr_tapp_example_rs485.c: In function 'GetRecvBufferRS485':
../src/xuartlite_intr_tapp_example_rs485.c:545:9: warning: returning 'u8 (*)[210]' {aka 'unsigned char (*)[210]'} from a function with incompatible return type 'int *' [-Wincompatible-pointer-types]
  return &RecvBufferRS485;
         ^~~~~~~~~~~~~~~~
At top level:
../src/xuartlite_intr_tapp_example_rs485.c:706:13: warning: 'UartLiteDisableIntrSystem' defined but not used [-Wunused-function]
 static void UartLiteDisableIntrSystem(INTC *IntcInstancePtr,
             ^~~~~~~~~~~~~~~~~~~~~~~~~
'Finished building: ../src/xuartlite_intr_tapp_example_rs485.c'
' '
'Building target: per_test.elf'
'Invoking: MicroBlaze gcc linker'
mb-gcc -Wl,-T -Wl,../src/lscript.ld -L../../start_project_bsp/microblaze_0/lib -mlittle-endian -mcpu=v11.0 -mxl-soft-mul -Wl,--no-relax -Wl,--gc-sections -o "per_test.elf"  ./src/CRC_Functions.o ./src/PWM_tools.o ./src/adc.o ./src/current_system_status.o ./src/encoder.o ./src/initializationl_functions.o ./src/logical_functions.o ./src/testperiph.o ./src/xgpio_tapp_example.o ./src/xintc_tapp_example.o ./src/xspi_selftest_example.o ./src/xuartlite_intr_tapp_example.o ./src/xuartlite_intr_tapp_example_rs485.o ./src/xuartlite_selftest_example.o ./src/xuartlite_selftest_example_rs485.o   -Wl,--start-group,-lxil,-lgcc,-lc,--end-group -Wl,--start-group,-lxilisf,-lxil,-lgcc,-lc,--end-group
'Finished building target: per_test.elf'
' '
'Invoking: MicroBlaze Print Size'
mb-size per_test.elf  |tee "per_test.elf.size"
   text	   data	    bss	    dec	    hex	filename
  19644	   1112	   6980	  27736	   6c58	per_test.elf
'Finished building: per_test.elf.size'
' '
18:27:24 **** Incremental Build of configuration Debug for project per_test ****
make all 
'Building file: ../src/xuartlite_intr_tapp_example_rs485.c'
'Invoking: MicroBlaze gcc compiler'
mb-gcc -Wall -O0 -g3 -c -fmessage-length=0 -MT"src/xuartlite_intr_tapp_example_rs485.o" -I../../start_project_bsp/microblaze_0/include -mlittle-endian -mcpu=v11.0 -mxl-soft-mul -Wl,--no-relax -ffunction-sections -fdata-sections -MMD -MP -MF"src/xuartlite_intr_tapp_example_rs485.d" -MT"src/xuartlite_intr_tapp_example_rs485.o" -o "src/xuartlite_intr_tapp_example_rs485.o" "../src/xuartlite_intr_tapp_example_rs485.c"
../src/xuartlite_intr_tapp_example_rs485.c: In function 'UartLiteIntrExampleRS485':
../src/xuartlite_intr_tapp_example_rs485.c:261:6: warning: unused variable 'Index' [-Wunused-variable]
  u32 Index;
      ^~~~~
../src/xuartlite_intr_tapp_example_rs485.c: In function 'PrepareDataToSendRS485':
../src/xuartlite_intr_tapp_example_rs485.c:397:16: warning: implicit declaration of function 'GetCRC16_B_byte' [-Wimplicit-function-declaration]
    crc_rs485 = GetCRC16_B_byte(crc_rs485, SendBufferRS485, 6);
                ^~~~~~~~~~~~~~~
../src/xuartlite_intr_tapp_example_rs485.c:447:9: warning: returning 'u8 (*)[210]' {aka 'unsigned char (*)[210]'} from a function with incompatible return type 'int *' [-Wincompatible-pointer-types]
  return &SendBufferRS485;
         ^~~~~~~~~~~~~~~~
../src/xuartlite_intr_tapp_example_rs485.c: In function 'PrepareDataToSendTestRS485':
../src/xuartlite_intr_tapp_example_rs485.c:451:9: warning: returning 'u8 (*)[210]' {aka 'unsigned char (*)[210]'} from a function with incompatible return type 'int *' [-Wincompatible-pointer-types]
  return &SendBufferRS485;
         ^~~~~~~~~~~~~~~~
../src/xuartlite_intr_tapp_example_rs485.c: In function 'GetDataRS485':
../src/xuartlite_intr_tapp_example_rs485.c:531:9: warning: returning 'u8 (*)[210]' {aka 'unsigned char (*)[210]'} from a function with incompatible return type 'int *' [-Wincompatible-pointer-types]
  return &RecvBufferRS485;
         ^~~~~~~~~~~~~~~~
../src/xuartlite_intr_tapp_example_rs485.c: In function 'GetRecvBufferRS485':
../src/xuartlite_intr_tapp_example_rs485.c:544:9: warning: returning 'u8 (*)[210]' {aka 'unsigned char (*)[210]'} from a function with incompatible return type 'int *' [-Wincompatible-pointer-types]
  return &RecvBufferRS485;
         ^~~~~~~~~~~~~~~~
At top level:
../src/xuartlite_intr_tapp_example_rs485.c:705:13: warning: 'UartLiteDisableIntrSystem' defined but not used [-Wunused-function]
 static void UartLiteDisableIntrSystem(INTC *IntcInstancePtr,
             ^~~~~~~~~~~~~~~~~~~~~~~~~
'Finished building: ../src/xuartlite_intr_tapp_example_rs485.c'
' '
'Building target: per_test.elf'
'Invoking: MicroBlaze gcc linker'
mb-gcc -Wl,-T -Wl,../src/lscript.ld -L../../start_project_bsp/microblaze_0/lib -mlittle-endian -mcpu=v11.0 -mxl-soft-mul -Wl,--no-relax -Wl,--gc-sections -o "per_test.elf"  ./src/CRC_Functions.o ./src/PWM_tools.o ./src/adc.o ./src/current_system_status.o ./src/encoder.o ./src/initializationl_functions.o ./src/logical_functions.o ./src/testperiph.o ./src/xgpio_tapp_example.o ./src/xintc_tapp_example.o ./src/xspi_selftest_example.o ./src/xuartlite_intr_tapp_example.o ./src/xuartlite_intr_tapp_example_rs485.o ./src/xuartlite_selftest_example.o ./src/xuartlite_selftest_example_rs485.o   -Wl,--start-group,-lxil,-lgcc,-lc,--end-group -Wl,--start-group,-lxilisf,-lxil,-lgcc,-lc,--end-group
'Finished building target: per_test.elf'
' '
'Invoking: MicroBlaze Print Size'
mb-size per_test.elf  |tee "per_test.elf.size"
   text	   data	    bss	    dec	    hex	filename
  19632	   1112	   6976	  27720	   6c48	per_test.elf
'Finished building: per_test.elf.size'
' '
18:28:25 **** Incremental Build of configuration Debug for project per_test ****
make all 
make: Nothing to be done for 'all'.
