16:49:27 **** Incremental Build of configuration Debug for project per_test ****
make all 
make: Nothing to be done for 'all'.
16:49:31 **** Auto Build of configuration Debug for project per_test ****
make all 
'Building file: ../src/logical_functions.c'
'Invoking: MicroBlaze gcc compiler'
mb-gcc -Wall -O0 -g3 -c -fmessage-length=0 -MT"src/logical_functions.o" -I../../start_project_bsp/microblaze_0/include -mlittle-endian -mcpu=v11.0 -mxl-soft-mul -Wl,--no-relax -ffunction-sections -fdata-sections -MMD -MP -MF"src/logical_functions.d" -MT"src/logical_functions.o" -o "src/logical_functions.o" "../src/logical_functions.c"
../src/logical_functions.c: In function 'GetSystemValues':
../src/logical_functions.c:15:2: warning: implicit declaration of function 'GpioInputRead' [-Wimplicit-function-declaration]
  GpioInputRead(&DataRead);
  ^~~~~~~~~~~~~
../src/logical_functions.c:16:2: warning: implicit declaration of function 'SetArrayCurrentStatusInt' [-Wimplicit-function-declaration]
  SetArrayCurrentStatusInt(100, DataRead);
  ^~~~~~~~~~~~~~~~~~~~~~~~
../src/logical_functions.c:19:12: warning: implicit declaration of function 'GetArrayCurrentStatusInt' [-Wimplicit-function-declaration]
   word = ((GetArrayCurrentStatusInt(48 + i) & 1) << i) | word;
            ^~~~~~~~~~~~~~~~~~~~~~~~
../src/logical_functions.c:21:2: warning: implicit declaration of function 'GpioOutputWrite'; did you mean 'XGpio_DiscreteWrite'? [-Wimplicit-function-declaration]
  GpioOutputWrite(word);
  ^~~~~~~~~~~~~~~
  XGpio_DiscreteWrite
'Finished building: ../src/logical_functions.c'
' '
'Building target: per_test.elf'
'Invoking: MicroBlaze gcc linker'
mb-gcc -Wl,-T -Wl,../src/lscript.ld -L../../start_project_bsp/microblaze_0/lib -mlittle-endian -mcpu=v11.0 -mxl-soft-mul -Wl,--no-relax -Wl,--gc-sections -o "per_test.elf"  ./src/CRC_Functions.o ./src/current_system_status.o ./src/initializationl_functions.o ./src/logical_functions.o ./src/testperiph.o ./src/xgpio_tapp_example.o ./src/xintc_tapp_example.o ./src/xspi_selftest_example.o ./src/xuartlite_intr_tapp_example.o ./src/xuartlite_selftest_example.o   -Wl,--start-group,-lxil,-lgcc,-lc,--end-group -Wl,--start-group,-lxilisf,-lxil,-lgcc,-lc,--end-group
'Finished building target: per_test.elf'
' '
'Invoking: MicroBlaze Print Size'
mb-size per_test.elf  |tee "per_test.elf.size"
   text	   data	    bss	    dec	    hex	filename
  13376	    908	   6252	  20536	   5038	per_test.elf
'Finished building: per_test.elf.size'
' '
16:50:59 **** Incremental Build of configuration Debug for project per_test ****
make all 
make: Nothing to be done for 'all'.
