11:21:05 **** Incremental Build of configuration Debug for project per_test ****
make all 
make: Nothing to be done for 'all'.
11:21:09 **** Incremental Build of configuration Debug for project per_test ****
make all 
make: Nothing to be done for 'all'.
11:25:43 **** Auto Build of configuration Debug for project per_test ****
make all 
'Building file: ../src/testperiph.c'
'Invoking: MicroBlaze gcc compiler'
mb-gcc -Wall -O0 -g3 -c -fmessage-length=0 -MT"src/testperiph.o" -I../../start_project_bsp/microblaze_0/include -mlittle-endian -mcpu=v11.0 -mxl-soft-mul -Wl,--no-relax -ffunction-sections -fdata-sections -MMD -MP -MF"src/testperiph.d" -MT"src/testperiph.o" -o "src/testperiph.o" "../src/testperiph.c"
../src/testperiph.c: In function 'main':
../src/testperiph.c:89:5: warning: implicit declaration of function 'GetSystemValues' [-Wimplicit-function-declaration]
     GetSystemValues();
     ^~~~~~~~~~~~~~~
../src/testperiph.c:90:5: warning: implicit declaration of function 'SetValuesInAddressSpace' [-Wimplicit-function-declaration]
     SetValuesInAddressSpace();
     ^~~~~~~~~~~~~~~~~~~~~~~
../src/testperiph.c:95:16: warning: implicit declaration of function 'get_array_current_status_int' [-Wimplicit-function-declaration]
      Send[i] = get_array_current_status_int(i);
                ^~~~~~~~~~~~~~~~~~~~~~~~~~~~
../src/testperiph.c:98:11: warning: implicit declaration of function 'GetCRC16_B_byte' [-Wimplicit-function-declaration]
     crc = GetCRC16_B_byte(crc, Send, count_byte);
           ^~~~~~~~~~~~~~~
../src/testperiph.c:102:5: warning: implicit declaration of function 'TestCheckTotalSendCount' [-Wimplicit-function-declaration]
     TestCheckTotalSendCount(&axi_uartlite_0_UartLite, &Recv);
     ^~~~~~~~~~~~~~~~~~~~~~~
../src/testperiph.c:111:5: warning: implicit declaration of function 'TestFunctionXUartLite_Recv'; did you mean 'XUartLite_Recv'? [-Wimplicit-function-declaration]
     TestFunctionXUartLite_Recv(&axi_uartlite_0_UartLite, &Recv);
     ^~~~~~~~~~~~~~~~~~~~~~~~~~
     XUartLite_Recv
../src/testperiph.c:117:5: warning: implicit declaration of function 'GpioOutputWrite'; did you mean 'XGpio_DiscreteWrite'? [-Wimplicit-function-declaration]
     GpioOutputWrite(Recv[4]);
     ^~~~~~~~~~~~~~~
     XGpio_DiscreteWrite
../src/testperiph.c:71:8: warning: unused variable 'DataRead' [-Wunused-variable]
    u32 DataRead = 0x00;
        ^~~~~~~~
'Finished building: ../src/testperiph.c'
' '
'Building target: per_test.elf'
'Invoking: MicroBlaze gcc linker'
mb-gcc -Wl,-T -Wl,../src/lscript.ld -L../../start_project_bsp/microblaze_0/lib -mlittle-endian -mcpu=v11.0 -mxl-soft-mul -Wl,--no-relax -Wl,--gc-sections -o "per_test.elf"  ./src/CRC_Functions.o ./src/current_system_status.o ./src/initializationl_functions.o ./src/logical_functions.o ./src/testperiph.o ./src/xgpio_tapp_example.o ./src/xintc_tapp_example.o ./src/xspi_selftest_example.o ./src/xuartlite_intr_tapp_example.o ./src/xuartlite_selftest_example.o   -Wl,--start-group,-lxil,-lgcc,-lc,--end-group
'Finished building target: per_test.elf'
' '
'Invoking: MicroBlaze Print Size'
mb-size per_test.elf  |tee "per_test.elf.size"
   text	   data	    bss	    dec	    hex	filename
  12764	    904	   6868	  20536	   5038	per_test.elf
'Finished building: per_test.elf.size'
' '
11:25:51 **** Incremental Build of configuration Debug for project per_test ****
make all 
make: Nothing to be done for 'all'.
11:29:55 **** Incremental Build of configuration Debug for project per_test ****
make all 
'Building file: ../src/testperiph.c'
'Invoking: MicroBlaze gcc compiler'
mb-gcc -Wall -O0 -g3 -c -fmessage-length=0 -MT"src/testperiph.o" -I../../start_project_bsp/microblaze_0/include -mlittle-endian -mcpu=v11.0 -mxl-soft-mul -Wl,--no-relax -ffunction-sections -fdata-sections -MMD -MP -MF"src/testperiph.d" -MT"src/testperiph.o" -o "src/testperiph.o" "../src/testperiph.c"
../src/testperiph.c: In function 'main':
../src/testperiph.c:89:5: warning: implicit declaration of function 'GetSystemValues' [-Wimplicit-function-declaration]
     GetSystemValues();
     ^~~~~~~~~~~~~~~
../src/testperiph.c:90:5: warning: implicit declaration of function 'SetValuesInAddressSpace' [-Wimplicit-function-declaration]
     SetValuesInAddressSpace();
     ^~~~~~~~~~~~~~~~~~~~~~~
../src/testperiph.c:95:16: warning: implicit declaration of function 'get_array_current_status_int' [-Wimplicit-function-declaration]
      Send[i] = get_array_current_status_int(i);
                ^~~~~~~~~~~~~~~~~~~~~~~~~~~~
../src/testperiph.c:98:11: warning: implicit declaration of function 'GetCRC16_B_byte' [-Wimplicit-function-declaration]
     crc = GetCRC16_B_byte(crc, Send, count_byte);
           ^~~~~~~~~~~~~~~
../src/testperiph.c:102:5: warning: implicit declaration of function 'TestCheckTotalSendCount' [-Wimplicit-function-declaration]
     TestCheckTotalSendCount(&axi_uartlite_0_UartLite, &Recv);
     ^~~~~~~~~~~~~~~~~~~~~~~
../src/testperiph.c:111:5: warning: implicit declaration of function 'TestFunctionXUartLite_Recv'; did you mean 'XUartLite_Recv'? [-Wimplicit-function-declaration]
     TestFunctionXUartLite_Recv(&axi_uartlite_0_UartLite, &Recv);
     ^~~~~~~~~~~~~~~~~~~~~~~~~~
     XUartLite_Recv
../src/testperiph.c:117:5: warning: implicit declaration of function 'GpioOutputWrite'; did you mean 'XGpio_DiscreteWrite'? [-Wimplicit-function-declaration]
     GpioOutputWrite(Recv[4]);
     ^~~~~~~~~~~~~~~
     XGpio_DiscreteWrite
../src/testperiph.c:71:8: warning: unused variable 'DataRead' [-Wunused-variable]
    u32 DataRead = 0x00;
        ^~~~~~~~
'Finished building: ../src/testperiph.c'
' '
'Building target: per_test.elf'
'Invoking: MicroBlaze gcc linker'
mb-gcc -Wl,-T -Wl,../src/lscript.ld -L../../start_project_bsp/microblaze_0/lib -mlittle-endian -mcpu=v11.0 -mxl-soft-mul -Wl,--no-relax -Wl,--gc-sections -o "per_test.elf"  ./src/CRC_Functions.o ./src/current_system_status.o ./src/initializationl_functions.o ./src/logical_functions.o ./src/testperiph.o ./src/xgpio_tapp_example.o ./src/xintc_tapp_example.o ./src/xspi_selftest_example.o ./src/xuartlite_intr_tapp_example.o ./src/xuartlite_selftest_example.o   -Wl,--start-group,-lxil,-lgcc,-lc,--end-group
'Finished building target: per_test.elf'
' '
'Invoking: MicroBlaze Print Size'
mb-size per_test.elf  |tee "per_test.elf.size"
   text	   data	    bss	    dec	    hex	filename
  12764	    904	   6868	  20536	   5038	per_test.elf
'Finished building: per_test.elf.size'
' '
11:38:12 **** Incremental Build of configuration Debug for project per_test ****
make all 
'Building file: ../src/xuartlite_intr_tapp_example.c'
'Invoking: MicroBlaze gcc compiler'
mb-gcc -Wall -O0 -g3 -c -fmessage-length=0 -MT"src/xuartlite_intr_tapp_example.o" -I../../start_project_bsp/microblaze_0/include -mlittle-endian -mcpu=v11.0 -mxl-soft-mul -Wl,--no-relax -ffunction-sections -fdata-sections -MMD -MP -MF"src/xuartlite_intr_tapp_example.d" -MT"src/xuartlite_intr_tapp_example.o" -o "src/xuartlite_intr_tapp_example.o" "../src/xuartlite_intr_tapp_example.c"
../src/xuartlite_intr_tapp_example.c:528:13: warning: 'UartLiteDisableIntrSystem' defined but not used [-Wunused-function]
 static void UartLiteDisableIntrSystem(INTC *IntcInstancePtr,
             ^~~~~~~~~~~~~~~~~~~~~~~~~
'Finished building: ../src/xuartlite_intr_tapp_example.c'
' '
'Building target: per_test.elf'
'Invoking: MicroBlaze gcc linker'
mb-gcc -Wl,-T -Wl,../src/lscript.ld -L../../start_project_bsp/microblaze_0/lib -mlittle-endian -mcpu=v11.0 -mxl-soft-mul -Wl,--no-relax -Wl,--gc-sections -o "per_test.elf"  ./src/CRC_Functions.o ./src/current_system_status.o ./src/initializationl_functions.o ./src/logical_functions.o ./src/testperiph.o ./src/xgpio_tapp_example.o ./src/xintc_tapp_example.o ./src/xspi_selftest_example.o ./src/xuartlite_intr_tapp_example.o ./src/xuartlite_selftest_example.o   -Wl,--start-group,-lxil,-lgcc,-lc,--end-group
'Finished building target: per_test.elf'
' '
'Invoking: MicroBlaze Print Size'
mb-size per_test.elf  |tee "per_test.elf.size"
   text	   data	    bss	    dec	    hex	filename
  12764	    904	   6868	  20536	   5038	per_test.elf
'Finished building: per_test.elf.size'
' '
11:42:45 **** Incremental Build of configuration Debug for project per_test ****
make all 
'Building file: ../src/xuartlite_intr_tapp_example.c'
'Invoking: MicroBlaze gcc compiler'
mb-gcc -Wall -O0 -g3 -c -fmessage-length=0 -MT"src/xuartlite_intr_tapp_example.o" -I../../start_project_bsp/microblaze_0/include -mlittle-endian -mcpu=v11.0 -mxl-soft-mul -Wl,--no-relax -ffunction-sections -fdata-sections -MMD -MP -MF"src/xuartlite_intr_tapp_example.d" -MT"src/xuartlite_intr_tapp_example.o" -o "src/xuartlite_intr_tapp_example.o" "../src/xuartlite_intr_tapp_example.c"
../src/xuartlite_intr_tapp_example.c:528:13: warning: 'UartLiteDisableIntrSystem' defined but not used [-Wunused-function]
 static void UartLiteDisableIntrSystem(INTC *IntcInstancePtr,
             ^~~~~~~~~~~~~~~~~~~~~~~~~
'Finished building: ../src/xuartlite_intr_tapp_example.c'
' '
'Building target: per_test.elf'
'Invoking: MicroBlaze gcc linker'
mb-gcc -Wl,-T -Wl,../src/lscript.ld -L../../start_project_bsp/microblaze_0/lib -mlittle-endian -mcpu=v11.0 -mxl-soft-mul -Wl,--no-relax -Wl,--gc-sections -o "per_test.elf"  ./src/CRC_Functions.o ./src/current_system_status.o ./src/initializationl_functions.o ./src/logical_functions.o ./src/testperiph.o ./src/xgpio_tapp_example.o ./src/xintc_tapp_example.o ./src/xspi_selftest_example.o ./src/xuartlite_intr_tapp_example.o ./src/xuartlite_selftest_example.o   -Wl,--start-group,-lxil,-lgcc,-lc,--end-group
'Finished building target: per_test.elf'
' '
'Invoking: MicroBlaze Print Size'
mb-size per_test.elf  |tee "per_test.elf.size"
   text	   data	    bss	    dec	    hex	filename
  12764	    904	   6868	  20536	   5038	per_test.elf
'Finished building: per_test.elf.size'
' '
11:44:37 **** Auto Build of configuration Debug for project per_test ****
make all 
'Building file: ../src/testperiph.c'
'Invoking: MicroBlaze gcc compiler'
mb-gcc -Wall -O0 -g3 -c -fmessage-length=0 -MT"src/testperiph.o" -I../../start_project_bsp/microblaze_0/include -mlittle-endian -mcpu=v11.0 -mxl-soft-mul -Wl,--no-relax -ffunction-sections -fdata-sections -MMD -MP -MF"src/testperiph.d" -MT"src/testperiph.o" -o "src/testperiph.o" "../src/testperiph.c"
../src/testperiph.c: In function 'main':
../src/testperiph.c:89:5: warning: implicit declaration of function 'GetSystemValues' [-Wimplicit-function-declaration]
     GetSystemValues();
     ^~~~~~~~~~~~~~~
../src/testperiph.c:90:5: warning: implicit declaration of function 'SetValuesInAddressSpace' [-Wimplicit-function-declaration]
     SetValuesInAddressSpace();
     ^~~~~~~~~~~~~~~~~~~~~~~
../src/testperiph.c:95:16: warning: implicit declaration of function 'get_array_current_status_int' [-Wimplicit-function-declaration]
      Send[i] = get_array_current_status_int(i);
                ^~~~~~~~~~~~~~~~~~~~~~~~~~~~
../src/testperiph.c:98:11: warning: implicit declaration of function 'GetCRC16_B_byte' [-Wimplicit-function-declaration]
     crc = GetCRC16_B_byte(crc, Send, count_byte);
           ^~~~~~~~~~~~~~~
../src/testperiph.c:102:5: warning: implicit declaration of function 'TestCheckTotalSendCount' [-Wimplicit-function-declaration]
     TestCheckTotalSendCount(&axi_uartlite_0_UartLite, &Recv);
     ^~~~~~~~~~~~~~~~~~~~~~~
../src/testperiph.c:103:5: warning: implicit declaration of function 'TestFunctionXUartLite_Recv'; did you mean 'XUartLite_Recv'? [-Wimplicit-function-declaration]
     TestFunctionXUartLite_Recv(&axi_uartlite_0_UartLite, &Recv);
     ^~~~~~~~~~~~~~~~~~~~~~~~~~
     XUartLite_Recv
../src/testperiph.c:118:5: warning: implicit declaration of function 'GpioOutputWrite'; did you mean 'XGpio_DiscreteWrite'? [-Wimplicit-function-declaration]
     GpioOutputWrite(Recv[4]);
     ^~~~~~~~~~~~~~~
     XGpio_DiscreteWrite
../src/testperiph.c:71:8: warning: unused variable 'DataRead' [-Wunused-variable]
    u32 DataRead = 0x00;
        ^~~~~~~~
../src/testperiph.c:70:8: warning: unused variable 'count8' [-Wunused-variable]
    u32 count8 = 0x00;
        ^~~~~~
../src/testperiph.c:69:8: warning: unused variable 'count' [-Wunused-variable]
    u32 count = 0x0000;
        ^~~~~
'Finished building: ../src/testperiph.c'
' '
'Building file: ../src/xuartlite_intr_tapp_example.c'
'Invoking: MicroBlaze gcc compiler'
mb-gcc -Wall -O0 -g3 -c -fmessage-length=0 -MT"src/xuartlite_intr_tapp_example.o" -I../../start_project_bsp/microblaze_0/include -mlittle-endian -mcpu=v11.0 -mxl-soft-mul -Wl,--no-relax -ffunction-sections -fdata-sections -MMD -MP -MF"src/xuartlite_intr_tapp_example.d" -MT"src/xuartlite_intr_tapp_example.o" -o "src/xuartlite_intr_tapp_example.o" "../src/xuartlite_intr_tapp_example.c"
../src/xuartlite_intr_tapp_example.c:528:13: warning: 'UartLiteDisableIntrSystem' defined but not used [-Wunused-function]
 static void UartLiteDisableIntrSystem(INTC *IntcInstancePtr,
             ^~~~~~~~~~~~~~~~~~~~~~~~~
'Finished building: ../src/xuartlite_intr_tapp_example.c'
' '
'Building target: per_test.elf'
'Invoking: MicroBlaze gcc linker'
mb-gcc -Wl,-T -Wl,../src/lscript.ld -L../../start_project_bsp/microblaze_0/lib -mlittle-endian -mcpu=v11.0 -mxl-soft-mul -Wl,--no-relax -Wl,--gc-sections -o "per_test.elf"  ./src/CRC_Functions.o ./src/current_system_status.o ./src/initializationl_functions.o ./src/logical_functions.o ./src/testperiph.o ./src/xgpio_tapp_example.o ./src/xintc_tapp_example.o ./src/xspi_selftest_example.o ./src/xuartlite_intr_tapp_example.o ./src/xuartlite_selftest_example.o   -Wl,--start-group,-lxil,-lgcc,-lc,--end-group
'Finished building target: per_test.elf'
' '
'Invoking: MicroBlaze Print Size'
mb-size per_test.elf  |tee "per_test.elf.size"
   text	   data	    bss	    dec	    hex	filename
  12708	    904	   6868	  20480	   5000	per_test.elf
'Finished building: per_test.elf.size'
' '
11:44:42 **** Incremental Build of configuration Debug for project per_test ****
make all 
make: Nothing to be done for 'all'.
11:46:20 **** Auto Build of configuration Debug for project per_test ****
make all 
'Building file: ../src/xuartlite_intr_tapp_example.c'
'Invoking: MicroBlaze gcc compiler'
mb-gcc -Wall -O0 -g3 -c -fmessage-length=0 -MT"src/xuartlite_intr_tapp_example.o" -I../../start_project_bsp/microblaze_0/include -mlittle-endian -mcpu=v11.0 -mxl-soft-mul -Wl,--no-relax -ffunction-sections -fdata-sections -MMD -MP -MF"src/xuartlite_intr_tapp_example.d" -MT"src/xuartlite_intr_tapp_example.o" -o "src/xuartlite_intr_tapp_example.o" "../src/xuartlite_intr_tapp_example.c"
../src/xuartlite_intr_tapp_example.c:528:13: warning: 'UartLiteDisableIntrSystem' defined but not used [-Wunused-function]
 static void UartLiteDisableIntrSystem(INTC *IntcInstancePtr,
             ^~~~~~~~~~~~~~~~~~~~~~~~~
'Finished building: ../src/xuartlite_intr_tapp_example.c'
' '
'Building target: per_test.elf'
'Invoking: MicroBlaze gcc linker'
mb-gcc -Wl,-T -Wl,../src/lscript.ld -L../../start_project_bsp/microblaze_0/lib -mlittle-endian -mcpu=v11.0 -mxl-soft-mul -Wl,--no-relax -Wl,--gc-sections -o "per_test.elf"  ./src/CRC_Functions.o ./src/current_system_status.o ./src/initializationl_functions.o ./src/logical_functions.o ./src/testperiph.o ./src/xgpio_tapp_example.o ./src/xintc_tapp_example.o ./src/xspi_selftest_example.o ./src/xuartlite_intr_tapp_example.o ./src/xuartlite_selftest_example.o   -Wl,--start-group,-lxil,-lgcc,-lc,--end-group
'Finished building target: per_test.elf'
' '
'Invoking: MicroBlaze Print Size'
mb-size per_test.elf  |tee "per_test.elf.size"
   text	   data	    bss	    dec	    hex	filename
  12708	    904	   6868	  20480	   5000	per_test.elf
'Finished building: per_test.elf.size'
' '
11:46:24 **** Incremental Build of configuration Debug for project per_test ****
make all 
make: Nothing to be done for 'all'.
