10:41:30 **** Incremental Build of configuration Debug for project per_test ****
make all 
make: Nothing to be done for 'all'.
10:41:33 **** Incremental Build of configuration Debug for project per_test ****
make all 
make: Nothing to be done for 'all'.
10:42:50 **** Incremental Build of configuration Debug for project per_test ****
make all 
make: Nothing to be done for 'all'.
10:43:53 **** Incremental Build of configuration Debug for project per_test ****
make all 
make: Nothing to be done for 'all'.
10:47:17 **** Incremental Build of configuration Debug for project per_test ****
make all 
'Building file: ../src/testperiph.c'
'Invoking: MicroBlaze gcc compiler'
mb-gcc -Wall -O0 -g3 -c -fmessage-length=0 -MT"src/testperiph.o" -I../../start_project_bsp/microblaze_0/include -mlittle-endian -mcpu=v11.0 -mxl-soft-mul -Wl,--no-relax -ffunction-sections -fdata-sections -MMD -MP -MF"src/testperiph.d" -MT"src/testperiph.o" -o "src/testperiph.o" "../src/testperiph.c"
../src/testperiph.c: In function 'main':
../src/testperiph.c:70:5: warning: implicit declaration of function 'TestCheckTotalSendCount' [-Wimplicit-function-declaration]
     TestCheckTotalSendCount(&axi_uartlite_0_UartLite);
     ^~~~~~~~~~~~~~~~~~~~~~~
../src/testperiph.c:71:5: warning: implicit declaration of function 'TestFunctionXUartLite_Recv'; did you mean 'XUartLite_Recv'? [-Wimplicit-function-declaration]
     TestFunctionXUartLite_Recv(&axi_uartlite_0_UartLite);
     ^~~~~~~~~~~~~~~~~~~~~~~~~~
     XUartLite_Recv
../src/testperiph.c:54:8: warning: unused variable 'count8' [-Wunused-variable]
    u32 count8 = 0x00;
        ^~~~~~
../src/testperiph.c:53:8: warning: unused variable 'count' [-Wunused-variable]
    u32 count = 0x00;
        ^~~~~
'Finished building: ../src/testperiph.c'
' '
'Building target: per_test.elf'
'Invoking: MicroBlaze gcc linker'
mb-gcc -Wl,-T -Wl,../src/lscript.ld -L../../start_project_bsp/microblaze_0/lib -mlittle-endian -mcpu=v11.0 -mxl-soft-mul -Wl,--no-relax -Wl,--gc-sections -o "per_test.elf"  ./src/testperiph.o ./src/xgpio_tapp_example.o ./src/xintc_tapp_example.o ./src/xspi_selftest_example.o ./src/xuartlite_intr_tapp_example.o ./src/xuartlite_selftest_example.o   -Wl,--start-group,-lxil,-lgcc,-lc,--end-group
'Finished building target: per_test.elf'
' '
'Invoking: MicroBlaze Print Size'
mb-size per_test.elf  |tee "per_test.elf.size"
   text	   data	    bss	    dec	    hex	filename
  12420	    392	   3588	  16400	   4010	per_test.elf
'Finished building: per_test.elf.size'
' '
10:48:10 **** Incremental Build of configuration Debug for project per_test ****
make all 
'Building file: ../src/testperiph.c'
'Invoking: MicroBlaze gcc compiler'
mb-gcc -Wall -O0 -g3 -c -fmessage-length=0 -MT"src/testperiph.o" -I../../start_project_bsp/microblaze_0/include -mlittle-endian -mcpu=v11.0 -mxl-soft-mul -Wl,--no-relax -ffunction-sections -fdata-sections -MMD -MP -MF"src/testperiph.d" -MT"src/testperiph.o" -o "src/testperiph.o" "../src/testperiph.c"
../src/testperiph.c: In function 'main':
../src/testperiph.c:70:5: warning: implicit declaration of function 'TestCheckTotalSendCount' [-Wimplicit-function-declaration]
     TestCheckTotalSendCount(&axi_uartlite_0_UartLite);
     ^~~~~~~~~~~~~~~~~~~~~~~
../src/testperiph.c:71:5: warning: implicit declaration of function 'TestFunctionXUartLite_Recv'; did you mean 'XUartLite_Recv'? [-Wimplicit-function-declaration]
     TestFunctionXUartLite_Recv(&axi_uartlite_0_UartLite);
     ^~~~~~~~~~~~~~~~~~~~~~~~~~
     XUartLite_Recv
'Finished building: ../src/testperiph.c'
' '
'Building target: per_test.elf'
'Invoking: MicroBlaze gcc linker'
mb-gcc -Wl,-T -Wl,../src/lscript.ld -L../../start_project_bsp/microblaze_0/lib -mlittle-endian -mcpu=v11.0 -mxl-soft-mul -Wl,--no-relax -Wl,--gc-sections -o "per_test.elf"  ./src/testperiph.o ./src/xgpio_tapp_example.o ./src/xintc_tapp_example.o ./src/xspi_selftest_example.o ./src/xuartlite_intr_tapp_example.o ./src/xuartlite_selftest_example.o   -Wl,--start-group,-lxil,-lgcc,-lc,--end-group
'Finished building target: per_test.elf'
' '
'Invoking: MicroBlaze Print Size'
mb-size per_test.elf  |tee "per_test.elf.size"
   text	   data	    bss	    dec	    hex	filename
  12492	    392	   3588	  16472	   4058	per_test.elf
'Finished building: per_test.elf.size'
' '
10:49:08 **** Auto Build of configuration Debug for project per_test ****
make all 
'Building file: ../src/testperiph.c'
'Invoking: MicroBlaze gcc compiler'
mb-gcc -Wall -O0 -g3 -c -fmessage-length=0 -MT"src/testperiph.o" -I../../start_project_bsp/microblaze_0/include -mlittle-endian -mcpu=v11.0 -mxl-soft-mul -Wl,--no-relax -ffunction-sections -fdata-sections -MMD -MP -MF"src/testperiph.d" -MT"src/testperiph.o" -o "src/testperiph.o" "../src/testperiph.c"
../src/testperiph.c: In function 'main':
../src/testperiph.c:70:5: warning: implicit declaration of function 'TestCheckTotalSendCount' [-Wimplicit-function-declaration]
     TestCheckTotalSendCount(&axi_uartlite_0_UartLite);
     ^~~~~~~~~~~~~~~~~~~~~~~
../src/testperiph.c:71:5: warning: implicit declaration of function 'TestFunctionXUartLite_Recv'; did you mean 'XUartLite_Recv'? [-Wimplicit-function-declaration]
     TestFunctionXUartLite_Recv(&axi_uartlite_0_UartLite);
     ^~~~~~~~~~~~~~~~~~~~~~~~~~
     XUartLite_Recv
'Finished building: ../src/testperiph.c'
' '
'Building target: per_test.elf'
'Invoking: MicroBlaze gcc linker'
mb-gcc -Wl,-T -Wl,../src/lscript.ld -L../../start_project_bsp/microblaze_0/lib -mlittle-endian -mcpu=v11.0 -mxl-soft-mul -Wl,--no-relax -Wl,--gc-sections -o "per_test.elf"  ./src/testperiph.o ./src/xgpio_tapp_example.o ./src/xintc_tapp_example.o ./src/xspi_selftest_example.o ./src/xuartlite_intr_tapp_example.o ./src/xuartlite_selftest_example.o   -Wl,--start-group,-lxil,-lgcc,-lc,--end-group
'Finished building target: per_test.elf'
' '
'Invoking: MicroBlaze Print Size'
mb-size per_test.elf  |tee "per_test.elf.size"
   text	   data	    bss	    dec	    hex	filename
  12520	    392	   3584	  16496	   4070	per_test.elf
'Finished building: per_test.elf.size'
' '
10:49:42 **** Auto Build of configuration Debug for project per_test ****
make all 
'Building file: ../src/testperiph.c'
'Invoking: MicroBlaze gcc compiler'
mb-gcc -Wall -O0 -g3 -c -fmessage-length=0 -MT"src/testperiph.o" -I../../start_project_bsp/microblaze_0/include -mlittle-endian -mcpu=v11.0 -mxl-soft-mul -Wl,--no-relax -ffunction-sections -fdata-sections -MMD -MP -MF"src/testperiph.d" -MT"src/testperiph.o" -o "src/testperiph.o" "../src/testperiph.c"
../src/testperiph.c: In function 'main':
../src/testperiph.c:70:5: warning: implicit declaration of function 'TestCheckTotalSendCount' [-Wimplicit-function-declaration]
     TestCheckTotalSendCount(&axi_uartlite_0_UartLite);
     ^~~~~~~~~~~~~~~~~~~~~~~
../src/testperiph.c:71:5: warning: implicit declaration of function 'TestFunctionXUartLite_Recv'; did you mean 'XUartLite_Recv'? [-Wimplicit-function-declaration]
     TestFunctionXUartLite_Recv(&axi_uartlite_0_UartLite);
     ^~~~~~~~~~~~~~~~~~~~~~~~~~
     XUartLite_Recv
'Finished building: ../src/testperiph.c'
' '
'Building target: per_test.elf'
'Invoking: MicroBlaze gcc linker'
mb-gcc -Wl,-T -Wl,../src/lscript.ld -L../../start_project_bsp/microblaze_0/lib -mlittle-endian -mcpu=v11.0 -mxl-soft-mul -Wl,--no-relax -Wl,--gc-sections -o "per_test.elf"  ./src/testperiph.o ./src/xgpio_tapp_example.o ./src/xintc_tapp_example.o ./src/xspi_selftest_example.o ./src/xuartlite_intr_tapp_example.o ./src/xuartlite_selftest_example.o   -Wl,--start-group,-lxil,-lgcc,-lc,--end-group
'Finished building target: per_test.elf'
' '
'Invoking: MicroBlaze Print Size'
mb-size per_test.elf  |tee "per_test.elf.size"
   text	   data	    bss	    dec	    hex	filename
  12524	    392	   3588	  16504	   4078	per_test.elf
'Finished building: per_test.elf.size'
' '
10:49:49 **** Incremental Build of configuration Debug for project per_test ****
make all 
make: Nothing to be done for 'all'.
10:50:53 **** Auto Build of configuration Debug for project per_test ****
make all 
'Building file: ../src/testperiph.c'
'Invoking: MicroBlaze gcc compiler'
mb-gcc -Wall -O0 -g3 -c -fmessage-length=0 -MT"src/testperiph.o" -I../../start_project_bsp/microblaze_0/include -mlittle-endian -mcpu=v11.0 -mxl-soft-mul -Wl,--no-relax -ffunction-sections -fdata-sections -MMD -MP -MF"src/testperiph.d" -MT"src/testperiph.o" -o "src/testperiph.o" "../src/testperiph.c"
../src/testperiph.c: In function 'main':
../src/testperiph.c:70:5: warning: implicit declaration of function 'TestCheckTotalSendCount' [-Wimplicit-function-declaration]
     TestCheckTotalSendCount(&axi_uartlite_0_UartLite);
     ^~~~~~~~~~~~~~~~~~~~~~~
../src/testperiph.c:71:5: warning: implicit declaration of function 'TestFunctionXUartLite_Recv'; did you mean 'XUartLite_Recv'? [-Wimplicit-function-declaration]
     TestFunctionXUartLite_Recv(&axi_uartlite_0_UartLite);
     ^~~~~~~~~~~~~~~~~~~~~~~~~~
     XUartLite_Recv
'Finished building: ../src/testperiph.c'
' '
'Building target: per_test.elf'
'Invoking: MicroBlaze gcc linker'
mb-gcc -Wl,-T -Wl,../src/lscript.ld -L../../start_project_bsp/microblaze_0/lib -mlittle-endian -mcpu=v11.0 -mxl-soft-mul -Wl,--no-relax -Wl,--gc-sections -o "per_test.elf"  ./src/testperiph.o ./src/xgpio_tapp_example.o ./src/xintc_tapp_example.o ./src/xspi_selftest_example.o ./src/xuartlite_intr_tapp_example.o ./src/xuartlite_selftest_example.o   -Wl,--start-group,-lxil,-lgcc,-lc,--end-group
'Finished building target: per_test.elf'
' '
'Invoking: MicroBlaze Print Size'
mb-size per_test.elf  |tee "per_test.elf.size"
   text	   data	    bss	    dec	    hex	filename
  12540	    392	   3588	  16520	   4088	per_test.elf
'Finished building: per_test.elf.size'
' '
10:51:53 **** Incremental Build of configuration Debug for project per_test ****
make all 
make: Nothing to be done for 'all'.
10:52:23 **** Auto Build of configuration Debug for project per_test ****
make all 
'Building file: ../src/testperiph.c'
'Invoking: MicroBlaze gcc compiler'
mb-gcc -Wall -O0 -g3 -c -fmessage-length=0 -MT"src/testperiph.o" -I../../start_project_bsp/microblaze_0/include -mlittle-endian -mcpu=v11.0 -mxl-soft-mul -Wl,--no-relax -ffunction-sections -fdata-sections -MMD -MP -MF"src/testperiph.d" -MT"src/testperiph.o" -o "src/testperiph.o" "../src/testperiph.c"
../src/testperiph.c: In function 'main':
../src/testperiph.c:70:5: warning: implicit declaration of function 'TestCheckTotalSendCount' [-Wimplicit-function-declaration]
     TestCheckTotalSendCount(&axi_uartlite_0_UartLite);
     ^~~~~~~~~~~~~~~~~~~~~~~
../src/testperiph.c:71:5: warning: implicit declaration of function 'TestFunctionXUartLite_Recv'; did you mean 'XUartLite_Recv'? [-Wimplicit-function-declaration]
     TestFunctionXUartLite_Recv(&axi_uartlite_0_UartLite);
     ^~~~~~~~~~~~~~~~~~~~~~~~~~
     XUartLite_Recv
'Finished building: ../src/testperiph.c'
' '
'Building target: per_test.elf'
'Invoking: MicroBlaze gcc linker'
mb-gcc -Wl,-T -Wl,../src/lscript.ld -L../../start_project_bsp/microblaze_0/lib -mlittle-endian -mcpu=v11.0 -mxl-soft-mul -Wl,--no-relax -Wl,--gc-sections -o "per_test.elf"  ./src/testperiph.o ./src/xgpio_tapp_example.o ./src/xintc_tapp_example.o ./src/xspi_selftest_example.o ./src/xuartlite_intr_tapp_example.o ./src/xuartlite_selftest_example.o   -Wl,--start-group,-lxil,-lgcc,-lc,--end-group
'Finished building target: per_test.elf'
' '
'Invoking: MicroBlaze Print Size'
mb-size per_test.elf  |tee "per_test.elf.size"
   text	   data	    bss	    dec	    hex	filename
  12516	    392	   3588	  16496	   4070	per_test.elf
'Finished building: per_test.elf.size'
' '
10:52:27 **** Incremental Build of configuration Debug for project per_test ****
make all 
make: Nothing to be done for 'all'.
10:52:45 **** Auto Build of configuration Debug for project per_test ****
make all 
'Building file: ../src/testperiph.c'
'Invoking: MicroBlaze gcc compiler'
mb-gcc -Wall -O0 -g3 -c -fmessage-length=0 -MT"src/testperiph.o" -I../../start_project_bsp/microblaze_0/include -mlittle-endian -mcpu=v11.0 -mxl-soft-mul -Wl,--no-relax -ffunction-sections -fdata-sections -MMD -MP -MF"src/testperiph.d" -MT"src/testperiph.o" -o "src/testperiph.o" "../src/testperiph.c"
../src/testperiph.c: In function 'main':
../src/testperiph.c:70:5: warning: implicit declaration of function 'TestCheckTotalSendCount' [-Wimplicit-function-declaration]
     TestCheckTotalSendCount(&axi_uartlite_0_UartLite);
     ^~~~~~~~~~~~~~~~~~~~~~~
../src/testperiph.c:71:5: warning: implicit declaration of function 'TestFunctionXUartLite_Recv'; did you mean 'XUartLite_Recv'? [-Wimplicit-function-declaration]
     TestFunctionXUartLite_Recv(&axi_uartlite_0_UartLite);
     ^~~~~~~~~~~~~~~~~~~~~~~~~~
     XUartLite_Recv
'Finished building: ../src/testperiph.c'
' '
'Building target: per_test.elf'
'Invoking: MicroBlaze gcc linker'
mb-gcc -Wl,-T -Wl,../src/lscript.ld -L../../start_project_bsp/microblaze_0/lib -mlittle-endian -mcpu=v11.0 -mxl-soft-mul -Wl,--no-relax -Wl,--gc-sections -o "per_test.elf"  ./src/testperiph.o ./src/xgpio_tapp_example.o ./src/xintc_tapp_example.o ./src/xspi_selftest_example.o ./src/xuartlite_intr_tapp_example.o ./src/xuartlite_selftest_example.o   -Wl,--start-group,-lxil,-lgcc,-lc,--end-group
'Finished building target: per_test.elf'
' '
'Invoking: MicroBlaze Print Size'
mb-size per_test.elf  |tee "per_test.elf.size"
   text	   data	    bss	    dec	    hex	filename
  12520	    392	   3584	  16496	   4070	per_test.elf
'Finished building: per_test.elf.size'
' '
10:52:48 **** Incremental Build of configuration Debug for project per_test ****
make all 
make: Nothing to be done for 'all'.
10:55:35 **** Auto Build of configuration Debug for project per_test ****
make all 
'Building file: ../src/testperiph.c'
'Invoking: MicroBlaze gcc compiler'
mb-gcc -Wall -O0 -g3 -c -fmessage-length=0 -MT"src/testperiph.o" -I../../start_project_bsp/microblaze_0/include -mlittle-endian -mcpu=v11.0 -mxl-soft-mul -Wl,--no-relax -ffunction-sections -fdata-sections -MMD -MP -MF"src/testperiph.d" -MT"src/testperiph.o" -o "src/testperiph.o" "../src/testperiph.c"
../src/testperiph.c: In function 'main':
../src/testperiph.c:70:5: warning: implicit declaration of function 'TestCheckTotalSendCount' [-Wimplicit-function-declaration]
     TestCheckTotalSendCount(&axi_uartlite_0_UartLite);
     ^~~~~~~~~~~~~~~~~~~~~~~
../src/testperiph.c:71:5: warning: implicit declaration of function 'TestFunctionXUartLite_Recv'; did you mean 'XUartLite_Recv'? [-Wimplicit-function-declaration]
     TestFunctionXUartLite_Recv(&axi_uartlite_0_UartLite);
     ^~~~~~~~~~~~~~~~~~~~~~~~~~
     XUartLite_Recv
'Finished building: ../src/testperiph.c'
' '
'Building target: per_test.elf'
'Invoking: MicroBlaze gcc linker'
mb-gcc -Wl,-T -Wl,../src/lscript.ld -L../../start_project_bsp/microblaze_0/lib -mlittle-endian -mcpu=v11.0 -mxl-soft-mul -Wl,--no-relax -Wl,--gc-sections -o "per_test.elf"  ./src/testperiph.o ./src/xgpio_tapp_example.o ./src/xintc_tapp_example.o ./src/xspi_selftest_example.o ./src/xuartlite_intr_tapp_example.o ./src/xuartlite_selftest_example.o   -Wl,--start-group,-lxil,-lgcc,-lc,--end-group
'Finished building target: per_test.elf'
' '
'Invoking: MicroBlaze Print Size'
mb-size per_test.elf  |tee "per_test.elf.size"
   text	   data	    bss	    dec	    hex	filename
  12500	    392	   3588	  16480	   4060	per_test.elf
'Finished building: per_test.elf.size'
' '
10:55:47 **** Incremental Build of configuration Debug for project per_test ****
make all 
make: Nothing to be done for 'all'.
10:56:48 **** Incremental Build of configuration Debug for project per_test ****
make all 
make: Nothing to be done for 'all'.
10:57:55 **** Incremental Build of configuration Debug for project per_test ****
make all 
make: Nothing to be done for 'all'.
10:57:59 **** Incremental Build of configuration Debug for project start_project ****
make all 
make: Nothing to be done for 'all'.
10:58:06 **** Incremental Build of configuration Debug for project per_test ****
make all 
make: Nothing to be done for 'all'.
10:58:31 **** Incremental Build of configuration Debug for project per_test ****
make all 
make: Nothing to be done for 'all'.
10:59:24 **** Incremental Build of configuration Debug for project per_test ****
make all 
'Building file: ../src/testperiph.c'
'Invoking: MicroBlaze gcc compiler'
mb-gcc -Wall -O0 -g3 -c -fmessage-length=0 -MT"src/testperiph.o" -I../../start_project_bsp/microblaze_0/include -mlittle-endian -mcpu=v11.0 -mxl-soft-mul -Wl,--no-relax -ffunction-sections -fdata-sections -MMD -MP -MF"src/testperiph.d" -MT"src/testperiph.o" -o "src/testperiph.o" "../src/testperiph.c"
../src/testperiph.c: In function 'main':
../src/testperiph.c:70:5: warning: implicit declaration of function 'TestCheckTotalSendCount' [-Wimplicit-function-declaration]
     TestCheckTotalSendCount(&axi_uartlite_0_UartLite);
     ^~~~~~~~~~~~~~~~~~~~~~~
'Finished building: ../src/testperiph.c'
' '
'Building target: per_test.elf'
'Invoking: MicroBlaze gcc linker'
mb-gcc -Wl,-T -Wl,../src/lscript.ld -L../../start_project_bsp/microblaze_0/lib -mlittle-endian -mcpu=v11.0 -mxl-soft-mul -Wl,--no-relax -Wl,--gc-sections -o "per_test.elf"  ./src/testperiph.o ./src/xgpio_tapp_example.o ./src/xintc_tapp_example.o ./src/xspi_selftest_example.o ./src/xuartlite_intr_tapp_example.o ./src/xuartlite_selftest_example.o   -Wl,--start-group,-lxil,-lgcc,-lc,--end-group
'Finished building target: per_test.elf'
' '
'Invoking: MicroBlaze Print Size'
mb-size per_test.elf  |tee "per_test.elf.size"
   text	   data	    bss	    dec	    hex	filename
  12072	    392	   3584	  16048	   3eb0	per_test.elf
'Finished building: per_test.elf.size'
' '
11:29:54 **** Incremental Build of configuration Debug for project per_test ****
make all 
make: Nothing to be done for 'all'.
