18:26:21 **** Incremental Build of configuration Debug for project per_test ****
make all 
make: Nothing to be done for 'all'.
18:26:51 **** Incremental Build of configuration Debug for project per_test ****
make all 
make: Nothing to be done for 'all'.
18:38:28 **** Clean-only build of project start_project_bsp ****
make -k clean 
make -C microblaze_0/libsrc/bram_v4_3/src -s clean 
make -C microblaze_0/libsrc/cpu_v2_9/src -s clean 
make -C microblaze_0/libsrc/gpio_v4_4/src -s clean 
make -C microblaze_0/libsrc/intc_v3_9/src -s clean 
make -C microblaze_0/libsrc/spi_v4_4/src -s clean 
make -C microblaze_0/libsrc/standalone_v7_0/src -s clean 
make -C microblaze_0/libsrc/uartlite_v3_2/src -s clean 
make -C microblaze_0/libsrc/xilisf_v5_13/src -s clean 
rm -f microblaze_0/lib/libxil.a
18:38:28 **** Clean-only build of configuration Debug for project bootloader ****
make clean 
rm -rf  ./src/bootloader.o ./src/platform.o ./src/srec.o  ./src/bootloader.d ./src/platform.d ./src/srec.d  bootloader.elf.size  bootloader.elf
' '
18:38:29 **** Clean-only build of configuration Debug for project per_test ****
make clean 
rm -rf  ./src/CRC_Functions.o ./src/current_system_status.o ./src/initializationl_functions.o ./src/logical_functions.o ./src/testperiph.o ./src/xgpio_tapp_example.o ./src/xintc_tapp_example.o ./src/xspi_selftest_example.o ./src/xuartlite_intr_tapp_example.o ./src/xuartlite_selftest_example.o  ./src/CRC_Functions.d ./src/current_system_status.d ./src/initializationl_functions.d ./src/logical_functions.d ./src/testperiph.d ./src/xgpio_tapp_example.d ./src/xintc_tapp_example.d ./src/xspi_selftest_example.d ./src/xuartlite_intr_tapp_example.d ./src/xuartlite_selftest_example.d  per_test.elf.size  per_test.elf
' '
18:38:29 **** Clean-only build of configuration Debug for project start_project ****
make clean 
rm -rf  ./src/testperiph.o ./src/xgpio_tapp_example.o  ./src/testperiph.d ./src/xgpio_tapp_example.d  start_project.elf.size  start_project.elf
' '
18:38:29 **** Build of project start_project_bsp ****
make -k all 
"Running Make include in microblaze_0/libsrc/bram_v4_3/src"
make -C microblaze_0/libsrc/bram_v4_3/src -s include  "SHELL=CMD" "COMPILER=mb-gcc" "ARCHIVER=mb-ar" "COMPILER_FLAGS=  -O2 -c -mcpu=v11.0 -mlittle-endian -mxl-soft-mul" "EXTRA_COMPILER_FLAGS=-ffunction-sections -fdata-sections -Wall -Wextra"
"Running Make include in microblaze_0/libsrc/cpu_v2_9/src"
make -C microblaze_0/libsrc/cpu_v2_9/src -s include  "SHELL=CMD" "COMPILER=mb-gcc" "ARCHIVER=mb-ar" "COMPILER_FLAGS=  -O2 -c -mcpu=v11.0 -mlittle-endian -mxl-soft-mul" "EXTRA_COMPILER_FLAGS=-ffunction-sections -fdata-sections -Wall -Wextra"
"Running Make include in microblaze_0/libsrc/gpio_v4_4/src"
make -C microblaze_0/libsrc/gpio_v4_4/src -s include  "SHELL=CMD" "COMPILER=mb-gcc" "ARCHIVER=mb-ar" "COMPILER_FLAGS=  -O2 -c -mcpu=v11.0 -mlittle-endian -mxl-soft-mul" "EXTRA_COMPILER_FLAGS=-ffunction-sections -fdata-sections -Wall -Wextra"
"Running Make include in microblaze_0/libsrc/intc_v3_9/src"
make -C microblaze_0/libsrc/intc_v3_9/src -s include  "SHELL=CMD" "COMPILER=mb-gcc" "ARCHIVER=mb-ar" "COMPILER_FLAGS=  -O2 -c -mcpu=v11.0 -mlittle-endian -mxl-soft-mul" "EXTRA_COMPILER_FLAGS=-ffunction-sections -fdata-sections -Wall -Wextra"
"Running Make include in microblaze_0/libsrc/spi_v4_4/src"
make -C microblaze_0/libsrc/spi_v4_4/src -s include  "SHELL=CMD" "COMPILER=mb-gcc" "ARCHIVER=mb-ar" "COMPILER_FLAGS=  -O2 -c -mcpu=v11.0 -mlittle-endian -mxl-soft-mul" "EXTRA_COMPILER_FLAGS=-ffunction-sections -fdata-sections -Wall -Wextra"
"Running Make include in microblaze_0/libsrc/standalone_v7_0/src"
make -C microblaze_0/libsrc/standalone_v7_0/src -s include  "SHELL=CMD" "COMPILER=mb-gcc" "ARCHIVER=mb-ar" "COMPILER_FLAGS=  -O2 -c -mcpu=v11.0 -mlittle-endian -mxl-soft-mul" "EXTRA_COMPILER_FLAGS=-ffunction-sections -fdata-sections -Wall -Wextra"
"Running Make include in microblaze_0/libsrc/uartlite_v3_2/src"
make -C microblaze_0/libsrc/uartlite_v3_2/src -s include  "SHELL=CMD" "COMPILER=mb-gcc" "ARCHIVER=mb-ar" "COMPILER_FLAGS=  -O2 -c -mcpu=v11.0 -mlittle-endian -mxl-soft-mul" "EXTRA_COMPILER_FLAGS=-ffunction-sections -fdata-sections -Wall -Wextra"
"Running Make include in microblaze_0/libsrc/xilisf_v5_13/src"
make -C microblaze_0/libsrc/xilisf_v5_13/src -s include  "SHELL=CMD" "COMPILER=mb-gcc" "ARCHIVER=mb-ar" "COMPILER_FLAGS=  -O2 -c -mcpu=v11.0 -mlittle-endian -mxl-soft-mul" "EXTRA_COMPILER_FLAGS=-ffunction-sections -fdata-sections -Wall -Wextra"
"Running Make libs in microblaze_0/libsrc/bram_v4_3/src"
make -C microblaze_0/libsrc/bram_v4_3/src -s libs  "SHELL=CMD" "COMPILER=mb-gcc" "ARCHIVER=mb-ar" "COMPILER_FLAGS=  -O2 -c -mcpu=v11.0 -mlittle-endian -mxl-soft-mul" "EXTRA_COMPILER_FLAGS=-ffunction-sections -fdata-sections -Wall -Wextra"
"Compiling bram"
mb-ar: creating ../../../lib/libxil.a
"Running Make libs in microblaze_0/libsrc/cpu_v2_9/src"
make -C microblaze_0/libsrc/cpu_v2_9/src -s libs  "SHELL=CMD" "COMPILER=mb-gcc" "ARCHIVER=mb-ar" "COMPILER_FLAGS=  -O2 -c -mcpu=v11.0 -mlittle-endian -mxl-soft-mul" "EXTRA_COMPILER_FLAGS=-ffunction-sections -fdata-sections -Wall -Wextra"
"Compiling cpu"
"Running Make libs in microblaze_0/libsrc/gpio_v4_4/src"
make -C microblaze_0/libsrc/gpio_v4_4/src -s libs  "SHELL=CMD" "COMPILER=mb-gcc" "ARCHIVER=mb-ar" "COMPILER_FLAGS=  -O2 -c -mcpu=v11.0 -mlittle-endian -mxl-soft-mul" "EXTRA_COMPILER_FLAGS=-ffunction-sections -fdata-sections -Wall -Wextra"
"Compiling gpio"
"Running Make libs in microblaze_0/libsrc/intc_v3_9/src"
make -C microblaze_0/libsrc/intc_v3_9/src -s libs  "SHELL=CMD" "COMPILER=mb-gcc" "ARCHIVER=mb-ar" "COMPILER_FLAGS=  -O2 -c -mcpu=v11.0 -mlittle-endian -mxl-soft-mul" "EXTRA_COMPILER_FLAGS=-ffunction-sections -fdata-sections -Wall -Wextra"
"Compiling intc"
"Running Make libs in microblaze_0/libsrc/spi_v4_4/src"
make -C microblaze_0/libsrc/spi_v4_4/src -s libs  "SHELL=CMD" "COMPILER=mb-gcc" "ARCHIVER=mb-ar" "COMPILER_FLAGS=  -O2 -c -mcpu=v11.0 -mlittle-endian -mxl-soft-mul" "EXTRA_COMPILER_FLAGS=-ffunction-sections -fdata-sections -Wall -Wextra"
"Compiling spi"
"Running Make libs in microblaze_0/libsrc/standalone_v7_0/src"
make -C microblaze_0/libsrc/standalone_v7_0/src -s libs  "SHELL=CMD" "COMPILER=mb-gcc" "ARCHIVER=mb-ar" "COMPILER_FLAGS=  -O2 -c -mcpu=v11.0 -mlittle-endian -mxl-soft-mul" "EXTRA_COMPILER_FLAGS=-ffunction-sections -fdata-sections -Wall -Wextra"
"Compiling standalone";
inbyte.c: In function 'inbyte':
inbyte.c:11:1: warning: control reaches end of non-void function [-Wreturn-type]
 }
 ^
microblaze_sleep.c:77:9: note: #pragma message: For the sleep routines, assembly instructions are used
 #pragma message ("For the sleep routines, assembly instructions are used")
         ^~~~~~~
"Running Make libs in microblaze_0/libsrc/uartlite_v3_2/src"
make -C microblaze_0/libsrc/uartlite_v3_2/src -s libs  "SHELL=CMD" "COMPILER=mb-gcc" "ARCHIVER=mb-ar" "COMPILER_FLAGS=  -O2 -c -mcpu=v11.0 -mlittle-endian -mxl-soft-mul" "EXTRA_COMPILER_FLAGS=-ffunction-sections -fdata-sections -Wall -Wextra"
"Compiling uartlite"
"Running Make libs in microblaze_0/libsrc/xilisf_v5_13/src"
make -C microblaze_0/libsrc/xilisf_v5_13/src -s libs  "SHELL=CMD" "COMPILER=mb-gcc" "ARCHIVER=mb-ar" "COMPILER_FLAGS=  -O2 -c -mcpu=v11.0 -mlittle-endian -mxl-soft-mul" "EXTRA_COMPILER_FLAGS=-ffunction-sections -fdata-sections -Wall -Wextra"
"Compiling XilIsf Library"
xilisf_erase.c: In function 'SubSectorErase':
xilisf_erase.c:351:5: warning: unused variable 'FlashStatus' [-Wunused-variable]
  u8 FlashStatus[2] = {0};
     ^~~~~~~~~~~
xilisf_erase.c:349:5: warning: unused variable 'ReadFlagSRCmd' [-Wunused-variable]
  u8 ReadFlagSRCmd[] = {READ_FLAG_STATUS_CMD, 0};
     ^~~~~~~~~~~~~
xilisf_erase.c:348:5: warning: unused variable 'ReadStatusCmdBuf' [-Wunused-variable]
  u8 ReadStatusCmdBuf[] = { READ_STATUS_CMD, 0 };
     ^~~~~~~~~~~~~~~~
xilisf_erase.c:347:5: warning: unused variable 'FlagStatus' [-Wunused-variable]
  u8 FlagStatus[2] = {0};
     ^~~~~~~~~~
xilisf_erase.c: In function 'SectorErase':
xilisf_erase.c:614:14: warning: unused variable 'ReadStatusCmd' [-Wunused-variable]
  u8 FSRFlag, ReadStatusCmd;
              ^~~~~~~~~~~~~
xilisf_erase.c:614:5: warning: unused variable 'FSRFlag' [-Wunused-variable]
  u8 FSRFlag, ReadStatusCmd;
     ^~~~~~~
xilisf_erase.c:609:5: warning: unused variable 'FlashStatus' [-Wunused-variable]
  u8 FlashStatus[2] __attribute__ ((aligned(4))) = {0};
     ^~~~~~~~~~~
xilisf_erase.c:606:5: warning: unused variable 'ReadFlagSRCmd' [-Wunused-variable]
  u8 ReadFlagSRCmd[] = {READ_FLAG_STATUS_CMD, 0};
     ^~~~~~~~~~~~~
xilisf_erase.c:605:5: warning: unused variable 'ReadStatusCmdBuf' [-Wunused-variable]
  u8 ReadStatusCmdBuf[] = { READ_STATUS_CMD, 0 };
     ^~~~~~~~~~~~~~~~
xilisf_erase.c:604:5: warning: unused variable 'FlagStatus' [-Wunused-variable]
  u8 FlagStatus[2] = {0};
     ^~~~~~~~~~
xilisf_write.c: In function 'WriteData':
xilisf_write.c:513:5: warning: unused variable 'ReadFlagSRCmd' [-Wunused-variable]
  u8 ReadFlagSRCmd[] = {READ_FLAG_STATUS_CMD, 0};
     ^~~~~~~~~~~~~
xilisf_write.c:512:5: warning: unused variable 'ReadStatusCmdBuf' [-Wunused-variable]
  u8 ReadStatusCmdBuf[] = { READ_STATUS_CMD, 0 };
     ^~~~~~~~~~~~~~~~
xilisf_write.c:497:5: warning: unused variable 'FlashStatus' [-Wunused-variable]
  u8 FlashStatus[2] __attribute__ ((aligned(4))) = {0};
     ^~~~~~~~~~~
xilisf_write.c:491:5: warning: unused variable 'FlagStatus' [-Wunused-variable]
  u8 FlagStatus[2] = {0};
     ^~~~~~~~~~
xilisf_write.c:479:6: warning: unused variable 'BankSel' [-Wunused-variable]
  u32 BankSel;
      ^~~~~~~
xilisf_write.c:477:5: warning: unused variable 'Mode' [-Wunused-variable]
  u8 Mode;
     ^~~~
xilisf.c: In function 'XIsf_RegisterInterface':
xilisf.c:1676:37: warning: assignment to 's32 (*)(XIsf_Iface *, u32)' {aka 'long int (*)(struct <anonymous> *, long unsigned int)'} from incompatible pointer type 'int (*)(XSpi *, u32)' {aka 'int (*)(struct <anonymous> *, long unsigned int)'} [-Wincompatible-pointer-types]
  InstancePtr->XIsf_Iface_SetOptions = XSpi_SetOptions;
                                     ^
xilisf.c:1677:41: warning: assignment to 's32 (*)(XIsf_Iface *, u8)' {aka 'long int (*)(struct <anonymous> *, unsigned char)'} from incompatible pointer type 'int (*)(XSpi *, u32)' {aka 'int (*)(struct <anonymous> *, long unsigned int)'} [-Wincompatible-pointer-types]
  InstancePtr->XIsf_Iface_SetSlaveSelect = XSpi_SetSlaveSelect;
                                         ^
xilisf.c:1678:35: warning: assignment to 's32 (*)(XIsf_Iface *, u8 *, u8 *, u32)' {aka 'long int (*)(struct <anonymous> *, unsigned char *, unsigned char *, long unsigned int)'} from incompatible pointer type 'int (*)(XSpi *, u8 *, u8 *, unsigned int)' {aka 'int (*)(struct <anonymous> *, unsigned char *, unsigned char *, unsigned int)'} [-Wincompatible-pointer-types]
  InstancePtr->XIsf_Iface_Transfer = XSpi_Transfer;
                                   ^
xilisf.c: In function 'XIsf_MicronFlashEnter4BAddMode':
xilisf.c:1878:6: warning: variable 'FlashMake' set but not used [-Wunused-but-set-variable]
  u8  FlashMake;
      ^~~~~~~~~
xilisf.c: In function 'XIsf_MicronFlashExit4BAddMode':
xilisf.c:2076:5: warning: variable 'FlashMake' set but not used [-Wunused-but-set-variable]
  u8 FlashMake;
     ^~~~~~~~~
xilisf.c: In function 'GetRealAddr':
xilisf.c:2836:6: warning: unused variable 'LqspiCr' [-Wunused-variable]
  u32 LqspiCr;
      ^~~~~~~
xilisf.c:2832:29: warning: unused parameter 'QspiPtr' [-Wunused-parameter]
 u32 GetRealAddr(XIsf_Iface *QspiPtr, u32 Address)
                 ~~~~~~~~~~~~^~~~~~~
At top level:
xilisf.c:797:12: warning: 'XIsf_FCTIndex' defined but not used [-Wunused-variable]
 static u32 XIsf_FCTIndex;
            ^~~~~~~~~~~~~
'Finished building libraries'
18:38:37 **** Build of configuration Debug for project start_project ****
make all 
'Building file: ../src/testperiph.c'
'Invoking: MicroBlaze gcc compiler'
mb-gcc -Wall -O0 -g3 -c -fmessage-length=0 -MT"src/testperiph.o" -I../../start_project_bsp/microblaze_0/include -mlittle-endian -mcpu=v11.0 -mxl-soft-mul -Wl,--no-relax -ffunction-sections -fdata-sections -MMD -MP -MF"src/testperiph.d" -MT"src/testperiph.o" -o "src/testperiph.o" "../src/testperiph.c"
'Finished building: ../src/testperiph.c'
' '
'Building file: ../src/xgpio_tapp_example.c'
'Invoking: MicroBlaze gcc compiler'
mb-gcc -Wall -O0 -g3 -c -fmessage-length=0 -MT"src/xgpio_tapp_example.o" -I../../start_project_bsp/microblaze_0/include -mlittle-endian -mcpu=v11.0 -mxl-soft-mul -Wl,--no-relax -ffunction-sections -fdata-sections -MMD -MP -MF"src/xgpio_tapp_example.d" -MT"src/xgpio_tapp_example.o" -o "src/xgpio_tapp_example.o" "../src/xgpio_tapp_example.c"
'Finished building: ../src/xgpio_tapp_example.c'
' '
'Building target: start_project.elf'
'Invoking: MicroBlaze gcc linker'
mb-gcc -Wl,-T -Wl,../src/lscript.ld -L../../start_project_bsp/microblaze_0/lib -mlittle-endian -mcpu=v11.0 -mxl-soft-mul -Wl,--no-relax -Wl,--gc-sections -o "start_project.elf"  ./src/testperiph.o ./src/xgpio_tapp_example.o   -Wl,--start-group,-lxil,-lgcc,-lc,--end-group -Wl,--start-group,-lxilisf,-lxil,-lgcc,-lc,--end-group
'Finished building target: start_project.elf'
' '
'Invoking: MicroBlaze Print Size'
mb-size start_project.elf  |tee "start_project.elf.size"
   text	   data	    bss	    dec	    hex	filename
   4768	    348	   2124	   7240	   1c48	start_project.elf
'Finished building: start_project.elf.size'
' '
18:38:38 **** Build of configuration Debug for project per_test ****
make all 
'Building file: ../src/CRC_Functions.c'
'Invoking: MicroBlaze gcc compiler'
mb-gcc -Wall -O0 -g3 -c -fmessage-length=0 -MT"src/CRC_Functions.o" -I../../start_project_bsp/microblaze_0/include -mlittle-endian -mcpu=v11.0 -mxl-soft-mul -Wl,--no-relax -ffunction-sections -fdata-sections -MMD -MP -MF"src/CRC_Functions.d" -MT"src/CRC_Functions.o" -o "src/CRC_Functions.o" "../src/CRC_Functions.c"
../src/CRC_Functions.c:5: warning: ignoring #pragma DATA_SECTION  [-Wunknown-pragmas]
 #pragma DATA_SECTION(crc_16_tab, ".slow_vars")
 
'Finished building: ../src/CRC_Functions.c'
' '
'Building file: ../src/current_system_status.c'
'Invoking: MicroBlaze gcc compiler'
mb-gcc -Wall -O0 -g3 -c -fmessage-length=0 -MT"src/current_system_status.o" -I../../start_project_bsp/microblaze_0/include -mlittle-endian -mcpu=v11.0 -mxl-soft-mul -Wl,--no-relax -ffunction-sections -fdata-sections -MMD -MP -MF"src/current_system_status.d" -MT"src/current_system_status.o" -o "src/current_system_status.o" "../src/current_system_status.c"
'Finished building: ../src/current_system_status.c'
' '
'Building file: ../src/initializationl_functions.c'
'Invoking: MicroBlaze gcc compiler'
mb-gcc -Wall -O0 -g3 -c -fmessage-length=0 -MT"src/initializationl_functions.o" -I../../start_project_bsp/microblaze_0/include -mlittle-endian -mcpu=v11.0 -mxl-soft-mul -Wl,--no-relax -ffunction-sections -fdata-sections -MMD -MP -MF"src/initializationl_functions.d" -MT"src/initializationl_functions.o" -o "src/initializationl_functions.o" "../src/initializationl_functions.c"
../src/initializationl_functions.c: In function 'InitializationSystemDesignAndProject':
../src/initializationl_functions.c:15:2: warning: implicit declaration of function 'GpioOutputInitialize' [-Wimplicit-function-declaration]
  GpioOutputInitialize(XPAR_AXI_GPIO_0_DEVICE_ID);
  ^~~~~~~~~~~~~~~~~~~~
../src/initializationl_functions.c:16:2: warning: implicit declaration of function 'GpioInputInitialize' [-Wimplicit-function-declaration]
  GpioInputInitialize(XPAR_AXI_GPIO_1_DEVICE_ID);
  ^~~~~~~~~~~~~~~~~~~
'Finished building: ../src/initializationl_functions.c'
' '
'Building file: ../src/logical_functions.c'
'Invoking: MicroBlaze gcc compiler'
mb-gcc -Wall -O0 -g3 -c -fmessage-length=0 -MT"src/logical_functions.o" -I../../start_project_bsp/microblaze_0/include -mlittle-endian -mcpu=v11.0 -mxl-soft-mul -Wl,--no-relax -ffunction-sections -fdata-sections -MMD -MP -MF"src/logical_functions.d" -MT"src/logical_functions.o" -o "src/logical_functions.o" "../src/logical_functions.c"
../src/logical_functions.c: In function 'GetSystemValues':
../src/logical_functions.c:15:2: warning: implicit declaration of function 'GpioInputRead' [-Wimplicit-function-declaration]
  GpioInputRead(&DataRead);
  ^~~~~~~~~~~~~
../src/logical_functions.c: In function 'SetValuesInAddressSpace':
../src/logical_functions.c:21:3: warning: implicit declaration of function 'set_array_current_status_int' [-Wimplicit-function-declaration]
   set_array_current_status_int(i, i);
   ^~~~~~~~~~~~~~~~~~~~~~~~~~~~
'Finished building: ../src/logical_functions.c'
' '
'Building file: ../src/testperiph.c'
'Invoking: MicroBlaze gcc compiler'
mb-gcc -Wall -O0 -g3 -c -fmessage-length=0 -MT"src/testperiph.o" -I../../start_project_bsp/microblaze_0/include -mlittle-endian -mcpu=v11.0 -mxl-soft-mul -Wl,--no-relax -ffunction-sections -fdata-sections -MMD -MP -MF"src/testperiph.d" -MT"src/testperiph.o" -o "src/testperiph.o" "../src/testperiph.c"
../src/testperiph.c: In function 'main':
../src/testperiph.c:82:5: warning: implicit declaration of function 'GetSystemValues' [-Wimplicit-function-declaration]
     GetSystemValues();
     ^~~~~~~~~~~~~~~
../src/testperiph.c:83:5: warning: implicit declaration of function 'SetValuesInAddressSpace' [-Wimplicit-function-declaration]
     SetValuesInAddressSpace();
     ^~~~~~~~~~~~~~~~~~~~~~~
../src/testperiph.c:96:5: warning: implicit declaration of function 'SendData' [-Wimplicit-function-declaration]
     SendData(&axi_uartlite_0_UartLite, PrepareDataToSend()); // если данные отправлены, то выполнить PrepareDataToSend() - не надо выполнять его в мэйне постоянно
     ^~~~~~~~
../src/testperiph.c:96:40: warning: implicit declaration of function 'PrepareDataToSend' [-Wimplicit-function-declaration]
     SendData(&axi_uartlite_0_UartLite, PrepareDataToSend()); // если данные отправлены, то выполнить PrepareDataToSend() - не надо выполнять его в мэйне постоянно
                                        ^~~~~~~~~~~~~~~~~
../src/testperiph.c:97:5: warning: implicit declaration of function 'GetData' [-Wimplicit-function-declaration]
     GetData(&axi_uartlite_0_UartLite); // тестовая, надо ждать прерывания
     ^~~~~~~
../src/testperiph.c:112:5: warning: implicit declaration of function 'GpioOutputWrite'; did you mean 'XGpio_DiscreteWrite'? [-Wimplicit-function-declaration]
     GpioOutputWrite(GetByte(1));
     ^~~~~~~~~~~~~~~
     XGpio_DiscreteWrite
../src/testperiph.c:112:21: warning: implicit declaration of function 'GetByte'; did you mean 'outbyte'? [-Wimplicit-function-declaration]
     GpioOutputWrite(GetByte(1));
                     ^~~~~~~
                     outbyte
'Finished building: ../src/testperiph.c'
' '
'Building file: ../src/xgpio_tapp_example.c'
'Invoking: MicroBlaze gcc compiler'
mb-gcc -Wall -O0 -g3 -c -fmessage-length=0 -MT"src/xgpio_tapp_example.o" -I../../start_project_bsp/microblaze_0/include -mlittle-endian -mcpu=v11.0 -mxl-soft-mul -Wl,--no-relax -ffunction-sections -fdata-sections -MMD -MP -MF"src/xgpio_tapp_example.d" -MT"src/xgpio_tapp_example.o" -o "src/xgpio_tapp_example.o" "../src/xgpio_tapp_example.c"
'Finished building: ../src/xgpio_tapp_example.c'
' '
'Building file: ../src/xintc_tapp_example.c'
'Invoking: MicroBlaze gcc compiler'
mb-gcc -Wall -O0 -g3 -c -fmessage-length=0 -MT"src/xintc_tapp_example.o" -I../../start_project_bsp/microblaze_0/include -mlittle-endian -mcpu=v11.0 -mxl-soft-mul -Wl,--no-relax -ffunction-sections -fdata-sections -MMD -MP -MF"src/xintc_tapp_example.d" -MT"src/xintc_tapp_example.o" -o "src/xintc_tapp_example.o" "../src/xintc_tapp_example.c"
'Finished building: ../src/xintc_tapp_example.c'
' '
'Building file: ../src/xspi_selftest_example.c'
'Invoking: MicroBlaze gcc compiler'
mb-gcc -Wall -O0 -g3 -c -fmessage-length=0 -MT"src/xspi_selftest_example.o" -I../../start_project_bsp/microblaze_0/include -mlittle-endian -mcpu=v11.0 -mxl-soft-mul -Wl,--no-relax -ffunction-sections -fdata-sections -MMD -MP -MF"src/xspi_selftest_example.d" -MT"src/xspi_selftest_example.o" -o "src/xspi_selftest_example.o" "../src/xspi_selftest_example.c"
'Finished building: ../src/xspi_selftest_example.c'
' '
'Building file: ../src/xuartlite_intr_tapp_example.c'
'Invoking: MicroBlaze gcc compiler'
mb-gcc -Wall -O0 -g3 -c -fmessage-length=0 -MT"src/xuartlite_intr_tapp_example.o" -I../../start_project_bsp/microblaze_0/include -mlittle-endian -mcpu=v11.0 -mxl-soft-mul -Wl,--no-relax -ffunction-sections -fdata-sections -MMD -MP -MF"src/xuartlite_intr_tapp_example.d" -MT"src/xuartlite_intr_tapp_example.o" -o "src/xuartlite_intr_tapp_example.o" "../src/xuartlite_intr_tapp_example.c"
../src/xuartlite_intr_tapp_example.c: In function 'PrepareDataToSend':
../src/xuartlite_intr_tapp_example.c:347:19: warning: implicit declaration of function 'get_array_current_status_int' [-Wimplicit-function-declaration]
   SendBuffer[i] = get_array_current_status_int(i);
                   ^~~~~~~~~~~~~~~~~~~~~~~~~~~~
../src/xuartlite_intr_tapp_example.c:350:8: warning: implicit declaration of function 'GetCRC16_B_byte' [-Wimplicit-function-declaration]
  crc = GetCRC16_B_byte(crc, SendBuffer, count_byte);
        ^~~~~~~~~~~~~~~
../src/xuartlite_intr_tapp_example.c:355:9: warning: returning 'u8 (*)[16]' {aka 'unsigned char (*)[16]'} from a function with incompatible return type 'int *' [-Wincompatible-pointer-types]
  return &SendBuffer;
         ^~~~~~~~~~~
../src/xuartlite_intr_tapp_example.c: In function 'GetData':
../src/xuartlite_intr_tapp_example.c:403:9: warning: returning 'u8 (*)[16]' {aka 'unsigned char (*)[16]'} from a function with incompatible return type 'int *' [-Wincompatible-pointer-types]
  return &RecvBuffer;
         ^~~~~~~~~~~
../src/xuartlite_intr_tapp_example.c: In function 'GetRecvBuffer':
../src/xuartlite_intr_tapp_example.c:407:9: warning: returning 'u8 (*)[16]' {aka 'unsigned char (*)[16]'} from a function with incompatible return type 'int *' [-Wincompatible-pointer-types]
  return &RecvBuffer;
         ^~~~~~~~~~~
At top level:
../src/xuartlite_intr_tapp_example.c:564:13: warning: 'UartLiteDisableIntrSystem' defined but not used [-Wunused-function]
 static void UartLiteDisableIntrSystem(INTC *IntcInstancePtr,
             ^~~~~~~~~~~~~~~~~~~~~~~~~
'Finished building: ../src/xuartlite_intr_tapp_example.c'
' '
'Building file: ../src/xuartlite_selftest_example.c'
'Invoking: MicroBlaze gcc compiler'
mb-gcc -Wall -O0 -g3 -c -fmessage-length=0 -MT"src/xuartlite_selftest_example.o" -I../../start_project_bsp/microblaze_0/include -mlittle-endian -mcpu=v11.0 -mxl-soft-mul -Wl,--no-relax -ffunction-sections -fdata-sections -MMD -MP -MF"src/xuartlite_selftest_example.d" -MT"src/xuartlite_selftest_example.o" -o "src/xuartlite_selftest_example.o" "../src/xuartlite_selftest_example.c"
'Finished building: ../src/xuartlite_selftest_example.c'
' '
'Building target: per_test.elf'
'Invoking: MicroBlaze gcc linker'
mb-gcc -Wl,-T -Wl,../src/lscript.ld -L../../start_project_bsp/microblaze_0/lib -mlittle-endian -mcpu=v11.0 -mxl-soft-mul -Wl,--no-relax -Wl,--gc-sections -o "per_test.elf"  ./src/CRC_Functions.o ./src/current_system_status.o ./src/initializationl_functions.o ./src/logical_functions.o ./src/testperiph.o ./src/xgpio_tapp_example.o ./src/xintc_tapp_example.o ./src/xspi_selftest_example.o ./src/xuartlite_intr_tapp_example.o ./src/xuartlite_selftest_example.o   -Wl,--start-group,-lxil,-lgcc,-lc,--end-group -Wl,--start-group,-lxilisf,-lxil,-lgcc,-lc,--end-group
'Finished building target: per_test.elf'
' '
'Invoking: MicroBlaze Print Size'
mb-size per_test.elf  |tee "per_test.elf.size"
   text	   data	    bss	    dec	    hex	filename
  12900	    908	   5856	  19664	   4cd0	per_test.elf
'Finished building: per_test.elf.size'
' '
18:38:40 **** Build of configuration Debug for project bootloader ****
make all 
'Building file: ../src/bootloader.c'
'Invoking: MicroBlaze gcc compiler'
mb-gcc -Wall -O0 -g3 -c -fmessage-length=0 -MT"src/bootloader.o" -I../../start_project_bsp/microblaze_0/include -mlittle-endian -mcpu=v11.0 -mxl-soft-mul -Wl,--no-relax -ffunction-sections -fdata-sections -MMD -MP -MF"src/bootloader.d" -MT"src/bootloader.o" -o "src/bootloader.o" "../src/bootloader.c"
In file included from ../src/bootloader.c:37:
../src/blconfig.h:32:2: warning: #warning "Please provide the correct address value for the definition FLASH_IMAGE_BASEADDR. Please give the flash offset @ which SREC application is programmed" [-Wcpp]
 #warning "Please provide the correct address value for the definition FLASH_IMAGE_BASEADDR. Please give the flash offset @ which SREC application is programmed"
  ^~~~~~~
../src/bootloader.c:56:2: warning: #warning "Set your Device ID here, as defined in xparameters.h" [-Wcpp]
 #warning "Set your Device ID here, as defined in xparameters.h"
  ^~~~~~~
../src/bootloader.c: In function 'flash_get_srec_line':
../src/bootloader.c:289:24: warning: assignment to 'u32' {aka 'long unsigned int'} from 'uint8_t *' {aka 'unsigned char *'} makes integer from pointer without a cast [-Wint-conversion]
      ReadParam.Address = flbuf++;
                        ^
../src/bootloader.c:309:13: warning: implicit declaration of function 'IsfWaitForFlashNotBusy' [-Wimplicit-function-declaration]
    Status = IsfWaitForFlashNotBusy();
             ^~~~~~~~~~~~~~~~~~~~~~
../src/bootloader.c:334:28: warning: assignment to 'u32' {aka 'long unsigned int'} from 'uint8_t *' {aka 'unsigned char *'} makes integer from pointer without a cast [-Wint-conversion]
          ReadParam.Address = flbuf++;
                            ^
../src/bootloader.c: At top level:
../src/bootloader.c:50:13: warning: 'display_progress' declared 'static' but never defined [-Wunused-function]
 static void display_progress (uint32_t lines);
             ^~~~~~~~~~~~~~~~
'Finished building: ../src/bootloader.c'
' '
'Building file: ../src/platform.c'
'Invoking: MicroBlaze gcc compiler'
mb-gcc -Wall -O0 -g3 -c -fmessage-length=0 -MT"src/platform.o" -I../../start_project_bsp/microblaze_0/include -mlittle-endian -mcpu=v11.0 -mxl-soft-mul -Wl,--no-relax -ffunction-sections -fdata-sections -MMD -MP -MF"src/platform.d" -MT"src/platform.o" -o "src/platform.o" "../src/platform.c"
'Finished building: ../src/platform.c'
' '
'Building file: ../src/srec.c'
'Invoking: MicroBlaze gcc compiler'
mb-gcc -Wall -O0 -g3 -c -fmessage-length=0 -MT"src/srec.o" -I../../start_project_bsp/microblaze_0/include -mlittle-endian -mcpu=v11.0 -mxl-soft-mul -Wl,--no-relax -ffunction-sections -fdata-sections -MMD -MP -MF"src/srec.d" -MT"src/srec.o" -o "src/srec.o" "../src/srec.c"
'Finished building: ../src/srec.c'
' '
'Building target: bootloader.elf'
'Invoking: MicroBlaze gcc linker'
mb-gcc -Wl,-T -Wl,../src/lscript.ld -L../../start_project_bsp/microblaze_0/lib -mlittle-endian -mcpu=v11.0 -mxl-soft-mul -Wl,--no-relax -Wl,--gc-sections -o "bootloader.elf"  ./src/bootloader.o ./src/platform.o ./src/srec.o   -Wl,--start-group,-lxil,-lgcc,-lc,--end-group -Wl,--start-group,-lxilisf,-lxil,-lgcc,-lc,--end-group
'Finished building target: bootloader.elf'
' '
'Invoking: MicroBlaze Print Size'
mb-size bootloader.elf  |tee "bootloader.elf.size"
   text	   data	    bss	    dec	    hex	filename
  14880	    292	   1932	  17104	   42d0	bootloader.elf
'Finished building: bootloader.elf.size'
' '
18:38:44 **** Auto Build of configuration Debug for project per_test ****
make all 
'Building file: ../src/xuartlite_intr_tapp_example.c'
'Invoking: MicroBlaze gcc compiler'
mb-gcc -Wall -O0 -g3 -c -fmessage-length=0 -MT"src/xuartlite_intr_tapp_example.o" -I../../start_project_bsp/microblaze_0/include -mlittle-endian -mcpu=v11.0 -mxl-soft-mul -Wl,--no-relax -ffunction-sections -fdata-sections -MMD -MP -MF"src/xuartlite_intr_tapp_example.d" -MT"src/xuartlite_intr_tapp_example.o" -o "src/xuartlite_intr_tapp_example.o" "../src/xuartlite_intr_tapp_example.c"
../src/xuartlite_intr_tapp_example.c: In function 'PrepareDataToSend':
../src/xuartlite_intr_tapp_example.c:347:19: warning: implicit declaration of function 'get_array_current_status_int' [-Wimplicit-function-declaration]
   SendBuffer[i] = get_array_current_status_int(i);
                   ^~~~~~~~~~~~~~~~~~~~~~~~~~~~
../src/xuartlite_intr_tapp_example.c:350:8: warning: implicit declaration of function 'GetCRC16_B_byte' [-Wimplicit-function-declaration]
  crc = GetCRC16_B_byte(crc, SendBuffer, count_byte);
        ^~~~~~~~~~~~~~~
../src/xuartlite_intr_tapp_example.c:355:9: warning: returning 'u8 (*)[16]' {aka 'unsigned char (*)[16]'} from a function with incompatible return type 'int *' [-Wincompatible-pointer-types]
  return &SendBuffer;
         ^~~~~~~~~~~
../src/xuartlite_intr_tapp_example.c: In function 'GetData':
../src/xuartlite_intr_tapp_example.c:403:9: warning: returning 'u8 (*)[16]' {aka 'unsigned char (*)[16]'} from a function with incompatible return type 'int *' [-Wincompatible-pointer-types]
  return &RecvBuffer;
         ^~~~~~~~~~~
../src/xuartlite_intr_tapp_example.c: In function 'GetRecvBuffer':
../src/xuartlite_intr_tapp_example.c:407:9: warning: returning 'u8 (*)[16]' {aka 'unsigned char (*)[16]'} from a function with incompatible return type 'int *' [-Wincompatible-pointer-types]
  return &RecvBuffer;
         ^~~~~~~~~~~
At top level:
../src/xuartlite_intr_tapp_example.c:564:13: warning: 'UartLiteDisableIntrSystem' defined but not used [-Wunused-function]
 static void UartLiteDisableIntrSystem(INTC *IntcInstancePtr,
             ^~~~~~~~~~~~~~~~~~~~~~~~~
'Finished building: ../src/xuartlite_intr_tapp_example.c'
' '
'Building target: per_test.elf'
'Invoking: MicroBlaze gcc linker'
mb-gcc -Wl,-T -Wl,../src/lscript.ld -L../../start_project_bsp/microblaze_0/lib -mlittle-endian -mcpu=v11.0 -mxl-soft-mul -Wl,--no-relax -Wl,--gc-sections -o "per_test.elf"  ./src/CRC_Functions.o ./src/current_system_status.o ./src/initializationl_functions.o ./src/logical_functions.o ./src/testperiph.o ./src/xgpio_tapp_example.o ./src/xintc_tapp_example.o ./src/xspi_selftest_example.o ./src/xuartlite_intr_tapp_example.o ./src/xuartlite_selftest_example.o   -Wl,--start-group,-lxil,-lgcc,-lc,--end-group -Wl,--start-group,-lxilisf,-lxil,-lgcc,-lc,--end-group
'Finished building target: per_test.elf'
' '
'Invoking: MicroBlaze Print Size'
mb-size per_test.elf  |tee "per_test.elf.size"
   text	   data	    bss	    dec	    hex	filename
  12900	    908	   5856	  19664	   4cd0	per_test.elf
'Finished building: per_test.elf.size'
' '
18:39:06 **** Incremental Build of configuration Debug for project per_test ****
make all 
make: Nothing to be done for 'all'.
